E:\fl-experiment\.venv\Lib\site-packages\torch\cuda\__init__.py:61: FutureWarning: The pynvml package is deprecated. Please install nvidia-ml-py instead. If you did not install pynvml directly, please report this to the maintainers of the package that installed pynvml for you.
  import pynvml  # type: ignore[import]
2026-09-24 20:11:15,198 fflow.py init [line:848] INFO PROCESS ID:	19704
2026-09-24 20:11:15,198 fflow.py init [line:849] INFO Initializing devices: cuda:0 will be used for this running.
2026-09-24 20:11:15,198 fflow.py init [line:852] INFO BENCHMARK:	flgo.benchmark.mnist_classification
2026-09-24 20:11:15,198 fflow.py init [line:853] INFO TASK:			E:\Federated Machine Learning\FL-Byzantine-Library\mnist_dir20
2026-09-24 20:11:15,206 fflow.py init [line:854] INFO MODEL:		flgo.benchmark.mnist_classification.model.cnn
2026-09-24 20:11:15,206 fflow.py init [line:855] INFO ALGORITHM:	research_algorithm
2026-09-24 20:11:16,201 fflow.py init [line:901] INFO SCENE:		horizontal FL with 1 <class 'flgo_byzantine.research_algorithm.Server'>, 20 <class 'flgo_byzantine.research_algorithm.Client'>
2026-09-24 20:11:16,294 fflow.py init [line:918] INFO SIMULATOR:	<class 'flgo.simulator.default_simulator.Simulator'>
2026-09-24 20:11:20,568 fflow.py init [line:931] INFO Ready to start.
2026-09-24 20:11:20,568 fedbase.py run [line:300] INFO --------------Initial Evaluation--------------
2026-09-24 20:11:20,568 simple_logger.py log_once [line:14] INFO Current_time:0
2026-09-24 20:11:22,159 simple_logger.py log_once [line:28] INFO test_accuracy                 0.0875
2026-09-24 20:11:22,159 simple_logger.py log_once [line:28] INFO test_loss                     2.3101
2026-09-24 20:11:22,159 simple_logger.py log_once [line:28] INFO val_accuracy                  0.0866
2026-09-24 20:11:22,159 simple_logger.py log_once [line:28] INFO mean_val_accuracy             0.0874
2026-09-24 20:11:22,159 simple_logger.py log_once [line:28] INFO std_val_accuracy              0.2312
2026-09-24 20:11:22,159 simple_logger.py log_once [line:28] INFO val_loss                      2.3109
2026-09-24 20:11:22,159 simple_logger.py log_once [line:28] INFO mean_val_loss                 2.3111
2026-09-24 20:11:22,159 simple_logger.py log_once [line:28] INFO std_val_loss                  0.0785
2026-09-24 20:11:22,159 fedbase.py run [line:303] INFO Eval Time Cost:               1.5907s
2026-09-24 20:11:22,169 asyncbase.py iterate [line:68] INFO Select clients [np.int64(11), np.int64(3), np.int64(19), np.int64(4), np.int64(10), np.int64(9)] at time 1.
2026-09-24 20:11:24,036 asyncbase.py iterate [line:73] INFO Receive new models from clients [3, 9] at time 1
2026-09-24 20:11:24,073 fedbase.py run [line:311] INFO --------------Round 1--------------
2026-09-24 20:11:24,073 simple_logger.py log_once [line:14] INFO Current_time:1
2026-09-24 20:11:25,523 simple_logger.py log_once [line:28] INFO test_accuracy                 0.1009
2026-09-24 20:11:25,523 simple_logger.py log_once [line:28] INFO test_loss                     3.0789
2026-09-24 20:11:25,523 simple_logger.py log_once [line:28] INFO val_accuracy                  0.0999
2026-09-24 20:11:25,523 simple_logger.py log_once [line:28] INFO mean_val_accuracy             0.0994
2026-09-24 20:11:25,523 simple_logger.py log_once [line:28] INFO std_val_accuracy              0.2889
2026-09-24 20:11:25,523 simple_logger.py log_once [line:28] INFO val_loss                      3.0732
2026-09-24 20:11:25,523 simple_logger.py log_once [line:28] INFO mean_val_loss                 3.0770
2026-09-24 20:11:25,523 simple_logger.py log_once [line:28] INFO std_val_loss                  0.9801
2026-09-24 20:11:25,523 fedbase.py run [line:316] INFO Eval Time Cost:               1.4501s
2026-09-24 20:11:25,533 asyncbase.py iterate [line:68] INFO Select clients [np.int64(0)] at time 2.
2026-09-24 20:11:25,829 asyncbase.py iterate [line:73] INFO Receive new models from clients [19] at time 2
2026-09-24 20:11:25,853 fedbase.py run [line:311] INFO --------------Round 2--------------
2026-09-24 20:11:25,853 simple_logger.py log_once [line:14] INFO Current_time:2
2026-09-24 20:11:27,297 simple_logger.py log_once [line:28] INFO test_accuracy                 0.1009
2026-09-24 20:11:27,297 simple_logger.py log_once [line:28] INFO test_loss                     3.4794
2026-09-24 20:11:27,297 simple_logger.py log_once [line:28] INFO val_accuracy                  0.0999
2026-09-24 20:11:27,297 simple_logger.py log_once [line:28] INFO mean_val_accuracy             0.0994
2026-09-24 20:11:27,297 simple_logger.py log_once [line:28] INFO std_val_accuracy              0.2889
2026-09-24 20:11:27,297 simple_logger.py log_once [line:28] INFO val_loss                      3.4831
2026-09-24 20:11:27,297 simple_logger.py log_once [line:28] INFO mean_val_loss                 3.4908
2026-09-24 20:11:27,297 simple_logger.py log_once [line:28] INFO std_val_loss                  1.8247
2026-09-24 20:11:27,297 fedbase.py run [line:316] INFO Eval Time Cost:               1.4447s
2026-09-24 20:11:27,307 asyncbase.py iterate [line:68] INFO Select clients [np.int64(7), np.int64(13)] at time 3.
2026-09-24 20:11:27,908 asyncbase.py iterate [line:73] INFO Receive new models from clients [4, 13, 0, 11] at time 3
2026-09-24 20:11:27,962 fedbase.py run [line:311] INFO --------------Round 3--------------
2026-09-24 20:11:27,962 simple_logger.py log_once [line:14] INFO Current_time:3
2026-09-24 20:11:29,414 simple_logger.py log_once [line:28] INFO test_accuracy                 0.1010
2026-09-24 20:11:29,414 simple_logger.py log_once [line:28] INFO test_loss                     3.4832
2026-09-24 20:11:29,414 simple_logger.py log_once [line:28] INFO val_accuracy                  0.1020
2026-09-24 20:11:29,414 simple_logger.py log_once [line:28] INFO mean_val_accuracy             0.1016
2026-09-24 20:11:29,414 simple_logger.py log_once [line:28] INFO std_val_accuracy              0.2730
2026-09-24 20:11:29,414 simple_logger.py log_once [line:28] INFO val_loss                      3.4785
2026-09-24 20:11:29,414 simple_logger.py log_once [line:28] INFO mean_val_loss                 3.4781
2026-09-24 20:11:29,414 simple_logger.py log_once [line:28] INFO std_val_loss                  1.2656
2026-09-24 20:11:29,414 fedbase.py run [line:316] INFO Eval Time Cost:               1.4518s
2026-09-24 20:11:29,422 asyncbase.py iterate [line:68] INFO Select clients [np.int64(15), np.int64(1), np.int64(16)] at time 4.
2026-09-24 20:11:30,344 asyncbase.py iterate [line:73] INFO Receive new models from clients [10, 15] at time 4
2026-09-24 20:11:30,379 fedbase.py run [line:311] INFO --------------Round 4--------------
2026-09-24 20:11:30,379 simple_logger.py log_once [line:14] INFO Current_time:4
2026-09-24 20:11:31,828 simple_logger.py log_once [line:28] INFO test_accuracy                 0.0974
2026-09-24 20:11:31,828 simple_logger.py log_once [line:28] INFO test_loss                     2.7827
2026-09-24 20:11:31,828 simple_logger.py log_once [line:28] INFO val_accuracy                  0.0972
2026-09-24 20:11:31,828 simple_logger.py log_once [line:28] INFO mean_val_accuracy             0.0962
2026-09-24 20:11:31,828 simple_logger.py log_once [line:28] INFO std_val_accuracy              0.2801
2026-09-24 20:11:31,828 simple_logger.py log_once [line:28] INFO val_loss                      2.7827
2026-09-24 20:11:31,828 simple_logger.py log_once [line:28] INFO mean_val_loss                 2.7851
2026-09-24 20:11:31,828 simple_logger.py log_once [line:28] INFO std_val_loss                  0.7752
2026-09-24 20:11:31,828 fedbase.py run [line:316] INFO Eval Time Cost:               1.4494s
2026-09-24 20:11:31,838 asyncbase.py iterate [line:68] INFO Select clients [np.int64(10), np.int64(4), np.int64(2)] at time 5.
2026-09-24 20:11:32,731 asyncbase.py iterate [line:73] INFO Receive new models from clients [7] at time 5
2026-09-24 20:11:32,754 fedbase.py run [line:311] INFO --------------Round 5--------------
2026-09-24 20:11:32,754 simple_logger.py log_once [line:14] INFO Current_time:5
2026-09-24 20:11:34,193 simple_logger.py log_once [line:28] INFO test_accuracy                 0.0974
2026-09-24 20:11:34,194 simple_logger.py log_once [line:28] INFO test_loss                     2.7856
2026-09-24 20:11:34,194 simple_logger.py log_once [line:28] INFO val_accuracy                  0.0972
2026-09-24 20:11:34,194 simple_logger.py log_once [line:28] INFO mean_val_accuracy             0.0962
2026-09-24 20:11:34,194 simple_logger.py log_once [line:28] INFO std_val_accuracy              0.2801
2026-09-24 20:11:34,194 simple_logger.py log_once [line:28] INFO val_loss                      2.7866
2026-09-24 20:11:34,194 simple_logger.py log_once [line:28] INFO mean_val_loss                 2.7874
2026-09-24 20:11:34,194 simple_logger.py log_once [line:28] INFO std_val_loss                  0.9004
2026-09-24 20:11:34,194 fedbase.py run [line:316] INFO Eval Time Cost:               1.4398s
2026-09-24 20:11:34,204 asyncbase.py iterate [line:73] INFO Receive new models from clients [1] at time 6
2026-09-24 20:11:34,227 fedbase.py run [line:311] INFO --------------Round 6--------------
2026-09-24 20:11:34,228 simple_logger.py log_once [line:14] INFO Current_time:6
2026-09-24 20:11:35,676 simple_logger.py log_once [line:28] INFO test_accuracy                 0.0958
2026-09-24 20:11:35,676 simple_logger.py log_once [line:28] INFO test_loss                     5.0797
2026-09-24 20:11:35,676 simple_logger.py log_once [line:28] INFO val_accuracy                  0.0981
2026-09-24 20:11:35,676 simple_logger.py log_once [line:28] INFO mean_val_accuracy             0.0983
2026-09-24 20:11:35,676 simple_logger.py log_once [line:28] INFO std_val_accuracy              0.2826
2026-09-24 20:11:35,676 simple_logger.py log_once [line:28] INFO val_loss                      5.0607
2026-09-24 20:11:35,676 simple_logger.py log_once [line:28] INFO mean_val_loss                 5.0602
2026-09-24 20:11:35,676 simple_logger.py log_once [line:28] INFO std_val_loss                  2.6364
2026-09-24 20:11:35,676 fedbase.py run [line:316] INFO Eval Time Cost:               1.4486s
2026-09-24 20:11:35,686 asyncbase.py iterate [line:68] INFO Select clients [np.int64(3), np.int64(11)] at time 7.
2026-09-24 20:11:36,280 asyncbase.py iterate [line:73] INFO Receive new models from clients [10, 11, 16] at time 7
2026-09-24 20:11:36,329 fedbase.py run [line:311] INFO --------------Round 7--------------
2026-09-24 20:11:36,329 simple_logger.py log_once [line:14] INFO Current_time:7
2026-09-24 20:11:37,774 simple_logger.py log_once [line:28] INFO test_accuracy                 0.1179
2026-09-24 20:11:37,774 simple_logger.py log_once [line:28] INFO test_loss                     2.3211
2026-09-24 20:11:37,774 simple_logger.py log_once [line:28] INFO val_accuracy                  0.1189
2026-09-24 20:11:37,774 simple_logger.py log_once [line:28] INFO mean_val_accuracy             0.1189
2026-09-24 20:11:37,774 simple_logger.py log_once [line:28] INFO std_val_accuracy              0.2659
2026-09-24 20:11:37,774 simple_logger.py log_once [line:28] INFO val_loss                      2.3186
2026-09-24 20:11:37,774 simple_logger.py log_once [line:28] INFO mean_val_loss                 2.3178
2026-09-24 20:11:37,774 simple_logger.py log_once [line:28] INFO std_val_loss                  0.2615
2026-09-24 20:11:37,775 fedbase.py run [line:316] INFO Eval Time Cost:               1.4457s
2026-09-24 20:11:37,785 asyncbase.py iterate [line:68] INFO Select clients [np.int64(11), np.int64(9), np.int64(10)] at time 8.
2026-09-24 20:11:38,681 asyncbase.py iterate [line:73] INFO Receive new models from clients [4, 2, 3, 11] at time 8
2026-09-24 20:11:38,738 fedbase.py run [line:311] INFO --------------Round 8--------------
2026-09-24 20:11:38,739 simple_logger.py log_once [line:14] INFO Current_time:8
2026-09-24 20:11:40,190 simple_logger.py log_once [line:28] INFO test_accuracy                 0.1060
2026-09-24 20:11:40,190 simple_logger.py log_once [line:28] INFO test_loss                     2.3149
2026-09-24 20:11:40,190 simple_logger.py log_once [line:28] INFO val_accuracy                  0.1113
2026-09-24 20:11:40,190 simple_logger.py log_once [line:28] INFO mean_val_accuracy             0.1123
2026-09-24 20:11:40,190 simple_logger.py log_once [line:28] INFO std_val_accuracy              0.2627
2026-09-24 20:11:40,190 simple_logger.py log_once [line:28] INFO val_loss                      2.3150
2026-09-24 20:11:40,190 simple_logger.py log_once [line:28] INFO mean_val_loss                 2.3125
2026-09-24 20:11:40,190 simple_logger.py log_once [line:28] INFO std_val_loss                  0.4957
2026-09-24 20:11:40,190 fedbase.py run [line:316] INFO Eval Time Cost:               1.4515s
2026-09-24 20:11:40,199 asyncbase.py iterate [line:68] INFO Select clients [np.int64(6), np.int64(12), np.int64(15), np.int64(4)] at time 9.
2026-09-24 20:11:41,398 asyncbase.py iterate [line:73] INFO Receive new models from clients [10, 6, 9] at time 9
2026-09-24 20:11:41,450 fedbase.py run [line:311] INFO --------------Round 9--------------
2026-09-24 20:11:41,450 simple_logger.py log_once [line:14] INFO Current_time:9
2026-09-24 20:11:42,896 simple_logger.py log_once [line:28] INFO test_accuracy                 0.1779
2026-09-24 20:11:42,896 simple_logger.py log_once [line:28] INFO test_loss                     2.3451
2026-09-24 20:11:42,896 simple_logger.py log_once [line:28] INFO val_accuracy                  0.1783
2026-09-24 20:11:42,896 simple_logger.py log_once [line:28] INFO mean_val_accuracy             0.1786
2026-09-24 20:11:42,896 simple_logger.py log_once [line:28] INFO std_val_accuracy              0.3448
2026-09-24 20:11:42,896 simple_logger.py log_once [line:28] INFO val_loss                      2.3404
2026-09-24 20:11:42,896 simple_logger.py log_once [line:28] INFO mean_val_loss                 2.3404
2026-09-24 20:11:42,896 simple_logger.py log_once [line:28] INFO std_val_loss                  0.5589
2026-09-24 20:11:42,896 fedbase.py run [line:316] INFO Eval Time Cost:               1.4456s
2026-09-24 20:11:42,904 asyncbase.py iterate [line:68] INFO Select clients [np.int64(6), np.int64(3), np.int64(19)] at time 10.
2026-09-24 20:11:43,799 asyncbase.py iterate [line:73] INFO Receive new models from clients [15] at time 10
2026-09-24 20:11:43,823 fedbase.py run [line:311] INFO --------------Round 10--------------
2026-09-24 20:11:43,823 simple_logger.py log_once [line:14] INFO Current_time:10
2026-09-24 20:11:45,275 simple_logger.py log_once [line:28] INFO test_accuracy                 0.0974
2026-09-24 20:11:45,275 simple_logger.py log_once [line:28] INFO test_loss                     8.9417
2026-09-24 20:11:45,275 simple_logger.py log_once [line:28] INFO val_accuracy                  0.0972
2026-09-24 20:11:45,275 simple_logger.py log_once [line:28] INFO mean_val_accuracy             0.0962
2026-09-24 20:11:45,275 simple_logger.py log_once [line:28] INFO std_val_accuracy              0.2801
2026-09-24 20:11:45,275 simple_logger.py log_once [line:28] INFO val_loss                      8.9548
2026-09-24 20:11:45,275 simple_logger.py log_once [line:28] INFO mean_val_loss                 8.9646
2026-09-24 20:11:45,275 simple_logger.py log_once [line:28] INFO std_val_loss                  2.9861
2026-09-24 20:11:45,275 fedbase.py run [line:316] INFO Eval Time Cost:               1.4517s
2026-09-24 20:11:45,283 asyncbase.py iterate [line:68] INFO Select clients [np.int64(7)] at time 11.
2026-09-24 20:11:45,576 asyncbase.py iterate [line:73] INFO Receive new models from clients [3, 12] at time 11
2026-09-24 20:11:45,619 fedbase.py run [line:311] INFO --------------Round 11--------------
2026-09-24 20:11:45,619 simple_logger.py log_once [line:14] INFO Current_time:11
2026-09-24 20:11:47,070 simple_logger.py log_once [line:28] INFO test_accuracy                 0.0974
2026-09-24 20:11:47,070 simple_logger.py log_once [line:28] INFO test_loss                     9.6531
2026-09-24 20:11:47,070 simple_logger.py log_once [line:28] INFO val_accuracy                  0.0972
2026-09-24 20:11:47,070 simple_logger.py log_once [line:28] INFO mean_val_accuracy             0.0962
2026-09-24 20:11:47,070 simple_logger.py log_once [line:28] INFO std_val_accuracy              0.2801
2026-09-24 20:11:47,070 simple_logger.py log_once [line:28] INFO val_loss                      9.6432
2026-09-24 20:11:47,070 simple_logger.py log_once [line:28] INFO mean_val_loss                 9.6562
2026-09-24 20:11:47,070 simple_logger.py log_once [line:28] INFO std_val_loss                  3.2809
2026-09-24 20:11:47,070 fedbase.py run [line:316] INFO Eval Time Cost:               1.4511s
2026-09-24 20:11:47,080 asyncbase.py iterate [line:68] INFO Select clients [np.int64(10), np.int64(3)] at time 12.
2026-09-24 20:11:47,682 asyncbase.py iterate [line:73] INFO Receive new models from clients [7, 3, 4, 19, 10] at time 12
2026-09-24 20:11:47,749 fedbase.py run [line:311] INFO --------------Round 12--------------
2026-09-24 20:11:47,749 simple_logger.py log_once [line:14] INFO Current_time:12
2026-09-24 20:11:49,199 simple_logger.py log_once [line:28] INFO test_accuracy                 0.0892
2026-09-24 20:11:49,199 simple_logger.py log_once [line:28] INFO test_loss                     2.4770
2026-09-24 20:11:49,199 simple_logger.py log_once [line:28] INFO val_accuracy                  0.0907
2026-09-24 20:11:49,199 simple_logger.py log_once [line:28] INFO mean_val_accuracy             0.0904
2026-09-24 20:11:49,199 simple_logger.py log_once [line:28] INFO std_val_accuracy              0.2536
2026-09-24 20:11:49,199 simple_logger.py log_once [line:28] INFO val_loss                      2.4790
2026-09-24 20:11:49,199 simple_logger.py log_once [line:28] INFO mean_val_loss                 2.4798
2026-09-24 20:11:49,199 simple_logger.py log_once [line:28] INFO std_val_loss                  0.7149
2026-09-24 20:11:49,199 fedbase.py run [line:316] INFO Eval Time Cost:               1.4504s
2026-09-24 20:11:49,209 asyncbase.py iterate [line:68] INFO Select clients [np.int64(4), np.int64(15), np.int64(9), np.int64(13), np.int64(1)] at time 13.
2026-09-24 20:11:50,725 asyncbase.py iterate [line:73] INFO Receive new models from clients [6] at time 13
2026-09-24 20:11:50,751 fedbase.py run [line:311] INFO --------------Round 13--------------
2026-09-24 20:11:50,751 simple_logger.py log_once [line:14] INFO Current_time:13
2026-09-24 20:11:52,201 simple_logger.py log_once [line:28] INFO test_accuracy                 0.1773
2026-09-24 20:11:52,201 simple_logger.py log_once [line:28] INFO test_loss                     2.8483
2026-09-24 20:11:52,201 simple_logger.py log_once [line:28] INFO val_accuracy                  0.1807
2026-09-24 20:11:52,201 simple_logger.py log_once [line:28] INFO mean_val_accuracy             0.1807
2026-09-24 20:11:52,201 simple_logger.py log_once [line:28] INFO std_val_accuracy              0.3453
2026-09-24 20:11:52,201 simple_logger.py log_once [line:28] INFO val_loss                      2.8368
2026-09-24 20:11:52,201 simple_logger.py log_once [line:28] INFO mean_val_loss                 2.8388
2026-09-24 20:11:52,201 simple_logger.py log_once [line:28] INFO std_val_loss                  1.4814
2026-09-24 20:11:52,201 fedbase.py run [line:316] INFO Eval Time Cost:               1.4505s
2026-09-24 20:11:52,211 asyncbase.py iterate [line:68] INFO Select clients [np.int64(16)] at time 14.
2026-09-24 20:11:52,508 asyncbase.py iterate [line:73] INFO Receive new models from clients [9] at time 14
2026-09-24 20:11:52,531 fedbase.py run [line:311] INFO --------------Round 14--------------
2026-09-24 20:11:52,531 simple_logger.py log_once [line:14] INFO Current_time:14
2026-09-24 20:11:53,978 simple_logger.py log_once [line:28] INFO test_accuracy                 0.0892
2026-09-24 20:11:53,978 simple_logger.py log_once [line:28] INFO test_loss                     3.8350
2026-09-24 20:11:53,978 simple_logger.py log_once [line:28] INFO val_accuracy                  0.0907
2026-09-24 20:11:53,978 simple_logger.py log_once [line:28] INFO mean_val_accuracy             0.0904
2026-09-24 20:11:53,978 simple_logger.py log_once [line:28] INFO std_val_accuracy              0.2536
2026-09-24 20:11:53,978 simple_logger.py log_once [line:28] INFO val_loss                      3.8269
2026-09-24 20:11:53,978 simple_logger.py log_once [line:28] INFO mean_val_loss                 3.8278
2026-09-24 20:11:53,978 simple_logger.py log_once [line:28] INFO std_val_loss                  1.7116
2026-09-24 20:11:53,978 fedbase.py run [line:316] INFO Eval Time Cost:               1.4471s
2026-09-24 20:11:53,988 asyncbase.py iterate [line:68] INFO Select clients [np.int64(11)] at time 15.
2026-09-24 20:11:54,291 asyncbase.py iterate [line:73] INFO Receive new models from clients [4, 11, 15] at time 15
2026-09-24 20:11:54,341 fedbase.py run [line:311] INFO --------------Round 15--------------
2026-09-24 20:11:54,341 simple_logger.py log_once [line:14] INFO Current_time:15
2026-09-24 20:11:55,789 simple_logger.py log_once [line:28] INFO test_accuracy                 0.2470
2026-09-24 20:11:55,790 simple_logger.py log_once [line:28] INFO test_loss                     1.9324
2026-09-24 20:11:55,790 simple_logger.py log_once [line:28] INFO val_accuracy                  0.2474
2026-09-24 20:11:55,790 simple_logger.py log_once [line:28] INFO mean_val_accuracy             0.2485
2026-09-24 20:11:55,790 simple_logger.py log_once [line:28] INFO std_val_accuracy              0.3016
2026-09-24 20:11:55,790 simple_logger.py log_once [line:28] INFO val_loss                      1.9349
2026-09-24 20:11:55,790 simple_logger.py log_once [line:28] INFO mean_val_loss                 1.9327
2026-09-24 20:11:55,790 simple_logger.py log_once [line:28] INFO std_val_loss                  0.5321
2026-09-24 20:11:55,790 fedbase.py run [line:316] INFO Eval Time Cost:               1.4491s
2026-09-24 20:11:55,800 asyncbase.py iterate [line:68] INFO Select clients [np.int64(19), np.int64(17), np.int64(3)] at time 16.
2026-09-24 20:11:56,693 asyncbase.py iterate [line:73] INFO Receive new models from clients [16, 13, 1, 19] at time 16
2026-09-24 20:11:56,753 fedbase.py run [line:311] INFO --------------Round 16--------------
2026-09-24 20:11:56,753 simple_logger.py log_once [line:14] INFO Current_time:16
2026-09-24 20:11:58,199 simple_logger.py log_once [line:28] INFO test_accuracy                 0.2517
2026-09-24 20:11:58,199 simple_logger.py log_once [line:28] INFO test_loss                     1.9177
2026-09-24 20:11:58,199 simple_logger.py log_once [line:28] INFO val_accuracy                  0.2614
2026-09-24 20:11:58,199 simple_logger.py log_once [line:28] INFO mean_val_accuracy             0.2625
2026-09-24 20:11:58,199 simple_logger.py log_once [line:28] INFO std_val_accuracy              0.3128
2026-09-24 20:11:58,199 simple_logger.py log_once [line:28] INFO val_loss                      1.9209
2026-09-24 20:11:58,199 simple_logger.py log_once [line:28] INFO mean_val_loss                 1.9185
2026-09-24 20:11:58,199 simple_logger.py log_once [line:28] INFO std_val_loss                  0.5970
2026-09-24 20:11:58,200 fedbase.py run [line:316] INFO Eval Time Cost:               1.4465s
2026-09-24 20:11:58,208 asyncbase.py iterate [line:68] INFO Select clients [np.int64(13), np.int64(10), np.int64(1), np.int64(18)] at time 17.
2026-09-24 20:11:59,414 asyncbase.py iterate [line:73] INFO Receive new models from clients [3, 18, 10] at time 17
2026-09-24 20:11:59,465 fedbase.py run [line:311] INFO --------------Round 17--------------
2026-09-24 20:11:59,465 simple_logger.py log_once [line:14] INFO Current_time:17
2026-09-24 20:12:00,925 simple_logger.py log_once [line:28] INFO test_accuracy                 0.3340
2026-09-24 20:12:00,925 simple_logger.py log_once [line:28] INFO test_loss                     2.1021
2026-09-24 20:12:00,925 simple_logger.py log_once [line:28] INFO val_accuracy                  0.3394
2026-09-24 20:12:00,925 simple_logger.py log_once [line:28] INFO mean_val_accuracy             0.3386
2026-09-24 20:12:00,925 simple_logger.py log_once [line:28] INFO std_val_accuracy              0.4038
2026-09-24 20:12:00,925 simple_logger.py log_once [line:28] INFO val_loss                      2.0843
2026-09-24 20:12:00,925 simple_logger.py log_once [line:28] INFO mean_val_loss                 2.0866
2026-09-24 20:12:00,925 simple_logger.py log_once [line:28] INFO std_val_loss                  1.3000
2026-09-24 20:12:00,925 fedbase.py run [line:316] INFO Eval Time Cost:               1.4600s
2026-09-24 20:12:00,934 asyncbase.py iterate [line:68] INFO Select clients [np.int64(5), np.int64(19), np.int64(6)] at time 18.
2026-09-24 20:12:01,846 asyncbase.py iterate [line:73] INFO Receive new models from clients [1, 17] at time 18
2026-09-24 20:12:01,889 fedbase.py run [line:311] INFO --------------Round 18--------------
2026-09-24 20:12:01,889 simple_logger.py log_once [line:14] INFO Current_time:18
2026-09-24 20:12:03,338 simple_logger.py log_once [line:28] INFO test_accuracy                 0.3009
2026-09-24 20:12:03,338 simple_logger.py log_once [line:28] INFO test_loss                     3.5152
2026-09-24 20:12:03,339 simple_logger.py log_once [line:28] INFO val_accuracy                  0.2988
2026-09-24 20:12:03,339 simple_logger.py log_once [line:28] INFO mean_val_accuracy             0.2986
2026-09-24 20:12:03,339 simple_logger.py log_once [line:28] INFO std_val_accuracy              0.3688
2026-09-24 20:12:03,339 simple_logger.py log_once [line:28] INFO val_loss                      3.4472
2026-09-24 20:12:03,339 simple_logger.py log_once [line:28] INFO mean_val_loss                 3.4588
2026-09-24 20:12:03,339 simple_logger.py log_once [line:28] INFO std_val_loss                  2.9194
2026-09-24 20:12:03,339 fedbase.py run [line:316] INFO Eval Time Cost:               1.4493s
2026-09-24 20:12:03,349 asyncbase.py iterate [line:68] INFO Select clients [np.int64(0), np.int64(3)] at time 19.
2026-09-24 20:12:03,951 asyncbase.py iterate [line:73] INFO Receive new models from clients [19, 6] at time 19
2026-09-24 20:12:03,994 fedbase.py run [line:311] INFO --------------Round 19--------------
2026-09-24 20:12:03,994 simple_logger.py log_once [line:14] INFO Current_time:19
2026-09-24 20:12:05,444 simple_logger.py log_once [line:28] INFO test_accuracy                 0.2122
2026-09-24 20:12:05,445 simple_logger.py log_once [line:28] INFO test_loss                     4.7244
2026-09-24 20:12:05,445 simple_logger.py log_once [line:28] INFO val_accuracy                  0.2147
2026-09-24 20:12:05,445 simple_logger.py log_once [line:28] INFO mean_val_accuracy             0.2149
2026-09-24 20:12:05,445 simple_logger.py log_once [line:28] INFO std_val_accuracy              0.3825
2026-09-24 20:12:05,445 simple_logger.py log_once [line:28] INFO val_loss                      4.6264
2026-09-24 20:12:05,445 simple_logger.py log_once [line:28] INFO mean_val_loss                 4.6370
2026-09-24 20:12:05,445 simple_logger.py log_once [line:28] INFO std_val_loss                  3.2441
2026-09-24 20:12:05,445 fedbase.py run [line:316] INFO Eval Time Cost:               1.4506s
2026-09-24 20:12:05,454 asyncbase.py iterate [line:68] INFO Select clients [np.int64(14), np.int64(18)] at time 20.
2026-09-24 20:12:06,073 asyncbase.py iterate [line:73] INFO Receive new models from clients [13, 14] at time 20
2026-09-24 20:12:06,116 fedbase.py run [line:311] INFO --------------Round 20--------------
2026-09-24 20:12:06,116 simple_logger.py log_once [line:14] INFO Current_time:20
2026-09-24 20:12:07,561 simple_logger.py log_once [line:28] INFO test_accuracy                 0.0958
2026-09-24 20:12:07,561 simple_logger.py log_once [line:28] INFO test_loss                     91.1734
2026-09-24 20:12:07,561 simple_logger.py log_once [line:28] INFO val_accuracy                  0.0981
2026-09-24 20:12:07,561 simple_logger.py log_once [line:28] INFO mean_val_accuracy             0.0983
2026-09-24 20:12:07,561 simple_logger.py log_once [line:28] INFO std_val_accuracy              0.2826
2026-09-24 20:12:07,561 simple_logger.py log_once [line:28] INFO val_loss                      89.8835
2026-09-24 20:12:07,561 simple_logger.py log_once [line:28] INFO mean_val_loss                 89.8204
2026-09-24 20:12:07,561 simple_logger.py log_once [line:28] INFO std_val_loss                  42.3603
2026-09-24 20:12:07,561 fedbase.py run [line:316] INFO Eval Time Cost:               1.4452s
2026-09-24 20:12:07,571 asyncbase.py iterate [line:68] INFO Select clients [np.int64(2), np.int64(11)] at time 21.
2026-09-24 20:12:08,167 asyncbase.py iterate [line:73] INFO Receive new models from clients [5, 11, 2] at time 21
2026-09-24 20:12:08,218 fedbase.py run [line:311] INFO --------------Round 21--------------
2026-09-24 20:12:08,218 simple_logger.py log_once [line:14] INFO Current_time:21
2026-09-24 20:12:09,661 simple_logger.py log_once [line:28] INFO test_accuracy                 0.1262
2026-09-24 20:12:09,661 simple_logger.py log_once [line:28] INFO test_loss                     2.3097
2026-09-24 20:12:09,661 simple_logger.py log_once [line:28] INFO val_accuracy                  0.1208
2026-09-24 20:12:09,661 simple_logger.py log_once [line:28] INFO mean_val_accuracy             0.1213
2026-09-24 20:12:09,661 simple_logger.py log_once [line:28] INFO std_val_accuracy              0.2226
2026-09-24 20:12:09,661 simple_logger.py log_once [line:28] INFO val_loss                      2.3178
2026-09-24 20:12:09,661 simple_logger.py log_once [line:28] INFO mean_val_loss                 2.3180
2026-09-24 20:12:09,661 simple_logger.py log_once [line:28] INFO std_val_loss                  0.3136
2026-09-24 20:12:09,661 fedbase.py run [line:316] INFO Eval Time Cost:               1.4429s
2026-09-24 20:12:09,671 asyncbase.py iterate [line:68] INFO Select clients [np.int64(9), np.int64(14), np.int64(4)] at time 22.
2026-09-24 20:12:10,576 asyncbase.py iterate [line:73] INFO Receive new models from clients [3, 18, 0, 14] at time 22
2026-09-24 20:12:10,639 fedbase.py run [line:311] INFO --------------Round 22--------------
2026-09-24 20:12:10,639 simple_logger.py log_once [line:14] INFO Current_time:22
2026-09-24 20:12:12,082 simple_logger.py log_once [line:28] INFO test_accuracy                 0.1056
2026-09-24 20:12:12,082 simple_logger.py log_once [line:28] INFO test_loss                     2.3611
2026-09-24 20:12:12,082 simple_logger.py log_once [line:28] INFO val_accuracy                  0.1072
2026-09-24 20:12:12,082 simple_logger.py log_once [line:28] INFO mean_val_accuracy             0.1081
2026-09-24 20:12:12,082 simple_logger.py log_once [line:28] INFO std_val_accuracy              0.2509
2026-09-24 20:12:12,082 simple_logger.py log_once [line:28] INFO val_loss                      2.3664
2026-09-24 20:12:12,082 simple_logger.py log_once [line:28] INFO mean_val_loss                 2.3665
2026-09-24 20:12:12,082 simple_logger.py log_once [line:28] INFO std_val_loss                  0.4050
2026-09-24 20:12:12,082 fedbase.py run [line:316] INFO Eval Time Cost:               1.4433s
2026-09-24 20:12:12,090 asyncbase.py iterate [line:68] INFO Select clients [np.int64(7), np.int64(15), np.int64(18), np.int64(17)] at time 23.
2026-09-24 20:12:13,289 asyncbase.py iterate [line:73] INFO Receive new models from clients [4] at time 23
2026-09-24 20:12:13,315 fedbase.py run [line:311] INFO --------------Round 23--------------
2026-09-24 20:12:13,315 simple_logger.py log_once [line:14] INFO Current_time:23
2026-09-24 20:12:14,775 simple_logger.py log_once [line:28] INFO test_accuracy                 0.2218
2026-09-24 20:12:14,775 simple_logger.py log_once [line:28] INFO test_loss                     3.3495
2026-09-24 20:12:14,775 simple_logger.py log_once [line:28] INFO val_accuracy                  0.2216
2026-09-24 20:12:14,775 simple_logger.py log_once [line:28] INFO mean_val_accuracy             0.2212
2026-09-24 20:12:14,775 simple_logger.py log_once [line:28] INFO std_val_accuracy              0.3833
2026-09-24 20:12:14,775 simple_logger.py log_once [line:28] INFO val_loss                      3.3782
2026-09-24 20:12:14,775 simple_logger.py log_once [line:28] INFO mean_val_loss                 3.3799
2026-09-24 20:12:14,775 simple_logger.py log_once [line:28] INFO std_val_loss                  1.9936
2026-09-24 20:12:14,775 fedbase.py run [line:316] INFO Eval Time Cost:               1.4605s
2026-09-24 20:12:14,784 asyncbase.py iterate [line:73] INFO Receive new models from clients [9, 7] at time 24
2026-09-24 20:12:14,829 fedbase.py run [line:311] INFO --------------Round 24--------------
2026-09-24 20:12:14,829 simple_logger.py log_once [line:14] INFO Current_time:24
2026-09-24 20:12:16,299 simple_logger.py log_once [line:28] INFO test_accuracy                 0.1893
2026-09-24 20:12:16,299 simple_logger.py log_once [line:28] INFO test_loss                     2.4395
2026-09-24 20:12:16,299 simple_logger.py log_once [line:28] INFO val_accuracy                  0.1905
2026-09-24 20:12:16,299 simple_logger.py log_once [line:28] INFO mean_val_accuracy             0.1906
2026-09-24 20:12:16,299 simple_logger.py log_once [line:28] INFO std_val_accuracy              0.3515
2026-09-24 20:12:16,299 simple_logger.py log_once [line:28] INFO val_loss                      2.4676
2026-09-24 20:12:16,299 simple_logger.py log_once [line:28] INFO mean_val_loss                 2.4701
2026-09-24 20:12:16,299 simple_logger.py log_once [line:28] INFO std_val_loss                  1.2403
2026-09-24 20:12:16,299 fedbase.py run [line:316] INFO Eval Time Cost:               1.4701s
2026-09-24 20:12:16,310 asyncbase.py iterate [line:68] INFO Select clients [np.int64(14)] at time 25.
2026-09-24 20:12:16,612 asyncbase.py iterate [line:73] INFO Receive new models from clients [15, 18, 14] at time 25
2026-09-24 20:12:16,668 fedbase.py run [line:311] INFO --------------Round 25--------------
2026-09-24 20:12:16,668 simple_logger.py log_once [line:14] INFO Current_time:25
2026-09-24 20:12:18,118 simple_logger.py log_once [line:28] INFO test_accuracy                 0.2913
2026-09-24 20:12:18,118 simple_logger.py log_once [line:28] INFO test_loss                     3.0868
2026-09-24 20:12:18,118 simple_logger.py log_once [line:28] INFO val_accuracy                  0.2905
2026-09-24 20:12:18,118 simple_logger.py log_once [line:28] INFO mean_val_accuracy             0.2895
2026-09-24 20:12:18,118 simple_logger.py log_once [line:28] INFO std_val_accuracy              0.3856
2026-09-24 20:12:18,118 simple_logger.py log_once [line:28] INFO val_loss                      3.1487
2026-09-24 20:12:18,118 simple_logger.py log_once [line:28] INFO mean_val_loss                 3.1543
2026-09-24 20:12:18,119 simple_logger.py log_once [line:28] INFO std_val_loss                  2.0520
2026-09-24 20:12:18,119 fedbase.py run [line:316] INFO Eval Time Cost:               1.4507s
2026-09-24 20:12:18,129 asyncbase.py iterate [line:68] INFO Select clients [np.int64(8), np.int64(9), np.int64(4), np.int64(2), np.int64(15)] at time 26.
2026-09-24 20:12:19,628 asyncbase.py iterate [line:73] INFO Receive new models from clients [17, 8, 2] at time 26
2026-09-24 20:12:19,681 fedbase.py run [line:311] INFO --------------Round 26--------------
2026-09-24 20:12:19,681 simple_logger.py log_once [line:14] INFO Current_time:26
2026-09-24 20:12:21,120 simple_logger.py log_once [line:28] INFO test_accuracy                 0.3355
2026-09-24 20:12:21,120 simple_logger.py log_once [line:28] INFO test_loss                     3.6244
2026-09-24 20:12:21,120 simple_logger.py log_once [line:28] INFO val_accuracy                  0.3283
2026-09-24 20:12:21,120 simple_logger.py log_once [line:28] INFO mean_val_accuracy             0.3281
2026-09-24 20:12:21,121 simple_logger.py log_once [line:28] INFO std_val_accuracy              0.3901
2026-09-24 20:12:21,121 simple_logger.py log_once [line:28] INFO val_loss                      3.6521
2026-09-24 20:12:21,121 simple_logger.py log_once [line:28] INFO mean_val_loss                 3.6579
2026-09-24 20:12:21,121 simple_logger.py log_once [line:28] INFO std_val_loss                  2.7992
2026-09-24 20:12:21,121 fedbase.py run [line:316] INFO Eval Time Cost:               1.4393s
2026-09-24 20:12:21,131 asyncbase.py iterate [line:68] INFO Select clients [np.int64(0), np.int64(12), np.int64(8)] at time 27.
2026-09-24 20:12:22,053 asyncbase.py iterate [line:73] INFO Receive new models from clients [4, 9, 8, 15, 0] at time 27
2026-09-24 20:12:22,119 fedbase.py run [line:311] INFO --------------Round 27--------------
2026-09-24 20:12:22,119 simple_logger.py log_once [line:14] INFO Current_time:27
2026-09-24 20:12:23,575 simple_logger.py log_once [line:28] INFO test_accuracy                 0.1710
2026-09-24 20:12:23,576 simple_logger.py log_once [line:28] INFO test_loss                     15.5705
2026-09-24 20:12:23,576 simple_logger.py log_once [line:28] INFO val_accuracy                  0.1713
2026-09-24 20:12:23,576 simple_logger.py log_once [line:28] INFO mean_val_accuracy             0.1712
2026-09-24 20:12:23,576 simple_logger.py log_once [line:28] INFO std_val_accuracy              0.3186
2026-09-24 20:12:23,576 simple_logger.py log_once [line:28] INFO val_loss                      15.5907
2026-09-24 20:12:23,576 simple_logger.py log_once [line:28] INFO mean_val_loss                 15.6264
2026-09-24 20:12:23,576 simple_logger.py log_once [line:28] INFO std_val_loss                  14.3223
2026-09-24 20:12:23,576 fedbase.py run [line:316] INFO Eval Time Cost:               1.4566s
2026-09-24 20:12:23,586 asyncbase.py iterate [line:68] INFO Select clients [np.int64(11), np.int64(7), np.int64(5), np.int64(18), np.int64(0)] at time 28.
2026-09-24 20:12:25,068 asyncbase.py iterate [line:73] INFO Receive new models from clients [18] at time 28
2026-09-24 20:12:25,091 fedbase.py run [line:311] INFO --------------Round 28--------------
2026-09-24 20:12:25,091 simple_logger.py log_once [line:14] INFO Current_time:28
2026-09-24 20:12:26,534 simple_logger.py log_once [line:28] INFO test_accuracy                 0.1135
2026-09-24 20:12:26,534 simple_logger.py log_once [line:28] INFO test_loss                     8.4903
2026-09-24 20:12:26,534 simple_logger.py log_once [line:28] INFO val_accuracy                  0.1119
2026-09-24 20:12:26,534 simple_logger.py log_once [line:28] INFO mean_val_accuracy             0.1111
2026-09-24 20:12:26,535 simple_logger.py log_once [line:28] INFO std_val_accuracy              0.2974
2026-09-24 20:12:26,535 simple_logger.py log_once [line:28] INFO val_loss                      8.5278
2026-09-24 20:12:26,535 simple_logger.py log_once [line:28] INFO mean_val_loss                 8.5349
2026-09-24 20:12:26,535 simple_logger.py log_once [line:28] INFO std_val_loss                  3.6098
2026-09-24 20:12:26,535 fedbase.py run [line:316] INFO Eval Time Cost:               1.4434s
2026-09-24 20:12:26,545 asyncbase.py iterate [line:68] INFO Select clients [np.int64(10)] at time 29.
2026-09-24 20:12:26,843 asyncbase.py iterate [line:73] INFO Receive new models from clients [12, 0] at time 29
2026-09-24 20:12:26,887 fedbase.py run [line:311] INFO --------------Round 29--------------
2026-09-24 20:12:26,888 simple_logger.py log_once [line:14] INFO Current_time:29
2026-09-24 20:12:28,332 simple_logger.py log_once [line:28] INFO test_accuracy                 0.1135
2026-09-24 20:12:28,333 simple_logger.py log_once [line:28] INFO test_loss                     8.7599
2026-09-24 20:12:28,333 simple_logger.py log_once [line:28] INFO val_accuracy                  0.1119
2026-09-24 20:12:28,333 simple_logger.py log_once [line:28] INFO mean_val_accuracy             0.1111
2026-09-24 20:12:28,333 simple_logger.py log_once [line:28] INFO std_val_accuracy              0.2974
2026-09-24 20:12:28,333 simple_logger.py log_once [line:28] INFO val_loss                      8.8218
2026-09-24 20:12:28,333 simple_logger.py log_once [line:28] INFO mean_val_loss                 8.8274
2026-09-24 20:12:28,333 simple_logger.py log_once [line:28] INFO std_val_loss                  4.1810
2026-09-24 20:12:28,333 fedbase.py run [line:316] INFO Eval Time Cost:               1.4452s
2026-09-24 20:12:28,341 asyncbase.py iterate [line:68] INFO Select clients [np.int64(16)] at time 30.
2026-09-24 20:12:28,643 asyncbase.py iterate [line:73] INFO Receive new models from clients [10, 11, 5, 7] at time 30
2026-09-24 20:12:28,704 fedbase.py run [line:311] INFO --------------Round 30--------------
2026-09-24 20:12:28,704 simple_logger.py log_once [line:14] INFO Current_time:30
2026-09-24 20:12:30,164 simple_logger.py log_once [line:28] INFO test_accuracy                 0.1135
2026-09-24 20:12:30,164 simple_logger.py log_once [line:28] INFO test_loss                     2.6209
2026-09-24 20:12:30,164 simple_logger.py log_once [line:28] INFO val_accuracy                  0.1125
2026-09-24 20:12:30,164 simple_logger.py log_once [line:28] INFO mean_val_accuracy             0.1117
2026-09-24 20:12:30,164 simple_logger.py log_once [line:28] INFO std_val_accuracy              0.2971
2026-09-24 20:12:30,164 simple_logger.py log_once [line:28] INFO val_loss                      2.6335
2026-09-24 20:12:30,164 simple_logger.py log_once [line:28] INFO mean_val_loss                 2.6341
2026-09-24 20:12:30,164 simple_logger.py log_once [line:28] INFO std_val_loss                  0.8869
2026-09-24 20:12:30,164 fedbase.py run [line:316] INFO Eval Time Cost:               1.4598s
2026-09-24 20:12:30,174 asyncbase.py iterate [line:68] INFO Select clients [np.int64(19), np.int64(9), np.int64(6), np.int64(5)] at time 31.
2026-09-24 20:12:31,378 asyncbase.py iterate [line:73] INFO Receive new models from clients [9] at time 31
2026-09-24 20:12:31,403 fedbase.py run [line:311] INFO --------------Round 31--------------
2026-09-24 20:12:31,403 simple_logger.py log_once [line:14] INFO Current_time:31
2026-09-24 20:12:32,856 simple_logger.py log_once [line:28] INFO test_accuracy                 0.0892
2026-09-24 20:12:32,856 simple_logger.py log_once [line:28] INFO test_loss                     35.5633
2026-09-24 20:12:32,856 simple_logger.py log_once [line:28] INFO val_accuracy                  0.0907
2026-09-24 20:12:32,856 simple_logger.py log_once [line:28] INFO mean_val_accuracy             0.0904
2026-09-24 20:12:32,856 simple_logger.py log_once [line:28] INFO std_val_accuracy              0.2536
2026-09-24 20:12:32,857 simple_logger.py log_once [line:28] INFO val_loss                      35.7197
2026-09-24 20:12:32,857 simple_logger.py log_once [line:28] INFO mean_val_loss                 35.7013
2026-09-24 20:12:32,857 simple_logger.py log_once [line:28] INFO std_val_loss                  21.0480
2026-09-24 20:12:32,857 fedbase.py run [line:316] INFO Eval Time Cost:               1.4540s
2026-09-24 20:12:32,867 asyncbase.py iterate [line:68] INFO Select clients [np.int64(8), np.int64(11)] at time 32.
2026-09-24 20:12:33,463 asyncbase.py iterate [line:73] INFO Receive new models from clients [19, 11, 6, 16] at time 32
2026-09-24 20:12:33,524 fedbase.py run [line:311] INFO --------------Round 32--------------
2026-09-24 20:12:33,524 simple_logger.py log_once [line:14] INFO Current_time:32
2026-09-24 20:12:34,974 simple_logger.py log_once [line:28] INFO test_accuracy                 0.0980
2026-09-24 20:12:34,974 simple_logger.py log_once [line:28] INFO test_loss                     53.7849
2026-09-24 20:12:34,974 simple_logger.py log_once [line:28] INFO val_accuracy                  0.0990
2026-09-24 20:12:34,974 simple_logger.py log_once [line:28] INFO mean_val_accuracy             0.1000
2026-09-24 20:12:34,974 simple_logger.py log_once [line:28] INFO std_val_accuracy              0.2627
2026-09-24 20:12:34,974 simple_logger.py log_once [line:28] INFO val_loss                      54.3468
2026-09-24 20:12:34,974 simple_logger.py log_once [line:28] INFO mean_val_loss                 54.3013
2026-09-24 20:12:34,974 simple_logger.py log_once [line:28] INFO std_val_loss                  35.6671
2026-09-24 20:12:34,974 fedbase.py run [line:316] INFO Eval Time Cost:               1.4501s
2026-09-24 20:12:34,982 asyncbase.py iterate [line:68] INFO Select clients [np.int64(3), np.int64(10), np.int64(4)] at time 33.
2026-09-24 20:12:35,880 asyncbase.py iterate [line:73] INFO Receive new models from clients [8, 5] at time 34
2026-09-24 20:12:35,926 fedbase.py run [line:311] INFO --------------Round 33--------------
2026-09-24 20:12:35,926 simple_logger.py log_once [line:14] INFO Current_time:34
2026-09-24 20:12:37,384 simple_logger.py log_once [line:28] INFO test_accuracy                 0.0892
2026-09-24 20:12:37,384 simple_logger.py log_once [line:28] INFO test_loss                     976.2565
2026-09-24 20:12:37,384 simple_logger.py log_once [line:28] INFO val_accuracy                  0.0907
2026-09-24 20:12:37,384 simple_logger.py log_once [line:28] INFO mean_val_accuracy             0.0904
2026-09-24 20:12:37,384 simple_logger.py log_once [line:28] INFO std_val_accuracy              0.2536
2026-09-24 20:12:37,384 simple_logger.py log_once [line:28] INFO val_loss                      977.2529
2026-09-24 20:12:37,384 simple_logger.py log_once [line:28] INFO mean_val_loss                 977.6813
2026-09-24 20:12:37,384 simple_logger.py log_once [line:28] INFO std_val_loss                  292.9615
2026-09-24 20:12:37,384 fedbase.py run [line:316] INFO Eval Time Cost:               1.4586s
2026-09-24 20:12:37,393 asyncbase.py iterate [line:68] INFO Select clients [np.int64(15)] at time 35.
2026-09-24 20:12:37,696 asyncbase.py iterate [line:73] INFO Receive new models from clients [15] at time 35
2026-09-24 20:12:37,720 fedbase.py run [line:311] INFO --------------Round 34--------------
2026-09-24 20:12:37,721 simple_logger.py log_once [line:14] INFO Current_time:35
2026-09-24 20:12:39,183 simple_logger.py log_once [line:28] INFO test_accuracy                 0.0974
2026-09-24 20:12:39,183 simple_logger.py log_once [line:28] INFO test_loss                     30.6641
2026-09-24 20:12:39,183 simple_logger.py log_once [line:28] INFO val_accuracy                  0.0972
2026-09-24 20:12:39,183 simple_logger.py log_once [line:28] INFO mean_val_accuracy             0.0962
2026-09-24 20:12:39,183 simple_logger.py log_once [line:28] INFO std_val_accuracy              0.2801
2026-09-24 20:12:39,183 simple_logger.py log_once [line:28] INFO val_loss                      30.3947
2026-09-24 20:12:39,183 simple_logger.py log_once [line:28] INFO mean_val_loss                 30.4174
2026-09-24 20:12:39,183 simple_logger.py log_once [line:28] INFO std_val_loss                  11.4547
2026-09-24 20:12:39,183 fedbase.py run [line:316] INFO Eval Time Cost:               1.4625s
2026-09-24 20:12:39,191 asyncbase.py iterate [line:68] INFO Select clients [np.int64(8), np.int64(16), np.int64(7)] at time 36.
2026-09-24 20:12:40,084 asyncbase.py iterate [line:73] INFO Receive new models from clients [4, 3, 10] at time 36
2026-09-24 20:12:40,135 fedbase.py run [line:311] INFO --------------Round 35--------------
2026-09-24 20:12:40,135 simple_logger.py log_once [line:14] INFO Current_time:36
2026-09-24 20:12:41,583 simple_logger.py log_once [line:28] INFO test_accuracy                 0.0974
2026-09-24 20:12:41,583 simple_logger.py log_once [line:28] INFO test_loss                     41.5876
2026-09-24 20:12:41,583 simple_logger.py log_once [line:28] INFO val_accuracy                  0.0972
2026-09-24 20:12:41,583 simple_logger.py log_once [line:28] INFO mean_val_accuracy             0.0962
2026-09-24 20:12:41,583 simple_logger.py log_once [line:28] INFO std_val_accuracy              0.2801
2026-09-24 20:12:41,583 simple_logger.py log_once [line:28] INFO val_loss                      41.4850
2026-09-24 20:12:41,583 simple_logger.py log_once [line:28] INFO mean_val_loss                 41.5016
2026-09-24 20:12:41,583 simple_logger.py log_once [line:28] INFO std_val_loss                  14.9505
2026-09-24 20:12:41,583 fedbase.py run [line:316] INFO Eval Time Cost:               1.4477s
2026-09-24 20:12:41,592 asyncbase.py iterate [line:68] INFO Select clients [np.int64(5), np.int64(12)] at time 37.
2026-09-24 20:12:42,188 asyncbase.py iterate [line:73] INFO Receive new models from clients [8] at time 37
Traceback (most recent call last):
  File "E:\Federated Machine Learning\FL-Byzantine-Library\run_research.py", line 161, in <module>
    main()
    ~~~~^^
  File "E:\Federated Machine Learning\FL-Byzantine-Library\run_research.py", line 157, in main
    runner.run()
    ~~~~~~~~~~^^
  File "E:\Federated Machine Learning\FL-Byzantine-Library\easyFL\flgo\algorithm\fedbase.py", line 308, in run
    updated = self.iterate()
  File "E:\Federated Machine Learning\FL-Byzantine-Library\flgo_byzantine\research_algorithm.py", line 272, in iterate
    return super().iterate()
           ~~~~~~~~~~~~~~~^^
  File "E:\Federated Machine Learning\FL-Byzantine-Library\easyFL\flgo\algorithm\asyncbase.py", line 74, in iterate
    is_model_updated = self.package_handler(received_packages)
  File "E:\Federated Machine Learning\FL-Byzantine-Library\flgo_byzantine\research_algorithm.py", line 335, in package_handler
    raise RuntimeError("aggregate would diverge: non-finite or weight magnitude exceeds 1000")
RuntimeError: aggregate would diverge: non-finite or weight magnitude exceeds 1000
