E:\fl-experiment\.venv\Lib\site-packages\torch\cuda\__init__.py:61: FutureWarning: The pynvml package is deprecated. Please install nvidia-ml-py instead. If you did not install pynvml directly, please report this to the maintainers of the package that installed pynvml for you.
  import pynvml  # type: ignore[import]
2026-09-24 20:58:55,691 fflow.py init [line:848] INFO PROCESS ID:	24468
2026-09-24 20:58:55,691 fflow.py init [line:849] INFO Initializing devices: cuda:0 will be used for this running.
2026-09-24 20:58:55,691 fflow.py init [line:852] INFO BENCHMARK:	flgo.benchmark.mnist_classification
2026-09-24 20:58:55,691 fflow.py init [line:853] INFO TASK:			E:\Federated Machine Learning\FL-Byzantine-Library\mnist_dir20
2026-09-24 20:58:55,701 fflow.py init [line:854] INFO MODEL:		flgo.benchmark.mnist_classification.model.cnn
2026-09-24 20:58:55,701 fflow.py init [line:855] INFO ALGORITHM:	research_algorithm
2026-09-24 20:58:56,721 fflow.py init [line:901] INFO SCENE:		horizontal FL with 1 <class 'flgo_byzantine.research_algorithm.Server'>, 20 <class 'flgo_byzantine.research_algorithm.Client'>
2026-09-24 20:58:56,811 fflow.py init [line:918] INFO SIMULATOR:	<class 'flgo.simulator.default_simulator.Simulator'>
2026-09-24 20:59:01,214 fflow.py init [line:931] INFO Ready to start.
2026-09-24 20:59:01,214 fedbase.py run [line:300] INFO --------------Initial Evaluation--------------
2026-09-24 20:59:01,214 simple_logger.py log_once [line:14] INFO Current_time:0
2026-09-24 20:59:02,827 simple_logger.py log_once [line:28] INFO test_accuracy                 0.0875
2026-09-24 20:59:02,827 simple_logger.py log_once [line:28] INFO test_loss                     2.3101
2026-09-24 20:59:02,827 simple_logger.py log_once [line:28] INFO val_accuracy                  0.0866
2026-09-24 20:59:02,827 simple_logger.py log_once [line:28] INFO mean_val_accuracy             0.0874
2026-09-24 20:59:02,827 simple_logger.py log_once [line:28] INFO std_val_accuracy              0.2312
2026-09-24 20:59:02,827 simple_logger.py log_once [line:28] INFO val_loss                      2.3109
2026-09-24 20:59:02,827 simple_logger.py log_once [line:28] INFO mean_val_loss                 2.3111
2026-09-24 20:59:02,827 simple_logger.py log_once [line:28] INFO std_val_loss                  0.0785
2026-09-24 20:59:02,828 fedbase.py run [line:303] INFO Eval Time Cost:               1.6132s
2026-09-24 20:59:02,838 asyncbase.py iterate [line:68] INFO Select clients [np.int64(11), np.int64(3), np.int64(19), np.int64(4), np.int64(10), np.int64(9)] at time 1.
2026-09-24 20:59:04,816 asyncbase.py iterate [line:73] INFO Receive new models from clients [3] at time 1
2026-09-24 20:59:04,843 fedbase.py run [line:311] INFO --------------Round 1--------------
2026-09-24 20:59:04,843 simple_logger.py log_once [line:14] INFO Current_time:1
2026-09-24 20:59:06,301 simple_logger.py log_once [line:28] INFO test_accuracy                 0.1009
2026-09-24 20:59:06,301 simple_logger.py log_once [line:28] INFO test_loss                     6.6141
2026-09-24 20:59:06,301 simple_logger.py log_once [line:28] INFO val_accuracy                  0.0999
2026-09-24 20:59:06,301 simple_logger.py log_once [line:28] INFO mean_val_accuracy             0.0994
2026-09-24 20:59:06,301 simple_logger.py log_once [line:28] INFO std_val_accuracy              0.2889
2026-09-24 20:59:06,301 simple_logger.py log_once [line:28] INFO val_loss                      6.5774
2026-09-24 20:59:06,301 simple_logger.py log_once [line:28] INFO mean_val_loss                 6.5862
2026-09-24 20:59:06,301 simple_logger.py log_once [line:28] INFO std_val_loss                  2.3185
2026-09-24 20:59:06,301 fedbase.py run [line:316] INFO Eval Time Cost:               1.4576s
2026-09-24 20:59:06,318 asyncbase.py iterate [line:68] INFO Select clients [np.int64(7)] at time 3.
2026-09-24 20:59:06,688 asyncbase.py iterate [line:73] INFO Receive new models from clients [11, 4] at time 3
2026-09-24 20:59:06,727 fedbase.py run [line:311] INFO --------------Round 2--------------
2026-09-24 20:59:06,728 simple_logger.py log_once [line:14] INFO Current_time:3
2026-09-24 20:59:08,224 simple_logger.py log_once [line:28] INFO test_accuracy                 0.1610
2026-09-24 20:59:08,224 simple_logger.py log_once [line:28] INFO test_loss                     2.8681
2026-09-24 20:59:08,224 simple_logger.py log_once [line:28] INFO val_accuracy                  0.1600
2026-09-24 20:59:08,224 simple_logger.py log_once [line:28] INFO mean_val_accuracy             0.1601
2026-09-24 20:59:08,224 simple_logger.py log_once [line:28] INFO std_val_accuracy              0.3110
2026-09-24 20:59:08,224 simple_logger.py log_once [line:28] INFO val_loss                      2.8630
2026-09-24 20:59:08,224 simple_logger.py log_once [line:28] INFO mean_val_loss                 2.8614
2026-09-24 20:59:08,224 simple_logger.py log_once [line:28] INFO std_val_loss                  1.5068
2026-09-24 20:59:08,224 fedbase.py run [line:316] INFO Eval Time Cost:               1.4965s
2026-09-24 20:59:08,233 asyncbase.py iterate [line:68] INFO Select clients [np.int64(15), np.int64(1)] at time 4.
2026-09-24 20:59:08,886 asyncbase.py iterate [line:73] INFO Receive new models from clients [10, 1, 7] at time 4
2026-09-24 20:59:08,937 fedbase.py run [line:311] INFO --------------Round 3--------------
2026-09-24 20:59:08,937 simple_logger.py log_once [line:14] INFO Current_time:4
2026-09-24 20:59:10,427 simple_logger.py log_once [line:28] INFO test_accuracy                 0.1293
2026-09-24 20:59:10,427 simple_logger.py log_once [line:28] INFO test_loss                     2.2395
2026-09-24 20:59:10,427 simple_logger.py log_once [line:28] INFO val_accuracy                  0.1261
2026-09-24 20:59:10,427 simple_logger.py log_once [line:28] INFO mean_val_accuracy             0.1265
2026-09-24 20:59:10,427 simple_logger.py log_once [line:28] INFO std_val_accuracy              0.2837
2026-09-24 20:59:10,427 simple_logger.py log_once [line:28] INFO val_loss                      2.2365
2026-09-24 20:59:10,427 simple_logger.py log_once [line:28] INFO mean_val_loss                 2.2348
2026-09-24 20:59:10,427 simple_logger.py log_once [line:28] INFO std_val_loss                  0.4515
2026-09-24 20:59:10,427 fedbase.py run [line:316] INFO Eval Time Cost:               1.4900s
2026-09-24 20:59:10,436 asyncbase.py iterate [line:68] INFO Select clients [np.int64(10), np.int64(4), np.int64(2)] at time 5.
2026-09-24 20:59:11,372 asyncbase.py iterate [line:73] INFO Receive new models from clients [10] at time 5
2026-09-24 20:59:11,398 fedbase.py run [line:311] INFO --------------Round 4--------------
2026-09-24 20:59:11,398 simple_logger.py log_once [line:14] INFO Current_time:5
2026-09-24 20:59:12,857 simple_logger.py log_once [line:28] INFO test_accuracy                 0.1683
2026-09-24 20:59:12,857 simple_logger.py log_once [line:28] INFO test_loss                     7.4371
2026-09-24 20:59:12,858 simple_logger.py log_once [line:28] INFO val_accuracy                  0.1727
2026-09-24 20:59:12,858 simple_logger.py log_once [line:28] INFO mean_val_accuracy             0.1727
2026-09-24 20:59:12,858 simple_logger.py log_once [line:28] INFO std_val_accuracy              0.3303
2026-09-24 20:59:12,858 simple_logger.py log_once [line:28] INFO val_loss                      7.4296
2026-09-24 20:59:12,858 simple_logger.py log_once [line:28] INFO mean_val_loss                 7.4281
2026-09-24 20:59:12,858 simple_logger.py log_once [line:28] INFO std_val_loss                  3.5061
2026-09-24 20:59:12,858 fedbase.py run [line:316] INFO Eval Time Cost:               1.4599s
2026-09-24 20:59:12,867 asyncbase.py iterate [line:68] INFO Select clients [np.int64(16)] at time 6.
2026-09-24 20:59:13,176 asyncbase.py iterate [line:73] INFO Receive new models from clients [9, 15, 19] at time 6
2026-09-24 20:59:13,243 fedbase.py run [line:311] INFO --------------Round 5--------------
2026-09-24 20:59:13,243 simple_logger.py log_once [line:14] INFO Current_time:6
2026-09-24 20:59:14,703 simple_logger.py log_once [line:28] INFO test_accuracy                 0.1567
2026-09-24 20:59:14,703 simple_logger.py log_once [line:28] INFO test_loss                     4.9218
2026-09-24 20:59:14,703 simple_logger.py log_once [line:28] INFO val_accuracy                  0.1604
2026-09-24 20:59:14,703 simple_logger.py log_once [line:28] INFO mean_val_accuracy             0.1603
2026-09-24 20:59:14,703 simple_logger.py log_once [line:28] INFO std_val_accuracy              0.3100
2026-09-24 20:59:14,703 simple_logger.py log_once [line:28] INFO val_loss                      4.9181
2026-09-24 20:59:14,703 simple_logger.py log_once [line:28] INFO mean_val_loss                 4.9201
2026-09-24 20:59:14,703 simple_logger.py log_once [line:28] INFO std_val_loss                  2.1907
2026-09-24 20:59:14,703 fedbase.py run [line:316] INFO Eval Time Cost:               1.4603s
2026-09-24 20:59:14,712 asyncbase.py iterate [line:68] INFO Select clients [np.int64(3), np.int64(11), np.int64(7)] at time 7.
2026-09-24 20:59:15,622 asyncbase.py iterate [line:73] INFO Receive new models from clients [4] at time 7
2026-09-24 20:59:15,650 fedbase.py run [line:311] INFO --------------Round 6--------------
2026-09-24 20:59:15,650 simple_logger.py log_once [line:14] INFO Current_time:7
2026-09-24 20:59:17,112 simple_logger.py log_once [line:28] INFO test_accuracy                 0.2505
2026-09-24 20:59:17,112 simple_logger.py log_once [line:28] INFO test_loss                     6.4946
2026-09-24 20:59:17,112 simple_logger.py log_once [line:28] INFO val_accuracy                  0.2501
2026-09-24 20:59:17,112 simple_logger.py log_once [line:28] INFO mean_val_accuracy             0.2497
2026-09-24 20:59:17,112 simple_logger.py log_once [line:28] INFO std_val_accuracy              0.3504
2026-09-24 20:59:17,112 simple_logger.py log_once [line:28] INFO val_loss                      6.4709
2026-09-24 20:59:17,112 simple_logger.py log_once [line:28] INFO mean_val_loss                 6.4764
2026-09-24 20:59:17,112 simple_logger.py log_once [line:28] INFO std_val_loss                  4.5489
2026-09-24 20:59:17,112 fedbase.py run [line:316] INFO Eval Time Cost:               1.4622s
2026-09-24 20:59:17,121 asyncbase.py iterate [line:73] INFO Receive new models from clients [7, 2, 16] at time 8
2026-09-24 20:59:17,179 fedbase.py run [line:311] INFO --------------Round 7--------------
2026-09-24 20:59:17,179 simple_logger.py log_once [line:14] INFO Current_time:8
2026-09-24 20:59:18,645 simple_logger.py log_once [line:28] INFO test_accuracy                 0.2061
2026-09-24 20:59:18,645 simple_logger.py log_once [line:28] INFO test_loss                     3.1700
2026-09-24 20:59:18,645 simple_logger.py log_once [line:28] INFO val_accuracy                  0.2051
2026-09-24 20:59:18,645 simple_logger.py log_once [line:28] INFO mean_val_accuracy             0.2047
2026-09-24 20:59:18,645 simple_logger.py log_once [line:28] INFO std_val_accuracy              0.3793
2026-09-24 20:59:18,645 simple_logger.py log_once [line:28] INFO val_loss                      3.1336
2026-09-24 20:59:18,645 simple_logger.py log_once [line:28] INFO mean_val_loss                 3.1366
2026-09-24 20:59:18,646 simple_logger.py log_once [line:28] INFO std_val_loss                  1.7052
2026-09-24 20:59:18,646 fedbase.py run [line:316] INFO Eval Time Cost:               1.4669s
2026-09-24 20:59:18,654 asyncbase.py iterate [line:68] INFO Select clients [np.int64(6), np.int64(12), np.int64(15), np.int64(4)] at time 9.
2026-09-24 20:59:19,900 asyncbase.py iterate [line:73] INFO Receive new models from clients [6, 12] at time 9
2026-09-24 20:59:19,946 fedbase.py run [line:311] INFO --------------Round 8--------------
2026-09-24 20:59:19,946 simple_logger.py log_once [line:14] INFO Current_time:9
2026-09-24 20:59:21,423 simple_logger.py log_once [line:28] INFO test_accuracy                 0.2910
2026-09-24 20:59:21,423 simple_logger.py log_once [line:28] INFO test_loss                     2.0871
2026-09-24 20:59:21,423 simple_logger.py log_once [line:28] INFO val_accuracy                  0.2999
2026-09-24 20:59:21,423 simple_logger.py log_once [line:28] INFO mean_val_accuracy             0.3005
2026-09-24 20:59:21,423 simple_logger.py log_once [line:28] INFO std_val_accuracy              0.3772
2026-09-24 20:59:21,423 simple_logger.py log_once [line:28] INFO val_loss                      2.0810
2026-09-24 20:59:21,423 simple_logger.py log_once [line:28] INFO mean_val_loss                 2.0805
2026-09-24 20:59:21,423 simple_logger.py log_once [line:28] INFO std_val_loss                  0.5837
2026-09-24 20:59:21,423 fedbase.py run [line:316] INFO Eval Time Cost:               1.4778s
2026-09-24 20:59:21,433 asyncbase.py iterate [line:68] INFO Select clients [np.int64(6)] at time 10.
2026-09-24 20:59:21,759 asyncbase.py iterate [line:73] INFO Receive new models from clients [4, 3, 6, 15, 11] at time 10
2026-09-24 20:59:21,834 fedbase.py run [line:311] INFO --------------Round 9--------------
2026-09-24 20:59:21,834 simple_logger.py log_once [line:14] INFO Current_time:10
2026-09-24 20:59:23,307 simple_logger.py log_once [line:28] INFO test_accuracy                 0.2644
2026-09-24 20:59:23,307 simple_logger.py log_once [line:28] INFO test_loss                     2.0806
2026-09-24 20:59:23,307 simple_logger.py log_once [line:28] INFO val_accuracy                  0.2609
2026-09-24 20:59:23,307 simple_logger.py log_once [line:28] INFO mean_val_accuracy             0.2616
2026-09-24 20:59:23,307 simple_logger.py log_once [line:28] INFO std_val_accuracy              0.3081
2026-09-24 20:59:23,307 simple_logger.py log_once [line:28] INFO val_loss                      2.0769
2026-09-24 20:59:23,307 simple_logger.py log_once [line:28] INFO mean_val_loss                 2.0763
2026-09-24 20:59:23,307 simple_logger.py log_once [line:28] INFO std_val_loss                  0.5515
2026-09-24 20:59:23,307 fedbase.py run [line:316] INFO Eval Time Cost:               1.4730s
2026-09-24 20:59:23,319 asyncbase.py iterate [line:68] INFO Select clients [np.int64(7), np.int64(9), np.int64(15), np.int64(5), np.int64(17), np.int64(11)] at time 11.
2026-09-24 20:59:25,196 asyncbase.py iterate [line:73] INFO Receive new models from clients [17] at time 12
2026-09-24 20:59:25,226 fedbase.py run [line:311] INFO --------------Round 10--------------
2026-09-24 20:59:25,226 simple_logger.py log_once [line:14] INFO Current_time:12
2026-09-24 20:59:26,693 simple_logger.py log_once [line:28] INFO test_accuracy                 0.2809
2026-09-24 20:59:26,694 simple_logger.py log_once [line:28] INFO test_loss                     3.2538
2026-09-24 20:59:26,694 simple_logger.py log_once [line:28] INFO val_accuracy                  0.2779
2026-09-24 20:59:26,694 simple_logger.py log_once [line:28] INFO mean_val_accuracy             0.2780
2026-09-24 20:59:26,694 simple_logger.py log_once [line:28] INFO std_val_accuracy              0.4059
2026-09-24 20:59:26,694 simple_logger.py log_once [line:28] INFO val_loss                      3.1916
2026-09-24 20:59:26,694 simple_logger.py log_once [line:28] INFO mean_val_loss                 3.1934
2026-09-24 20:59:26,694 simple_logger.py log_once [line:28] INFO std_val_loss                  2.0790
2026-09-24 20:59:26,694 fedbase.py run [line:316] INFO Eval Time Cost:               1.4678s
2026-09-24 20:59:26,702 asyncbase.py iterate [line:68] INFO Select clients [np.int64(10)] at time 13.
2026-09-24 20:59:27,016 asyncbase.py iterate [line:73] INFO Receive new models from clients [7, 9, 11] at time 13
2026-09-24 20:59:27,074 fedbase.py run [line:311] INFO --------------Round 11--------------
2026-09-24 20:59:27,074 simple_logger.py log_once [line:14] INFO Current_time:13
2026-09-24 20:59:28,530 simple_logger.py log_once [line:28] INFO test_accuracy                 0.3708
2026-09-24 20:59:28,530 simple_logger.py log_once [line:28] INFO test_loss                     4.0554
2026-09-24 20:59:28,530 simple_logger.py log_once [line:28] INFO val_accuracy                  0.3744
2026-09-24 20:59:28,530 simple_logger.py log_once [line:28] INFO mean_val_accuracy             0.3748
2026-09-24 20:59:28,530 simple_logger.py log_once [line:28] INFO std_val_accuracy              0.4339
2026-09-24 20:59:28,530 simple_logger.py log_once [line:28] INFO val_loss                      3.9565
2026-09-24 20:59:28,530 simple_logger.py log_once [line:28] INFO mean_val_loss                 3.9524
2026-09-24 20:59:28,530 simple_logger.py log_once [line:28] INFO std_val_loss                  3.2940
2026-09-24 20:59:28,530 fedbase.py run [line:316] INFO Eval Time Cost:               1.4566s
2026-09-24 20:59:28,539 asyncbase.py iterate [line:68] INFO Select clients [np.int64(4), np.int64(9)] at time 14.
2026-09-24 20:59:29,158 asyncbase.py iterate [line:73] INFO Receive new models from clients [5, 15, 10, 4] at time 14
2026-09-24 20:59:29,227 fedbase.py run [line:311] INFO --------------Round 12--------------
2026-09-24 20:59:29,227 simple_logger.py log_once [line:14] INFO Current_time:14
2026-09-24 20:59:30,707 simple_logger.py log_once [line:28] INFO test_accuracy                 0.3729
2026-09-24 20:59:30,707 simple_logger.py log_once [line:28] INFO test_loss                     2.4972
2026-09-24 20:59:30,708 simple_logger.py log_once [line:28] INFO val_accuracy                  0.3751
2026-09-24 20:59:30,708 simple_logger.py log_once [line:28] INFO mean_val_accuracy             0.3747
2026-09-24 20:59:30,708 simple_logger.py log_once [line:28] INFO std_val_accuracy              0.3761
2026-09-24 20:59:30,708 simple_logger.py log_once [line:28] INFO val_loss                      2.4516
2026-09-24 20:59:30,708 simple_logger.py log_once [line:28] INFO mean_val_loss                 2.4522
2026-09-24 20:59:30,708 simple_logger.py log_once [line:28] INFO std_val_loss                  2.3165
2026-09-24 20:59:30,708 fedbase.py run [line:316] INFO Eval Time Cost:               1.4805s
2026-09-24 20:59:30,718 asyncbase.py iterate [line:68] INFO Select clients [np.int64(16), np.int64(6), np.int64(4), np.int64(14), np.int64(0)] at time 15.
2026-09-24 20:59:32,282 asyncbase.py iterate [line:73] INFO Receive new models from clients [4] at time 16
2026-09-24 20:59:32,310 fedbase.py run [line:311] INFO --------------Round 13--------------
2026-09-24 20:59:32,310 simple_logger.py log_once [line:14] INFO Current_time:16
2026-09-24 20:59:33,776 simple_logger.py log_once [line:28] INFO test_accuracy                 0.2705
2026-09-24 20:59:33,777 simple_logger.py log_once [line:28] INFO test_loss                     3.8907
2026-09-24 20:59:33,777 simple_logger.py log_once [line:28] INFO val_accuracy                  0.2623
2026-09-24 20:59:33,777 simple_logger.py log_once [line:28] INFO mean_val_accuracy             0.2620
2026-09-24 20:59:33,777 simple_logger.py log_once [line:28] INFO std_val_accuracy              0.3738
2026-09-24 20:59:33,777 simple_logger.py log_once [line:28] INFO val_loss                      3.8349
2026-09-24 20:59:33,777 simple_logger.py log_once [line:28] INFO mean_val_loss                 3.8295
2026-09-24 20:59:33,777 simple_logger.py log_once [line:28] INFO std_val_loss                  3.0684
2026-09-24 20:59:33,777 fedbase.py run [line:316] INFO Eval Time Cost:               1.4668s
2026-09-24 20:59:33,786 asyncbase.py iterate [line:68] INFO Select clients [np.int64(11)] at time 17.
2026-09-24 20:59:34,094 asyncbase.py iterate [line:73] INFO Receive new models from clients [16, 6] at time 17
2026-09-24 20:59:34,141 fedbase.py run [line:311] INFO --------------Round 14--------------
2026-09-24 20:59:34,141 simple_logger.py log_once [line:14] INFO Current_time:17
2026-09-24 20:59:35,608 simple_logger.py log_once [line:28] INFO test_accuracy                 0.2232
2026-09-24 20:59:35,608 simple_logger.py log_once [line:28] INFO test_loss                     2.5990
2026-09-24 20:59:35,608 simple_logger.py log_once [line:28] INFO val_accuracy                  0.2273
2026-09-24 20:59:35,608 simple_logger.py log_once [line:28] INFO mean_val_accuracy             0.2271
2026-09-24 20:59:35,608 simple_logger.py log_once [line:28] INFO std_val_accuracy              0.3071
2026-09-24 20:59:35,608 simple_logger.py log_once [line:28] INFO val_loss                      2.5615
2026-09-24 20:59:35,608 simple_logger.py log_once [line:28] INFO mean_val_loss                 2.5662
2026-09-24 20:59:35,608 simple_logger.py log_once [line:28] INFO std_val_loss                  1.4527
2026-09-24 20:59:35,608 fedbase.py run [line:316] INFO Eval Time Cost:               1.4674s
2026-09-24 20:59:35,619 asyncbase.py iterate [line:68] INFO Select clients [np.int64(19), np.int64(17)] at time 18.
2026-09-24 20:59:36,250 asyncbase.py iterate [line:73] INFO Receive new models from clients [0, 17, 19] at time 18
2026-09-24 20:59:36,305 fedbase.py run [line:311] INFO --------------Round 15--------------
2026-09-24 20:59:36,305 simple_logger.py log_once [line:14] INFO Current_time:18
2026-09-24 20:59:37,771 simple_logger.py log_once [line:28] INFO test_accuracy                 0.1057
2026-09-24 20:59:37,771 simple_logger.py log_once [line:28] INFO test_loss                     3.1265
2026-09-24 20:59:37,771 simple_logger.py log_once [line:28] INFO val_accuracy                  0.1020
2026-09-24 20:59:37,771 simple_logger.py log_once [line:28] INFO mean_val_accuracy             0.1030
2026-09-24 20:59:37,771 simple_logger.py log_once [line:28] INFO std_val_accuracy              0.2871
2026-09-24 20:59:37,771 simple_logger.py log_once [line:28] INFO val_loss                      3.1109
2026-09-24 20:59:37,771 simple_logger.py log_once [line:28] INFO mean_val_loss                 3.1105
2026-09-24 20:59:37,771 simple_logger.py log_once [line:28] INFO std_val_loss                  1.4090
2026-09-24 20:59:37,772 fedbase.py run [line:316] INFO Eval Time Cost:               1.4668s
2026-09-24 20:59:37,783 asyncbase.py iterate [line:68] INFO Select clients [np.int64(13), np.int64(10), np.int64(1)] at time 19.
2026-09-24 20:59:38,715 asyncbase.py iterate [line:73] INFO Receive new models from clients [11] at time 19
2026-09-24 20:59:38,743 fedbase.py run [line:311] INFO --------------Round 16--------------
2026-09-24 20:59:38,743 simple_logger.py log_once [line:14] INFO Current_time:19
2026-09-24 20:59:40,199 simple_logger.py log_once [line:28] INFO test_accuracy                 0.1383
2026-09-24 20:59:40,199 simple_logger.py log_once [line:28] INFO test_loss                     2.1853
2026-09-24 20:59:40,199 simple_logger.py log_once [line:28] INFO val_accuracy                  0.1339
2026-09-24 20:59:40,199 simple_logger.py log_once [line:28] INFO mean_val_accuracy             0.1349
2026-09-24 20:59:40,199 simple_logger.py log_once [line:28] INFO std_val_accuracy              0.2915
2026-09-24 20:59:40,199 simple_logger.py log_once [line:28] INFO val_loss                      2.1937
2026-09-24 20:59:40,199 simple_logger.py log_once [line:28] INFO mean_val_loss                 2.1921
2026-09-24 20:59:40,199 simple_logger.py log_once [line:28] INFO std_val_loss                  0.4794
2026-09-24 20:59:40,199 fedbase.py run [line:316] INFO Eval Time Cost:               1.4556s
2026-09-24 20:59:40,208 asyncbase.py iterate [line:68] INFO Select clients [np.int64(5)] at time 20.
2026-09-24 20:59:40,525 asyncbase.py iterate [line:73] INFO Receive new models from clients [10, 5, 9] at time 20
2026-09-24 20:59:40,582 fedbase.py run [line:311] INFO --------------Round 17--------------
2026-09-24 20:59:40,583 simple_logger.py log_once [line:14] INFO Current_time:20
2026-09-24 20:59:42,053 simple_logger.py log_once [line:28] INFO test_accuracy                 0.0900
2026-09-24 20:59:42,053 simple_logger.py log_once [line:28] INFO test_loss                     2.2055
2026-09-24 20:59:42,053 simple_logger.py log_once [line:28] INFO val_accuracy                  0.0912
2026-09-24 20:59:42,053 simple_logger.py log_once [line:28] INFO mean_val_accuracy             0.0909
2026-09-24 20:59:42,053 simple_logger.py log_once [line:28] INFO std_val_accuracy              0.2535
2026-09-24 20:59:42,053 simple_logger.py log_once [line:28] INFO val_loss                      2.2093
2026-09-24 20:59:42,053 simple_logger.py log_once [line:28] INFO mean_val_loss                 2.2086
2026-09-24 20:59:42,053 simple_logger.py log_once [line:28] INFO std_val_loss                  0.3110
2026-09-24 20:59:42,053 fedbase.py run [line:316] INFO Eval Time Cost:               1.4706s
2026-09-24 20:59:42,063 asyncbase.py iterate [line:68] INFO Select clients [np.int64(0), np.int64(3)] at time 21.
2026-09-24 20:59:42,680 asyncbase.py iterate [line:73] INFO Receive new models from clients [13, 14, 3] at time 21
2026-09-24 20:59:42,741 fedbase.py run [line:311] INFO --------------Round 18--------------
2026-09-24 20:59:42,742 simple_logger.py log_once [line:14] INFO Current_time:21
2026-09-24 20:59:44,204 simple_logger.py log_once [line:28] INFO test_accuracy                 0.1305
2026-09-24 20:59:44,205 simple_logger.py log_once [line:28] INFO test_loss                     2.3288
2026-09-24 20:59:44,205 simple_logger.py log_once [line:28] INFO val_accuracy                  0.1302
2026-09-24 20:59:44,205 simple_logger.py log_once [line:28] INFO mean_val_accuracy             0.1298
2026-09-24 20:59:44,205 simple_logger.py log_once [line:28] INFO std_val_accuracy              0.2673
2026-09-24 20:59:44,205 simple_logger.py log_once [line:28] INFO val_loss                      2.3327
2026-09-24 20:59:44,205 simple_logger.py log_once [line:28] INFO mean_val_loss                 2.3347
2026-09-24 20:59:44,205 simple_logger.py log_once [line:28] INFO std_val_loss                  0.6407
2026-09-24 20:59:44,205 fedbase.py run [line:316] INFO Eval Time Cost:               1.4632s
2026-09-24 20:59:44,215 asyncbase.py iterate [line:68] INFO Select clients [np.int64(14), np.int64(18), np.int64(7), np.int64(13)] at time 22.
2026-09-24 20:59:45,483 asyncbase.py iterate [line:73] INFO Receive new models from clients [1, 0] at time 22
2026-09-24 20:59:45,531 fedbase.py run [line:311] INFO --------------Round 19--------------
2026-09-24 20:59:45,531 simple_logger.py log_once [line:14] INFO Current_time:22
2026-09-24 20:59:47,038 simple_logger.py log_once [line:28] INFO test_accuracy                 0.3621
2026-09-24 20:59:47,038 simple_logger.py log_once [line:28] INFO test_loss                     2.3750
2026-09-24 20:59:47,038 simple_logger.py log_once [line:28] INFO val_accuracy                  0.3554
2026-09-24 20:59:47,039 simple_logger.py log_once [line:28] INFO mean_val_accuracy             0.3547
2026-09-24 20:59:47,039 simple_logger.py log_once [line:28] INFO std_val_accuracy              0.4117
2026-09-24 20:59:47,039 simple_logger.py log_once [line:28] INFO val_loss                      2.3864
2026-09-24 20:59:47,039 simple_logger.py log_once [line:28] INFO mean_val_loss                 2.3885
2026-09-24 20:59:47,039 simple_logger.py log_once [line:28] INFO std_val_loss                  1.4066
2026-09-24 20:59:47,039 fedbase.py run [line:316] INFO Eval Time Cost:               1.5081s
2026-09-24 20:59:47,047 asyncbase.py iterate [line:68] INFO Select clients [np.int64(2), np.int64(11)] at time 23.
2026-09-24 20:59:47,659 asyncbase.py iterate [line:73] INFO Receive new models from clients [18, 11, 7] at time 23
2026-09-24 20:59:47,716 fedbase.py run [line:311] INFO --------------Round 20--------------
2026-09-24 20:59:47,716 simple_logger.py log_once [line:14] INFO Current_time:23
2026-09-24 20:59:49,214 simple_logger.py log_once [line:28] INFO test_accuracy                 0.2250
2026-09-24 20:59:49,214 simple_logger.py log_once [line:28] INFO test_loss                     2.4555
2026-09-24 20:59:49,214 simple_logger.py log_once [line:28] INFO val_accuracy                  0.2212
2026-09-24 20:59:49,214 simple_logger.py log_once [line:28] INFO mean_val_accuracy             0.2215
2026-09-24 20:59:49,214 simple_logger.py log_once [line:28] INFO std_val_accuracy              0.3646
2026-09-24 20:59:49,214 simple_logger.py log_once [line:28] INFO val_loss                      2.4669
2026-09-24 20:59:49,214 simple_logger.py log_once [line:28] INFO mean_val_loss                 2.4643
2026-09-24 20:59:49,214 simple_logger.py log_once [line:28] INFO std_val_loss                  1.2304
2026-09-24 20:59:49,214 fedbase.py run [line:316] INFO Eval Time Cost:               1.4977s
2026-09-24 20:59:49,223 asyncbase.py iterate [line:68] INFO Select clients [np.int64(9), np.int64(4)] at time 24.
2026-09-24 20:59:49,886 asyncbase.py iterate [line:73] INFO Receive new models from clients [4] at time 24
2026-09-24 20:59:49,910 fedbase.py run [line:311] INFO --------------Round 21--------------
2026-09-24 20:59:49,910 simple_logger.py log_once [line:14] INFO Current_time:24
2026-09-24 20:59:51,499 simple_logger.py log_once [line:28] INFO test_accuracy                 0.2035
2026-09-24 20:59:51,499 simple_logger.py log_once [line:28] INFO test_loss                     8.5512
2026-09-24 20:59:51,499 simple_logger.py log_once [line:28] INFO val_accuracy                  0.2034
2026-09-24 20:59:51,500 simple_logger.py log_once [line:28] INFO mean_val_accuracy             0.2031
2026-09-24 20:59:51,500 simple_logger.py log_once [line:28] INFO std_val_accuracy              0.3773
2026-09-24 20:59:51,500 simple_logger.py log_once [line:28] INFO val_loss                      8.4480
2026-09-24 20:59:51,500 simple_logger.py log_once [line:28] INFO mean_val_loss                 8.4548
2026-09-24 20:59:51,500 simple_logger.py log_once [line:28] INFO std_val_loss                  4.4390
2026-09-24 20:59:51,500 fedbase.py run [line:316] INFO Eval Time Cost:               1.5895s
2026-09-24 20:59:51,508 asyncbase.py iterate [line:68] INFO Select clients [np.int64(7), np.int64(15)] at time 25.
2026-09-24 20:59:52,134 asyncbase.py iterate [line:73] INFO Receive new models from clients [13, 7] at time 25
2026-09-24 20:59:52,181 fedbase.py run [line:311] INFO --------------Round 22--------------
2026-09-24 20:59:52,181 simple_logger.py log_once [line:14] INFO Current_time:25
2026-09-24 20:59:53,643 simple_logger.py log_once [line:28] INFO test_accuracy                 0.1962
2026-09-24 20:59:53,643 simple_logger.py log_once [line:28] INFO test_loss                     7.7990
2026-09-24 20:59:53,643 simple_logger.py log_once [line:28] INFO val_accuracy                  0.1952
2026-09-24 20:59:53,643 simple_logger.py log_once [line:28] INFO mean_val_accuracy             0.1949
2026-09-24 20:59:53,643 simple_logger.py log_once [line:28] INFO std_val_accuracy              0.3582
2026-09-24 20:59:53,643 simple_logger.py log_once [line:28] INFO val_loss                      7.7222
2026-09-24 20:59:53,643 simple_logger.py log_once [line:28] INFO mean_val_loss                 7.7304
2026-09-24 20:59:53,643 simple_logger.py log_once [line:28] INFO std_val_loss                  4.8679
2026-09-24 20:59:53,643 fedbase.py run [line:316] INFO Eval Time Cost:               1.4619s
2026-09-24 20:59:53,654 asyncbase.py iterate [line:68] INFO Select clients [np.int64(7)] at time 26.
2026-09-24 20:59:53,962 asyncbase.py iterate [line:73] INFO Receive new models from clients [9, 2, 7] at time 26
2026-09-24 20:59:54,018 fedbase.py run [line:311] INFO --------------Round 23--------------
2026-09-24 20:59:54,018 simple_logger.py log_once [line:14] INFO Current_time:26
2026-09-24 20:59:55,489 simple_logger.py log_once [line:28] INFO test_accuracy                 0.2613
2026-09-24 20:59:55,489 simple_logger.py log_once [line:28] INFO test_loss                     6.0860
2026-09-24 20:59:55,489 simple_logger.py log_once [line:28] INFO val_accuracy                  0.2584
2026-09-24 20:59:55,489 simple_logger.py log_once [line:28] INFO mean_val_accuracy             0.2580
2026-09-24 20:59:55,489 simple_logger.py log_once [line:28] INFO std_val_accuracy              0.3784
2026-09-24 20:59:55,489 simple_logger.py log_once [line:28] INFO val_loss                      6.0213
2026-09-24 20:59:55,489 simple_logger.py log_once [line:28] INFO mean_val_loss                 6.0301
2026-09-24 20:59:55,489 simple_logger.py log_once [line:28] INFO std_val_loss                  4.4560
2026-09-24 20:59:55,489 fedbase.py run [line:316] INFO Eval Time Cost:               1.4709s
2026-09-24 20:59:55,499 asyncbase.py iterate [line:68] INFO Select clients [np.int64(18), np.int64(17), np.int64(7)] at time 27.
2026-09-24 20:59:56,421 asyncbase.py iterate [line:73] INFO Receive new models from clients [14, 15] at time 27
2026-09-24 20:59:56,467 fedbase.py run [line:311] INFO --------------Round 24--------------
2026-09-24 20:59:56,467 simple_logger.py log_once [line:14] INFO Current_time:27
2026-09-24 20:59:57,931 simple_logger.py log_once [line:28] INFO test_accuracy                 0.0974
2026-09-24 20:59:57,931 simple_logger.py log_once [line:28] INFO test_loss                     2.2204
2026-09-24 20:59:57,931 simple_logger.py log_once [line:28] INFO val_accuracy                  0.0972
2026-09-24 20:59:57,931 simple_logger.py log_once [line:28] INFO mean_val_accuracy             0.0962
2026-09-24 20:59:57,931 simple_logger.py log_once [line:28] INFO std_val_accuracy              0.2801
2026-09-24 20:59:57,931 simple_logger.py log_once [line:28] INFO val_loss                      2.2214
2026-09-24 20:59:57,931 simple_logger.py log_once [line:28] INFO mean_val_loss                 2.2228
2026-09-24 20:59:57,931 simple_logger.py log_once [line:28] INFO std_val_loss                  0.3912
2026-09-24 20:59:57,931 fedbase.py run [line:316] INFO Eval Time Cost:               1.4644s
2026-09-24 20:59:57,940 asyncbase.py iterate [line:68] INFO Select clients [np.int64(8), np.int64(9), np.int64(4)] at time 28.
2026-09-24 20:59:58,855 asyncbase.py iterate [line:73] INFO Receive new models from clients [17, 18, 4] at time 28
2026-09-24 20:59:58,917 fedbase.py run [line:311] INFO --------------Round 25--------------
2026-09-24 20:59:58,917 simple_logger.py log_once [line:14] INFO Current_time:28
2026-09-24 21:00:00,461 simple_logger.py log_once [line:28] INFO test_accuracy                 0.0974
2026-09-24 21:00:00,461 simple_logger.py log_once [line:28] INFO test_loss                     2.3160
2026-09-24 21:00:00,461 simple_logger.py log_once [line:28] INFO val_accuracy                  0.0973
2026-09-24 21:00:00,461 simple_logger.py log_once [line:28] INFO mean_val_accuracy             0.0964
2026-09-24 21:00:00,461 simple_logger.py log_once [line:28] INFO std_val_accuracy              0.2801
2026-09-24 21:00:00,461 simple_logger.py log_once [line:28] INFO val_loss                      2.3197
2026-09-24 21:00:00,461 simple_logger.py log_once [line:28] INFO mean_val_loss                 2.3215
2026-09-24 21:00:00,461 simple_logger.py log_once [line:28] INFO std_val_loss                  0.6184
2026-09-24 21:00:00,461 fedbase.py run [line:316] INFO Eval Time Cost:               1.5446s
2026-09-24 21:00:00,470 asyncbase.py iterate [line:68] INFO Select clients [np.int64(0), np.int64(12)] at time 29.
2026-09-24 21:00:01,085 asyncbase.py iterate [line:73] INFO Receive new models from clients [7, 0] at time 29
2026-09-24 21:00:01,135 fedbase.py run [line:311] INFO --------------Round 26--------------
2026-09-24 21:00:01,135 simple_logger.py log_once [line:14] INFO Current_time:29
2026-09-24 21:00:02,615 simple_logger.py log_once [line:28] INFO test_accuracy                 0.2133
2026-09-24 21:00:02,615 simple_logger.py log_once [line:28] INFO test_loss                     2.7207
2026-09-24 21:00:02,615 simple_logger.py log_once [line:28] INFO val_accuracy                  0.2052
2026-09-24 21:00:02,615 simple_logger.py log_once [line:28] INFO mean_val_accuracy             0.2055
2026-09-24 21:00:02,615 simple_logger.py log_once [line:28] INFO std_val_accuracy              0.3701
2026-09-24 21:00:02,615 simple_logger.py log_once [line:28] INFO val_loss                      2.7378
2026-09-24 21:00:02,615 simple_logger.py log_once [line:28] INFO mean_val_loss                 2.7378
2026-09-24 21:00:02,615 simple_logger.py log_once [line:28] INFO std_val_loss                  1.3711
2026-09-24 21:00:02,615 fedbase.py run [line:316] INFO Eval Time Cost:               1.4798s
2026-09-24 21:00:02,625 asyncbase.py iterate [line:68] INFO Select clients [np.int64(11), np.int64(7), np.int64(5)] at time 30.
2026-09-24 21:00:03,532 asyncbase.py iterate [line:73] INFO Receive new models from clients [12, 9, 7] at time 30
2026-09-24 21:00:03,588 fedbase.py run [line:311] INFO --------------Round 27--------------
2026-09-24 21:00:03,588 simple_logger.py log_once [line:14] INFO Current_time:30
2026-09-24 21:00:05,054 simple_logger.py log_once [line:28] INFO test_accuracy                 0.3398
2026-09-24 21:00:05,054 simple_logger.py log_once [line:28] INFO test_loss                     2.3116
2026-09-24 21:00:05,054 simple_logger.py log_once [line:28] INFO val_accuracy                  0.3363
2026-09-24 21:00:05,054 simple_logger.py log_once [line:28] INFO mean_val_accuracy             0.3358
2026-09-24 21:00:05,054 simple_logger.py log_once [line:28] INFO std_val_accuracy              0.3668
2026-09-24 21:00:05,054 simple_logger.py log_once [line:28] INFO val_loss                      2.2902
2026-09-24 21:00:05,054 simple_logger.py log_once [line:28] INFO mean_val_loss                 2.2902
2026-09-24 21:00:05,054 simple_logger.py log_once [line:28] INFO std_val_loss                  1.7570
2026-09-24 21:00:05,054 fedbase.py run [line:316] INFO Eval Time Cost:               1.4656s
2026-09-24 21:00:05,064 asyncbase.py iterate [line:68] INFO Select clients [np.int64(10), np.int64(4), np.int64(3)] at time 31.
2026-09-24 21:00:05,992 asyncbase.py iterate [line:73] INFO Receive new models from clients [11, 5, 3, 10] at time 31
2026-09-24 21:00:06,062 fedbase.py run [line:311] INFO --------------Round 28--------------
2026-09-24 21:00:06,062 simple_logger.py log_once [line:14] INFO Current_time:31
2026-09-24 21:00:07,530 simple_logger.py log_once [line:28] INFO test_accuracy                 0.3413
2026-09-24 21:00:07,530 simple_logger.py log_once [line:28] INFO test_loss                     2.8549
2026-09-24 21:00:07,530 simple_logger.py log_once [line:28] INFO val_accuracy                  0.3396
2026-09-24 21:00:07,530 simple_logger.py log_once [line:28] INFO mean_val_accuracy             0.3397
2026-09-24 21:00:07,530 simple_logger.py log_once [line:28] INFO std_val_accuracy              0.3945
2026-09-24 21:00:07,530 simple_logger.py log_once [line:28] INFO val_loss                      2.8328
2026-09-24 21:00:07,530 simple_logger.py log_once [line:28] INFO mean_val_loss                 2.8278
2026-09-24 21:00:07,530 simple_logger.py log_once [line:28] INFO std_val_loss                  2.2688
2026-09-24 21:00:07,530 fedbase.py run [line:316] INFO Eval Time Cost:               1.4687s
2026-09-24 21:00:07,540 asyncbase.py iterate [line:68] INFO Select clients [np.int64(16), np.int64(11), np.int64(13), np.int64(6)] at time 32.
2026-09-24 21:00:08,784 asyncbase.py iterate [line:73] INFO Receive new models from clients [6] at time 32
2026-09-24 21:00:08,813 fedbase.py run [line:311] INFO --------------Round 29--------------
2026-09-24 21:00:08,813 simple_logger.py log_once [line:14] INFO Current_time:32
2026-09-24 21:00:10,269 simple_logger.py log_once [line:28] INFO test_accuracy                 0.2725
2026-09-24 21:00:10,269 simple_logger.py log_once [line:28] INFO test_loss                     2.5993
2026-09-24 21:00:10,269 simple_logger.py log_once [line:28] INFO val_accuracy                  0.2741
2026-09-24 21:00:10,269 simple_logger.py log_once [line:28] INFO mean_val_accuracy             0.2739
2026-09-24 21:00:10,269 simple_logger.py log_once [line:28] INFO std_val_accuracy              0.3984
2026-09-24 21:00:10,269 simple_logger.py log_once [line:28] INFO val_loss                      2.5936
2026-09-24 21:00:10,269 simple_logger.py log_once [line:28] INFO mean_val_loss                 2.5984
2026-09-24 21:00:10,269 simple_logger.py log_once [line:28] INFO std_val_loss                  1.6044
2026-09-24 21:00:10,269 fedbase.py run [line:316] INFO Eval Time Cost:               1.4564s
2026-09-24 21:00:10,277 asyncbase.py iterate [line:68] INFO Select clients [np.int64(19)] at time 33.
2026-09-24 21:00:10,583 asyncbase.py iterate [line:73] INFO Receive new models from clients [8, 4] at time 33
2026-09-24 21:00:10,626 fedbase.py run [line:311] INFO --------------Round 30--------------
2026-09-24 21:00:10,626 simple_logger.py log_once [line:14] INFO Current_time:33
2026-09-24 21:00:12,091 simple_logger.py log_once [line:28] INFO test_accuracy                 0.2969
2026-09-24 21:00:12,091 simple_logger.py log_once [line:28] INFO test_loss                     3.0701
2026-09-24 21:00:12,091 simple_logger.py log_once [line:28] INFO val_accuracy                  0.2970
2026-09-24 21:00:12,091 simple_logger.py log_once [line:28] INFO mean_val_accuracy             0.2966
2026-09-24 21:00:12,091 simple_logger.py log_once [line:28] INFO std_val_accuracy              0.4245
2026-09-24 21:00:12,091 simple_logger.py log_once [line:28] INFO val_loss                      3.0577
2026-09-24 21:00:12,091 simple_logger.py log_once [line:28] INFO mean_val_loss                 3.0642
2026-09-24 21:00:12,091 simple_logger.py log_once [line:28] INFO std_val_loss                  2.1527
2026-09-24 21:00:12,092 fedbase.py run [line:316] INFO Eval Time Cost:               1.4656s
2026-09-24 21:00:12,102 asyncbase.py iterate [line:68] INFO Select clients [np.int64(8)] at time 34.
2026-09-24 21:00:12,404 asyncbase.py iterate [line:73] INFO Receive new models from clients [19, 13, 11, 16] at time 34
2026-09-24 21:00:12,472 fedbase.py run [line:311] INFO --------------Round 31--------------
2026-09-24 21:00:12,472 simple_logger.py log_once [line:14] INFO Current_time:34
2026-09-24 21:00:13,935 simple_logger.py log_once [line:28] INFO test_accuracy                 0.4267
2026-09-24 21:00:13,935 simple_logger.py log_once [line:28] INFO test_loss                     2.4341
2026-09-24 21:00:13,935 simple_logger.py log_once [line:28] INFO val_accuracy                  0.4314
2026-09-24 21:00:13,935 simple_logger.py log_once [line:28] INFO mean_val_accuracy             0.4303
2026-09-24 21:00:13,935 simple_logger.py log_once [line:28] INFO std_val_accuracy              0.4014
2026-09-24 21:00:13,935 simple_logger.py log_once [line:28] INFO val_loss                      2.4248
2026-09-24 21:00:13,935 simple_logger.py log_once [line:28] INFO mean_val_loss                 2.4278
2026-09-24 21:00:13,935 simple_logger.py log_once [line:28] INFO std_val_loss                  1.8341
2026-09-24 21:00:13,936 fedbase.py run [line:316] INFO Eval Time Cost:               1.4637s
2026-09-24 21:00:13,944 asyncbase.py iterate [line:68] INFO Select clients [np.int64(3), np.int64(10), np.int64(5), np.int64(4), np.int64(6)] at time 35.
2026-09-24 21:00:15,515 asyncbase.py iterate [line:73] INFO Receive new models from clients [5] at time 35
2026-09-24 21:00:15,541 fedbase.py run [line:311] INFO --------------Round 32--------------
2026-09-24 21:00:15,541 simple_logger.py log_once [line:14] INFO Current_time:35
2026-09-24 21:00:16,992 simple_logger.py log_once [line:28] INFO test_accuracy                 0.1177
2026-09-24 21:00:16,992 simple_logger.py log_once [line:28] INFO test_loss                     10.6002
2026-09-24 21:00:16,992 simple_logger.py log_once [line:28] INFO val_accuracy                  0.1150
2026-09-24 21:00:16,992 simple_logger.py log_once [line:28] INFO mean_val_accuracy             0.1143
2026-09-24 21:00:16,992 simple_logger.py log_once [line:28] INFO std_val_accuracy              0.2964
2026-09-24 21:00:16,992 simple_logger.py log_once [line:28] INFO val_loss                      10.5836
2026-09-24 21:00:16,992 simple_logger.py log_once [line:28] INFO mean_val_loss                 10.5900
2026-09-24 21:00:16,992 simple_logger.py log_once [line:28] INFO std_val_loss                  4.0689
2026-09-24 21:00:16,992 fedbase.py run [line:316] INFO Eval Time Cost:               1.4510s
2026-09-24 21:00:17,001 asyncbase.py iterate [line:73] INFO Receive new models from clients [8, 4, 10] at time 36
2026-09-24 21:00:17,061 fedbase.py run [line:311] INFO --------------Round 33--------------
2026-09-24 21:00:17,061 simple_logger.py log_once [line:14] INFO Current_time:36
2026-09-24 21:00:18,518 simple_logger.py log_once [line:28] INFO test_accuracy                 0.2487
2026-09-24 21:00:18,518 simple_logger.py log_once [line:28] INFO test_loss                     2.8541
2026-09-24 21:00:18,518 simple_logger.py log_once [line:28] INFO val_accuracy                  0.2496
2026-09-24 21:00:18,518 simple_logger.py log_once [line:28] INFO mean_val_accuracy             0.2493
2026-09-24 21:00:18,518 simple_logger.py log_once [line:28] INFO std_val_accuracy              0.3816
2026-09-24 21:00:18,518 simple_logger.py log_once [line:28] INFO val_loss                      2.8282
2026-09-24 21:00:18,518 simple_logger.py log_once [line:28] INFO mean_val_loss                 2.8308
2026-09-24 21:00:18,518 simple_logger.py log_once [line:28] INFO std_val_loss                  1.6175
2026-09-24 21:00:18,518 fedbase.py run [line:316] INFO Eval Time Cost:               1.4570s
2026-09-24 21:00:18,526 asyncbase.py iterate [line:68] INFO Select clients [np.int64(4), np.int64(10), np.int64(15), np.int64(5)] at time 37.
2026-09-24 21:00:19,776 asyncbase.py iterate [line:73] INFO Receive new models from clients [3, 10] at time 37
2026-09-24 21:00:19,823 fedbase.py run [line:311] INFO --------------Round 34--------------
2026-09-24 21:00:19,824 simple_logger.py log_once [line:14] INFO Current_time:37
2026-09-24 21:00:21,282 simple_logger.py log_once [line:28] INFO test_accuracy                 0.2906
2026-09-24 21:00:21,282 simple_logger.py log_once [line:28] INFO test_loss                     2.2251
2026-09-24 21:00:21,282 simple_logger.py log_once [line:28] INFO val_accuracy                  0.2901
2026-09-24 21:00:21,282 simple_logger.py log_once [line:28] INFO mean_val_accuracy             0.2893
2026-09-24 21:00:21,282 simple_logger.py log_once [line:28] INFO std_val_accuracy              0.4036
2026-09-24 21:00:21,282 simple_logger.py log_once [line:28] INFO val_loss                      2.2219
2026-09-24 21:00:21,283 simple_logger.py log_once [line:28] INFO mean_val_loss                 2.2243
2026-09-24 21:00:21,283 simple_logger.py log_once [line:28] INFO std_val_loss                  1.2210
2026-09-24 21:00:21,283 fedbase.py run [line:316] INFO Eval Time Cost:               1.4591s
2026-09-24 21:00:21,293 asyncbase.py iterate [line:68] INFO Select clients [np.int64(8), np.int64(16)] at time 38.
2026-09-24 21:00:21,941 asyncbase.py iterate [line:73] INFO Receive new models from clients [6, 16] at time 38
2026-09-24 21:00:21,988 fedbase.py run [line:311] INFO --------------Round 35--------------
2026-09-24 21:00:21,988 simple_logger.py log_once [line:14] INFO Current_time:38
2026-09-24 21:00:23,469 simple_logger.py log_once [line:28] INFO test_accuracy                 0.3295
2026-09-24 21:00:23,469 simple_logger.py log_once [line:28] INFO test_loss                     2.0922
2026-09-24 21:00:23,469 simple_logger.py log_once [line:28] INFO val_accuracy                  0.3267
2026-09-24 21:00:23,469 simple_logger.py log_once [line:28] INFO mean_val_accuracy             0.3256
2026-09-24 21:00:23,469 simple_logger.py log_once [line:28] INFO std_val_accuracy              0.4109
2026-09-24 21:00:23,469 simple_logger.py log_once [line:28] INFO val_loss                      2.0680
2026-09-24 21:00:23,469 simple_logger.py log_once [line:28] INFO mean_val_loss                 2.0722
2026-09-24 21:00:23,469 simple_logger.py log_once [line:28] INFO std_val_loss                  1.2418
2026-09-24 21:00:23,469 fedbase.py run [line:316] INFO Eval Time Cost:               1.4806s
2026-09-24 21:00:23,477 asyncbase.py iterate [line:73] INFO Receive new models from clients [4] at time 39
2026-09-24 21:00:23,505 fedbase.py run [line:311] INFO --------------Round 36--------------
2026-09-24 21:00:23,505 simple_logger.py log_once [line:14] INFO Current_time:39
2026-09-24 21:00:24,969 simple_logger.py log_once [line:28] INFO test_accuracy                 0.3495
2026-09-24 21:00:24,970 simple_logger.py log_once [line:28] INFO test_loss                     2.0623
2026-09-24 21:00:24,970 simple_logger.py log_once [line:28] INFO val_accuracy                  0.3479
2026-09-24 21:00:24,970 simple_logger.py log_once [line:28] INFO mean_val_accuracy             0.3469
2026-09-24 21:00:24,970 simple_logger.py log_once [line:28] INFO std_val_accuracy              0.4072
2026-09-24 21:00:24,970 simple_logger.py log_once [line:28] INFO val_loss                      2.0334
2026-09-24 21:00:24,970 simple_logger.py log_once [line:28] INFO mean_val_loss                 2.0373
2026-09-24 21:00:24,970 simple_logger.py log_once [line:28] INFO std_val_loss                  1.3679
2026-09-24 21:00:24,970 fedbase.py run [line:316] INFO Eval Time Cost:               1.4646s
2026-09-24 21:00:24,978 asyncbase.py iterate [line:68] INFO Select clients [np.int64(7)] at time 40.
2026-09-24 21:00:25,281 asyncbase.py iterate [line:73] INFO Receive new models from clients [5, 15] at time 40
2026-09-24 21:00:25,332 fedbase.py run [line:311] INFO --------------Round 37--------------
2026-09-24 21:00:25,332 simple_logger.py log_once [line:14] INFO Current_time:40
2026-09-24 21:00:26,793 simple_logger.py log_once [line:28] INFO test_accuracy                 0.3230
2026-09-24 21:00:26,793 simple_logger.py log_once [line:28] INFO test_loss                     2.1470
2026-09-24 21:00:26,793 simple_logger.py log_once [line:28] INFO val_accuracy                  0.3247
2026-09-24 21:00:26,793 simple_logger.py log_once [line:28] INFO mean_val_accuracy             0.3236
2026-09-24 21:00:26,794 simple_logger.py log_once [line:28] INFO std_val_accuracy              0.4166
2026-09-24 21:00:26,794 simple_logger.py log_once [line:28] INFO val_loss                      2.1193
2026-09-24 21:00:26,794 simple_logger.py log_once [line:28] INFO mean_val_loss                 2.1248
2026-09-24 21:00:26,794 simple_logger.py log_once [line:28] INFO std_val_loss                  1.4530
2026-09-24 21:00:26,794 fedbase.py run [line:316] INFO Eval Time Cost:               1.4616s
2026-09-24 21:00:26,804 asyncbase.py iterate [line:68] INFO Select clients [np.int64(16), np.int64(0), np.int64(15)] at time 41.
2026-09-24 21:00:27,727 asyncbase.py iterate [line:73] INFO Receive new models from clients [7] at time 41
2026-09-24 21:00:27,752 fedbase.py run [line:311] INFO --------------Round 38--------------
2026-09-24 21:00:27,752 simple_logger.py log_once [line:14] INFO Current_time:41
2026-09-24 21:00:29,203 simple_logger.py log_once [line:28] INFO test_accuracy                 0.1915
2026-09-24 21:00:29,204 simple_logger.py log_once [line:28] INFO test_loss                     7.6089
2026-09-24 21:00:29,204 simple_logger.py log_once [line:28] INFO val_accuracy                  0.1905
2026-09-24 21:00:29,204 simple_logger.py log_once [line:28] INFO mean_val_accuracy             0.1900
2026-09-24 21:00:29,204 simple_logger.py log_once [line:28] INFO std_val_accuracy              0.3665
2026-09-24 21:00:29,204 simple_logger.py log_once [line:28] INFO val_loss                      7.5292
2026-09-24 21:00:29,204 simple_logger.py log_once [line:28] INFO mean_val_loss                 7.5415
2026-09-24 21:00:29,204 simple_logger.py log_once [line:28] INFO std_val_loss                  4.1340
2026-09-24 21:00:29,204 fedbase.py run [line:316] INFO Eval Time Cost:               1.4520s
2026-09-24 21:00:29,215 asyncbase.py iterate [line:68] INFO Select clients [np.int64(1)] at time 42.
2026-09-24 21:00:29,526 asyncbase.py iterate [line:73] INFO Receive new models from clients [8] at time 42
2026-09-24 21:00:29,550 fedbase.py run [line:311] INFO --------------Round 39--------------
2026-09-24 21:00:29,550 simple_logger.py log_once [line:14] INFO Current_time:42
2026-09-24 21:00:31,034 simple_logger.py log_once [line:28] INFO test_accuracy                 0.0982
2026-09-24 21:00:31,034 simple_logger.py log_once [line:28] INFO test_loss                     26.5873
2026-09-24 21:00:31,034 simple_logger.py log_once [line:28] INFO val_accuracy                  0.0992
2026-09-24 21:00:31,034 simple_logger.py log_once [line:28] INFO mean_val_accuracy             0.0996
2026-09-24 21:00:31,034 simple_logger.py log_once [line:28] INFO std_val_accuracy              0.2796
2026-09-24 21:00:31,034 simple_logger.py log_once [line:28] INFO val_loss                      26.2923
2026-09-24 21:00:31,034 simple_logger.py log_once [line:28] INFO mean_val_loss                 26.3155
2026-09-24 21:00:31,034 simple_logger.py log_once [line:28] INFO std_val_loss                  13.7847
2026-09-24 21:00:31,034 fedbase.py run [line:316] INFO Eval Time Cost:               1.4842s
2026-09-24 21:00:31,044 asyncbase.py iterate [line:68] INFO Select clients [np.int64(17)] at time 43.
2026-09-24 21:00:31,356 asyncbase.py iterate [line:73] INFO Receive new models from clients [17] at time 43
2026-09-24 21:00:31,382 fedbase.py run [line:311] INFO --------------Round 40--------------
2026-09-24 21:00:31,383 simple_logger.py log_once [line:14] INFO Current_time:43
2026-09-24 21:00:32,851 simple_logger.py log_once [line:28] INFO test_accuracy                 0.2552
2026-09-24 21:00:32,851 simple_logger.py log_once [line:28] INFO test_loss                     3.2907
2026-09-24 21:00:32,851 simple_logger.py log_once [line:28] INFO val_accuracy                  0.2533
2026-09-24 21:00:32,851 simple_logger.py log_once [line:28] INFO mean_val_accuracy             0.2536
2026-09-24 21:00:32,851 simple_logger.py log_once [line:28] INFO std_val_accuracy              0.3702
2026-09-24 21:00:32,851 simple_logger.py log_once [line:28] INFO val_loss                      3.2816
2026-09-24 21:00:32,851 simple_logger.py log_once [line:28] INFO mean_val_loss                 3.2821
2026-09-24 21:00:32,851 simple_logger.py log_once [line:28] INFO std_val_loss                  1.9124
2026-09-24 21:00:32,851 fedbase.py run [line:316] INFO Eval Time Cost:               1.4686s
2026-09-24 21:00:32,861 asyncbase.py iterate [line:68] INFO Select clients [np.int64(5)] at time 44.
2026-09-24 21:00:33,167 asyncbase.py iterate [line:73] INFO Receive new models from clients [15, 0, 16] at time 44
2026-09-24 21:00:33,223 fedbase.py run [line:311] INFO --------------Round 41--------------
2026-09-24 21:00:33,223 simple_logger.py log_once [line:14] INFO Current_time:44
2026-09-24 21:00:34,687 simple_logger.py log_once [line:28] INFO test_accuracy                 0.2556
2026-09-24 21:00:34,687 simple_logger.py log_once [line:28] INFO test_loss                     3.3045
2026-09-24 21:00:34,687 simple_logger.py log_once [line:28] INFO val_accuracy                  0.2543
2026-09-24 21:00:34,687 simple_logger.py log_once [line:28] INFO mean_val_accuracy             0.2546
2026-09-24 21:00:34,687 simple_logger.py log_once [line:28] INFO std_val_accuracy              0.3717
2026-09-24 21:00:34,687 simple_logger.py log_once [line:28] INFO val_loss                      3.2989
2026-09-24 21:00:34,687 simple_logger.py log_once [line:28] INFO mean_val_loss                 3.2991
2026-09-24 21:00:34,687 simple_logger.py log_once [line:28] INFO std_val_loss                  1.9347
2026-09-24 21:00:34,688 fedbase.py run [line:316] INFO Eval Time Cost:               1.4645s
2026-09-24 21:00:34,698 asyncbase.py iterate [line:68] INFO Select clients [np.int64(6), np.int64(18), np.int64(14)] at time 45.
2026-09-24 21:00:35,630 asyncbase.py iterate [line:73] INFO Receive new models from clients [1] at time 45
2026-09-24 21:00:35,656 fedbase.py run [line:311] INFO --------------Round 42--------------
2026-09-24 21:00:35,656 simple_logger.py log_once [line:14] INFO Current_time:45
2026-09-24 21:00:37,134 simple_logger.py log_once [line:28] INFO test_accuracy                 0.2209
2026-09-24 21:00:37,134 simple_logger.py log_once [line:28] INFO test_loss                     6.4222
2026-09-24 21:00:37,134 simple_logger.py log_once [line:28] INFO val_accuracy                  0.2191
2026-09-24 21:00:37,134 simple_logger.py log_once [line:28] INFO mean_val_accuracy             0.2195
2026-09-24 21:00:37,134 simple_logger.py log_once [line:28] INFO std_val_accuracy              0.3395
2026-09-24 21:00:37,134 simple_logger.py log_once [line:28] INFO val_loss                      6.4395
2026-09-24 21:00:37,134 simple_logger.py log_once [line:28] INFO mean_val_loss                 6.4351
2026-09-24 21:00:37,134 simple_logger.py log_once [line:28] INFO std_val_loss                  4.3958
2026-09-24 21:00:37,134 fedbase.py run [line:316] INFO Eval Time Cost:               1.4783s
2026-09-24 21:00:37,144 asyncbase.py iterate [line:68] INFO Select clients [np.int64(17), np.int64(3)] at time 46.
2026-09-24 21:00:37,759 asyncbase.py iterate [line:73] INFO Receive new models from clients [18, 3, 17] at time 46
2026-09-24 21:00:37,817 fedbase.py run [line:311] INFO --------------Round 43--------------
2026-09-24 21:00:37,817 simple_logger.py log_once [line:14] INFO Current_time:46
2026-09-24 21:00:39,285 simple_logger.py log_once [line:28] INFO test_accuracy                 0.1069
2026-09-24 21:00:39,285 simple_logger.py log_once [line:28] INFO test_loss                     2.3049
2026-09-24 21:00:39,285 simple_logger.py log_once [line:28] INFO val_accuracy                  0.1091
2026-09-24 21:00:39,285 simple_logger.py log_once [line:28] INFO mean_val_accuracy             0.1089
2026-09-24 21:00:39,285 simple_logger.py log_once [line:28] INFO std_val_accuracy              0.2725
2026-09-24 21:00:39,285 simple_logger.py log_once [line:28] INFO val_loss                      2.3056
2026-09-24 21:00:39,285 simple_logger.py log_once [line:28] INFO mean_val_loss                 2.3066
2026-09-24 21:00:39,285 simple_logger.py log_once [line:28] INFO std_val_loss                  0.5523
2026-09-24 21:00:39,285 fedbase.py run [line:316] INFO Eval Time Cost:               1.4685s
2026-09-24 21:00:39,295 asyncbase.py iterate [line:68] INFO Select clients [np.int64(9), np.int64(16)] at time 47.
2026-09-24 21:00:39,908 asyncbase.py iterate [line:73] INFO Receive new models from clients [5, 14, 9] at time 47
2026-09-24 21:00:39,965 fedbase.py run [line:311] INFO --------------Round 44--------------
2026-09-24 21:00:39,966 simple_logger.py log_once [line:14] INFO Current_time:47
2026-09-24 21:00:41,436 simple_logger.py log_once [line:28] INFO test_accuracy                 0.1253
2026-09-24 21:00:41,436 simple_logger.py log_once [line:28] INFO test_loss                     2.4735
2026-09-24 21:00:41,436 simple_logger.py log_once [line:28] INFO val_accuracy                  0.1202
2026-09-24 21:00:41,436 simple_logger.py log_once [line:28] INFO mean_val_accuracy             0.1194
2026-09-24 21:00:41,436 simple_logger.py log_once [line:28] INFO std_val_accuracy              0.2950
2026-09-24 21:00:41,436 simple_logger.py log_once [line:28] INFO val_loss                      2.4777
2026-09-24 21:00:41,436 simple_logger.py log_once [line:28] INFO mean_val_loss                 2.4799
2026-09-24 21:00:41,436 simple_logger.py log_once [line:28] INFO std_val_loss                  0.7135
2026-09-24 21:00:41,436 fedbase.py run [line:316] INFO Eval Time Cost:               1.4703s
2026-09-24 21:00:41,446 asyncbase.py iterate [line:68] INFO Select clients [np.int64(17), np.int64(19), np.int64(14), np.int64(4)] at time 48.
2026-09-24 21:00:42,684 asyncbase.py iterate [line:73] INFO Receive new models from clients [6] at time 48
2026-09-24 21:00:42,710 fedbase.py run [line:311] INFO --------------Round 45--------------
2026-09-24 21:00:42,710 simple_logger.py log_once [line:14] INFO Current_time:48
2026-09-24 21:00:44,177 simple_logger.py log_once [line:28] INFO test_accuracy                 0.2292
2026-09-24 21:00:44,177 simple_logger.py log_once [line:28] INFO test_loss                     2.4616
2026-09-24 21:00:44,177 simple_logger.py log_once [line:28] INFO val_accuracy                  0.2228
2026-09-24 21:00:44,177 simple_logger.py log_once [line:28] INFO mean_val_accuracy             0.2221
2026-09-24 21:00:44,177 simple_logger.py log_once [line:28] INFO std_val_accuracy              0.3411
2026-09-24 21:00:44,177 simple_logger.py log_once [line:28] INFO val_loss                      2.4465
2026-09-24 21:00:44,177 simple_logger.py log_once [line:28] INFO mean_val_loss                 2.4484
2026-09-24 21:00:44,177 simple_logger.py log_once [line:28] INFO std_val_loss                  1.0010
2026-09-24 21:00:44,177 fedbase.py run [line:316] INFO Eval Time Cost:               1.4673s
2026-09-24 21:00:44,187 asyncbase.py iterate [line:68] INFO Select clients [np.int64(13)] at time 49.
2026-09-24 21:00:44,496 asyncbase.py iterate [line:73] INFO Receive new models from clients [16, 19, 17, 14] at time 49
2026-09-24 21:00:44,567 fedbase.py run [line:311] INFO --------------Round 46--------------
2026-09-24 21:00:44,567 simple_logger.py log_once [line:14] INFO Current_time:49
2026-09-24 21:00:46,059 simple_logger.py log_once [line:28] INFO test_accuracy                 0.3354
2026-09-24 21:00:46,060 simple_logger.py log_once [line:28] INFO test_loss                     2.5927
2026-09-24 21:00:46,060 simple_logger.py log_once [line:28] INFO val_accuracy                  0.3350
2026-09-24 21:00:46,060 simple_logger.py log_once [line:28] INFO mean_val_accuracy             0.3351
2026-09-24 21:00:46,060 simple_logger.py log_once [line:28] INFO std_val_accuracy              0.3560
2026-09-24 21:00:46,060 simple_logger.py log_once [line:28] INFO val_loss                      2.5657
2026-09-24 21:00:46,060 simple_logger.py log_once [line:28] INFO mean_val_loss                 2.5669
2026-09-24 21:00:46,060 simple_logger.py log_once [line:28] INFO std_val_loss                  1.7111
2026-09-24 21:00:46,060 fedbase.py run [line:316] INFO Eval Time Cost:               1.4925s
2026-09-24 21:00:46,068 asyncbase.py iterate [line:68] INFO Select clients [np.int64(12), np.int64(15), np.int64(14), np.int64(19)] at time 50.
2026-09-24 21:00:47,314 asyncbase.py iterate [line:73] INFO Receive new models from clients [13, 4, 14, 15] at time 51
2026-09-24 21:00:47,382 fedbase.py run [line:311] INFO --------------Round 47--------------
2026-09-24 21:00:47,382 simple_logger.py log_once [line:14] INFO Current_time:51
2026-09-24 21:00:48,859 simple_logger.py log_once [line:28] INFO test_accuracy                 0.2752
2026-09-24 21:00:48,859 simple_logger.py log_once [line:28] INFO test_loss                     5.5155
2026-09-24 21:00:48,859 simple_logger.py log_once [line:28] INFO val_accuracy                  0.2687
2026-09-24 21:00:48,859 simple_logger.py log_once [line:28] INFO mean_val_accuracy             0.2689
2026-09-24 21:00:48,859 simple_logger.py log_once [line:28] INFO std_val_accuracy              0.3699
2026-09-24 21:00:48,859 simple_logger.py log_once [line:28] INFO val_loss                      5.4464
2026-09-24 21:00:48,859 simple_logger.py log_once [line:28] INFO mean_val_loss                 5.4457
2026-09-24 21:00:48,859 simple_logger.py log_once [line:28] INFO std_val_loss                  4.8060
2026-09-24 21:00:48,859 fedbase.py run [line:316] INFO Eval Time Cost:               1.4768s
2026-09-24 21:00:48,867 asyncbase.py iterate [line:68] INFO Select clients [np.int64(9), np.int64(14), np.int64(8)] at time 52.
2026-09-24 21:00:49,788 asyncbase.py iterate [line:73] INFO Receive new models from clients [12, 8] at time 52
2026-09-24 21:00:49,843 fedbase.py run [line:311] INFO --------------Round 48--------------
2026-09-24 21:00:49,843 simple_logger.py log_once [line:14] INFO Current_time:52
2026-09-24 21:00:51,336 simple_logger.py log_once [line:28] INFO test_accuracy                 0.1135
2026-09-24 21:00:51,336 simple_logger.py log_once [line:28] INFO test_loss                     2.4807
2026-09-24 21:00:51,336 simple_logger.py log_once [line:28] INFO val_accuracy                  0.1119
2026-09-24 21:00:51,336 simple_logger.py log_once [line:28] INFO mean_val_accuracy             0.1111
2026-09-24 21:00:51,336 simple_logger.py log_once [line:28] INFO std_val_accuracy              0.2974
2026-09-24 21:00:51,336 simple_logger.py log_once [line:28] INFO val_loss                      2.4808
2026-09-24 21:00:51,336 simple_logger.py log_once [line:28] INFO mean_val_loss                 2.4822
2026-09-24 21:00:51,336 simple_logger.py log_once [line:28] INFO std_val_loss                  0.5469
2026-09-24 21:00:51,336 fedbase.py run [line:316] INFO Eval Time Cost:               1.4930s
2026-09-24 21:00:51,346 asyncbase.py iterate [line:68] INFO Select clients [np.int64(0), np.int64(7), np.int64(12)] at time 53.
2026-09-24 21:00:52,255 asyncbase.py iterate [line:73] INFO Receive new models from clients [19, 9, 7] at time 53
2026-09-24 21:00:52,313 fedbase.py run [line:311] INFO --------------Round 49--------------
2026-09-24 21:00:52,313 simple_logger.py log_once [line:14] INFO Current_time:53
2026-09-24 21:00:53,773 simple_logger.py log_once [line:28] INFO test_accuracy                 0.1135
2026-09-24 21:00:53,773 simple_logger.py log_once [line:28] INFO test_loss                     2.4789
2026-09-24 21:00:53,773 simple_logger.py log_once [line:28] INFO val_accuracy                  0.1119
2026-09-24 21:00:53,773 simple_logger.py log_once [line:28] INFO mean_val_accuracy             0.1111
2026-09-24 21:00:53,773 simple_logger.py log_once [line:28] INFO std_val_accuracy              0.2974
2026-09-24 21:00:53,773 simple_logger.py log_once [line:28] INFO val_loss                      2.4769
2026-09-24 21:00:53,773 simple_logger.py log_once [line:28] INFO mean_val_loss                 2.4783
2026-09-24 21:00:53,773 simple_logger.py log_once [line:28] INFO std_val_loss                  0.5053
2026-09-24 21:00:53,774 fedbase.py run [line:316] INFO Eval Time Cost:               1.4606s
2026-09-24 21:00:53,783 asyncbase.py iterate [line:68] INFO Select clients [np.int64(5), np.int64(3), np.int64(16)] at time 54.
2026-09-24 21:00:54,713 asyncbase.py iterate [line:73] INFO Receive new models from clients [12, 3] at time 54
2026-09-24 21:00:54,764 fedbase.py run [line:311] INFO --------------Round 50--------------
2026-09-24 21:00:54,764 simple_logger.py log_once [line:14] INFO Current_time:54
2026-09-24 21:00:56,226 simple_logger.py log_once [line:28] INFO test_accuracy                 0.2324
2026-09-24 21:00:56,226 simple_logger.py log_once [line:28] INFO test_loss                     2.2016
2026-09-24 21:00:56,226 simple_logger.py log_once [line:28] INFO val_accuracy                  0.2314
2026-09-24 21:00:56,226 simple_logger.py log_once [line:28] INFO mean_val_accuracy             0.2314
2026-09-24 21:00:56,226 simple_logger.py log_once [line:28] INFO std_val_accuracy              0.3216
2026-09-24 21:00:56,227 simple_logger.py log_once [line:28] INFO val_loss                      2.2060
2026-09-24 21:00:56,227 simple_logger.py log_once [line:28] INFO mean_val_loss                 2.2064
2026-09-24 21:00:56,227 simple_logger.py log_once [line:28] INFO std_val_loss                  0.4295
2026-09-24 21:00:56,227 fedbase.py run [line:316] INFO Eval Time Cost:               1.4630s
2026-09-24 21:00:56,235 asyncbase.py iterate [line:68] INFO Select clients [np.int64(2), np.int64(18)] at time 55.
2026-09-24 21:00:56,854 asyncbase.py iterate [line:73] INFO Receive new models from clients [0, 18] at time 55
2026-09-24 21:00:56,903 fedbase.py run [line:311] INFO --------------Round 51--------------
2026-09-24 21:00:56,903 simple_logger.py log_once [line:14] INFO Current_time:55
2026-09-24 21:00:58,374 simple_logger.py log_once [line:28] INFO test_accuracy                 0.1947
2026-09-24 21:00:58,374 simple_logger.py log_once [line:28] INFO test_loss                     2.2624
2026-09-24 21:00:58,374 simple_logger.py log_once [line:28] INFO val_accuracy                  0.1975
2026-09-24 21:00:58,374 simple_logger.py log_once [line:28] INFO mean_val_accuracy             0.1976
2026-09-24 21:00:58,374 simple_logger.py log_once [line:28] INFO std_val_accuracy              0.3278
2026-09-24 21:00:58,374 simple_logger.py log_once [line:28] INFO val_loss                      2.2857
2026-09-24 21:00:58,374 simple_logger.py log_once [line:28] INFO mean_val_loss                 2.2849
2026-09-24 21:00:58,374 simple_logger.py log_once [line:28] INFO std_val_loss                  0.9282
2026-09-24 21:00:58,374 fedbase.py run [line:316] INFO Eval Time Cost:               1.4709s
2026-09-24 21:00:58,384 asyncbase.py iterate [line:68] INFO Select clients [np.int64(10), np.int64(19)] at time 56.
2026-09-24 21:00:59,015 asyncbase.py iterate [line:73] INFO Receive new models from clients [14, 16, 5] at time 57
2026-09-24 21:00:59,079 fedbase.py run [line:311] INFO --------------Round 52--------------
2026-09-24 21:00:59,079 simple_logger.py log_once [line:14] INFO Current_time:57
2026-09-24 21:01:00,547 simple_logger.py log_once [line:28] INFO test_accuracy                 0.1135
2026-09-24 21:01:00,547 simple_logger.py log_once [line:28] INFO test_loss                     6.0475
2026-09-24 21:01:00,547 simple_logger.py log_once [line:28] INFO val_accuracy                  0.1119
2026-09-24 21:01:00,548 simple_logger.py log_once [line:28] INFO mean_val_accuracy             0.1111
2026-09-24 21:01:00,548 simple_logger.py log_once [line:28] INFO std_val_accuracy              0.2974
2026-09-24 21:01:00,548 simple_logger.py log_once [line:28] INFO val_loss                      6.0735
2026-09-24 21:01:00,548 simple_logger.py log_once [line:28] INFO mean_val_loss                 6.0785
2026-09-24 21:01:00,548 simple_logger.py log_once [line:28] INFO std_val_loss                  2.3071
2026-09-24 21:01:00,548 fedbase.py run [line:316] INFO Eval Time Cost:               1.4685s
2026-09-24 21:01:00,556 asyncbase.py iterate [line:68] INFO Select clients [np.int64(0), np.int64(5), np.int64(13)] at time 58.
2026-09-24 21:01:01,496 asyncbase.py iterate [line:73] INFO Receive new models from clients [19, 2, 5] at time 58
2026-09-24 21:01:01,556 fedbase.py run [line:311] INFO --------------Round 53--------------
2026-09-24 21:01:01,556 simple_logger.py log_once [line:14] INFO Current_time:58
2026-09-24 21:01:03,029 simple_logger.py log_once [line:28] INFO test_accuracy                 0.1721
2026-09-24 21:01:03,029 simple_logger.py log_once [line:28] INFO test_loss                     2.1522
2026-09-24 21:01:03,029 simple_logger.py log_once [line:28] INFO val_accuracy                  0.1694
2026-09-24 21:01:03,029 simple_logger.py log_once [line:28] INFO mean_val_accuracy             0.1691
2026-09-24 21:01:03,029 simple_logger.py log_once [line:28] INFO std_val_accuracy              0.2960
2026-09-24 21:01:03,029 simple_logger.py log_once [line:28] INFO val_loss                      2.1605
2026-09-24 21:01:03,029 simple_logger.py log_once [line:28] INFO mean_val_loss                 2.1616
2026-09-24 21:01:03,030 simple_logger.py log_once [line:28] INFO std_val_loss                  0.5892
2026-09-24 21:01:03,030 fedbase.py run [line:316] INFO Eval Time Cost:               1.4734s
2026-09-24 21:01:03,038 asyncbase.py iterate [line:68] INFO Select clients [np.int64(7), np.int64(6), np.int64(3)] at time 59.
2026-09-24 21:01:03,978 asyncbase.py iterate [line:73] INFO Receive new models from clients [10] at time 59
2026-09-24 21:01:04,007 fedbase.py run [line:311] INFO --------------Round 54--------------
2026-09-24 21:01:04,007 simple_logger.py log_once [line:14] INFO Current_time:59
2026-09-24 21:01:05,492 simple_logger.py log_once [line:28] INFO test_accuracy                 0.1754
2026-09-24 21:01:05,492 simple_logger.py log_once [line:28] INFO test_loss                     4.5644
2026-09-24 21:01:05,492 simple_logger.py log_once [line:28] INFO val_accuracy                  0.1774
2026-09-24 21:01:05,492 simple_logger.py log_once [line:28] INFO mean_val_accuracy             0.1774
2026-09-24 21:01:05,492 simple_logger.py log_once [line:28] INFO std_val_accuracy              0.3388
2026-09-24 21:01:05,492 simple_logger.py log_once [line:28] INFO val_loss                      4.5632
2026-09-24 21:01:05,492 simple_logger.py log_once [line:28] INFO mean_val_loss                 4.5625
2026-09-24 21:01:05,492 simple_logger.py log_once [line:28] INFO std_val_loss                  2.3494
2026-09-24 21:01:05,492 fedbase.py run [line:316] INFO Eval Time Cost:               1.4850s
2026-09-24 21:01:05,500 asyncbase.py iterate [line:73] INFO Receive new models from clients [6] at time 60
2026-09-24 21:01:05,527 fedbase.py run [line:311] INFO --------------Round 55--------------
2026-09-24 21:01:05,527 simple_logger.py log_once [line:14] INFO Current_time:60
2026-09-24 21:01:07,004 simple_logger.py log_once [line:28] INFO test_accuracy                 0.1612
2026-09-24 21:01:07,004 simple_logger.py log_once [line:28] INFO test_loss                     18.7838
2026-09-24 21:01:07,004 simple_logger.py log_once [line:28] INFO val_accuracy                  0.1604
2026-09-24 21:01:07,005 simple_logger.py log_once [line:28] INFO mean_val_accuracy             0.1603
2026-09-24 21:01:07,005 simple_logger.py log_once [line:28] INFO std_val_accuracy              0.3101
2026-09-24 21:01:07,005 simple_logger.py log_once [line:28] INFO val_loss                      18.8390
2026-09-24 21:01:07,005 simple_logger.py log_once [line:28] INFO mean_val_loss                 18.8355
2026-09-24 21:01:07,005 simple_logger.py log_once [line:28] INFO std_val_loss                  9.2145
2026-09-24 21:01:07,005 fedbase.py run [line:316] INFO Eval Time Cost:               1.4774s
2026-09-24 21:01:07,013 asyncbase.py iterate [line:68] INFO Select clients [np.int64(16), np.int64(18)] at time 61.
2026-09-24 21:01:07,644 asyncbase.py iterate [line:73] INFO Receive new models from clients [13, 7, 0, 3] at time 61
2026-09-24 21:01:07,717 fedbase.py run [line:311] INFO --------------Round 56--------------
2026-09-24 21:01:07,717 simple_logger.py log_once [line:14] INFO Current_time:61
2026-09-24 21:01:09,214 simple_logger.py log_once [line:28] INFO test_accuracy                 0.1479
2026-09-24 21:01:09,214 simple_logger.py log_once [line:28] INFO test_loss                     28.6568
2026-09-24 21:01:09,214 simple_logger.py log_once [line:28] INFO val_accuracy                  0.1460
2026-09-24 21:01:09,214 simple_logger.py log_once [line:28] INFO mean_val_accuracy             0.1459
2026-09-24 21:01:09,214 simple_logger.py log_once [line:28] INFO std_val_accuracy              0.2876
2026-09-24 21:01:09,214 simple_logger.py log_once [line:28] INFO val_loss                      28.7555
2026-09-24 21:01:09,214 simple_logger.py log_once [line:28] INFO mean_val_loss                 28.7558
2026-09-24 21:01:09,214 simple_logger.py log_once [line:28] INFO std_val_loss                  13.1003
2026-09-24 21:01:09,214 fedbase.py run [line:316] INFO Eval Time Cost:               1.4967s
2026-09-24 21:01:09,224 asyncbase.py iterate [line:68] INFO Select clients [np.int64(9), np.int64(10), np.int64(7), np.int64(11)] at time 62.
2026-09-24 21:01:10,461 asyncbase.py iterate [line:73] INFO Receive new models from clients [7] at time 62
2026-09-24 21:01:10,486 fedbase.py run [line:311] INFO --------------Round 57--------------
2026-09-24 21:01:10,486 simple_logger.py log_once [line:14] INFO Current_time:62
2026-09-24 21:01:11,963 simple_logger.py log_once [line:28] INFO test_accuracy                 0.1803
2026-09-24 21:01:11,963 simple_logger.py log_once [line:28] INFO test_loss                     6.8747
2026-09-24 21:01:11,963 simple_logger.py log_once [line:28] INFO val_accuracy                  0.1797
2026-09-24 21:01:11,963 simple_logger.py log_once [line:28] INFO mean_val_accuracy             0.1793
2026-09-24 21:01:11,963 simple_logger.py log_once [line:28] INFO std_val_accuracy              0.3457
2026-09-24 21:01:11,963 simple_logger.py log_once [line:28] INFO val_loss                      6.8680
2026-09-24 21:01:11,963 simple_logger.py log_once [line:28] INFO mean_val_loss                 6.8704
2026-09-24 21:01:11,963 simple_logger.py log_once [line:28] INFO std_val_loss                  3.4451
2026-09-24 21:01:11,963 fedbase.py run [line:316] INFO Eval Time Cost:               1.4776s
2026-09-24 21:01:11,973 asyncbase.py iterate [line:68] INFO Select clients [np.int64(1)] at time 63.
2026-09-24 21:01:12,282 asyncbase.py iterate [line:73] INFO Receive new models from clients [10] at time 63
2026-09-24 21:01:12,309 fedbase.py run [line:311] INFO --------------Round 58--------------
2026-09-24 21:01:12,309 simple_logger.py log_once [line:14] INFO Current_time:63
2026-09-24 21:01:13,771 simple_logger.py log_once [line:28] INFO test_accuracy                 0.1850
2026-09-24 21:01:13,772 simple_logger.py log_once [line:28] INFO test_loss                     7.6813
2026-09-24 21:01:13,772 simple_logger.py log_once [line:28] INFO val_accuracy                  0.1855
2026-09-24 21:01:13,772 simple_logger.py log_once [line:28] INFO mean_val_accuracy             0.1851
2026-09-24 21:01:13,772 simple_logger.py log_once [line:28] INFO std_val_accuracy              0.3563
2026-09-24 21:01:13,772 simple_logger.py log_once [line:28] INFO val_loss                      7.6563
2026-09-24 21:01:13,772 simple_logger.py log_once [line:28] INFO mean_val_loss                 7.6595
2026-09-24 21:01:13,772 simple_logger.py log_once [line:28] INFO std_val_loss                  3.7747
2026-09-24 21:01:13,772 fedbase.py run [line:316] INFO Eval Time Cost:               1.4632s
2026-09-24 21:01:13,781 asyncbase.py iterate [line:68] INFO Select clients [np.int64(19)] at time 64.
2026-09-24 21:01:14,091 asyncbase.py iterate [line:73] INFO Receive new models from clients [18, 16, 1] at time 64
2026-09-24 21:01:14,150 fedbase.py run [line:311] INFO --------------Round 59--------------
2026-09-24 21:01:14,150 simple_logger.py log_once [line:14] INFO Current_time:64
2026-09-24 21:01:15,654 simple_logger.py log_once [line:28] INFO test_accuracy                 0.0958
2026-09-24 21:01:15,654 simple_logger.py log_once [line:28] INFO test_loss                     2.8067
2026-09-24 21:01:15,654 simple_logger.py log_once [line:28] INFO val_accuracy                  0.0981
2026-09-24 21:01:15,654 simple_logger.py log_once [line:28] INFO mean_val_accuracy             0.0983
2026-09-24 21:01:15,654 simple_logger.py log_once [line:28] INFO std_val_accuracy              0.2826
2026-09-24 21:01:15,654 simple_logger.py log_once [line:28] INFO val_loss                      2.7818
2026-09-24 21:01:15,654 simple_logger.py log_once [line:28] INFO mean_val_loss                 2.7853
2026-09-24 21:01:15,654 simple_logger.py log_once [line:28] INFO std_val_loss                  1.1053
2026-09-24 21:01:15,655 fedbase.py run [line:316] INFO Eval Time Cost:               1.5045s
2026-09-24 21:01:15,664 asyncbase.py iterate [line:68] INFO Select clients [np.int64(7), np.int64(0), np.int64(8)] at time 65.
2026-09-24 21:01:16,599 asyncbase.py iterate [line:73] INFO Receive new models from clients [11, 8] at time 65
2026-09-24 21:01:16,647 fedbase.py run [line:311] INFO --------------Round 60--------------
2026-09-24 21:01:16,648 simple_logger.py log_once [line:14] INFO Current_time:65
2026-09-24 21:01:18,115 simple_logger.py log_once [line:28] INFO test_accuracy                 0.1582
2026-09-24 21:01:18,115 simple_logger.py log_once [line:28] INFO test_loss                     3.2779
2026-09-24 21:01:18,115 simple_logger.py log_once [line:28] INFO val_accuracy                  0.1658
2026-09-24 21:01:18,115 simple_logger.py log_once [line:28] INFO mean_val_accuracy             0.1670
2026-09-24 21:01:18,115 simple_logger.py log_once [line:28] INFO std_val_accuracy              0.3043
2026-09-24 21:01:18,115 simple_logger.py log_once [line:28] INFO val_loss                      3.2646
2026-09-24 21:01:18,115 simple_logger.py log_once [line:28] INFO mean_val_loss                 3.2602
2026-09-24 21:01:18,115 simple_logger.py log_once [line:28] INFO std_val_loss                  2.1125
2026-09-24 21:01:18,115 fedbase.py run [line:316] INFO Eval Time Cost:               1.4675s
2026-09-24 21:01:18,124 asyncbase.py iterate [line:68] INFO Select clients [np.int64(14), np.int64(16)] at time 66.
2026-09-24 21:01:18,769 asyncbase.py iterate [line:73] INFO Receive new models from clients [16, 9] at time 67
2026-09-24 21:01:18,819 fedbase.py run [line:311] INFO --------------Round 61--------------
2026-09-24 21:01:18,819 simple_logger.py log_once [line:14] INFO Current_time:67
2026-09-24 21:01:20,282 simple_logger.py log_once [line:28] INFO test_accuracy                 0.1135
2026-09-24 21:01:20,282 simple_logger.py log_once [line:28] INFO test_loss                     4719.9406
2026-09-24 21:01:20,282 simple_logger.py log_once [line:28] INFO val_accuracy                  0.1119
2026-09-24 21:01:20,282 simple_logger.py log_once [line:28] INFO mean_val_accuracy             0.1111
2026-09-24 21:01:20,282 simple_logger.py log_once [line:28] INFO std_val_accuracy              0.2974
2026-09-24 21:01:20,282 simple_logger.py log_once [line:28] INFO val_loss                      4729.2800
2026-09-24 21:01:20,282 simple_logger.py log_once [line:28] INFO mean_val_loss                 4731.9792
2026-09-24 21:01:20,282 simple_logger.py log_once [line:28] INFO std_val_loss                  1746.9715
2026-09-24 21:01:20,282 fedbase.py run [line:316] INFO Eval Time Cost:               1.4633s
2026-09-24 21:01:20,291 asyncbase.py iterate [line:68] INFO Select clients [np.int64(17), np.int64(9)] at time 68.
2026-09-24 21:01:20,906 asyncbase.py iterate [line:73] INFO Receive new models from clients [7, 14, 0] at time 68
2026-09-24 21:01:20,968 fedbase.py run [line:311] INFO --------------Round 62--------------
2026-09-24 21:01:20,968 simple_logger.py log_once [line:14] INFO Current_time:68
2026-09-24 21:01:22,446 simple_logger.py log_once [line:28] INFO test_accuracy                 0.1135
2026-09-24 21:01:22,446 simple_logger.py log_once [line:28] INFO test_loss                     4853.0798
2026-09-24 21:01:22,446 simple_logger.py log_once [line:28] INFO val_accuracy                  0.1119
2026-09-24 21:01:22,446 simple_logger.py log_once [line:28] INFO mean_val_accuracy             0.1111
2026-09-24 21:01:22,446 simple_logger.py log_once [line:28] INFO std_val_accuracy              0.2974
2026-09-24 21:01:22,446 simple_logger.py log_once [line:28] INFO val_loss                      4863.1164
2026-09-24 21:01:22,446 simple_logger.py log_once [line:28] INFO mean_val_loss                 4865.9776
2026-09-24 21:01:22,446 simple_logger.py log_once [line:28] INFO std_val_loss                  1784.3113
2026-09-24 21:01:22,446 fedbase.py run [line:316] INFO Eval Time Cost:               1.4781s
2026-09-24 21:01:22,456 asyncbase.py iterate [line:68] INFO Select clients [np.int64(1), np.int64(12), np.int64(5)] at time 69.
2026-09-24 21:01:23,381 asyncbase.py iterate [line:73] INFO Receive new models from clients [17, 19] at time 69
2026-09-24 21:01:23,415 fedbase.py run [line:311] INFO --------------Round 63--------------
2026-09-24 21:01:23,415 simple_logger.py log_once [line:14] INFO Current_time:69
2026-09-24 21:01:24,883 simple_logger.py log_once [line:28] INFO test_accuracy                 0.1135
2026-09-24 21:01:24,883 simple_logger.py log_once [line:28] INFO test_loss                     5057.7987
2026-09-24 21:01:24,883 simple_logger.py log_once [line:28] INFO val_accuracy                  0.1119
2026-09-24 21:01:24,883 simple_logger.py log_once [line:28] INFO mean_val_accuracy             0.1111
2026-09-24 21:01:24,883 simple_logger.py log_once [line:28] INFO std_val_accuracy              0.2974
2026-09-24 21:01:24,883 simple_logger.py log_once [line:28] INFO val_loss                      5068.1845
2026-09-24 21:01:24,883 simple_logger.py log_once [line:28] INFO mean_val_loss                 5071.1206
2026-09-24 21:01:24,884 simple_logger.py log_once [line:28] INFO std_val_loss                  1869.6740
2026-09-24 21:01:24,884 fedbase.py run [line:316] INFO Eval Time Cost:               1.4690s
2026-09-24 21:01:24,893 asyncbase.py iterate [line:68] INFO Select clients [np.int64(4), np.int64(11)] at time 70.
2026-09-24 21:01:25,512 asyncbase.py iterate [line:73] INFO Receive new models from clients [9, 11, 4] at time 70
2026-09-24 21:01:25,542 asyncbase.py iterate [line:68] INFO Select clients [np.int64(3), np.int64(15), np.int64(6)] at time 71.
2026-09-24 21:01:26,470 asyncbase.py iterate [line:73] INFO Receive new models from clients [1, 12, 5, 3] at time 71
2026-09-24 21:01:26,532 fedbase.py run [line:311] INFO --------------Round 64--------------
2026-09-24 21:01:26,532 simple_logger.py log_once [line:14] INFO Current_time:71
2026-09-24 21:01:28,011 simple_logger.py log_once [line:28] INFO test_accuracy                 0.1135
2026-09-24 21:01:28,011 simple_logger.py log_once [line:28] INFO test_loss                     5057.7986
2026-09-24 21:01:28,011 simple_logger.py log_once [line:28] INFO val_accuracy                  0.1119
2026-09-24 21:01:28,011 simple_logger.py log_once [line:28] INFO mean_val_accuracy             0.1111
2026-09-24 21:01:28,011 simple_logger.py log_once [line:28] INFO std_val_accuracy              0.2974
2026-09-24 21:01:28,011 simple_logger.py log_once [line:28] INFO val_loss                      5068.1848
2026-09-24 21:01:28,011 simple_logger.py log_once [line:28] INFO mean_val_loss                 5071.1209
2026-09-24 21:01:28,011 simple_logger.py log_once [line:28] INFO std_val_loss                  1869.6741
2026-09-24 21:01:28,011 fedbase.py run [line:316] INFO Eval Time Cost:               1.4796s
2026-09-24 21:01:28,021 asyncbase.py iterate [line:68] INFO Select clients [np.int64(18), np.int64(12), np.int64(19), np.int64(8)] at time 72.
2026-09-24 21:01:29,245 asyncbase.py iterate [line:73] INFO Receive new models from clients [6, 15] at time 72
2026-09-24 21:01:29,278 fedbase.py run [line:311] INFO --------------Round 65--------------
2026-09-24 21:01:29,279 simple_logger.py log_once [line:14] INFO Current_time:72
2026-09-24 21:01:30,763 simple_logger.py log_once [line:28] INFO test_accuracy                 0.0974
2026-09-24 21:01:30,763 simple_logger.py log_once [line:28] INFO test_loss                     1665.2988
2026-09-24 21:01:30,763 simple_logger.py log_once [line:28] INFO val_accuracy                  0.0972
2026-09-24 21:01:30,763 simple_logger.py log_once [line:28] INFO mean_val_accuracy             0.0962
2026-09-24 21:01:30,763 simple_logger.py log_once [line:28] INFO std_val_accuracy              0.2801
2026-09-24 21:01:30,763 simple_logger.py log_once [line:28] INFO val_loss                      1640.4704
2026-09-24 21:01:30,763 simple_logger.py log_once [line:28] INFO mean_val_loss                 1642.2562
2026-09-24 21:01:30,763 simple_logger.py log_once [line:28] INFO std_val_loss                  605.9033
2026-09-24 21:01:30,763 fedbase.py run [line:316] INFO Eval Time Cost:               1.4845s
2026-09-24 21:01:30,774 asyncbase.py iterate [line:68] INFO Select clients [np.int64(3), np.int64(6)] at time 73.
2026-09-24 21:01:31,401 asyncbase.py iterate [line:73] INFO Receive new models from clients [12, 3] at time 73
2026-09-24 21:01:31,424 asyncbase.py iterate [line:68] INFO Select clients [np.int64(1), np.int64(14)] at time 74.
2026-09-24 21:01:32,050 asyncbase.py iterate [line:73] INFO Receive new models from clients [18, 8, 1, 19] at time 74
2026-09-24 21:01:32,096 fedbase.py run [line:311] INFO --------------Round 66--------------
2026-09-24 21:01:32,096 simple_logger.py log_once [line:14] INFO Current_time:74
2026-09-24 21:01:33,577 simple_logger.py log_once [line:28] INFO test_accuracy                 0.0974
2026-09-24 21:01:33,577 simple_logger.py log_once [line:28] INFO test_loss                     2306.3469
2026-09-24 21:01:33,577 simple_logger.py log_once [line:28] INFO val_accuracy                  0.0972
2026-09-24 21:01:33,577 simple_logger.py log_once [line:28] INFO mean_val_accuracy             0.0962
2026-09-24 21:01:33,577 simple_logger.py log_once [line:28] INFO std_val_accuracy              0.2801
2026-09-24 21:01:33,577 simple_logger.py log_once [line:28] INFO val_loss                      2274.7404
2026-09-24 21:01:33,577 simple_logger.py log_once [line:28] INFO mean_val_loss                 2277.7422
2026-09-24 21:01:33,577 simple_logger.py log_once [line:28] INFO std_val_loss                  771.4723
2026-09-24 21:01:33,577 fedbase.py run [line:316] INFO Eval Time Cost:               1.4811s
2026-09-24 21:01:33,588 asyncbase.py iterate [line:68] INFO Select clients [np.int64(7), np.int64(16), np.int64(15), np.int64(11)] at time 75.
2026-09-24 21:01:34,831 asyncbase.py iterate [line:73] INFO Receive new models from clients [6, 14, 16] at time 75
2026-09-24 21:01:34,862 asyncbase.py iterate [line:68] INFO Select clients [np.int64(13), np.int64(8), np.int64(1)] at time 76.
2026-09-24 21:01:35,791 asyncbase.py iterate [line:73] INFO Receive new models from clients [7] at time 77
2026-09-24 21:01:35,808 asyncbase.py iterate [line:73] INFO Receive new models from clients [15, 11] at time 78
2026-09-24 21:01:35,840 fedbase.py run [line:311] INFO --------------Round 67--------------
2026-09-24 21:01:35,840 simple_logger.py log_once [line:14] INFO Current_time:78
2026-09-24 21:01:37,314 simple_logger.py log_once [line:28] INFO test_accuracy                 0.0974
2026-09-24 21:01:37,314 simple_logger.py log_once [line:28] INFO test_loss                     2306.3469
2026-09-24 21:01:37,314 simple_logger.py log_once [line:28] INFO val_accuracy                  0.0972
2026-09-24 21:01:37,314 simple_logger.py log_once [line:28] INFO mean_val_accuracy             0.0962
2026-09-24 21:01:37,314 simple_logger.py log_once [line:28] INFO std_val_accuracy              0.2801
2026-09-24 21:01:37,314 simple_logger.py log_once [line:28] INFO val_loss                      2274.7403
2026-09-24 21:01:37,314 simple_logger.py log_once [line:28] INFO mean_val_loss                 2277.7421
2026-09-24 21:01:37,314 simple_logger.py log_once [line:28] INFO std_val_loss                  771.4723
2026-09-24 21:01:37,314 fedbase.py run [line:316] INFO Eval Time Cost:               1.4747s
2026-09-24 21:01:37,324 asyncbase.py iterate [line:68] INFO Select clients [np.int64(12), np.int64(11), np.int64(9)] at time 79.
2026-09-24 21:01:38,247 asyncbase.py iterate [line:73] INFO Receive new models from clients [13, 1, 12] at time 79
Traceback (most recent call last):
  File "E:\Federated Machine Learning\FL-Byzantine-Library\run_research.py", line 161, in <module>
    main()
    ~~~~^^
  File "E:\Federated Machine Learning\FL-Byzantine-Library\run_research.py", line 157, in main
    runner.run()
    ~~~~~~~~~~^^
  File "E:\Federated Machine Learning\FL-Byzantine-Library\easyFL\flgo\algorithm\fedbase.py", line 308, in run
    updated = self.iterate()
  File "E:\Federated Machine Learning\FL-Byzantine-Library\flgo_byzantine\research_algorithm.py", line 272, in iterate
    return super().iterate()
           ~~~~~~~~~~~~~~~^^
  File "E:\Federated Machine Learning\FL-Byzantine-Library\easyFL\flgo\algorithm\asyncbase.py", line 74, in iterate
    is_model_updated = self.package_handler(received_packages)
  File "E:\Federated Machine Learning\FL-Byzantine-Library\flgo_byzantine\research_algorithm.py", line 335, in package_handler
    raise RuntimeError("aggregate would diverge: non-finite or weight magnitude exceeds 1000")
RuntimeError: aggregate would diverge: non-finite or weight magnitude exceeds 1000
