E:\fl-experiment\.venv\Lib\site-packages\torch\cuda\__init__.py:61: FutureWarning: The pynvml package is deprecated. Please install nvidia-ml-py instead. If you did not install pynvml directly, please report this to the maintainers of the package that installed pynvml for you.
  import pynvml  # type: ignore[import]
2026-09-24 20:14:53,292 fflow.py init [line:848] INFO PROCESS ID:	39400
2026-09-24 20:14:53,292 fflow.py init [line:849] INFO Initializing devices: cuda:0 will be used for this running.
2026-09-24 20:14:53,292 fflow.py init [line:852] INFO BENCHMARK:	flgo.benchmark.mnist_classification
2026-09-24 20:14:53,292 fflow.py init [line:853] INFO TASK:			E:\Federated Machine Learning\FL-Byzantine-Library\mnist_dir20
2026-09-24 20:14:53,293 fflow.py init [line:854] INFO MODEL:		flgo.benchmark.mnist_classification.model.cnn
2026-09-24 20:14:53,293 fflow.py init [line:855] INFO ALGORITHM:	research_algorithm
2026-09-24 20:14:54,279 fflow.py init [line:901] INFO SCENE:		horizontal FL with 1 <class 'flgo_byzantine.research_algorithm.Server'>, 20 <class 'flgo_byzantine.research_algorithm.Client'>
2026-09-24 20:14:54,363 fflow.py init [line:918] INFO SIMULATOR:	<class 'flgo.simulator.default_simulator.Simulator'>
2026-09-24 20:14:58,586 fflow.py init [line:931] INFO Ready to start.
2026-09-24 20:14:58,586 fedbase.py run [line:300] INFO --------------Initial Evaluation--------------
2026-09-24 20:14:58,586 simple_logger.py log_once [line:14] INFO Current_time:0
2026-09-24 20:15:00,139 simple_logger.py log_once [line:28] INFO test_accuracy                 0.0875
2026-09-24 20:15:00,139 simple_logger.py log_once [line:28] INFO test_loss                     2.3101
2026-09-24 20:15:00,139 simple_logger.py log_once [line:28] INFO val_accuracy                  0.0866
2026-09-24 20:15:00,139 simple_logger.py log_once [line:28] INFO mean_val_accuracy             0.0874
2026-09-24 20:15:00,139 simple_logger.py log_once [line:28] INFO std_val_accuracy              0.2312
2026-09-24 20:15:00,139 simple_logger.py log_once [line:28] INFO val_loss                      2.3109
2026-09-24 20:15:00,139 simple_logger.py log_once [line:28] INFO mean_val_loss                 2.3111
2026-09-24 20:15:00,139 simple_logger.py log_once [line:28] INFO std_val_loss                  0.0785
2026-09-24 20:15:00,140 fedbase.py run [line:303] INFO Eval Time Cost:               1.5534s
2026-09-24 20:15:00,150 asyncbase.py iterate [line:68] INFO Select clients [np.int64(7), np.int64(16), np.int64(18), np.int64(1), np.int64(9), np.int64(19)] at time 1.
2026-09-24 20:15:02,082 asyncbase.py iterate [line:73] INFO Receive new models from clients [16] at time 1
2026-09-24 20:15:02,120 fedbase.py run [line:311] INFO --------------Round 1--------------
2026-09-24 20:15:02,120 simple_logger.py log_once [line:14] INFO Current_time:1
2026-09-24 20:15:03,563 simple_logger.py log_once [line:28] INFO test_accuracy                 0.1817
2026-09-24 20:15:03,563 simple_logger.py log_once [line:28] INFO test_loss                     5.7211
2026-09-24 20:15:03,563 simple_logger.py log_once [line:28] INFO val_accuracy                  0.1866
2026-09-24 20:15:03,563 simple_logger.py log_once [line:28] INFO mean_val_accuracy             0.1863
2026-09-24 20:15:03,563 simple_logger.py log_once [line:28] INFO std_val_accuracy              0.3514
2026-09-24 20:15:03,563 simple_logger.py log_once [line:28] INFO val_loss                      5.6867
2026-09-24 20:15:03,563 simple_logger.py log_once [line:28] INFO mean_val_loss                 5.6900
2026-09-24 20:15:03,563 simple_logger.py log_once [line:28] INFO std_val_loss                  3.3006
2026-09-24 20:15:03,563 fedbase.py run [line:316] INFO Eval Time Cost:               1.4438s
2026-09-24 20:15:03,572 asyncbase.py iterate [line:68] INFO Select clients [np.int64(15)] at time 2.
2026-09-24 20:15:03,877 asyncbase.py iterate [line:73] INFO Receive new models from clients [7] at time 2
2026-09-24 20:15:03,903 fedbase.py run [line:311] INFO --------------Round 2--------------
2026-09-24 20:15:03,903 simple_logger.py log_once [line:14] INFO Current_time:2
2026-09-24 20:15:05,350 simple_logger.py log_once [line:28] INFO test_accuracy                 0.1690
2026-09-24 20:15:05,350 simple_logger.py log_once [line:28] INFO test_loss                     5.7434
2026-09-24 20:15:05,350 simple_logger.py log_once [line:28] INFO val_accuracy                  0.1737
2026-09-24 20:15:05,350 simple_logger.py log_once [line:28] INFO mean_val_accuracy             0.1735
2026-09-24 20:15:05,350 simple_logger.py log_once [line:28] INFO std_val_accuracy              0.2962
2026-09-24 20:15:05,350 simple_logger.py log_once [line:28] INFO val_loss                      5.7103
2026-09-24 20:15:05,350 simple_logger.py log_once [line:28] INFO mean_val_loss                 5.7196
2026-09-24 20:15:05,350 simple_logger.py log_once [line:28] INFO std_val_loss                  3.7973
2026-09-24 20:15:05,350 fedbase.py run [line:316] INFO Eval Time Cost:               1.4474s
2026-09-24 20:15:05,358 asyncbase.py iterate [line:73] INFO Receive new models from clients [1, 19, 18] at time 3
2026-09-24 20:15:05,415 fedbase.py run [line:311] INFO --------------Round 3--------------
2026-09-24 20:15:05,416 simple_logger.py log_once [line:14] INFO Current_time:3
2026-09-24 20:15:06,872 simple_logger.py log_once [line:28] INFO test_accuracy                 0.2240
2026-09-24 20:15:06,873 simple_logger.py log_once [line:28] INFO test_loss                     6.5183
2026-09-24 20:15:06,873 simple_logger.py log_once [line:28] INFO val_accuracy                  0.2312
2026-09-24 20:15:06,873 simple_logger.py log_once [line:28] INFO mean_val_accuracy             0.2315
2026-09-24 20:15:06,873 simple_logger.py log_once [line:28] INFO std_val_accuracy              0.3420
2026-09-24 20:15:06,873 simple_logger.py log_once [line:28] INFO val_loss                      6.4475
2026-09-24 20:15:06,873 simple_logger.py log_once [line:28] INFO mean_val_loss                 6.4636
2026-09-24 20:15:06,873 simple_logger.py log_once [line:28] INFO std_val_loss                  4.7421
2026-09-24 20:15:06,873 fedbase.py run [line:316] INFO Eval Time Cost:               1.4573s
2026-09-24 20:15:06,881 asyncbase.py iterate [line:68] INFO Select clients [np.int64(2), np.int64(7), np.int64(11), np.int64(12)] at time 4.
2026-09-24 20:15:08,112 asyncbase.py iterate [line:73] INFO Receive new models from clients [9, 12, 15] at time 4
2026-09-24 20:15:08,162 fedbase.py run [line:311] INFO --------------Round 4--------------
2026-09-24 20:15:08,162 simple_logger.py log_once [line:14] INFO Current_time:4
2026-09-24 20:15:09,628 simple_logger.py log_once [line:28] INFO test_accuracy                 0.0896
2026-09-24 20:15:09,628 simple_logger.py log_once [line:28] INFO test_loss                     2.8770
2026-09-24 20:15:09,628 simple_logger.py log_once [line:28] INFO val_accuracy                  0.0908
2026-09-24 20:15:09,628 simple_logger.py log_once [line:28] INFO mean_val_accuracy             0.0906
2026-09-24 20:15:09,628 simple_logger.py log_once [line:28] INFO std_val_accuracy              0.2537
2026-09-24 20:15:09,628 simple_logger.py log_once [line:28] INFO val_loss                      2.8711
2026-09-24 20:15:09,628 simple_logger.py log_once [line:28] INFO mean_val_loss                 2.8726
2026-09-24 20:15:09,628 simple_logger.py log_once [line:28] INFO std_val_loss                  1.0486
2026-09-24 20:15:09,628 fedbase.py run [line:316] INFO Eval Time Cost:               1.4661s
2026-09-24 20:15:09,636 asyncbase.py iterate [line:68] INFO Select clients [np.int64(16), np.int64(12), np.int64(0)] at time 5.
2026-09-24 20:15:10,560 asyncbase.py iterate [line:73] INFO Receive new models from clients [2, 11, 12] at time 6
2026-09-24 20:15:10,607 fedbase.py run [line:311] INFO --------------Round 5--------------
2026-09-24 20:15:10,607 simple_logger.py log_once [line:14] INFO Current_time:6
2026-09-24 20:15:12,063 simple_logger.py log_once [line:28] INFO test_accuracy                 0.1025
2026-09-24 20:15:12,063 simple_logger.py log_once [line:28] INFO test_loss                     2.3528
2026-09-24 20:15:12,063 simple_logger.py log_once [line:28] INFO val_accuracy                  0.1027
2026-09-24 20:15:12,063 simple_logger.py log_once [line:28] INFO mean_val_accuracy             0.1026
2026-09-24 20:15:12,063 simple_logger.py log_once [line:28] INFO std_val_accuracy              0.2573
2026-09-24 20:15:12,063 simple_logger.py log_once [line:28] INFO val_loss                      2.3495
2026-09-24 20:15:12,063 simple_logger.py log_once [line:28] INFO mean_val_loss                 2.3493
2026-09-24 20:15:12,063 simple_logger.py log_once [line:28] INFO std_val_loss                  0.4310
2026-09-24 20:15:12,063 fedbase.py run [line:316] INFO Eval Time Cost:               1.4562s
2026-09-24 20:15:12,073 asyncbase.py iterate [line:68] INFO Select clients [np.int64(6)] at time 7.
2026-09-24 20:15:12,376 asyncbase.py iterate [line:73] INFO Receive new models from clients [7, 16, 6] at time 7
2026-09-24 20:15:12,442 fedbase.py run [line:311] INFO --------------Round 6--------------
2026-09-24 20:15:12,442 simple_logger.py log_once [line:14] INFO Current_time:7
2026-09-24 20:15:13,923 simple_logger.py log_once [line:28] INFO test_accuracy                 0.0892
2026-09-24 20:15:13,924 simple_logger.py log_once [line:28] INFO test_loss                     2.2914
2026-09-24 20:15:13,924 simple_logger.py log_once [line:28] INFO val_accuracy                  0.0907
2026-09-24 20:15:13,924 simple_logger.py log_once [line:28] INFO mean_val_accuracy             0.0904
2026-09-24 20:15:13,924 simple_logger.py log_once [line:28] INFO std_val_accuracy              0.2536
2026-09-24 20:15:13,924 simple_logger.py log_once [line:28] INFO val_loss                      2.2895
2026-09-24 20:15:13,924 simple_logger.py log_once [line:28] INFO mean_val_loss                 2.2896
2026-09-24 20:15:13,924 simple_logger.py log_once [line:28] INFO std_val_loss                  0.1517
2026-09-24 20:15:13,924 fedbase.py run [line:316] INFO Eval Time Cost:               1.4822s
2026-09-24 20:15:13,934 asyncbase.py iterate [line:68] INFO Select clients [np.int64(1), np.int64(16), np.int64(13), np.int64(14), np.int64(19)] at time 8.
2026-09-24 20:15:15,447 asyncbase.py iterate [line:73] INFO Receive new models from clients [0] at time 8
2026-09-24 20:15:15,473 fedbase.py run [line:311] INFO --------------Round 7--------------
2026-09-24 20:15:15,473 simple_logger.py log_once [line:14] INFO Current_time:8
2026-09-24 20:15:16,929 simple_logger.py log_once [line:28] INFO test_accuracy                 0.2001
2026-09-24 20:15:16,929 simple_logger.py log_once [line:28] INFO test_loss                     2.1927
2026-09-24 20:15:16,929 simple_logger.py log_once [line:28] INFO val_accuracy                  0.2036
2026-09-24 20:15:16,929 simple_logger.py log_once [line:28] INFO mean_val_accuracy             0.2039
2026-09-24 20:15:16,929 simple_logger.py log_once [line:28] INFO std_val_accuracy              0.3745
2026-09-24 20:15:16,929 simple_logger.py log_once [line:28] INFO val_loss                      2.1939
2026-09-24 20:15:16,929 simple_logger.py log_once [line:28] INFO mean_val_loss                 2.1934
2026-09-24 20:15:16,929 simple_logger.py log_once [line:28] INFO std_val_loss                  0.2156
2026-09-24 20:15:16,930 fedbase.py run [line:316] INFO Eval Time Cost:               1.4563s
2026-09-24 20:15:16,940 asyncbase.py iterate [line:68] INFO Select clients [np.int64(7)] at time 9.
2026-09-24 20:15:17,239 asyncbase.py iterate [line:73] INFO Receive new models from clients [19, 7] at time 9
2026-09-24 20:15:17,286 fedbase.py run [line:311] INFO --------------Round 8--------------
2026-09-24 20:15:17,286 simple_logger.py log_once [line:14] INFO Current_time:9
2026-09-24 20:15:18,724 simple_logger.py log_once [line:28] INFO test_accuracy                 0.2100
2026-09-24 20:15:18,725 simple_logger.py log_once [line:28] INFO test_loss                     2.7472
2026-09-24 20:15:18,725 simple_logger.py log_once [line:28] INFO val_accuracy                  0.2098
2026-09-24 20:15:18,725 simple_logger.py log_once [line:28] INFO mean_val_accuracy             0.2101
2026-09-24 20:15:18,725 simple_logger.py log_once [line:28] INFO std_val_accuracy              0.3594
2026-09-24 20:15:18,725 simple_logger.py log_once [line:28] INFO val_loss                      2.7429
2026-09-24 20:15:18,725 simple_logger.py log_once [line:28] INFO mean_val_loss                 2.7411
2026-09-24 20:15:18,725 simple_logger.py log_once [line:28] INFO std_val_loss                  1.5697
2026-09-24 20:15:18,725 fedbase.py run [line:316] INFO Eval Time Cost:               1.4390s
2026-09-24 20:15:18,733 asyncbase.py iterate [line:68] INFO Select clients [np.int64(19), np.int64(4)] at time 10.
2026-09-24 20:15:19,338 asyncbase.py iterate [line:73] INFO Receive new models from clients [1] at time 10
2026-09-24 20:15:19,364 fedbase.py run [line:311] INFO --------------Round 9--------------
2026-09-24 20:15:19,364 simple_logger.py log_once [line:14] INFO Current_time:10
2026-09-24 20:15:20,804 simple_logger.py log_once [line:28] INFO test_accuracy                 0.1689
2026-09-24 20:15:20,804 simple_logger.py log_once [line:28] INFO test_loss                     12.4565
2026-09-24 20:15:20,804 simple_logger.py log_once [line:28] INFO val_accuracy                  0.1699
2026-09-24 20:15:20,804 simple_logger.py log_once [line:28] INFO mean_val_accuracy             0.1702
2026-09-24 20:15:20,804 simple_logger.py log_once [line:28] INFO std_val_accuracy              0.3342
2026-09-24 20:15:20,804 simple_logger.py log_once [line:28] INFO val_loss                      12.3544
2026-09-24 20:15:20,804 simple_logger.py log_once [line:28] INFO mean_val_loss                 12.3542
2026-09-24 20:15:20,804 simple_logger.py log_once [line:28] INFO std_val_loss                  6.5035
2026-09-24 20:15:20,804 fedbase.py run [line:316] INFO Eval Time Cost:               1.4402s
2026-09-24 20:15:20,812 asyncbase.py iterate [line:68] INFO Select clients [np.int64(0)] at time 11.
2026-09-24 20:15:21,107 asyncbase.py iterate [line:73] INFO Receive new models from clients [16, 14, 13] at time 11
2026-09-24 20:15:21,164 fedbase.py run [line:311] INFO --------------Round 10--------------
2026-09-24 20:15:21,164 simple_logger.py log_once [line:14] INFO Current_time:11
2026-09-24 20:15:22,623 simple_logger.py log_once [line:28] INFO test_accuracy                 0.0958
2026-09-24 20:15:22,623 simple_logger.py log_once [line:28] INFO test_loss                     32.7289
2026-09-24 20:15:22,623 simple_logger.py log_once [line:28] INFO val_accuracy                  0.0981
2026-09-24 20:15:22,623 simple_logger.py log_once [line:28] INFO mean_val_accuracy             0.0983
2026-09-24 20:15:22,624 simple_logger.py log_once [line:28] INFO std_val_accuracy              0.2826
2026-09-24 20:15:22,624 simple_logger.py log_once [line:28] INFO val_loss                      32.5284
2026-09-24 20:15:22,624 simple_logger.py log_once [line:28] INFO mean_val_loss                 32.5422
2026-09-24 20:15:22,624 simple_logger.py log_once [line:28] INFO std_val_loss                  15.0947
2026-09-24 20:15:22,624 fedbase.py run [line:316] INFO Eval Time Cost:               1.4598s
2026-09-24 20:15:22,632 asyncbase.py iterate [line:68] INFO Select clients [np.int64(3), np.int64(7), np.int64(2)] at time 12.
2026-09-24 20:15:23,531 asyncbase.py iterate [line:73] INFO Receive new models from clients [0, 2] at time 12
2026-09-24 20:15:23,578 fedbase.py run [line:311] INFO --------------Round 11--------------
2026-09-24 20:15:23,578 simple_logger.py log_once [line:14] INFO Current_time:12
2026-09-24 20:15:25,026 simple_logger.py log_once [line:28] INFO test_accuracy                 0.1028
2026-09-24 20:15:25,026 simple_logger.py log_once [line:28] INFO test_loss                     6.9112
2026-09-24 20:15:25,026 simple_logger.py log_once [line:28] INFO val_accuracy                  0.1043
2026-09-24 20:15:25,026 simple_logger.py log_once [line:28] INFO mean_val_accuracy             0.1043
2026-09-24 20:15:25,026 simple_logger.py log_once [line:28] INFO std_val_accuracy              0.2848
2026-09-24 20:15:25,026 simple_logger.py log_once [line:28] INFO val_loss                      6.9153
2026-09-24 20:15:25,026 simple_logger.py log_once [line:28] INFO mean_val_loss                 6.9129
2026-09-24 20:15:25,026 simple_logger.py log_once [line:28] INFO std_val_loss                  3.7298
2026-09-24 20:15:25,026 fedbase.py run [line:316] INFO Eval Time Cost:               1.4483s
2026-09-24 20:15:25,037 asyncbase.py iterate [line:68] INFO Select clients [np.int64(13), np.int64(12)] at time 13.
2026-09-24 20:15:25,642 asyncbase.py iterate [line:73] INFO Receive new models from clients [4, 19] at time 13
2026-09-24 20:15:25,689 fedbase.py run [line:311] INFO --------------Round 12--------------
2026-09-24 20:15:25,690 simple_logger.py log_once [line:14] INFO Current_time:13
2026-09-24 20:15:27,125 simple_logger.py log_once [line:28] INFO test_accuracy                 0.1146
2026-09-24 20:15:27,125 simple_logger.py log_once [line:28] INFO test_loss                     8.6599
2026-09-24 20:15:27,125 simple_logger.py log_once [line:28] INFO val_accuracy                  0.1213
2026-09-24 20:15:27,125 simple_logger.py log_once [line:28] INFO mean_val_accuracy             0.1212
2026-09-24 20:15:27,125 simple_logger.py log_once [line:28] INFO std_val_accuracy              0.2842
2026-09-24 20:15:27,125 simple_logger.py log_once [line:28] INFO val_loss                      8.6486
2026-09-24 20:15:27,125 simple_logger.py log_once [line:28] INFO mean_val_loss                 8.6460
2026-09-24 20:15:27,125 simple_logger.py log_once [line:28] INFO std_val_loss                  4.9129
2026-09-24 20:15:27,125 fedbase.py run [line:316] INFO Eval Time Cost:               1.4358s
2026-09-24 20:15:27,134 asyncbase.py iterate [line:68] INFO Select clients [np.int64(5), np.int64(16)] at time 14.
2026-09-24 20:15:27,733 asyncbase.py iterate [line:73] INFO Receive new models from clients [3, 12, 7] at time 14
2026-09-24 20:15:27,791 fedbase.py run [line:311] INFO --------------Round 13--------------
2026-09-24 20:15:27,791 simple_logger.py log_once [line:14] INFO Current_time:14
2026-09-24 20:15:29,238 simple_logger.py log_once [line:28] INFO test_accuracy                 0.0893
2026-09-24 20:15:29,238 simple_logger.py log_once [line:28] INFO test_loss                     2.3040
2026-09-24 20:15:29,238 simple_logger.py log_once [line:28] INFO val_accuracy                  0.0907
2026-09-24 20:15:29,238 simple_logger.py log_once [line:28] INFO mean_val_accuracy             0.0904
2026-09-24 20:15:29,238 simple_logger.py log_once [line:28] INFO std_val_accuracy              0.2536
2026-09-24 20:15:29,238 simple_logger.py log_once [line:28] INFO val_loss                      2.3045
2026-09-24 20:15:29,238 simple_logger.py log_once [line:28] INFO mean_val_loss                 2.3046
2026-09-24 20:15:29,238 simple_logger.py log_once [line:28] INFO std_val_loss                  0.1255
2026-09-24 20:15:29,238 fedbase.py run [line:316] INFO Eval Time Cost:               1.4471s
2026-09-24 20:15:29,247 asyncbase.py iterate [line:68] INFO Select clients [np.int64(17), np.int64(3)] at time 15.
2026-09-24 20:15:29,852 asyncbase.py iterate [line:73] INFO Receive new models from clients [5, 13] at time 15
2026-09-24 20:15:29,898 fedbase.py run [line:311] INFO --------------Round 14--------------
2026-09-24 20:15:29,898 simple_logger.py log_once [line:14] INFO Current_time:15
2026-09-24 20:15:31,346 simple_logger.py log_once [line:28] INFO test_accuracy                 0.1913
2026-09-24 20:15:31,346 simple_logger.py log_once [line:28] INFO test_loss                     3.4258
2026-09-24 20:15:31,346 simple_logger.py log_once [line:28] INFO val_accuracy                  0.1930
2026-09-24 20:15:31,346 simple_logger.py log_once [line:28] INFO mean_val_accuracy             0.1928
2026-09-24 20:15:31,346 simple_logger.py log_once [line:28] INFO std_val_accuracy              0.3519
2026-09-24 20:15:31,346 simple_logger.py log_once [line:28] INFO val_loss                      3.4215
2026-09-24 20:15:31,346 simple_logger.py log_once [line:28] INFO mean_val_loss                 3.4200
2026-09-24 20:15:31,346 simple_logger.py log_once [line:28] INFO std_val_loss                  2.4443
2026-09-24 20:15:31,346 fedbase.py run [line:316] INFO Eval Time Cost:               1.4478s
2026-09-24 20:15:31,356 asyncbase.py iterate [line:68] INFO Select clients [np.int64(7), np.int64(14), np.int64(12)] at time 16.
2026-09-24 20:15:32,273 asyncbase.py iterate [line:73] INFO Receive new models from clients [3] at time 16
2026-09-24 20:15:32,297 fedbase.py run [line:311] INFO --------------Round 15--------------
2026-09-24 20:15:32,297 simple_logger.py log_once [line:14] INFO Current_time:16
2026-09-24 20:15:33,747 simple_logger.py log_once [line:28] INFO test_accuracy                 0.1738
2026-09-24 20:15:33,747 simple_logger.py log_once [line:28] INFO test_loss                     7.9503
2026-09-24 20:15:33,747 simple_logger.py log_once [line:28] INFO val_accuracy                  0.1714
2026-09-24 20:15:33,747 simple_logger.py log_once [line:28] INFO mean_val_accuracy             0.1708
2026-09-24 20:15:33,747 simple_logger.py log_once [line:28] INFO std_val_accuracy              0.3134
2026-09-24 20:15:33,747 simple_logger.py log_once [line:28] INFO val_loss                      8.0515
2026-09-24 20:15:33,747 simple_logger.py log_once [line:28] INFO mean_val_loss                 8.0627
2026-09-24 20:15:33,747 simple_logger.py log_once [line:28] INFO std_val_loss                  8.8975
2026-09-24 20:15:33,747 fedbase.py run [line:316] INFO Eval Time Cost:               1.4501s
2026-09-24 20:15:33,757 asyncbase.py iterate [line:73] INFO Receive new models from clients [7, 14, 16] at time 17
2026-09-24 20:15:33,813 fedbase.py run [line:311] INFO --------------Round 16--------------
2026-09-24 20:15:33,813 simple_logger.py log_once [line:14] INFO Current_time:17
2026-09-24 20:15:35,264 simple_logger.py log_once [line:28] INFO test_accuracy                 0.1263
2026-09-24 20:15:35,265 simple_logger.py log_once [line:28] INFO test_loss                     7.4217
2026-09-24 20:15:35,265 simple_logger.py log_once [line:28] INFO val_accuracy                  0.1303
2026-09-24 20:15:35,265 simple_logger.py log_once [line:28] INFO mean_val_accuracy             0.1293
2026-09-24 20:15:35,265 simple_logger.py log_once [line:28] INFO std_val_accuracy              0.2422
2026-09-24 20:15:35,265 simple_logger.py log_once [line:28] INFO val_loss                      7.5284
2026-09-24 20:15:35,265 simple_logger.py log_once [line:28] INFO mean_val_loss                 7.5432
2026-09-24 20:15:35,265 simple_logger.py log_once [line:28] INFO std_val_loss                  9.3901
2026-09-24 20:15:35,265 fedbase.py run [line:316] INFO Eval Time Cost:               1.4516s
2026-09-24 20:15:35,275 asyncbase.py iterate [line:68] INFO Select clients [np.int64(19), np.int64(13), np.int64(2)] at time 18.
2026-09-24 20:15:36,188 asyncbase.py iterate [line:73] INFO Receive new models from clients [12, 17, 13] at time 18
2026-09-24 20:15:36,243 fedbase.py run [line:311] INFO --------------Round 17--------------
2026-09-24 20:15:36,243 simple_logger.py log_once [line:14] INFO Current_time:18
2026-09-24 20:15:37,703 simple_logger.py log_once [line:28] INFO test_accuracy                 0.1010
2026-09-24 20:15:37,703 simple_logger.py log_once [line:28] INFO test_loss                     16.5087
2026-09-24 20:15:37,703 simple_logger.py log_once [line:28] INFO val_accuracy                  0.1020
2026-09-24 20:15:37,703 simple_logger.py log_once [line:28] INFO mean_val_accuracy             0.1016
2026-09-24 20:15:37,703 simple_logger.py log_once [line:28] INFO std_val_accuracy              0.2730
2026-09-24 20:15:37,703 simple_logger.py log_once [line:28] INFO val_loss                      16.5653
2026-09-24 20:15:37,703 simple_logger.py log_once [line:28] INFO mean_val_loss                 16.5679
2026-09-24 20:15:37,703 simple_logger.py log_once [line:28] INFO std_val_loss                  8.0492
2026-09-24 20:15:37,703 fedbase.py run [line:316] INFO Eval Time Cost:               1.4597s
2026-09-24 20:15:37,713 asyncbase.py iterate [line:68] INFO Select clients [np.int64(5), np.int64(11), np.int64(9), np.int64(15)] at time 19.
2026-09-24 20:15:38,942 asyncbase.py iterate [line:73] INFO Receive new models from clients [2, 11] at time 19
2026-09-24 20:15:38,987 fedbase.py run [line:311] INFO --------------Round 18--------------
2026-09-24 20:15:38,987 simple_logger.py log_once [line:14] INFO Current_time:19
2026-09-24 20:15:40,431 simple_logger.py log_once [line:28] INFO test_accuracy                 0.1010
2026-09-24 20:15:40,431 simple_logger.py log_once [line:28] INFO test_loss                     417.9633
2026-09-24 20:15:40,431 simple_logger.py log_once [line:28] INFO val_accuracy                  0.1020
2026-09-24 20:15:40,431 simple_logger.py log_once [line:28] INFO mean_val_accuracy             0.1016
2026-09-24 20:15:40,431 simple_logger.py log_once [line:28] INFO std_val_accuracy              0.2730
2026-09-24 20:15:40,431 simple_logger.py log_once [line:28] INFO val_loss                      417.4059
2026-09-24 20:15:40,431 simple_logger.py log_once [line:28] INFO mean_val_loss                 417.2286
2026-09-24 20:15:40,431 simple_logger.py log_once [line:28] INFO std_val_loss                  197.4310
2026-09-24 20:15:40,431 fedbase.py run [line:316] INFO Eval Time Cost:               1.4443s
2026-09-24 20:15:40,440 asyncbase.py iterate [line:68] INFO Select clients [np.int64(6)] at time 20.
2026-09-24 20:15:40,739 asyncbase.py iterate [line:73] INFO Receive new models from clients [19] at time 20
2026-09-24 20:15:40,764 fedbase.py run [line:311] INFO --------------Round 19--------------
2026-09-24 20:15:40,764 simple_logger.py log_once [line:14] INFO Current_time:20
2026-09-24 20:15:42,207 simple_logger.py log_once [line:28] INFO test_accuracy                 0.1028
2026-09-24 20:15:42,207 simple_logger.py log_once [line:28] INFO test_loss                     366.9006
2026-09-24 20:15:42,207 simple_logger.py log_once [line:28] INFO val_accuracy                  0.1043
2026-09-24 20:15:42,207 simple_logger.py log_once [line:28] INFO mean_val_accuracy             0.1043
2026-09-24 20:15:42,207 simple_logger.py log_once [line:28] INFO std_val_accuracy              0.2848
2026-09-24 20:15:42,207 simple_logger.py log_once [line:28] INFO val_loss                      365.6669
2026-09-24 20:15:42,207 simple_logger.py log_once [line:28] INFO mean_val_loss                 365.4555
2026-09-24 20:15:42,207 simple_logger.py log_once [line:28] INFO std_val_loss                  214.4498
2026-09-24 20:15:42,207 fedbase.py run [line:316] INFO Eval Time Cost:               1.4429s
2026-09-24 20:15:42,215 asyncbase.py iterate [line:68] INFO Select clients [np.int64(12), np.int64(7)] at time 21.
2026-09-24 20:15:42,810 asyncbase.py iterate [line:73] INFO Receive new models from clients [15, 7] at time 21
2026-09-24 20:15:42,846 fedbase.py run [line:311] INFO --------------Round 20--------------
2026-09-24 20:15:42,846 simple_logger.py log_once [line:14] INFO Current_time:21
2026-09-24 20:15:44,291 simple_logger.py log_once [line:28] INFO test_accuracy                 0.1078
2026-09-24 20:15:44,292 simple_logger.py log_once [line:28] INFO test_loss                     2.5583
2026-09-24 20:15:44,292 simple_logger.py log_once [line:28] INFO val_accuracy                  0.1121
2026-09-24 20:15:44,292 simple_logger.py log_once [line:28] INFO mean_val_accuracy             0.1121
2026-09-24 20:15:44,292 simple_logger.py log_once [line:28] INFO std_val_accuracy              0.2812
2026-09-24 20:15:44,292 simple_logger.py log_once [line:28] INFO val_loss                      2.5380
2026-09-24 20:15:44,292 simple_logger.py log_once [line:28] INFO mean_val_loss                 2.5376
2026-09-24 20:15:44,292 simple_logger.py log_once [line:28] INFO std_val_loss                  1.2419
2026-09-24 20:15:44,292 fedbase.py run [line:316] INFO Eval Time Cost:               1.4462s
2026-09-24 20:15:44,301 asyncbase.py iterate [line:68] INFO Select clients [np.int64(3), np.int64(2)] at time 22.
2026-09-24 20:15:44,901 asyncbase.py iterate [line:73] INFO Receive new models from clients [9, 2, 5, 6] at time 22
2026-09-24 20:15:44,967 fedbase.py run [line:311] INFO --------------Round 21--------------
2026-09-24 20:15:44,967 simple_logger.py log_once [line:14] INFO Current_time:22
2026-09-24 20:15:46,428 simple_logger.py log_once [line:28] INFO test_accuracy                 0.1028
2026-09-24 20:15:46,429 simple_logger.py log_once [line:28] INFO test_loss                     366.9007
2026-09-24 20:15:46,429 simple_logger.py log_once [line:28] INFO val_accuracy                  0.1043
2026-09-24 20:15:46,429 simple_logger.py log_once [line:28] INFO mean_val_accuracy             0.1043
2026-09-24 20:15:46,429 simple_logger.py log_once [line:28] INFO std_val_accuracy              0.2848
2026-09-24 20:15:46,429 simple_logger.py log_once [line:28] INFO val_loss                      365.6669
2026-09-24 20:15:46,429 simple_logger.py log_once [line:28] INFO mean_val_loss                 365.4555
2026-09-24 20:15:46,429 simple_logger.py log_once [line:28] INFO std_val_loss                  214.4498
2026-09-24 20:15:46,429 fedbase.py run [line:316] INFO Eval Time Cost:               1.4619s
2026-09-24 20:15:46,437 asyncbase.py iterate [line:68] INFO Select clients [np.int64(15), np.int64(5), np.int64(14), np.int64(9)] at time 23.
2026-09-24 20:15:47,657 asyncbase.py iterate [line:73] INFO Receive new models from clients [15, 9] at time 23
2026-09-24 20:15:47,706 fedbase.py run [line:311] INFO --------------Round 22--------------
2026-09-24 20:15:47,706 simple_logger.py log_once [line:14] INFO Current_time:23
2026-09-24 20:15:49,142 simple_logger.py log_once [line:28] INFO test_accuracy                 0.1028
2026-09-24 20:15:49,143 simple_logger.py log_once [line:28] INFO test_loss                     1045.9073
2026-09-24 20:15:49,143 simple_logger.py log_once [line:28] INFO val_accuracy                  0.1043
2026-09-24 20:15:49,143 simple_logger.py log_once [line:28] INFO mean_val_accuracy             0.1043
2026-09-24 20:15:49,143 simple_logger.py log_once [line:28] INFO std_val_accuracy              0.2848
2026-09-24 20:15:49,143 simple_logger.py log_once [line:28] INFO val_loss                      1039.9477
2026-09-24 20:15:49,143 simple_logger.py log_once [line:28] INFO mean_val_loss                 1039.3948
2026-09-24 20:15:49,143 simple_logger.py log_once [line:28] INFO std_val_loss                  565.7678
2026-09-24 20:15:49,143 fedbase.py run [line:316] INFO Eval Time Cost:               1.4363s
2026-09-24 20:15:49,152 asyncbase.py iterate [line:68] INFO Select clients [np.int64(9), np.int64(4)] at time 24.
2026-09-24 20:15:49,744 asyncbase.py iterate [line:73] INFO Receive new models from clients [14, 3, 12] at time 24
2026-09-24 20:15:49,798 fedbase.py run [line:311] INFO --------------Round 23--------------
2026-09-24 20:15:49,798 simple_logger.py log_once [line:14] INFO Current_time:24
2026-09-24 20:15:51,272 simple_logger.py log_once [line:28] INFO test_accuracy                 0.1028
2026-09-24 20:15:51,272 simple_logger.py log_once [line:28] INFO test_loss                     5346.4698
2026-09-24 20:15:51,272 simple_logger.py log_once [line:28] INFO val_accuracy                  0.1043
2026-09-24 20:15:51,272 simple_logger.py log_once [line:28] INFO mean_val_accuracy             0.1043
2026-09-24 20:15:51,272 simple_logger.py log_once [line:28] INFO std_val_accuracy              0.2848
2026-09-24 20:15:51,272 simple_logger.py log_once [line:28] INFO val_loss                      5304.3285
2026-09-24 20:15:51,272 simple_logger.py log_once [line:28] INFO mean_val_loss                 5301.5031
2026-09-24 20:15:51,272 simple_logger.py log_once [line:28] INFO std_val_loss                  2664.0805
2026-09-24 20:15:51,272 fedbase.py run [line:316] INFO Eval Time Cost:               1.4746s
2026-09-24 20:15:51,281 asyncbase.py iterate [line:68] INFO Select clients [np.int64(19), np.int64(11)] at time 25.
2026-09-24 20:15:51,921 asyncbase.py iterate [line:73] INFO Receive new models from clients [4, 5, 9] at time 25
2026-09-24 20:15:51,960 fedbase.py run [line:311] INFO --------------Round 24--------------
2026-09-24 20:15:51,960 simple_logger.py log_once [line:14] INFO Current_time:25
2026-09-24 20:15:53,432 simple_logger.py log_once [line:28] INFO test_accuracy                 0.1028
2026-09-24 20:15:53,432 simple_logger.py log_once [line:28] INFO test_loss                     163168283.6480
2026-09-24 20:15:53,433 simple_logger.py log_once [line:28] INFO val_accuracy                  0.1043
2026-09-24 20:15:53,433 simple_logger.py log_once [line:28] INFO mean_val_accuracy             0.1043
2026-09-24 20:15:53,433 simple_logger.py log_once [line:28] INFO std_val_accuracy              0.2848
2026-09-24 20:15:53,433 simple_logger.py log_once [line:28] INFO val_loss                      161610799.9241
2026-09-24 20:15:53,433 simple_logger.py log_once [line:28] INFO mean_val_loss                 161487827.4594
2026-09-24 20:15:53,433 simple_logger.py log_once [line:28] INFO std_val_loss                  74360804.5305
2026-09-24 20:15:53,433 fedbase.py run [line:316] INFO Eval Time Cost:               1.4731s
2026-09-24 20:15:53,442 asyncbase.py iterate [line:68] INFO Select clients [np.int64(9), np.int64(18), np.int64(14), np.int64(1)] at time 26.
2026-09-24 20:15:54,638 asyncbase.py iterate [line:73] INFO Receive new models from clients [19, 9, 1, 14] at time 26
2026-09-24 20:15:54,675 asyncbase.py iterate [line:68] INFO Select clients [np.int64(7), np.int64(13), np.int64(10)] at time 27.
2026-09-24 20:15:55,582 asyncbase.py iterate [line:73] INFO Receive new models from clients [10] at time 27
2026-09-24 20:15:55,597 asyncbase.py iterate [line:68] INFO Select clients [np.int64(6), np.int64(2)] at time 28.
2026-09-24 20:15:56,190 asyncbase.py iterate [line:73] INFO Receive new models from clients [13, 2, 18, 11] at time 28
2026-09-24 20:15:56,236 fedbase.py run [line:311] INFO --------------Round 25--------------
2026-09-24 20:15:56,236 simple_logger.py log_once [line:14] INFO Current_time:28
2026-09-24 20:15:57,690 simple_logger.py log_once [line:28] INFO test_accuracy                 0.1010
2026-09-24 20:15:57,691 simple_logger.py log_once [line:28] INFO test_loss                     714045.4319
2026-09-24 20:15:57,691 simple_logger.py log_once [line:28] INFO val_accuracy                  0.1020
2026-09-24 20:15:57,691 simple_logger.py log_once [line:28] INFO mean_val_accuracy             0.1016
2026-09-24 20:15:57,691 simple_logger.py log_once [line:28] INFO std_val_accuracy              0.2730
2026-09-24 20:15:57,691 simple_logger.py log_once [line:28] INFO val_loss                      716563.2442
2026-09-24 20:15:57,691 simple_logger.py log_once [line:28] INFO mean_val_loss                 716445.0141
2026-09-24 20:15:57,691 simple_logger.py log_once [line:28] INFO std_val_loss                  313395.8818
2026-09-24 20:15:57,691 fedbase.py run [line:316] INFO Eval Time Cost:               1.4543s
2026-09-24 20:15:57,701 asyncbase.py iterate [line:68] INFO Select clients [np.int64(12), np.int64(4), np.int64(18), np.int64(11)] at time 29.
2026-09-24 20:15:58,901 asyncbase.py iterate [line:73] INFO Receive new models from clients [7, 11] at time 29
2026-09-24 20:15:58,924 asyncbase.py iterate [line:68] INFO Select clients [np.int64(16)] at time 30.
2026-09-24 20:15:59,231 asyncbase.py iterate [line:73] INFO Receive new models from clients [6, 4, 12, 16] at time 30
2026-09-24 20:15:59,268 asyncbase.py iterate [line:68] INFO Select clients [np.int64(3), np.int64(14), np.int64(2), np.int64(1), np.int64(15)] at time 31.
2026-09-24 20:16:00,865 asyncbase.py iterate [line:73] INFO Receive new models from clients [1, 15] at time 31
Traceback (most recent call last):
  File "E:\Federated Machine Learning\FL-Byzantine-Library\run_research.py", line 161, in <module>
    main()
    ~~~~^^
  File "E:\Federated Machine Learning\FL-Byzantine-Library\run_research.py", line 157, in main
    runner.run()
    ~~~~~~~~~~^^
  File "E:\Federated Machine Learning\FL-Byzantine-Library\easyFL\flgo\algorithm\fedbase.py", line 308, in run
    updated = self.iterate()
  File "E:\Federated Machine Learning\FL-Byzantine-Library\flgo_byzantine\research_algorithm.py", line 272, in iterate
    return super().iterate()
           ~~~~~~~~~~~~~~~^^
  File "E:\Federated Machine Learning\FL-Byzantine-Library\easyFL\flgo\algorithm\asyncbase.py", line 74, in iterate
    is_model_updated = self.package_handler(received_packages)
  File "E:\Federated Machine Learning\FL-Byzantine-Library\flgo_byzantine\research_algorithm.py", line 335, in package_handler
    raise RuntimeError("aggregate would diverge: non-finite or weight magnitude exceeds 1000")
RuntimeError: aggregate would diverge: non-finite or weight magnitude exceeds 1000
