E:\fl-experiment\.venv\Lib\site-packages\torch\cuda\__init__.py:61: FutureWarning: The pynvml package is deprecated. Please install nvidia-ml-py instead. If you did not install pynvml directly, please report this to the maintainers of the package that installed pynvml for you.
  import pynvml  # type: ignore[import]
2026-09-24 20:16:03,985 fflow.py init [line:848] INFO PROCESS ID:	24204
2026-09-24 20:16:03,985 fflow.py init [line:849] INFO Initializing devices: cuda:0 will be used for this running.
2026-09-24 20:16:03,985 fflow.py init [line:852] INFO BENCHMARK:	flgo.benchmark.mnist_classification
2026-09-24 20:16:03,985 fflow.py init [line:853] INFO TASK:			E:\Federated Machine Learning\FL-Byzantine-Library\mnist_dir20
2026-09-24 20:16:03,993 fflow.py init [line:854] INFO MODEL:		flgo.benchmark.mnist_classification.model.cnn
2026-09-24 20:16:03,993 fflow.py init [line:855] INFO ALGORITHM:	research_algorithm
2026-09-24 20:16:04,997 fflow.py init [line:901] INFO SCENE:		horizontal FL with 1 <class 'flgo_byzantine.research_algorithm.Server'>, 20 <class 'flgo_byzantine.research_algorithm.Client'>
2026-09-24 20:16:05,083 fflow.py init [line:918] INFO SIMULATOR:	<class 'flgo.simulator.default_simulator.Simulator'>
2026-09-24 20:16:09,372 fflow.py init [line:931] INFO Ready to start.
2026-09-24 20:16:09,372 fedbase.py run [line:300] INFO --------------Initial Evaluation--------------
2026-09-24 20:16:09,372 simple_logger.py log_once [line:14] INFO Current_time:0
2026-09-24 20:16:10,898 simple_logger.py log_once [line:28] INFO test_accuracy                 0.0875
2026-09-24 20:16:10,898 simple_logger.py log_once [line:28] INFO test_loss                     2.3101
2026-09-24 20:16:10,898 simple_logger.py log_once [line:28] INFO val_accuracy                  0.0866
2026-09-24 20:16:10,899 simple_logger.py log_once [line:28] INFO mean_val_accuracy             0.0874
2026-09-24 20:16:10,899 simple_logger.py log_once [line:28] INFO std_val_accuracy              0.2312
2026-09-24 20:16:10,899 simple_logger.py log_once [line:28] INFO val_loss                      2.3109
2026-09-24 20:16:10,899 simple_logger.py log_once [line:28] INFO mean_val_loss                 2.3111
2026-09-24 20:16:10,899 simple_logger.py log_once [line:28] INFO std_val_loss                  0.0785
2026-09-24 20:16:10,899 fedbase.py run [line:303] INFO Eval Time Cost:               1.5265s
2026-09-24 20:16:10,908 asyncbase.py iterate [line:68] INFO Select clients [np.int64(11), np.int64(3), np.int64(19), np.int64(4), np.int64(10), np.int64(9)] at time 1.
2026-09-24 20:16:12,761 asyncbase.py iterate [line:73] INFO Receive new models from clients [3, 9] at time 1
2026-09-24 20:16:12,812 fedbase.py run [line:311] INFO --------------Round 1--------------
2026-09-24 20:16:12,812 simple_logger.py log_once [line:14] INFO Current_time:1
2026-09-24 20:16:14,242 simple_logger.py log_once [line:28] INFO test_accuracy                 0.1009
2026-09-24 20:16:14,242 simple_logger.py log_once [line:28] INFO test_loss                     3.0763
2026-09-24 20:16:14,242 simple_logger.py log_once [line:28] INFO val_accuracy                  0.0999
2026-09-24 20:16:14,242 simple_logger.py log_once [line:28] INFO mean_val_accuracy             0.0994
2026-09-24 20:16:14,242 simple_logger.py log_once [line:28] INFO std_val_accuracy              0.2889
2026-09-24 20:16:14,242 simple_logger.py log_once [line:28] INFO val_loss                      3.0707
2026-09-24 20:16:14,242 simple_logger.py log_once [line:28] INFO mean_val_loss                 3.0745
2026-09-24 20:16:14,242 simple_logger.py log_once [line:28] INFO std_val_loss                  0.9787
2026-09-24 20:16:14,242 fedbase.py run [line:316] INFO Eval Time Cost:               1.4296s
2026-09-24 20:16:14,252 asyncbase.py iterate [line:68] INFO Select clients [np.int64(0)] at time 2.
2026-09-24 20:16:14,553 asyncbase.py iterate [line:73] INFO Receive new models from clients [19] at time 2
2026-09-24 20:16:14,579 fedbase.py run [line:311] INFO --------------Round 2--------------
2026-09-24 20:16:14,579 simple_logger.py log_once [line:14] INFO Current_time:2
2026-09-24 20:16:16,011 simple_logger.py log_once [line:28] INFO test_accuracy                 0.1009
2026-09-24 20:16:16,011 simple_logger.py log_once [line:28] INFO test_loss                     3.4753
2026-09-24 20:16:16,011 simple_logger.py log_once [line:28] INFO val_accuracy                  0.0999
2026-09-24 20:16:16,011 simple_logger.py log_once [line:28] INFO mean_val_accuracy             0.0994
2026-09-24 20:16:16,012 simple_logger.py log_once [line:28] INFO std_val_accuracy              0.2889
2026-09-24 20:16:16,012 simple_logger.py log_once [line:28] INFO val_loss                      3.4790
2026-09-24 20:16:16,012 simple_logger.py log_once [line:28] INFO mean_val_loss                 3.4867
2026-09-24 20:16:16,012 simple_logger.py log_once [line:28] INFO std_val_loss                  1.8209
2026-09-24 20:16:16,012 fedbase.py run [line:316] INFO Eval Time Cost:               1.4323s
2026-09-24 20:16:16,022 asyncbase.py iterate [line:68] INFO Select clients [np.int64(7), np.int64(13)] at time 3.
2026-09-24 20:16:16,696 asyncbase.py iterate [line:73] INFO Receive new models from clients [4, 13, 0, 11] at time 3
2026-09-24 20:16:16,760 fedbase.py run [line:311] INFO --------------Round 3--------------
2026-09-24 20:16:16,760 simple_logger.py log_once [line:14] INFO Current_time:3
2026-09-24 20:16:18,208 simple_logger.py log_once [line:28] INFO test_accuracy                 0.1010
2026-09-24 20:16:18,208 simple_logger.py log_once [line:28] INFO test_loss                     4.0303
2026-09-24 20:16:18,208 simple_logger.py log_once [line:28] INFO val_accuracy                  0.1020
2026-09-24 20:16:18,208 simple_logger.py log_once [line:28] INFO mean_val_accuracy             0.1016
2026-09-24 20:16:18,208 simple_logger.py log_once [line:28] INFO std_val_accuracy              0.2730
2026-09-24 20:16:18,208 simple_logger.py log_once [line:28] INFO val_loss                      4.0233
2026-09-24 20:16:18,208 simple_logger.py log_once [line:28] INFO mean_val_loss                 4.0229
2026-09-24 20:16:18,208 simple_logger.py log_once [line:28] INFO std_val_loss                  1.5749
2026-09-24 20:16:18,208 fedbase.py run [line:316] INFO Eval Time Cost:               1.4487s
2026-09-24 20:16:18,217 asyncbase.py iterate [line:68] INFO Select clients [np.int64(15), np.int64(1), np.int64(16)] at time 4.
2026-09-24 20:16:19,123 asyncbase.py iterate [line:73] INFO Receive new models from clients [10, 15] at time 4
2026-09-24 20:16:19,158 fedbase.py run [line:311] INFO --------------Round 4--------------
2026-09-24 20:16:19,158 simple_logger.py log_once [line:14] INFO Current_time:4
2026-09-24 20:16:20,586 simple_logger.py log_once [line:28] INFO test_accuracy                 0.0974
2026-09-24 20:16:20,586 simple_logger.py log_once [line:28] INFO test_loss                     2.5688
2026-09-24 20:16:20,586 simple_logger.py log_once [line:28] INFO val_accuracy                  0.0972
2026-09-24 20:16:20,586 simple_logger.py log_once [line:28] INFO mean_val_accuracy             0.0962
2026-09-24 20:16:20,586 simple_logger.py log_once [line:28] INFO std_val_accuracy              0.2801
2026-09-24 20:16:20,586 simple_logger.py log_once [line:28] INFO val_loss                      2.5700
2026-09-24 20:16:20,586 simple_logger.py log_once [line:28] INFO mean_val_loss                 2.5716
2026-09-24 20:16:20,586 simple_logger.py log_once [line:28] INFO std_val_loss                  0.6095
2026-09-24 20:16:20,586 fedbase.py run [line:316] INFO Eval Time Cost:               1.4280s
2026-09-24 20:16:20,596 asyncbase.py iterate [line:68] INFO Select clients [np.int64(10), np.int64(4), np.int64(2)] at time 5.
2026-09-24 20:16:21,515 asyncbase.py iterate [line:73] INFO Receive new models from clients [7] at time 5
2026-09-24 20:16:21,539 fedbase.py run [line:311] INFO --------------Round 5--------------
2026-09-24 20:16:21,539 simple_logger.py log_once [line:14] INFO Current_time:5
2026-09-24 20:16:22,987 simple_logger.py log_once [line:28] INFO test_accuracy                 0.0974
2026-09-24 20:16:22,987 simple_logger.py log_once [line:28] INFO test_loss                     2.5957
2026-09-24 20:16:22,987 simple_logger.py log_once [line:28] INFO val_accuracy                  0.0972
2026-09-24 20:16:22,987 simple_logger.py log_once [line:28] INFO mean_val_accuracy             0.0962
2026-09-24 20:16:22,987 simple_logger.py log_once [line:28] INFO std_val_accuracy              0.2801
2026-09-24 20:16:22,987 simple_logger.py log_once [line:28] INFO val_loss                      2.5968
2026-09-24 20:16:22,987 simple_logger.py log_once [line:28] INFO mean_val_loss                 2.5974
2026-09-24 20:16:22,987 simple_logger.py log_once [line:28] INFO std_val_loss                  0.7128
2026-09-24 20:16:22,987 fedbase.py run [line:316] INFO Eval Time Cost:               1.4481s
2026-09-24 20:16:22,997 asyncbase.py iterate [line:73] INFO Receive new models from clients [1] at time 6
2026-09-24 20:16:23,021 fedbase.py run [line:311] INFO --------------Round 6--------------
2026-09-24 20:16:23,021 simple_logger.py log_once [line:14] INFO Current_time:6
2026-09-24 20:16:24,467 simple_logger.py log_once [line:28] INFO test_accuracy                 0.0958
2026-09-24 20:16:24,467 simple_logger.py log_once [line:28] INFO test_loss                     5.2685
2026-09-24 20:16:24,467 simple_logger.py log_once [line:28] INFO val_accuracy                  0.0981
2026-09-24 20:16:24,467 simple_logger.py log_once [line:28] INFO mean_val_accuracy             0.0983
2026-09-24 20:16:24,467 simple_logger.py log_once [line:28] INFO std_val_accuracy              0.2826
2026-09-24 20:16:24,467 simple_logger.py log_once [line:28] INFO val_loss                      5.2521
2026-09-24 20:16:24,467 simple_logger.py log_once [line:28] INFO mean_val_loss                 5.2509
2026-09-24 20:16:24,467 simple_logger.py log_once [line:28] INFO std_val_loss                  2.6880
2026-09-24 20:16:24,467 fedbase.py run [line:316] INFO Eval Time Cost:               1.4457s
2026-09-24 20:16:24,477 asyncbase.py iterate [line:68] INFO Select clients [np.int64(3), np.int64(11)] at time 7.
2026-09-24 20:16:25,077 asyncbase.py iterate [line:73] INFO Receive new models from clients [10, 11, 16] at time 7
2026-09-24 20:16:25,128 fedbase.py run [line:311] INFO --------------Round 7--------------
2026-09-24 20:16:25,128 simple_logger.py log_once [line:14] INFO Current_time:7
2026-09-24 20:16:26,561 simple_logger.py log_once [line:28] INFO test_accuracy                 0.0958
2026-09-24 20:16:26,562 simple_logger.py log_once [line:28] INFO test_loss                     6.9339
2026-09-24 20:16:26,562 simple_logger.py log_once [line:28] INFO val_accuracy                  0.0981
2026-09-24 20:16:26,562 simple_logger.py log_once [line:28] INFO mean_val_accuracy             0.0983
2026-09-24 20:16:26,562 simple_logger.py log_once [line:28] INFO std_val_accuracy              0.2826
2026-09-24 20:16:26,562 simple_logger.py log_once [line:28] INFO val_loss                      6.9180
2026-09-24 20:16:26,562 simple_logger.py log_once [line:28] INFO mean_val_loss                 6.9172
2026-09-24 20:16:26,562 simple_logger.py log_once [line:28] INFO std_val_loss                  2.9233
2026-09-24 20:16:26,562 fedbase.py run [line:316] INFO Eval Time Cost:               1.4334s
2026-09-24 20:16:26,572 asyncbase.py iterate [line:68] INFO Select clients [np.int64(11), np.int64(9), np.int64(10)] at time 8.
2026-09-24 20:16:27,471 asyncbase.py iterate [line:73] INFO Receive new models from clients [4, 2, 3, 11] at time 8
2026-09-24 20:16:27,534 fedbase.py run [line:311] INFO --------------Round 8--------------
2026-09-24 20:16:27,534 simple_logger.py log_once [line:14] INFO Current_time:8
2026-09-24 20:16:28,959 simple_logger.py log_once [line:28] INFO test_accuracy                 0.1505
2026-09-24 20:16:28,959 simple_logger.py log_once [line:28] INFO test_loss                     2.5476
2026-09-24 20:16:28,959 simple_logger.py log_once [line:28] INFO val_accuracy                  0.1479
2026-09-24 20:16:28,959 simple_logger.py log_once [line:28] INFO mean_val_accuracy             0.1475
2026-09-24 20:16:28,959 simple_logger.py log_once [line:28] INFO std_val_accuracy              0.3069
2026-09-24 20:16:28,959 simple_logger.py log_once [line:28] INFO val_loss                      2.5423
2026-09-24 20:16:28,959 simple_logger.py log_once [line:28] INFO mean_val_loss                 2.5436
2026-09-24 20:16:28,959 simple_logger.py log_once [line:28] INFO std_val_loss                  0.7552
2026-09-24 20:16:28,959 fedbase.py run [line:316] INFO Eval Time Cost:               1.4249s
2026-09-24 20:16:28,967 asyncbase.py iterate [line:68] INFO Select clients [np.int64(6), np.int64(12), np.int64(15), np.int64(4)] at time 9.
2026-09-24 20:16:30,209 asyncbase.py iterate [line:73] INFO Receive new models from clients [10, 6, 9] at time 9
2026-09-24 20:16:30,265 fedbase.py run [line:311] INFO --------------Round 9--------------
2026-09-24 20:16:30,265 simple_logger.py log_once [line:14] INFO Current_time:9
2026-09-24 20:16:31,709 simple_logger.py log_once [line:28] INFO test_accuracy                 0.2495
2026-09-24 20:16:31,709 simple_logger.py log_once [line:28] INFO test_loss                     2.3706
2026-09-24 20:16:31,709 simple_logger.py log_once [line:28] INFO val_accuracy                  0.2536
2026-09-24 20:16:31,709 simple_logger.py log_once [line:28] INFO mean_val_accuracy             0.2537
2026-09-24 20:16:31,709 simple_logger.py log_once [line:28] INFO std_val_accuracy              0.3892
2026-09-24 20:16:31,709 simple_logger.py log_once [line:28] INFO val_loss                      2.3651
2026-09-24 20:16:31,709 simple_logger.py log_once [line:28] INFO mean_val_loss                 2.3658
2026-09-24 20:16:31,709 simple_logger.py log_once [line:28] INFO std_val_loss                  0.6679
2026-09-24 20:16:31,709 fedbase.py run [line:316] INFO Eval Time Cost:               1.4442s
2026-09-24 20:16:31,718 asyncbase.py iterate [line:68] INFO Select clients [np.int64(6), np.int64(3), np.int64(19)] at time 10.
2026-09-24 20:16:32,642 asyncbase.py iterate [line:73] INFO Receive new models from clients [15] at time 10
2026-09-24 20:16:32,669 fedbase.py run [line:311] INFO --------------Round 10--------------
2026-09-24 20:16:32,669 simple_logger.py log_once [line:14] INFO Current_time:10
2026-09-24 20:16:34,139 simple_logger.py log_once [line:28] INFO test_accuracy                 0.0974
2026-09-24 20:16:34,140 simple_logger.py log_once [line:28] INFO test_loss                     9.0837
2026-09-24 20:16:34,140 simple_logger.py log_once [line:28] INFO val_accuracy                  0.0972
2026-09-24 20:16:34,140 simple_logger.py log_once [line:28] INFO mean_val_accuracy             0.0962
2026-09-24 20:16:34,140 simple_logger.py log_once [line:28] INFO std_val_accuracy              0.2801
2026-09-24 20:16:34,140 simple_logger.py log_once [line:28] INFO val_loss                      9.1237
2026-09-24 20:16:34,140 simple_logger.py log_once [line:28] INFO mean_val_loss                 9.1333
2026-09-24 20:16:34,140 simple_logger.py log_once [line:28] INFO std_val_loss                  3.0396
2026-09-24 20:16:34,140 fedbase.py run [line:316] INFO Eval Time Cost:               1.4712s
2026-09-24 20:16:34,149 asyncbase.py iterate [line:68] INFO Select clients [np.int64(7)] at time 11.
2026-09-24 20:16:34,477 asyncbase.py iterate [line:73] INFO Receive new models from clients [3, 12] at time 11
2026-09-24 20:16:34,520 fedbase.py run [line:311] INFO --------------Round 11--------------
2026-09-24 20:16:34,520 simple_logger.py log_once [line:14] INFO Current_time:11
2026-09-24 20:16:36,040 simple_logger.py log_once [line:28] INFO test_accuracy                 0.0974
2026-09-24 20:16:36,041 simple_logger.py log_once [line:28] INFO test_loss                     10.9835
2026-09-24 20:16:36,041 simple_logger.py log_once [line:28] INFO val_accuracy                  0.0972
2026-09-24 20:16:36,041 simple_logger.py log_once [line:28] INFO mean_val_accuracy             0.0962
2026-09-24 20:16:36,041 simple_logger.py log_once [line:28] INFO std_val_accuracy              0.2801
2026-09-24 20:16:36,041 simple_logger.py log_once [line:28] INFO val_loss                      11.0286
2026-09-24 20:16:36,041 simple_logger.py log_once [line:28] INFO mean_val_loss                 11.0405
2026-09-24 20:16:36,041 simple_logger.py log_once [line:28] INFO std_val_loss                  3.8373
2026-09-24 20:16:36,041 fedbase.py run [line:316] INFO Eval Time Cost:               1.5209s
2026-09-24 20:16:36,051 asyncbase.py iterate [line:68] INFO Select clients [np.int64(10), np.int64(3)] at time 12.
2026-09-24 20:16:36,760 asyncbase.py iterate [line:73] INFO Receive new models from clients [7, 3, 4, 19, 10] at time 12
2026-09-24 20:16:36,827 fedbase.py run [line:311] INFO --------------Round 12--------------
2026-09-24 20:16:36,827 simple_logger.py log_once [line:14] INFO Current_time:12
2026-09-24 20:16:38,265 simple_logger.py log_once [line:28] INFO test_accuracy                 0.1343
2026-09-24 20:16:38,265 simple_logger.py log_once [line:28] INFO test_loss                     2.2490
2026-09-24 20:16:38,265 simple_logger.py log_once [line:28] INFO val_accuracy                  0.1361
2026-09-24 20:16:38,265 simple_logger.py log_once [line:28] INFO mean_val_accuracy             0.1360
2026-09-24 20:16:38,265 simple_logger.py log_once [line:28] INFO std_val_accuracy              0.2689
2026-09-24 20:16:38,265 simple_logger.py log_once [line:28] INFO val_loss                      2.2520
2026-09-24 20:16:38,265 simple_logger.py log_once [line:28] INFO mean_val_loss                 2.2519
2026-09-24 20:16:38,265 simple_logger.py log_once [line:28] INFO std_val_loss                  0.5904
2026-09-24 20:16:38,266 fedbase.py run [line:316] INFO Eval Time Cost:               1.4382s
2026-09-24 20:16:38,276 asyncbase.py iterate [line:68] INFO Select clients [np.int64(4), np.int64(15), np.int64(9), np.int64(13), np.int64(1)] at time 13.
2026-09-24 20:16:39,817 asyncbase.py iterate [line:73] INFO Receive new models from clients [6] at time 13
2026-09-24 20:16:39,841 fedbase.py run [line:311] INFO --------------Round 13--------------
2026-09-24 20:16:39,841 simple_logger.py log_once [line:14] INFO Current_time:13
2026-09-24 20:16:41,280 simple_logger.py log_once [line:28] INFO test_accuracy                 0.2326
2026-09-24 20:16:41,280 simple_logger.py log_once [line:28] INFO test_loss                     2.6078
2026-09-24 20:16:41,280 simple_logger.py log_once [line:28] INFO val_accuracy                  0.2333
2026-09-24 20:16:41,280 simple_logger.py log_once [line:28] INFO mean_val_accuracy             0.2335
2026-09-24 20:16:41,280 simple_logger.py log_once [line:28] INFO std_val_accuracy              0.3454
2026-09-24 20:16:41,280 simple_logger.py log_once [line:28] INFO val_loss                      2.6179
2026-09-24 20:16:41,280 simple_logger.py log_once [line:28] INFO mean_val_loss                 2.6172
2026-09-24 20:16:41,280 simple_logger.py log_once [line:28] INFO std_val_loss                  1.5770
2026-09-24 20:16:41,280 fedbase.py run [line:316] INFO Eval Time Cost:               1.4388s
2026-09-24 20:16:41,290 asyncbase.py iterate [line:68] INFO Select clients [np.int64(16)] at time 14.
2026-09-24 20:16:41,598 asyncbase.py iterate [line:73] INFO Receive new models from clients [9] at time 14
2026-09-24 20:16:41,623 fedbase.py run [line:311] INFO --------------Round 14--------------
2026-09-24 20:16:41,623 simple_logger.py log_once [line:14] INFO Current_time:14
2026-09-24 20:16:43,062 simple_logger.py log_once [line:28] INFO test_accuracy                 0.1506
2026-09-24 20:16:43,062 simple_logger.py log_once [line:28] INFO test_loss                     2.6609
2026-09-24 20:16:43,062 simple_logger.py log_once [line:28] INFO val_accuracy                  0.1505
2026-09-24 20:16:43,062 simple_logger.py log_once [line:28] INFO mean_val_accuracy             0.1504
2026-09-24 20:16:43,062 simple_logger.py log_once [line:28] INFO std_val_accuracy              0.2946
2026-09-24 20:16:43,062 simple_logger.py log_once [line:28] INFO val_loss                      2.6702
2026-09-24 20:16:43,062 simple_logger.py log_once [line:28] INFO mean_val_loss                 2.6689
2026-09-24 20:16:43,062 simple_logger.py log_once [line:28] INFO std_val_loss                  1.1270
2026-09-24 20:16:43,062 fedbase.py run [line:316] INFO Eval Time Cost:               1.4386s
2026-09-24 20:16:43,072 asyncbase.py iterate [line:68] INFO Select clients [np.int64(11)] at time 15.
2026-09-24 20:16:43,373 asyncbase.py iterate [line:73] INFO Receive new models from clients [4, 11, 15] at time 15
2026-09-24 20:16:43,428 fedbase.py run [line:311] INFO --------------Round 15--------------
2026-09-24 20:16:43,428 simple_logger.py log_once [line:14] INFO Current_time:15
2026-09-24 20:16:44,940 simple_logger.py log_once [line:28] INFO test_accuracy                 0.3134
2026-09-24 20:16:44,940 simple_logger.py log_once [line:28] INFO test_loss                     2.1300
2026-09-24 20:16:44,940 simple_logger.py log_once [line:28] INFO val_accuracy                  0.3173
2026-09-24 20:16:44,940 simple_logger.py log_once [line:28] INFO mean_val_accuracy             0.3186
2026-09-24 20:16:44,940 simple_logger.py log_once [line:28] INFO std_val_accuracy              0.3793
2026-09-24 20:16:44,940 simple_logger.py log_once [line:28] INFO val_loss                      2.1365
2026-09-24 20:16:44,940 simple_logger.py log_once [line:28] INFO mean_val_loss                 2.1324
2026-09-24 20:16:44,940 simple_logger.py log_once [line:28] INFO std_val_loss                  1.1406
2026-09-24 20:16:44,940 fedbase.py run [line:316] INFO Eval Time Cost:               1.5118s
2026-09-24 20:16:44,950 asyncbase.py iterate [line:68] INFO Select clients [np.int64(19), np.int64(17), np.int64(3)] at time 16.
2026-09-24 20:16:45,876 asyncbase.py iterate [line:73] INFO Receive new models from clients [16, 13, 1, 19] at time 16
2026-09-24 20:16:45,941 fedbase.py run [line:311] INFO --------------Round 16--------------
2026-09-24 20:16:45,941 simple_logger.py log_once [line:14] INFO Current_time:16
2026-09-24 20:16:47,388 simple_logger.py log_once [line:28] INFO test_accuracy                 0.3452
2026-09-24 20:16:47,388 simple_logger.py log_once [line:28] INFO test_loss                     1.8206
2026-09-24 20:16:47,388 simple_logger.py log_once [line:28] INFO val_accuracy                  0.3520
2026-09-24 20:16:47,388 simple_logger.py log_once [line:28] INFO mean_val_accuracy             0.3523
2026-09-24 20:16:47,388 simple_logger.py log_once [line:28] INFO std_val_accuracy              0.4012
2026-09-24 20:16:47,388 simple_logger.py log_once [line:28] INFO val_loss                      1.8175
2026-09-24 20:16:47,388 simple_logger.py log_once [line:28] INFO mean_val_loss                 1.8171
2026-09-24 20:16:47,388 simple_logger.py log_once [line:28] INFO std_val_loss                  1.0301
2026-09-24 20:16:47,388 fedbase.py run [line:316] INFO Eval Time Cost:               1.4471s
2026-09-24 20:16:47,397 asyncbase.py iterate [line:68] INFO Select clients [np.int64(13), np.int64(10), np.int64(1), np.int64(18)] at time 17.
2026-09-24 20:16:48,638 asyncbase.py iterate [line:73] INFO Receive new models from clients [3, 18, 10] at time 17
2026-09-24 20:16:48,696 fedbase.py run [line:311] INFO --------------Round 17--------------
2026-09-24 20:16:48,696 simple_logger.py log_once [line:14] INFO Current_time:17
2026-09-24 20:16:50,141 simple_logger.py log_once [line:28] INFO test_accuracy                 0.2217
2026-09-24 20:16:50,141 simple_logger.py log_once [line:28] INFO test_loss                     4.0261
2026-09-24 20:16:50,141 simple_logger.py log_once [line:28] INFO val_accuracy                  0.2151
2026-09-24 20:16:50,141 simple_logger.py log_once [line:28] INFO mean_val_accuracy             0.2138
2026-09-24 20:16:50,141 simple_logger.py log_once [line:28] INFO std_val_accuracy              0.3763
2026-09-24 20:16:50,141 simple_logger.py log_once [line:28] INFO val_loss                      4.0352
2026-09-24 20:16:50,141 simple_logger.py log_once [line:28] INFO mean_val_loss                 4.0433
2026-09-24 20:16:50,141 simple_logger.py log_once [line:28] INFO std_val_loss                  2.2839
2026-09-24 20:16:50,141 fedbase.py run [line:316] INFO Eval Time Cost:               1.4454s
2026-09-24 20:16:50,150 asyncbase.py iterate [line:68] INFO Select clients [np.int64(5), np.int64(19), np.int64(6)] at time 18.
2026-09-24 20:16:51,065 asyncbase.py iterate [line:73] INFO Receive new models from clients [1, 17] at time 18
2026-09-24 20:16:51,112 fedbase.py run [line:311] INFO --------------Round 18--------------
2026-09-24 20:16:51,112 simple_logger.py log_once [line:14] INFO Current_time:18
2026-09-24 20:16:52,560 simple_logger.py log_once [line:28] INFO test_accuracy                 0.3262
2026-09-24 20:16:52,560 simple_logger.py log_once [line:28] INFO test_loss                     2.6087
2026-09-24 20:16:52,561 simple_logger.py log_once [line:28] INFO val_accuracy                  0.3214
2026-09-24 20:16:52,561 simple_logger.py log_once [line:28] INFO mean_val_accuracy             0.3203
2026-09-24 20:16:52,561 simple_logger.py log_once [line:28] INFO std_val_accuracy              0.3984
2026-09-24 20:16:52,561 simple_logger.py log_once [line:28] INFO val_loss                      2.5952
2026-09-24 20:16:52,561 simple_logger.py log_once [line:28] INFO mean_val_loss                 2.6031
2026-09-24 20:16:52,561 simple_logger.py log_once [line:28] INFO std_val_loss                  1.7975
2026-09-24 20:16:52,561 fedbase.py run [line:316] INFO Eval Time Cost:               1.4491s
2026-09-24 20:16:52,571 asyncbase.py iterate [line:68] INFO Select clients [np.int64(0), np.int64(3)] at time 19.
2026-09-24 20:16:53,172 asyncbase.py iterate [line:73] INFO Receive new models from clients [19, 6] at time 19
2026-09-24 20:16:53,219 fedbase.py run [line:311] INFO --------------Round 19--------------
2026-09-24 20:16:53,219 simple_logger.py log_once [line:14] INFO Current_time:19
2026-09-24 20:16:54,658 simple_logger.py log_once [line:28] INFO test_accuracy                 0.2889
2026-09-24 20:16:54,658 simple_logger.py log_once [line:28] INFO test_loss                     3.4359
2026-09-24 20:16:54,658 simple_logger.py log_once [line:28] INFO val_accuracy                  0.2918
2026-09-24 20:16:54,658 simple_logger.py log_once [line:28] INFO mean_val_accuracy             0.2917
2026-09-24 20:16:54,658 simple_logger.py log_once [line:28] INFO std_val_accuracy              0.4136
2026-09-24 20:16:54,658 simple_logger.py log_once [line:28] INFO val_loss                      3.3697
2026-09-24 20:16:54,658 simple_logger.py log_once [line:28] INFO mean_val_loss                 3.3798
2026-09-24 20:16:54,658 simple_logger.py log_once [line:28] INFO std_val_loss                  2.5273
2026-09-24 20:16:54,659 fedbase.py run [line:316] INFO Eval Time Cost:               1.4398s
2026-09-24 20:16:54,667 asyncbase.py iterate [line:68] INFO Select clients [np.int64(14), np.int64(18)] at time 20.
2026-09-24 20:16:55,278 asyncbase.py iterate [line:73] INFO Receive new models from clients [13, 14] at time 20
2026-09-24 20:16:55,324 fedbase.py run [line:311] INFO --------------Round 20--------------
2026-09-24 20:16:55,324 simple_logger.py log_once [line:14] INFO Current_time:20
2026-09-24 20:16:56,774 simple_logger.py log_once [line:28] INFO test_accuracy                 0.3318
2026-09-24 20:16:56,774 simple_logger.py log_once [line:28] INFO test_loss                     5.5728
2026-09-24 20:16:56,774 simple_logger.py log_once [line:28] INFO val_accuracy                  0.3375
2026-09-24 20:16:56,774 simple_logger.py log_once [line:28] INFO mean_val_accuracy             0.3372
2026-09-24 20:16:56,774 simple_logger.py log_once [line:28] INFO std_val_accuracy              0.3977
2026-09-24 20:16:56,775 simple_logger.py log_once [line:28] INFO val_loss                      5.4749
2026-09-24 20:16:56,775 simple_logger.py log_once [line:28] INFO mean_val_loss                 5.4903
2026-09-24 20:16:56,775 simple_logger.py log_once [line:28] INFO std_val_loss                  4.4641
2026-09-24 20:16:56,775 fedbase.py run [line:316] INFO Eval Time Cost:               1.4510s
2026-09-24 20:16:56,785 asyncbase.py iterate [line:68] INFO Select clients [np.int64(2), np.int64(11)] at time 21.
2026-09-24 20:16:57,381 asyncbase.py iterate [line:73] INFO Receive new models from clients [5, 11, 2] at time 21
2026-09-24 20:16:57,435 fedbase.py run [line:311] INFO --------------Round 21--------------
2026-09-24 20:16:57,435 simple_logger.py log_once [line:14] INFO Current_time:21
2026-09-24 20:16:58,881 simple_logger.py log_once [line:28] INFO test_accuracy                 0.2650
2026-09-24 20:16:58,881 simple_logger.py log_once [line:28] INFO test_loss                     2.5330
2026-09-24 20:16:58,881 simple_logger.py log_once [line:28] INFO val_accuracy                  0.2681
2026-09-24 20:16:58,881 simple_logger.py log_once [line:28] INFO mean_val_accuracy             0.2680
2026-09-24 20:16:58,881 simple_logger.py log_once [line:28] INFO std_val_accuracy              0.3707
2026-09-24 20:16:58,881 simple_logger.py log_once [line:28] INFO val_loss                      2.5223
2026-09-24 20:16:58,881 simple_logger.py log_once [line:28] INFO mean_val_loss                 2.5217
2026-09-24 20:16:58,881 simple_logger.py log_once [line:28] INFO std_val_loss                  1.5823
2026-09-24 20:16:58,881 fedbase.py run [line:316] INFO Eval Time Cost:               1.4460s
2026-09-24 20:16:58,891 asyncbase.py iterate [line:68] INFO Select clients [np.int64(9), np.int64(14), np.int64(4)] at time 22.
2026-09-24 20:16:59,809 asyncbase.py iterate [line:73] INFO Receive new models from clients [3, 18, 0, 14] at time 22
2026-09-24 20:16:59,872 fedbase.py run [line:311] INFO --------------Round 22--------------
2026-09-24 20:16:59,872 simple_logger.py log_once [line:14] INFO Current_time:22
2026-09-24 20:17:01,310 simple_logger.py log_once [line:28] INFO test_accuracy                 0.2662
2026-09-24 20:17:01,310 simple_logger.py log_once [line:28] INFO test_loss                     2.3272
2026-09-24 20:17:01,310 simple_logger.py log_once [line:28] INFO val_accuracy                  0.2663
2026-09-24 20:17:01,310 simple_logger.py log_once [line:28] INFO mean_val_accuracy             0.2663
2026-09-24 20:17:01,310 simple_logger.py log_once [line:28] INFO std_val_accuracy              0.3460
2026-09-24 20:17:01,310 simple_logger.py log_once [line:28] INFO val_loss                      2.3370
2026-09-24 20:17:01,310 simple_logger.py log_once [line:28] INFO mean_val_loss                 2.3358
2026-09-24 20:17:01,310 simple_logger.py log_once [line:28] INFO std_val_loss                  1.3877
2026-09-24 20:17:01,310 fedbase.py run [line:316] INFO Eval Time Cost:               1.4377s
2026-09-24 20:17:01,319 asyncbase.py iterate [line:68] INFO Select clients [np.int64(7), np.int64(15), np.int64(18), np.int64(17)] at time 23.
2026-09-24 20:17:02,543 asyncbase.py iterate [line:73] INFO Receive new models from clients [4] at time 23
2026-09-24 20:17:02,569 fedbase.py run [line:311] INFO --------------Round 23--------------
2026-09-24 20:17:02,569 simple_logger.py log_once [line:14] INFO Current_time:23
2026-09-24 20:17:04,048 simple_logger.py log_once [line:28] INFO test_accuracy                 0.2177
2026-09-24 20:17:04,048 simple_logger.py log_once [line:28] INFO test_loss                     6.4311
2026-09-24 20:17:04,048 simple_logger.py log_once [line:28] INFO val_accuracy                  0.2164
2026-09-24 20:17:04,048 simple_logger.py log_once [line:28] INFO mean_val_accuracy             0.2160
2026-09-24 20:17:04,048 simple_logger.py log_once [line:28] INFO std_val_accuracy              0.3845
2026-09-24 20:17:04,048 simple_logger.py log_once [line:28] INFO val_loss                      6.4449
2026-09-24 20:17:04,048 simple_logger.py log_once [line:28] INFO mean_val_loss                 6.4398
2026-09-24 20:17:04,048 simple_logger.py log_once [line:28] INFO std_val_loss                  3.9526
2026-09-24 20:17:04,049 fedbase.py run [line:316] INFO Eval Time Cost:               1.4792s
2026-09-24 20:17:04,057 asyncbase.py iterate [line:73] INFO Receive new models from clients [9, 7] at time 24
2026-09-24 20:17:04,103 fedbase.py run [line:311] INFO --------------Round 24--------------
2026-09-24 20:17:04,103 simple_logger.py log_once [line:14] INFO Current_time:24
2026-09-24 20:17:05,553 simple_logger.py log_once [line:28] INFO test_accuracy                 0.1696
2026-09-24 20:17:05,553 simple_logger.py log_once [line:28] INFO test_loss                     13.8062
2026-09-24 20:17:05,553 simple_logger.py log_once [line:28] INFO val_accuracy                  0.1700
2026-09-24 20:17:05,553 simple_logger.py log_once [line:28] INFO mean_val_accuracy             0.1699
2026-09-24 20:17:05,553 simple_logger.py log_once [line:28] INFO std_val_accuracy              0.3241
2026-09-24 20:17:05,553 simple_logger.py log_once [line:28] INFO val_loss                      13.9317
2026-09-24 20:17:05,553 simple_logger.py log_once [line:28] INFO mean_val_loss                 13.9251
2026-09-24 20:17:05,553 simple_logger.py log_once [line:28] INFO std_val_loss                  9.6575
2026-09-24 20:17:05,553 fedbase.py run [line:316] INFO Eval Time Cost:               1.4499s
2026-09-24 20:17:05,564 asyncbase.py iterate [line:68] INFO Select clients [np.int64(14)] at time 25.
2026-09-24 20:17:05,873 asyncbase.py iterate [line:73] INFO Receive new models from clients [15, 18, 14] at time 25
2026-09-24 20:17:05,928 fedbase.py run [line:311] INFO --------------Round 25--------------
2026-09-24 20:17:05,928 simple_logger.py log_once [line:14] INFO Current_time:25
2026-09-24 20:17:07,393 simple_logger.py log_once [line:28] INFO test_accuracy                 0.2519
2026-09-24 20:17:07,394 simple_logger.py log_once [line:28] INFO test_loss                     15.1200
2026-09-24 20:17:07,394 simple_logger.py log_once [line:28] INFO val_accuracy                  0.2468
2026-09-24 20:17:07,394 simple_logger.py log_once [line:28] INFO mean_val_accuracy             0.2460
2026-09-24 20:17:07,394 simple_logger.py log_once [line:28] INFO std_val_accuracy              0.3602
2026-09-24 20:17:07,394 simple_logger.py log_once [line:28] INFO val_loss                      15.2021
2026-09-24 20:17:07,394 simple_logger.py log_once [line:28] INFO mean_val_loss                 15.2062
2026-09-24 20:17:07,394 simple_logger.py log_once [line:28] INFO std_val_loss                  10.6776
2026-09-24 20:17:07,394 fedbase.py run [line:316] INFO Eval Time Cost:               1.4657s
2026-09-24 20:17:07,404 asyncbase.py iterate [line:68] INFO Select clients [np.int64(8), np.int64(9), np.int64(4), np.int64(2), np.int64(15)] at time 26.
2026-09-24 20:17:08,919 asyncbase.py iterate [line:73] INFO Receive new models from clients [17, 8, 2] at time 26
2026-09-24 20:17:08,975 fedbase.py run [line:311] INFO --------------Round 26--------------
2026-09-24 20:17:08,975 simple_logger.py log_once [line:14] INFO Current_time:26
2026-09-24 20:17:10,427 simple_logger.py log_once [line:28] INFO test_accuracy                 0.1035
2026-09-24 20:17:10,427 simple_logger.py log_once [line:28] INFO test_loss                     30.4953
2026-09-24 20:17:10,427 simple_logger.py log_once [line:28] INFO val_accuracy                  0.1060
2026-09-24 20:17:10,427 simple_logger.py log_once [line:28] INFO mean_val_accuracy             0.1064
2026-09-24 20:17:10,427 simple_logger.py log_once [line:28] INFO std_val_accuracy              0.2781
2026-09-24 20:17:10,427 simple_logger.py log_once [line:28] INFO val_loss                      30.6212
2026-09-24 20:17:10,427 simple_logger.py log_once [line:28] INFO mean_val_loss                 30.6234
2026-09-24 20:17:10,427 simple_logger.py log_once [line:28] INFO std_val_loss                  18.6142
2026-09-24 20:17:10,427 fedbase.py run [line:316] INFO Eval Time Cost:               1.4520s
2026-09-24 20:17:10,436 asyncbase.py iterate [line:68] INFO Select clients [np.int64(0), np.int64(12), np.int64(8)] at time 27.
2026-09-24 20:17:11,357 asyncbase.py iterate [line:73] INFO Receive new models from clients [4, 9, 8, 15, 0] at time 27
2026-09-24 20:17:11,431 fedbase.py run [line:311] INFO --------------Round 27--------------
2026-09-24 20:17:11,431 simple_logger.py log_once [line:14] INFO Current_time:27
2026-09-24 20:17:12,878 simple_logger.py log_once [line:28] INFO test_accuracy                 0.0982
2026-09-24 20:17:12,878 simple_logger.py log_once [line:28] INFO test_loss                     53.5797
2026-09-24 20:17:12,878 simple_logger.py log_once [line:28] INFO val_accuracy                  0.0989
2026-09-24 20:17:12,878 simple_logger.py log_once [line:28] INFO mean_val_accuracy             0.0993
2026-09-24 20:17:12,878 simple_logger.py log_once [line:28] INFO std_val_accuracy              0.2797
2026-09-24 20:17:12,878 simple_logger.py log_once [line:28] INFO val_loss                      53.5737
2026-09-24 20:17:12,878 simple_logger.py log_once [line:28] INFO mean_val_loss                 53.6061
2026-09-24 20:17:12,878 simple_logger.py log_once [line:28] INFO std_val_loss                  30.2370
2026-09-24 20:17:12,878 fedbase.py run [line:316] INFO Eval Time Cost:               1.4470s
2026-09-24 20:17:12,888 asyncbase.py iterate [line:68] INFO Select clients [np.int64(11), np.int64(7), np.int64(5), np.int64(18), np.int64(0)] at time 28.
2026-09-24 20:17:14,425 asyncbase.py iterate [line:73] INFO Receive new models from clients [18] at time 28
2026-09-24 20:17:14,450 fedbase.py run [line:311] INFO --------------Round 28--------------
2026-09-24 20:17:14,450 simple_logger.py log_once [line:14] INFO Current_time:28
2026-09-24 20:17:15,904 simple_logger.py log_once [line:28] INFO test_accuracy                 0.1135
2026-09-24 20:17:15,904 simple_logger.py log_once [line:28] INFO test_loss                     2.8523
2026-09-24 20:17:15,904 simple_logger.py log_once [line:28] INFO val_accuracy                  0.1119
2026-09-24 20:17:15,904 simple_logger.py log_once [line:28] INFO mean_val_accuracy             0.1111
2026-09-24 20:17:15,904 simple_logger.py log_once [line:28] INFO std_val_accuracy              0.2974
2026-09-24 20:17:15,904 simple_logger.py log_once [line:28] INFO val_loss                      2.8683
2026-09-24 20:17:15,904 simple_logger.py log_once [line:28] INFO mean_val_loss                 2.8699
2026-09-24 20:17:15,904 simple_logger.py log_once [line:28] INFO std_val_loss                  1.0302
2026-09-24 20:17:15,905 fedbase.py run [line:316] INFO Eval Time Cost:               1.4545s
2026-09-24 20:17:15,914 asyncbase.py iterate [line:68] INFO Select clients [np.int64(10)] at time 29.
2026-09-24 20:17:16,222 asyncbase.py iterate [line:73] INFO Receive new models from clients [12, 0] at time 29
2026-09-24 20:17:16,267 fedbase.py run [line:311] INFO --------------Round 29--------------
2026-09-24 20:17:16,267 simple_logger.py log_once [line:14] INFO Current_time:29
2026-09-24 20:17:17,789 simple_logger.py log_once [line:28] INFO test_accuracy                 0.1032
2026-09-24 20:17:17,789 simple_logger.py log_once [line:28] INFO test_loss                     5.6576
2026-09-24 20:17:17,789 simple_logger.py log_once [line:28] INFO val_accuracy                  0.0983
2026-09-24 20:17:17,789 simple_logger.py log_once [line:28] INFO mean_val_accuracy             0.0993
2026-09-24 20:17:17,789 simple_logger.py log_once [line:28] INFO std_val_accuracy              0.2871
2026-09-24 20:17:17,789 simple_logger.py log_once [line:28] INFO val_loss                      5.6610
2026-09-24 20:17:17,789 simple_logger.py log_once [line:28] INFO mean_val_loss                 5.6598
2026-09-24 20:17:17,789 simple_logger.py log_once [line:28] INFO std_val_loss                  3.3747
2026-09-24 20:17:17,789 fedbase.py run [line:316] INFO Eval Time Cost:               1.5219s
2026-09-24 20:17:17,798 asyncbase.py iterate [line:68] INFO Select clients [np.int64(16)] at time 30.
2026-09-24 20:17:18,110 asyncbase.py iterate [line:73] INFO Receive new models from clients [10, 11, 5, 7] at time 30
2026-09-24 20:17:18,176 fedbase.py run [line:311] INFO --------------Round 30--------------
2026-09-24 20:17:18,177 simple_logger.py log_once [line:14] INFO Current_time:30
2026-09-24 20:17:19,613 simple_logger.py log_once [line:28] INFO test_accuracy                 0.2204
2026-09-24 20:17:19,613 simple_logger.py log_once [line:28] INFO test_loss                     3.0767
2026-09-24 20:17:19,613 simple_logger.py log_once [line:28] INFO val_accuracy                  0.2215
2026-09-24 20:17:19,614 simple_logger.py log_once [line:28] INFO mean_val_accuracy             0.2220
2026-09-24 20:17:19,614 simple_logger.py log_once [line:28] INFO std_val_accuracy              0.3304
2026-09-24 20:17:19,614 simple_logger.py log_once [line:28] INFO val_loss                      3.1250
2026-09-24 20:17:19,614 simple_logger.py log_once [line:28] INFO mean_val_loss                 3.1235
2026-09-24 20:17:19,614 simple_logger.py log_once [line:28] INFO std_val_loss                  1.6504
2026-09-24 20:17:19,614 fedbase.py run [line:316] INFO Eval Time Cost:               1.4372s
2026-09-24 20:17:19,624 asyncbase.py iterate [line:68] INFO Select clients [np.int64(19), np.int64(9), np.int64(6), np.int64(5)] at time 31.
2026-09-24 20:17:20,871 asyncbase.py iterate [line:73] INFO Receive new models from clients [9] at time 31
2026-09-24 20:17:20,896 fedbase.py run [line:311] INFO --------------Round 31--------------
2026-09-24 20:17:20,896 simple_logger.py log_once [line:14] INFO Current_time:31
2026-09-24 20:17:22,374 simple_logger.py log_once [line:28] INFO test_accuracy                 0.1028
2026-09-24 20:17:22,374 simple_logger.py log_once [line:28] INFO test_loss                     300007159.7056
2026-09-24 20:17:22,374 simple_logger.py log_once [line:28] INFO val_accuracy                  0.1043
2026-09-24 20:17:22,374 simple_logger.py log_once [line:28] INFO mean_val_accuracy             0.1043
2026-09-24 20:17:22,374 simple_logger.py log_once [line:28] INFO std_val_accuracy              0.2848
2026-09-24 20:17:22,374 simple_logger.py log_once [line:28] INFO val_loss                      295691854.9542
2026-09-24 20:17:22,374 simple_logger.py log_once [line:28] INFO mean_val_loss                 295869143.5375
2026-09-24 20:17:22,374 simple_logger.py log_once [line:28] INFO std_val_loss                  130833289.8842
2026-09-24 20:17:22,375 fedbase.py run [line:316] INFO Eval Time Cost:               1.4781s
2026-09-24 20:17:22,385 asyncbase.py iterate [line:68] INFO Select clients [np.int64(8), np.int64(11)] at time 32.
2026-09-24 20:17:22,993 asyncbase.py iterate [line:73] INFO Receive new models from clients [19, 11, 6, 16] at time 32
2026-09-24 20:17:23,057 fedbase.py run [line:311] INFO --------------Round 32--------------
2026-09-24 20:17:23,057 simple_logger.py log_once [line:14] INFO Current_time:32
2026-09-24 20:17:24,515 simple_logger.py log_once [line:28] INFO test_accuracy                 0.1028
2026-09-24 20:17:24,515 simple_logger.py log_once [line:28] INFO test_loss                     320973360.7424
2026-09-24 20:17:24,515 simple_logger.py log_once [line:28] INFO val_accuracy                  0.1043
2026-09-24 20:17:24,515 simple_logger.py log_once [line:28] INFO mean_val_accuracy             0.1043
2026-09-24 20:17:24,515 simple_logger.py log_once [line:28] INFO std_val_accuracy              0.2848
2026-09-24 20:17:24,516 simple_logger.py log_once [line:28] INFO val_loss                      316351206.9211
2026-09-24 20:17:24,516 simple_logger.py log_once [line:28] INFO mean_val_loss                 316541411.3500
2026-09-24 20:17:24,516 simple_logger.py log_once [line:28] INFO std_val_loss                  139983446.0212
2026-09-24 20:17:24,516 fedbase.py run [line:316] INFO Eval Time Cost:               1.4585s
2026-09-24 20:17:24,525 asyncbase.py iterate [line:68] INFO Select clients [np.int64(3), np.int64(10), np.int64(4)] at time 33.
2026-09-24 20:17:25,463 asyncbase.py iterate [line:73] INFO Receive new models from clients [8, 5] at time 34
2026-09-24 20:17:25,496 fedbase.py run [line:311] INFO --------------Round 33--------------
2026-09-24 20:17:25,496 simple_logger.py log_once [line:14] INFO Current_time:34
2026-09-24 20:17:26,947 simple_logger.py log_once [line:28] INFO test_accuracy                 0.1028
2026-09-24 20:17:26,947 simple_logger.py log_once [line:28] INFO test_loss                     321112487.4752
2026-09-24 20:17:26,947 simple_logger.py log_once [line:28] INFO val_accuracy                  0.1043
2026-09-24 20:17:26,947 simple_logger.py log_once [line:28] INFO mean_val_accuracy             0.1043
2026-09-24 20:17:26,947 simple_logger.py log_once [line:28] INFO std_val_accuracy              0.2848
2026-09-24 20:17:26,947 simple_logger.py log_once [line:28] INFO val_loss                      316487709.4082
2026-09-24 20:17:26,947 simple_logger.py log_once [line:28] INFO mean_val_loss                 316678358.3125
2026-09-24 20:17:26,947 simple_logger.py log_once [line:28] INFO std_val_loss                  140066412.7212
2026-09-24 20:17:26,947 fedbase.py run [line:316] INFO Eval Time Cost:               1.4507s
2026-09-24 20:17:26,955 asyncbase.py iterate [line:68] INFO Select clients [np.int64(15)] at time 35.
2026-09-24 20:17:27,261 asyncbase.py iterate [line:73] INFO Receive new models from clients [15] at time 35
2026-09-24 20:17:27,290 fedbase.py run [line:311] INFO --------------Round 34--------------
2026-09-24 20:17:27,290 simple_logger.py log_once [line:14] INFO Current_time:35
2026-09-24 20:17:28,730 simple_logger.py log_once [line:28] INFO test_accuracy                 0.0973
2026-09-24 20:17:28,730 simple_logger.py log_once [line:28] INFO test_loss                     180.8015
2026-09-24 20:17:28,730 simple_logger.py log_once [line:28] INFO val_accuracy                  0.0972
2026-09-24 20:17:28,730 simple_logger.py log_once [line:28] INFO mean_val_accuracy             0.0962
2026-09-24 20:17:28,730 simple_logger.py log_once [line:28] INFO std_val_accuracy              0.2801
2026-09-24 20:17:28,730 simple_logger.py log_once [line:28] INFO val_loss                      186.4660
2026-09-24 20:17:28,730 simple_logger.py log_once [line:28] INFO mean_val_loss                 186.5803
2026-09-24 20:17:28,730 simple_logger.py log_once [line:28] INFO std_val_loss                  166.1259
2026-09-24 20:17:28,730 fedbase.py run [line:316] INFO Eval Time Cost:               1.4400s
2026-09-24 20:17:28,738 asyncbase.py iterate [line:68] INFO Select clients [np.int64(8), np.int64(16), np.int64(7)] at time 36.
2026-09-24 20:17:29,677 asyncbase.py iterate [line:73] INFO Receive new models from clients [4, 3, 10] at time 36
Traceback (most recent call last):
  File "E:\Federated Machine Learning\FL-Byzantine-Library\run_research.py", line 161, in <module>
    main()
    ~~~~^^
  File "E:\Federated Machine Learning\FL-Byzantine-Library\run_research.py", line 157, in main
    runner.run()
    ~~~~~~~~~~^^
  File "E:\Federated Machine Learning\FL-Byzantine-Library\easyFL\flgo\algorithm\fedbase.py", line 308, in run
    updated = self.iterate()
  File "E:\Federated Machine Learning\FL-Byzantine-Library\flgo_byzantine\research_algorithm.py", line 272, in iterate
    return super().iterate()
           ~~~~~~~~~~~~~~~^^
  File "E:\Federated Machine Learning\FL-Byzantine-Library\easyFL\flgo\algorithm\asyncbase.py", line 74, in iterate
    is_model_updated = self.package_handler(received_packages)
  File "E:\Federated Machine Learning\FL-Byzantine-Library\flgo_byzantine\research_algorithm.py", line 335, in package_handler
    raise RuntimeError("aggregate would diverge: non-finite or weight magnitude exceeds 1000")
RuntimeError: aggregate would diverge: non-finite or weight magnitude exceeds 1000
