E:\fl-experiment\.venv\Lib\site-packages\torch\cuda\__init__.py:61: FutureWarning: The pynvml package is deprecated. Please install nvidia-ml-py instead. If you did not install pynvml directly, please report this to the maintainers of the package that installed pynvml for you.
  import pynvml  # type: ignore[import]
2026-09-24 23:02:59,422 fflow.py init [line:848] INFO PROCESS ID:	30468
2026-09-24 23:02:59,422 fflow.py init [line:849] INFO Initializing devices: cuda:0 will be used for this running.
2026-09-24 23:02:59,422 fflow.py init [line:852] INFO BENCHMARK:	flgo.benchmark.mnist_classification
2026-09-24 23:02:59,422 fflow.py init [line:853] INFO TASK:			E:\Federated Machine Learning\FL-Byzantine-Library\mnist_dir20
2026-09-24 23:02:59,432 fflow.py init [line:854] INFO MODEL:		flgo.benchmark.mnist_classification.model.cnn
2026-09-24 23:02:59,432 fflow.py init [line:855] INFO ALGORITHM:	research_algorithm
2026-09-24 23:03:00,451 fflow.py init [line:901] INFO SCENE:		horizontal FL with 1 <class 'flgo_byzantine.research_algorithm.Server'>, 20 <class 'flgo_byzantine.research_algorithm.Client'>
2026-09-24 23:03:00,544 fflow.py init [line:918] INFO SIMULATOR:	<class 'flgo.simulator.default_simulator.Simulator'>
2026-09-24 23:03:05,013 fflow.py init [line:931] INFO Ready to start.
2026-09-24 23:03:05,013 fedbase.py run [line:300] INFO --------------Initial Evaluation--------------
2026-09-24 23:03:05,013 simple_logger.py log_once [line:14] INFO Current_time:0
2026-09-24 23:03:06,611 simple_logger.py log_once [line:28] INFO test_accuracy                 0.0875
2026-09-24 23:03:06,611 simple_logger.py log_once [line:28] INFO test_loss                     2.3101
2026-09-24 23:03:06,611 simple_logger.py log_once [line:28] INFO val_accuracy                  0.0866
2026-09-24 23:03:06,611 simple_logger.py log_once [line:28] INFO mean_val_accuracy             0.0874
2026-09-24 23:03:06,611 simple_logger.py log_once [line:28] INFO std_val_accuracy              0.2312
2026-09-24 23:03:06,611 simple_logger.py log_once [line:28] INFO val_loss                      2.3109
2026-09-24 23:03:06,611 simple_logger.py log_once [line:28] INFO mean_val_loss                 2.3111
2026-09-24 23:03:06,611 simple_logger.py log_once [line:28] INFO std_val_loss                  0.0785
2026-09-24 23:03:06,611 fedbase.py run [line:303] INFO Eval Time Cost:               1.5986s
2026-09-24 23:03:06,624 asyncbase.py iterate [line:68] INFO Select clients [np.int64(7), np.int64(16), np.int64(18), np.int64(1), np.int64(9), np.int64(19)] at time 1.
2026-09-24 23:03:08,544 asyncbase.py iterate [line:73] INFO Receive new models from clients [16] at time 1
2026-09-24 23:03:08,612 fedbase.py run [line:311] INFO --------------Round 1--------------
2026-09-24 23:03:08,612 simple_logger.py log_once [line:14] INFO Current_time:1
2026-09-24 23:03:10,138 simple_logger.py log_once [line:28] INFO test_accuracy                 0.1816
2026-09-24 23:03:10,138 simple_logger.py log_once [line:28] INFO test_loss                     5.7198
2026-09-24 23:03:10,138 simple_logger.py log_once [line:28] INFO val_accuracy                  0.1866
2026-09-24 23:03:10,138 simple_logger.py log_once [line:28] INFO mean_val_accuracy             0.1863
2026-09-24 23:03:10,138 simple_logger.py log_once [line:28] INFO std_val_accuracy              0.3514
2026-09-24 23:03:10,138 simple_logger.py log_once [line:28] INFO val_loss                      5.6854
2026-09-24 23:03:10,138 simple_logger.py log_once [line:28] INFO mean_val_loss                 5.6888
2026-09-24 23:03:10,138 simple_logger.py log_once [line:28] INFO std_val_loss                  3.2999
2026-09-24 23:03:10,138 fedbase.py run [line:316] INFO Eval Time Cost:               1.5263s
2026-09-24 23:03:10,147 asyncbase.py iterate [line:68] INFO Select clients [np.int64(15)] at time 2.
2026-09-24 23:03:10,464 asyncbase.py iterate [line:73] INFO Receive new models from clients [7] at time 2
2026-09-24 23:03:10,496 fedbase.py run [line:311] INFO --------------Round 2--------------
2026-09-24 23:03:10,496 simple_logger.py log_once [line:14] INFO Current_time:2
2026-09-24 23:03:11,972 simple_logger.py log_once [line:28] INFO test_accuracy                 0.1403
2026-09-24 23:03:11,972 simple_logger.py log_once [line:28] INFO test_loss                     5.7980
2026-09-24 23:03:11,972 simple_logger.py log_once [line:28] INFO val_accuracy                  0.1475
2026-09-24 23:03:11,972 simple_logger.py log_once [line:28] INFO mean_val_accuracy             0.1471
2026-09-24 23:03:11,972 simple_logger.py log_once [line:28] INFO std_val_accuracy              0.2804
2026-09-24 23:03:11,972 simple_logger.py log_once [line:28] INFO val_loss                      5.7633
2026-09-24 23:03:11,972 simple_logger.py log_once [line:28] INFO mean_val_loss                 5.7718
2026-09-24 23:03:11,972 simple_logger.py log_once [line:28] INFO std_val_loss                  3.9550
2026-09-24 23:03:11,972 fedbase.py run [line:316] INFO Eval Time Cost:               1.4760s
2026-09-24 23:03:11,981 asyncbase.py iterate [line:73] INFO Receive new models from clients [1, 19, 18] at time 3
2026-09-24 23:03:12,041 fedbase.py run [line:311] INFO --------------Round 3--------------
2026-09-24 23:03:12,041 simple_logger.py log_once [line:14] INFO Current_time:3
2026-09-24 23:03:13,528 simple_logger.py log_once [line:28] INFO test_accuracy                 0.1717
2026-09-24 23:03:13,528 simple_logger.py log_once [line:28] INFO test_loss                     6.8049
2026-09-24 23:03:13,529 simple_logger.py log_once [line:28] INFO val_accuracy                  0.1846
2026-09-24 23:03:13,529 simple_logger.py log_once [line:28] INFO mean_val_accuracy             0.1850
2026-09-24 23:03:13,529 simple_logger.py log_once [line:28] INFO std_val_accuracy              0.2983
2026-09-24 23:03:13,529 simple_logger.py log_once [line:28] INFO val_loss                      6.7322
2026-09-24 23:03:13,529 simple_logger.py log_once [line:28] INFO mean_val_loss                 6.7487
2026-09-24 23:03:13,529 simple_logger.py log_once [line:28] INFO std_val_loss                  4.8503
2026-09-24 23:03:13,529 fedbase.py run [line:316] INFO Eval Time Cost:               1.4881s
2026-09-24 23:03:13,538 asyncbase.py iterate [line:68] INFO Select clients [np.int64(7), np.int64(12)] at time 4.
2026-09-24 23:03:14,168 asyncbase.py iterate [line:73] INFO Receive new models from clients [9, 15] at time 4
2026-09-24 23:03:14,209 fedbase.py run [line:311] INFO --------------Round 4--------------
2026-09-24 23:03:14,209 simple_logger.py log_once [line:14] INFO Current_time:4
2026-09-24 23:03:15,674 simple_logger.py log_once [line:28] INFO test_accuracy                 0.1635
2026-09-24 23:03:15,674 simple_logger.py log_once [line:28] INFO test_loss                     7.4234
2026-09-24 23:03:15,674 simple_logger.py log_once [line:28] INFO val_accuracy                  0.1670
2026-09-24 23:03:15,674 simple_logger.py log_once [line:28] INFO mean_val_accuracy             0.1667
2026-09-24 23:03:15,674 simple_logger.py log_once [line:28] INFO std_val_accuracy              0.3256
2026-09-24 23:03:15,674 simple_logger.py log_once [line:28] INFO val_loss                      7.3778
2026-09-24 23:03:15,674 simple_logger.py log_once [line:28] INFO mean_val_loss                 7.3841
2026-09-24 23:03:15,674 simple_logger.py log_once [line:28] INFO std_val_loss                  4.5536
2026-09-24 23:03:15,674 fedbase.py run [line:316] INFO Eval Time Cost:               1.4650s
2026-09-24 23:03:15,684 asyncbase.py iterate [line:68] INFO Select clients [np.int64(16), np.int64(0), np.int64(3)] at time 5.
2026-09-24 23:03:16,616 asyncbase.py iterate [line:73] INFO Receive new models from clients [0] at time 5
2026-09-24 23:03:16,647 fedbase.py run [line:311] INFO --------------Round 5--------------
2026-09-24 23:03:16,647 simple_logger.py log_once [line:14] INFO Current_time:5
2026-09-24 23:03:18,121 simple_logger.py log_once [line:28] INFO test_accuracy                 0.1032
2026-09-24 23:03:18,121 simple_logger.py log_once [line:28] INFO test_loss                     8.4439
2026-09-24 23:03:18,121 simple_logger.py log_once [line:28] INFO val_accuracy                  0.0983
2026-09-24 23:03:18,121 simple_logger.py log_once [line:28] INFO mean_val_accuracy             0.0993
2026-09-24 23:03:18,121 simple_logger.py log_once [line:28] INFO std_val_accuracy              0.2871
2026-09-24 23:03:18,121 simple_logger.py log_once [line:28] INFO val_loss                      8.4227
2026-09-24 23:03:18,121 simple_logger.py log_once [line:28] INFO mean_val_loss                 8.4201
2026-09-24 23:03:18,121 simple_logger.py log_once [line:28] INFO std_val_loss                  4.1839
2026-09-24 23:03:18,121 fedbase.py run [line:316] INFO Eval Time Cost:               1.4737s
2026-09-24 23:03:18,130 asyncbase.py iterate [line:73] INFO Receive new models from clients [7] at time 6
2026-09-24 23:03:18,161 fedbase.py run [line:311] INFO --------------Round 6--------------
2026-09-24 23:03:18,161 simple_logger.py log_once [line:14] INFO Current_time:6
2026-09-24 23:03:19,734 simple_logger.py log_once [line:28] INFO test_accuracy                 0.1032
2026-09-24 23:03:19,734 simple_logger.py log_once [line:28] INFO test_loss                     8.1170
2026-09-24 23:03:19,734 simple_logger.py log_once [line:28] INFO val_accuracy                  0.0983
2026-09-24 23:03:19,734 simple_logger.py log_once [line:28] INFO mean_val_accuracy             0.0993
2026-09-24 23:03:19,734 simple_logger.py log_once [line:28] INFO std_val_accuracy              0.2871
2026-09-24 23:03:19,734 simple_logger.py log_once [line:28] INFO val_loss                      8.1175
2026-09-24 23:03:19,734 simple_logger.py log_once [line:28] INFO mean_val_loss                 8.1135
2026-09-24 23:03:19,734 simple_logger.py log_once [line:28] INFO std_val_loss                  3.4619
2026-09-24 23:03:19,734 fedbase.py run [line:316] INFO Eval Time Cost:               1.5726s
2026-09-24 23:03:19,744 asyncbase.py iterate [line:68] INFO Select clients [np.int64(1), np.int64(13)] at time 7.
2026-09-24 23:03:20,367 asyncbase.py iterate [line:73] INFO Receive new models from clients [16, 3, 12] at time 7
2026-09-24 23:03:20,422 fedbase.py run [line:311] INFO --------------Round 7--------------
2026-09-24 23:03:20,422 simple_logger.py log_once [line:14] INFO Current_time:7
2026-09-24 23:03:21,927 simple_logger.py log_once [line:28] INFO test_accuracy                 0.1032
2026-09-24 23:03:21,928 simple_logger.py log_once [line:28] INFO test_loss                     3.1946
2026-09-24 23:03:21,928 simple_logger.py log_once [line:28] INFO val_accuracy                  0.0983
2026-09-24 23:03:21,928 simple_logger.py log_once [line:28] INFO mean_val_accuracy             0.0993
2026-09-24 23:03:21,928 simple_logger.py log_once [line:28] INFO std_val_accuracy              0.2871
2026-09-24 23:03:21,928 simple_logger.py log_once [line:28] INFO val_loss                      3.2162
2026-09-24 23:03:21,928 simple_logger.py log_once [line:28] INFO mean_val_loss                 3.2162
2026-09-24 23:03:21,928 simple_logger.py log_once [line:28] INFO std_val_loss                  1.5296
2026-09-24 23:03:21,928 fedbase.py run [line:316] INFO Eval Time Cost:               1.5056s
2026-09-24 23:03:21,938 asyncbase.py iterate [line:68] INFO Select clients [np.int64(7), np.int64(10), np.int64(8), np.int64(0)] at time 8.
2026-09-24 23:03:23,181 asyncbase.py iterate [line:73] INFO Receive new models from clients [1, 7] at time 8
2026-09-24 23:03:23,236 fedbase.py run [line:311] INFO --------------Round 8--------------
2026-09-24 23:03:23,236 simple_logger.py log_once [line:14] INFO Current_time:8
2026-09-24 23:03:24,705 simple_logger.py log_once [line:28] INFO test_accuracy                 0.1234
2026-09-24 23:03:24,705 simple_logger.py log_once [line:28] INFO test_loss                     2.5747
2026-09-24 23:03:24,705 simple_logger.py log_once [line:28] INFO val_accuracy                  0.1222
2026-09-24 23:03:24,705 simple_logger.py log_once [line:28] INFO mean_val_accuracy             0.1227
2026-09-24 23:03:24,705 simple_logger.py log_once [line:28] INFO std_val_accuracy              0.2798
2026-09-24 23:03:24,705 simple_logger.py log_once [line:28] INFO val_loss                      2.5772
2026-09-24 23:03:24,705 simple_logger.py log_once [line:28] INFO mean_val_loss                 2.5753
2026-09-24 23:03:24,705 simple_logger.py log_once [line:28] INFO std_val_loss                  0.7236
2026-09-24 23:03:24,705 fedbase.py run [line:316] INFO Eval Time Cost:               1.4690s
2026-09-24 23:03:24,714 asyncbase.py iterate [line:68] INFO Select clients [np.int64(19), np.int64(4)] at time 9.
2026-09-24 23:03:25,343 asyncbase.py iterate [line:73] INFO Receive new models from clients [4, 10, 13] at time 10
2026-09-24 23:03:25,405 fedbase.py run [line:311] INFO --------------Round 9--------------
2026-09-24 23:03:25,405 simple_logger.py log_once [line:14] INFO Current_time:10
2026-09-24 23:03:26,871 simple_logger.py log_once [line:28] INFO test_accuracy                 0.1479
2026-09-24 23:03:26,871 simple_logger.py log_once [line:28] INFO test_loss                     2.6072
2026-09-24 23:03:26,871 simple_logger.py log_once [line:28] INFO val_accuracy                  0.1484
2026-09-24 23:03:26,871 simple_logger.py log_once [line:28] INFO mean_val_accuracy             0.1489
2026-09-24 23:03:26,871 simple_logger.py log_once [line:28] INFO std_val_accuracy              0.2971
2026-09-24 23:03:26,871 simple_logger.py log_once [line:28] INFO val_loss                      2.6069
2026-09-24 23:03:26,871 simple_logger.py log_once [line:28] INFO mean_val_loss                 2.6057
2026-09-24 23:03:26,871 simple_logger.py log_once [line:28] INFO std_val_loss                  0.7982
2026-09-24 23:03:26,871 fedbase.py run [line:316] INFO Eval Time Cost:               1.4659s
2026-09-24 23:03:26,881 asyncbase.py iterate [line:68] INFO Select clients [np.int64(1), np.int64(18)] at time 11.
2026-09-24 23:03:27,528 asyncbase.py iterate [line:73] INFO Receive new models from clients [8, 0, 1] at time 11
2026-09-24 23:03:27,589 fedbase.py run [line:311] INFO --------------Round 10--------------
2026-09-24 23:03:27,590 simple_logger.py log_once [line:14] INFO Current_time:11
2026-09-24 23:03:29,056 simple_logger.py log_once [line:28] INFO test_accuracy                 0.0958
2026-09-24 23:03:29,056 simple_logger.py log_once [line:28] INFO test_loss                     2.6965
2026-09-24 23:03:29,056 simple_logger.py log_once [line:28] INFO val_accuracy                  0.0981
2026-09-24 23:03:29,056 simple_logger.py log_once [line:28] INFO mean_val_accuracy             0.0983
2026-09-24 23:03:29,056 simple_logger.py log_once [line:28] INFO std_val_accuracy              0.2826
2026-09-24 23:03:29,056 simple_logger.py log_once [line:28] INFO val_loss                      2.6903
2026-09-24 23:03:29,056 simple_logger.py log_once [line:28] INFO mean_val_loss                 2.6907
2026-09-24 23:03:29,056 simple_logger.py log_once [line:28] INFO std_val_loss                  0.9244
2026-09-24 23:03:29,056 fedbase.py run [line:316] INFO Eval Time Cost:               1.4663s
2026-09-24 23:03:29,065 asyncbase.py iterate [line:68] INFO Select clients [np.int64(3), np.int64(7), np.int64(17)] at time 12.
2026-09-24 23:03:30,011 asyncbase.py iterate [line:73] INFO Receive new models from clients [19] at time 12
2026-09-24 23:03:30,042 fedbase.py run [line:311] INFO --------------Round 11--------------
2026-09-24 23:03:30,042 simple_logger.py log_once [line:14] INFO Current_time:12
2026-09-24 23:03:31,513 simple_logger.py log_once [line:28] INFO test_accuracy                 0.0958
2026-09-24 23:03:31,513 simple_logger.py log_once [line:28] INFO test_loss                     11.5622
2026-09-24 23:03:31,513 simple_logger.py log_once [line:28] INFO val_accuracy                  0.0981
2026-09-24 23:03:31,513 simple_logger.py log_once [line:28] INFO mean_val_accuracy             0.0983
2026-09-24 23:03:31,513 simple_logger.py log_once [line:28] INFO std_val_accuracy              0.2826
2026-09-24 23:03:31,513 simple_logger.py log_once [line:28] INFO val_loss                      11.5276
2026-09-24 23:03:31,513 simple_logger.py log_once [line:28] INFO mean_val_loss                 11.5311
2026-09-24 23:03:31,513 simple_logger.py log_once [line:28] INFO std_val_loss                  4.6165
2026-09-24 23:03:31,513 fedbase.py run [line:316] INFO Eval Time Cost:               1.4713s
2026-09-24 23:03:31,524 asyncbase.py iterate [line:68] INFO Select clients [np.int64(13), np.int64(12)] at time 13.
2026-09-24 23:03:32,146 asyncbase.py iterate [line:73] INFO Receive new models from clients [7, 12] at time 13
2026-09-24 23:03:32,201 fedbase.py run [line:311] INFO --------------Round 12--------------
2026-09-24 23:03:32,201 simple_logger.py log_once [line:14] INFO Current_time:13
2026-09-24 23:03:33,672 simple_logger.py log_once [line:28] INFO test_accuracy                 0.0958
2026-09-24 23:03:33,672 simple_logger.py log_once [line:28] INFO test_loss                     382.3110
2026-09-24 23:03:33,672 simple_logger.py log_once [line:28] INFO val_accuracy                  0.0981
2026-09-24 23:03:33,672 simple_logger.py log_once [line:28] INFO mean_val_accuracy             0.0983
2026-09-24 23:03:33,673 simple_logger.py log_once [line:28] INFO std_val_accuracy              0.2826
2026-09-24 23:03:33,673 simple_logger.py log_once [line:28] INFO val_loss                      381.6150
2026-09-24 23:03:33,673 simple_logger.py log_once [line:28] INFO mean_val_loss                 381.4610
2026-09-24 23:03:33,673 simple_logger.py log_once [line:28] INFO std_val_loss                  127.2450
2026-09-24 23:03:33,673 fedbase.py run [line:316] INFO Eval Time Cost:               1.4717s
2026-09-24 23:03:33,682 asyncbase.py iterate [line:68] INFO Select clients [np.int64(5), np.int64(16)] at time 14.
2026-09-24 23:03:34,299 asyncbase.py iterate [line:73] INFO Receive new models from clients [17, 18] at time 14
2026-09-24 23:03:34,355 fedbase.py run [line:311] INFO --------------Round 13--------------
2026-09-24 23:03:34,355 simple_logger.py log_once [line:14] INFO Current_time:14
2026-09-24 23:03:35,828 simple_logger.py log_once [line:28] INFO test_accuracy                 0.0958
2026-09-24 23:03:35,828 simple_logger.py log_once [line:28] INFO test_loss                     606.9669
2026-09-24 23:03:35,828 simple_logger.py log_once [line:28] INFO val_accuracy                  0.0981
2026-09-24 23:03:35,828 simple_logger.py log_once [line:28] INFO mean_val_accuracy             0.0983
2026-09-24 23:03:35,828 simple_logger.py log_once [line:28] INFO std_val_accuracy              0.2826
2026-09-24 23:03:35,828 simple_logger.py log_once [line:28] INFO val_loss                      605.8010
2026-09-24 23:03:35,828 simple_logger.py log_once [line:28] INFO mean_val_loss                 605.5547
2026-09-24 23:03:35,828 simple_logger.py log_once [line:28] INFO std_val_loss                  199.5903
2026-09-24 23:03:35,828 fedbase.py run [line:316] INFO Eval Time Cost:               1.4733s
2026-09-24 23:03:35,838 asyncbase.py iterate [line:68] INFO Select clients [np.int64(17)] at time 15.
2026-09-24 23:03:36,149 asyncbase.py iterate [line:73] INFO Receive new models from clients [13, 16, 3] at time 15
2026-09-24 23:03:36,215 fedbase.py run [line:311] INFO --------------Round 14--------------
2026-09-24 23:03:36,215 simple_logger.py log_once [line:14] INFO Current_time:15
2026-09-24 23:03:37,669 simple_logger.py log_once [line:28] INFO test_accuracy                 0.2707
2026-09-24 23:03:37,669 simple_logger.py log_once [line:28] INFO test_loss                     2.8720
2026-09-24 23:03:37,669 simple_logger.py log_once [line:28] INFO val_accuracy                  0.2719
2026-09-24 23:03:37,669 simple_logger.py log_once [line:28] INFO mean_val_accuracy             0.2721
2026-09-24 23:03:37,669 simple_logger.py log_once [line:28] INFO std_val_accuracy              0.3898
2026-09-24 23:03:37,669 simple_logger.py log_once [line:28] INFO val_loss                      2.8579
2026-09-24 23:03:37,669 simple_logger.py log_once [line:28] INFO mean_val_loss                 2.8595
2026-09-24 23:03:37,669 simple_logger.py log_once [line:28] INFO std_val_loss                  1.5678
2026-09-24 23:03:37,670 fedbase.py run [line:316] INFO Eval Time Cost:               1.4551s
2026-09-24 23:03:37,680 asyncbase.py iterate [line:68] INFO Select clients [np.int64(7), np.int64(14), np.int64(12)] at time 16.
2026-09-24 23:03:38,611 asyncbase.py iterate [line:73] INFO Receive new models from clients [5, 17] at time 16
2026-09-24 23:03:38,667 fedbase.py run [line:311] INFO --------------Round 15--------------
2026-09-24 23:03:38,667 simple_logger.py log_once [line:14] INFO Current_time:16
2026-09-24 23:03:40,128 simple_logger.py log_once [line:28] INFO test_accuracy                 0.1010
2026-09-24 23:03:40,128 simple_logger.py log_once [line:28] INFO test_loss                     8.2605
2026-09-24 23:03:40,128 simple_logger.py log_once [line:28] INFO val_accuracy                  0.1020
2026-09-24 23:03:40,128 simple_logger.py log_once [line:28] INFO mean_val_accuracy             0.1016
2026-09-24 23:03:40,128 simple_logger.py log_once [line:28] INFO std_val_accuracy              0.2730
2026-09-24 23:03:40,128 simple_logger.py log_once [line:28] INFO val_loss                      8.2032
2026-09-24 23:03:40,128 simple_logger.py log_once [line:28] INFO mean_val_loss                 8.2099
2026-09-24 23:03:40,128 simple_logger.py log_once [line:28] INFO std_val_loss                  4.4666
2026-09-24 23:03:40,129 fedbase.py run [line:316] INFO Eval Time Cost:               1.4616s
2026-09-24 23:03:40,137 asyncbase.py iterate [line:68] INFO Select clients [np.int64(17), np.int64(9), np.int64(4)] at time 17.
2026-09-24 23:03:41,048 asyncbase.py iterate [line:73] INFO Receive new models from clients [12] at time 17
2026-09-24 23:03:41,079 fedbase.py run [line:311] INFO --------------Round 16--------------
2026-09-24 23:03:41,079 simple_logger.py log_once [line:14] INFO Current_time:17
2026-09-24 23:03:42,543 simple_logger.py log_once [line:28] INFO test_accuracy                 0.1010
2026-09-24 23:03:42,543 simple_logger.py log_once [line:28] INFO test_loss                     5.8718
2026-09-24 23:03:42,543 simple_logger.py log_once [line:28] INFO val_accuracy                  0.1020
2026-09-24 23:03:42,543 simple_logger.py log_once [line:28] INFO mean_val_accuracy             0.1016
2026-09-24 23:03:42,543 simple_logger.py log_once [line:28] INFO std_val_accuracy              0.2730
2026-09-24 23:03:42,543 simple_logger.py log_once [line:28] INFO val_loss                      5.8525
2026-09-24 23:03:42,543 simple_logger.py log_once [line:28] INFO mean_val_loss                 5.8569
2026-09-24 23:03:42,543 simple_logger.py log_once [line:28] INFO std_val_loss                  3.4220
2026-09-24 23:03:42,543 fedbase.py run [line:316] INFO Eval Time Cost:               1.4634s
2026-09-24 23:03:42,551 asyncbase.py iterate [line:68] INFO Select clients [np.int64(12)] at time 18.
2026-09-24 23:03:42,864 asyncbase.py iterate [line:73] INFO Receive new models from clients [9, 17] at time 18
2026-09-24 23:03:42,919 fedbase.py run [line:311] INFO --------------Round 17--------------
2026-09-24 23:03:42,919 simple_logger.py log_once [line:14] INFO Current_time:18
2026-09-24 23:03:44,377 simple_logger.py log_once [line:28] INFO test_accuracy                 0.1010
2026-09-24 23:03:44,377 simple_logger.py log_once [line:28] INFO test_loss                     4.2677
2026-09-24 23:03:44,377 simple_logger.py log_once [line:28] INFO val_accuracy                  0.1020
2026-09-24 23:03:44,377 simple_logger.py log_once [line:28] INFO mean_val_accuracy             0.1016
2026-09-24 23:03:44,377 simple_logger.py log_once [line:28] INFO std_val_accuracy              0.2730
2026-09-24 23:03:44,377 simple_logger.py log_once [line:28] INFO val_loss                      4.2789
2026-09-24 23:03:44,377 simple_logger.py log_once [line:28] INFO mean_val_loss                 4.2792
2026-09-24 23:03:44,377 simple_logger.py log_once [line:28] INFO std_val_loss                  2.5960
2026-09-24 23:03:44,377 fedbase.py run [line:316] INFO Eval Time Cost:               1.4579s
2026-09-24 23:03:44,387 asyncbase.py iterate [line:68] INFO Select clients [np.int64(5)] at time 19.
2026-09-24 23:03:44,693 asyncbase.py iterate [line:73] INFO Receive new models from clients [7, 4, 14, 5] at time 19
2026-09-24 23:03:44,765 fedbase.py run [line:311] INFO --------------Round 18--------------
2026-09-24 23:03:44,765 simple_logger.py log_once [line:14] INFO Current_time:19
2026-09-24 23:03:46,226 simple_logger.py log_once [line:28] INFO test_accuracy                 0.1289
2026-09-24 23:03:46,226 simple_logger.py log_once [line:28] INFO test_loss                     3.2777
2026-09-24 23:03:46,226 simple_logger.py log_once [line:28] INFO val_accuracy                  0.1309
2026-09-24 23:03:46,226 simple_logger.py log_once [line:28] INFO mean_val_accuracy             0.1312
2026-09-24 23:03:46,226 simple_logger.py log_once [line:28] INFO std_val_accuracy              0.2700
2026-09-24 23:03:46,226 simple_logger.py log_once [line:28] INFO val_loss                      3.2749
2026-09-24 23:03:46,226 simple_logger.py log_once [line:28] INFO mean_val_loss                 3.2735
2026-09-24 23:03:46,226 simple_logger.py log_once [line:28] INFO std_val_loss                  1.8080
2026-09-24 23:03:46,227 fedbase.py run [line:316] INFO Eval Time Cost:               1.4613s
2026-09-24 23:03:46,235 asyncbase.py iterate [line:68] INFO Select clients [np.int64(6), np.int64(15), np.int64(8), np.int64(1)] at time 20.
2026-09-24 23:03:47,470 asyncbase.py iterate [line:73] INFO Receive new models from clients [12, 8] at time 20
2026-09-24 23:03:47,522 fedbase.py run [line:311] INFO --------------Round 19--------------
2026-09-24 23:03:47,522 simple_logger.py log_once [line:14] INFO Current_time:20
2026-09-24 23:03:49,002 simple_logger.py log_once [line:28] INFO test_accuracy                 0.1881
2026-09-24 23:03:49,002 simple_logger.py log_once [line:28] INFO test_loss                     2.7737
2026-09-24 23:03:49,002 simple_logger.py log_once [line:28] INFO val_accuracy                  0.1798
2026-09-24 23:03:49,002 simple_logger.py log_once [line:28] INFO mean_val_accuracy             0.1794
2026-09-24 23:03:49,002 simple_logger.py log_once [line:28] INFO std_val_accuracy              0.3348
2026-09-24 23:03:49,002 simple_logger.py log_once [line:28] INFO val_loss                      2.7701
2026-09-24 23:03:49,002 simple_logger.py log_once [line:28] INFO mean_val_loss                 2.7655
2026-09-24 23:03:49,002 simple_logger.py log_once [line:28] INFO std_val_loss                  1.5297
2026-09-24 23:03:49,002 fedbase.py run [line:316] INFO Eval Time Cost:               1.4800s
2026-09-24 23:03:49,011 asyncbase.py iterate [line:68] INFO Select clients [np.int64(12), np.int64(7), np.int64(3)] at time 21.
2026-09-24 23:03:49,942 asyncbase.py iterate [line:73] INFO Receive new models from clients [6] at time 21
2026-09-24 23:03:49,974 fedbase.py run [line:311] INFO --------------Round 20--------------
2026-09-24 23:03:49,974 simple_logger.py log_once [line:14] INFO Current_time:21
2026-09-24 23:03:51,448 simple_logger.py log_once [line:28] INFO test_accuracy                 0.1948
2026-09-24 23:03:51,448 simple_logger.py log_once [line:28] INFO test_loss                     11.1944
2026-09-24 23:03:51,448 simple_logger.py log_once [line:28] INFO val_accuracy                  0.2000
2026-09-24 23:03:51,448 simple_logger.py log_once [line:28] INFO mean_val_accuracy             0.2003
2026-09-24 23:03:51,448 simple_logger.py log_once [line:28] INFO std_val_accuracy              0.3839
2026-09-24 23:03:51,448 simple_logger.py log_once [line:28] INFO val_loss                      10.9921
2026-09-24 23:03:51,448 simple_logger.py log_once [line:28] INFO mean_val_loss                 11.0070
2026-09-24 23:03:51,448 simple_logger.py log_once [line:28] INFO std_val_loss                  6.9134
2026-09-24 23:03:51,449 fedbase.py run [line:316] INFO Eval Time Cost:               1.4747s
2026-09-24 23:03:51,467 asyncbase.py iterate [line:73] INFO Receive new models from clients [12, 7, 1, 15] at time 23
2026-09-24 23:03:51,538 fedbase.py run [line:311] INFO --------------Round 21--------------
2026-09-24 23:03:51,538 simple_logger.py log_once [line:14] INFO Current_time:23
2026-09-24 23:03:53,007 simple_logger.py log_once [line:28] INFO test_accuracy                 0.1941
2026-09-24 23:03:53,007 simple_logger.py log_once [line:28] INFO test_loss                     23.0441
2026-09-24 23:03:53,007 simple_logger.py log_once [line:28] INFO val_accuracy                  0.1986
2026-09-24 23:03:53,007 simple_logger.py log_once [line:28] INFO mean_val_accuracy             0.1989
2026-09-24 23:03:53,007 simple_logger.py log_once [line:28] INFO std_val_accuracy              0.3810
2026-09-24 23:03:53,007 simple_logger.py log_once [line:28] INFO val_loss                      22.6168
2026-09-24 23:03:53,007 simple_logger.py log_once [line:28] INFO mean_val_loss                 22.6347
2026-09-24 23:03:53,007 simple_logger.py log_once [line:28] INFO std_val_loss                  13.3917
2026-09-24 23:03:53,007 fedbase.py run [line:316] INFO Eval Time Cost:               1.4692s
2026-09-24 23:03:53,017 asyncbase.py iterate [line:68] INFO Select clients [np.int64(9), np.int64(4), np.int64(17), np.int64(13)] at time 24.
2026-09-24 23:03:54,249 asyncbase.py iterate [line:73] INFO Receive new models from clients [3, 9, 17, 13] at time 24
2026-09-24 23:03:54,323 fedbase.py run [line:311] INFO --------------Round 22--------------
2026-09-24 23:03:54,323 simple_logger.py log_once [line:14] INFO Current_time:24
2026-09-24 23:03:55,794 simple_logger.py log_once [line:28] INFO test_accuracy                 0.1010
2026-09-24 23:03:55,794 simple_logger.py log_once [line:28] INFO test_loss                     58.5440
2026-09-24 23:03:55,794 simple_logger.py log_once [line:28] INFO val_accuracy                  0.1020
2026-09-24 23:03:55,794 simple_logger.py log_once [line:28] INFO mean_val_accuracy             0.1016
2026-09-24 23:03:55,794 simple_logger.py log_once [line:28] INFO std_val_accuracy              0.2730
2026-09-24 23:03:55,794 simple_logger.py log_once [line:28] INFO val_loss                      58.9388
2026-09-24 23:03:55,794 simple_logger.py log_once [line:28] INFO mean_val_loss                 58.9925
2026-09-24 23:03:55,794 simple_logger.py log_once [line:28] INFO std_val_loss                  58.4311
2026-09-24 23:03:55,794 fedbase.py run [line:316] INFO Eval Time Cost:               1.4719s
2026-09-24 23:03:55,803 asyncbase.py iterate [line:68] INFO Select clients [np.int64(19), np.int64(5), np.int64(0), np.int64(3)] at time 25.
2026-09-24 23:03:57,018 asyncbase.py iterate [line:73] INFO Receive new models from clients [0] at time 25
2026-09-24 23:03:57,051 fedbase.py run [line:311] INFO --------------Round 23--------------
2026-09-24 23:03:57,051 simple_logger.py log_once [line:14] INFO Current_time:25
2026-09-24 23:03:58,515 simple_logger.py log_once [line:28] INFO test_accuracy                 0.1032
2026-09-24 23:03:58,515 simple_logger.py log_once [line:28] INFO test_loss                     5.6081
2026-09-24 23:03:58,515 simple_logger.py log_once [line:28] INFO val_accuracy                  0.0983
2026-09-24 23:03:58,515 simple_logger.py log_once [line:28] INFO mean_val_accuracy             0.0993
2026-09-24 23:03:58,515 simple_logger.py log_once [line:28] INFO std_val_accuracy              0.2871
2026-09-24 23:03:58,515 simple_logger.py log_once [line:28] INFO val_loss                      5.6420
2026-09-24 23:03:58,515 simple_logger.py log_once [line:28] INFO mean_val_loss                 5.6332
2026-09-24 23:03:58,515 simple_logger.py log_once [line:28] INFO std_val_loss                  2.3946
2026-09-24 23:03:58,515 fedbase.py run [line:316] INFO Eval Time Cost:               1.4640s
2026-09-24 23:03:58,524 asyncbase.py iterate [line:68] INFO Select clients [np.int64(9), np.int64(18)] at time 26.
2026-09-24 23:03:59,140 asyncbase.py iterate [line:73] INFO Receive new models from clients [3, 4, 5] at time 26
2026-09-24 23:03:59,204 fedbase.py run [line:311] INFO --------------Round 24--------------
2026-09-24 23:03:59,204 simple_logger.py log_once [line:14] INFO Current_time:26
2026-09-24 23:04:00,674 simple_logger.py log_once [line:28] INFO test_accuracy                 0.1032
2026-09-24 23:04:00,675 simple_logger.py log_once [line:28] INFO test_loss                     6.0365
2026-09-24 23:04:00,675 simple_logger.py log_once [line:28] INFO val_accuracy                  0.0983
2026-09-24 23:04:00,675 simple_logger.py log_once [line:28] INFO mean_val_accuracy             0.0993
2026-09-24 23:04:00,675 simple_logger.py log_once [line:28] INFO std_val_accuracy              0.2871
2026-09-24 23:04:00,675 simple_logger.py log_once [line:28] INFO val_loss                      6.0787
2026-09-24 23:04:00,675 simple_logger.py log_once [line:28] INFO mean_val_loss                 6.0702
2026-09-24 23:04:00,675 simple_logger.py log_once [line:28] INFO std_val_loss                  2.7249
2026-09-24 23:04:00,675 fedbase.py run [line:316] INFO Eval Time Cost:               1.4708s
2026-09-24 23:04:00,684 asyncbase.py iterate [line:68] INFO Select clients [np.int64(14), np.int64(13)] at time 27.
2026-09-24 23:04:01,301 asyncbase.py iterate [line:73] INFO Receive new models from clients [18, 19, 13, 9] at time 27
2026-09-24 23:04:01,373 fedbase.py run [line:311] INFO --------------Round 25--------------
2026-09-24 23:04:01,373 simple_logger.py log_once [line:14] INFO Current_time:27
2026-09-24 23:04:02,863 simple_logger.py log_once [line:28] INFO test_accuracy                 0.1032
2026-09-24 23:04:02,863 simple_logger.py log_once [line:28] INFO test_loss                     3.8102
2026-09-24 23:04:02,863 simple_logger.py log_once [line:28] INFO val_accuracy                  0.0983
2026-09-24 23:04:02,863 simple_logger.py log_once [line:28] INFO mean_val_accuracy             0.0993
2026-09-24 23:04:02,863 simple_logger.py log_once [line:28] INFO std_val_accuracy              0.2871
2026-09-24 23:04:02,863 simple_logger.py log_once [line:28] INFO val_loss                      3.8476
2026-09-24 23:04:02,863 simple_logger.py log_once [line:28] INFO mean_val_loss                 3.8445
2026-09-24 23:04:02,863 simple_logger.py log_once [line:28] INFO std_val_loss                  2.1792
2026-09-24 23:04:02,864 fedbase.py run [line:316] INFO Eval Time Cost:               1.4908s
2026-09-24 23:04:02,873 asyncbase.py iterate [line:68] INFO Select clients [np.int64(0), np.int64(10), np.int64(12), np.int64(19), np.int64(16)] at time 28.
2026-09-24 23:04:04,441 asyncbase.py iterate [line:73] INFO Receive new models from clients [10, 12] at time 28
2026-09-24 23:04:04,500 fedbase.py run [line:311] INFO --------------Round 26--------------
2026-09-24 23:04:04,500 simple_logger.py log_once [line:14] INFO Current_time:28
2026-09-24 23:04:05,953 simple_logger.py log_once [line:28] INFO test_accuracy                 0.1011
2026-09-24 23:04:05,954 simple_logger.py log_once [line:28] INFO test_loss                     853484718.7968
2026-09-24 23:04:05,954 simple_logger.py log_once [line:28] INFO val_accuracy                  0.1020
2026-09-24 23:04:05,954 simple_logger.py log_once [line:28] INFO mean_val_accuracy             0.1016
2026-09-24 23:04:05,954 simple_logger.py log_once [line:28] INFO std_val_accuracy              0.2730
2026-09-24 23:04:05,954 simple_logger.py log_once [line:28] INFO val_loss                      821842834.6652
2026-09-24 23:04:05,954 simple_logger.py log_once [line:28] INFO mean_val_loss                 823604415.0000
2026-09-24 23:04:05,954 simple_logger.py log_once [line:28] INFO std_val_loss                  666447583.4164
2026-09-24 23:04:05,954 fedbase.py run [line:316] INFO Eval Time Cost:               1.4540s
2026-09-24 23:04:05,963 asyncbase.py iterate [line:68] INFO Select clients [np.int64(7), np.int64(1)] at time 29.
2026-09-24 23:04:06,576 asyncbase.py iterate [line:73] INFO Receive new models from clients [16, 7] at time 29
2026-09-24 23:04:06,616 fedbase.py run [line:311] INFO --------------Round 27--------------
2026-09-24 23:04:06,616 simple_logger.py log_once [line:14] INFO Current_time:29
2026-09-24 23:04:08,084 simple_logger.py log_once [line:28] INFO test_accuracy                 0.1011
2026-09-24 23:04:08,085 simple_logger.py log_once [line:28] INFO test_loss                     849438855.0656
2026-09-24 23:04:08,085 simple_logger.py log_once [line:28] INFO val_accuracy                  0.1020
2026-09-24 23:04:08,085 simple_logger.py log_once [line:28] INFO mean_val_accuracy             0.1016
2026-09-24 23:04:08,085 simple_logger.py log_once [line:28] INFO std_val_accuracy              0.2730
2026-09-24 23:04:08,085 simple_logger.py log_once [line:28] INFO val_loss                      817858504.2223
2026-09-24 23:04:08,085 simple_logger.py log_once [line:28] INFO mean_val_loss                 819615943.0000
2026-09-24 23:04:08,085 simple_logger.py log_once [line:28] INFO std_val_loss                  664322120.2953
2026-09-24 23:04:08,085 fedbase.py run [line:316] INFO Eval Time Cost:               1.4693s
2026-09-24 23:04:08,095 asyncbase.py iterate [line:68] INFO Select clients [np.int64(3), np.int64(9)] at time 30.
2026-09-24 23:04:08,711 asyncbase.py iterate [line:73] INFO Receive new models from clients [14, 19, 3, 0] at time 30
2026-09-24 23:04:08,783 fedbase.py run [line:311] INFO --------------Round 28--------------
2026-09-24 23:04:08,783 simple_logger.py log_once [line:14] INFO Current_time:30
2026-09-24 23:04:10,238 simple_logger.py log_once [line:28] INFO test_accuracy                 0.1012
2026-09-24 23:04:10,238 simple_logger.py log_once [line:28] INFO test_loss                     816191510.6304
2026-09-24 23:04:10,238 simple_logger.py log_once [line:28] INFO val_accuracy                  0.1020
2026-09-24 23:04:10,238 simple_logger.py log_once [line:28] INFO mean_val_accuracy             0.1016
2026-09-24 23:04:10,238 simple_logger.py log_once [line:28] INFO std_val_accuracy              0.2730
2026-09-24 23:04:10,238 simple_logger.py log_once [line:28] INFO val_loss                      785480089.5976
2026-09-24 23:04:10,238 simple_logger.py log_once [line:28] INFO mean_val_loss                 787177689.8000
2026-09-24 23:04:10,238 simple_logger.py log_once [line:28] INFO std_val_loss                  648586363.1624
2026-09-24 23:04:10,238 fedbase.py run [line:316] INFO Eval Time Cost:               1.4550s
2026-09-24 23:04:10,247 asyncbase.py iterate [line:68] INFO Select clients [np.int64(3), np.int64(18), np.int64(19)] at time 31.
2026-09-24 23:04:11,180 asyncbase.py iterate [line:73] INFO Receive new models from clients [1, 9, 19] at time 31
Traceback (most recent call last):
  File "E:\Federated Machine Learning\FL-Byzantine-Library\run_research.py", line 161, in <module>
    main()
    ~~~~^^
  File "E:\Federated Machine Learning\FL-Byzantine-Library\run_research.py", line 157, in main
    runner.run()
    ~~~~~~~~~~^^
  File "E:\Federated Machine Learning\FL-Byzantine-Library\easyFL\flgo\algorithm\fedbase.py", line 308, in run
    updated = self.iterate()
  File "E:\Federated Machine Learning\FL-Byzantine-Library\flgo_byzantine\research_algorithm.py", line 272, in iterate
    return super().iterate()
           ~~~~~~~~~~~~~~~^^
  File "E:\Federated Machine Learning\FL-Byzantine-Library\easyFL\flgo\algorithm\asyncbase.py", line 74, in iterate
    is_model_updated = self.package_handler(received_packages)
  File "E:\Federated Machine Learning\FL-Byzantine-Library\flgo_byzantine\research_algorithm.py", line 335, in package_handler
    raise RuntimeError("aggregate would diverge: non-finite or weight magnitude exceeds 1000")
RuntimeError: aggregate would diverge: non-finite or weight magnitude exceeds 1000
