E:\fl-experiment\.venv\Lib\site-packages\torch\cuda\__init__.py:61: FutureWarning: The pynvml package is deprecated. Please install nvidia-ml-py instead. If you did not install pynvml directly, please report this to the maintainers of the package that installed pynvml for you.
  import pynvml  # type: ignore[import]
2026-09-24 22:24:52,299 fflow.py init [line:848] INFO PROCESS ID:	25480
2026-09-24 22:24:52,299 fflow.py init [line:849] INFO Initializing devices: cuda:0 will be used for this running.
2026-09-24 22:24:52,299 fflow.py init [line:852] INFO BENCHMARK:	flgo.benchmark.mnist_classification
2026-09-24 22:24:52,299 fflow.py init [line:853] INFO TASK:			E:\Federated Machine Learning\FL-Byzantine-Library\mnist_dir20
2026-09-24 22:24:52,299 fflow.py init [line:854] INFO MODEL:		flgo.benchmark.mnist_classification.model.cnn
2026-09-24 22:24:52,299 fflow.py init [line:855] INFO ALGORITHM:	research_algorithm
2026-09-24 22:24:53,330 fflow.py init [line:901] INFO SCENE:		horizontal FL with 1 <class 'flgo_byzantine.research_algorithm.Server'>, 20 <class 'flgo_byzantine.research_algorithm.Client'>
2026-09-24 22:24:53,418 fflow.py init [line:918] INFO SIMULATOR:	<class 'flgo.simulator.default_simulator.Simulator'>
2026-09-24 22:24:57,817 fflow.py init [line:931] INFO Ready to start.
2026-09-24 22:24:57,817 fedbase.py run [line:300] INFO --------------Initial Evaluation--------------
2026-09-24 22:24:57,817 simple_logger.py log_once [line:14] INFO Current_time:0
2026-09-24 22:24:59,407 simple_logger.py log_once [line:28] INFO test_accuracy                 0.0875
2026-09-24 22:24:59,407 simple_logger.py log_once [line:28] INFO test_loss                     2.3101
2026-09-24 22:24:59,407 simple_logger.py log_once [line:28] INFO val_accuracy                  0.0866
2026-09-24 22:24:59,407 simple_logger.py log_once [line:28] INFO mean_val_accuracy             0.0874
2026-09-24 22:24:59,407 simple_logger.py log_once [line:28] INFO std_val_accuracy              0.2312
2026-09-24 22:24:59,407 simple_logger.py log_once [line:28] INFO val_loss                      2.3109
2026-09-24 22:24:59,407 simple_logger.py log_once [line:28] INFO mean_val_loss                 2.3111
2026-09-24 22:24:59,407 simple_logger.py log_once [line:28] INFO std_val_loss                  0.0785
2026-09-24 22:24:59,407 fedbase.py run [line:303] INFO Eval Time Cost:               1.5897s
2026-09-24 22:24:59,417 asyncbase.py iterate [line:68] INFO Select clients [np.int64(7), np.int64(16), np.int64(18), np.int64(1), np.int64(9), np.int64(19)] at time 1.
2026-09-24 22:25:01,318 asyncbase.py iterate [line:73] INFO Receive new models from clients [16] at time 1
2026-09-24 22:25:01,382 fedbase.py run [line:311] INFO --------------Round 1--------------
2026-09-24 22:25:01,382 simple_logger.py log_once [line:14] INFO Current_time:1
2026-09-24 22:25:02,868 simple_logger.py log_once [line:28] INFO test_accuracy                 0.0980
2026-09-24 22:25:02,868 simple_logger.py log_once [line:28] INFO test_loss                     3.3279
2026-09-24 22:25:02,868 simple_logger.py log_once [line:28] INFO val_accuracy                  0.0990
2026-09-24 22:25:02,868 simple_logger.py log_once [line:28] INFO mean_val_accuracy             0.1000
2026-09-24 22:25:02,868 simple_logger.py log_once [line:28] INFO std_val_accuracy              0.2627
2026-09-24 22:25:02,868 simple_logger.py log_once [line:28] INFO val_loss                      3.3119
2026-09-24 22:25:02,868 simple_logger.py log_once [line:28] INFO mean_val_loss                 3.3090
2026-09-24 22:25:02,868 simple_logger.py log_once [line:28] INFO std_val_loss                  1.3292
2026-09-24 22:25:02,868 fedbase.py run [line:316] INFO Eval Time Cost:               1.4856s
2026-09-24 22:25:02,877 asyncbase.py iterate [line:68] INFO Select clients [np.int64(15)] at time 2.
2026-09-24 22:25:03,190 asyncbase.py iterate [line:73] INFO Receive new models from clients [7] at time 2
2026-09-24 22:25:03,222 fedbase.py run [line:311] INFO --------------Round 2--------------
2026-09-24 22:25:03,222 simple_logger.py log_once [line:14] INFO Current_time:2
2026-09-24 22:25:04,690 simple_logger.py log_once [line:28] INFO test_accuracy                 0.0980
2026-09-24 22:25:04,690 simple_logger.py log_once [line:28] INFO test_loss                     17.5373
2026-09-24 22:25:04,690 simple_logger.py log_once [line:28] INFO val_accuracy                  0.0990
2026-09-24 22:25:04,690 simple_logger.py log_once [line:28] INFO mean_val_accuracy             0.1000
2026-09-24 22:25:04,690 simple_logger.py log_once [line:28] INFO std_val_accuracy              0.2627
2026-09-24 22:25:04,690 simple_logger.py log_once [line:28] INFO val_loss                      17.3933
2026-09-24 22:25:04,690 simple_logger.py log_once [line:28] INFO mean_val_loss                 17.3755
2026-09-24 22:25:04,690 simple_logger.py log_once [line:28] INFO std_val_loss                  5.3176
2026-09-24 22:25:04,690 fedbase.py run [line:316] INFO Eval Time Cost:               1.4682s
2026-09-24 22:25:04,699 asyncbase.py iterate [line:73] INFO Receive new models from clients [1, 19, 18] at time 3
2026-09-24 22:25:04,762 fedbase.py run [line:311] INFO --------------Round 3--------------
2026-09-24 22:25:04,762 simple_logger.py log_once [line:14] INFO Current_time:3
2026-09-24 22:25:06,282 simple_logger.py log_once [line:28] INFO test_accuracy                 0.0980
2026-09-24 22:25:06,282 simple_logger.py log_once [line:28] INFO test_loss                     40.7094
2026-09-24 22:25:06,282 simple_logger.py log_once [line:28] INFO val_accuracy                  0.0990
2026-09-24 22:25:06,282 simple_logger.py log_once [line:28] INFO mean_val_accuracy             0.1000
2026-09-24 22:25:06,282 simple_logger.py log_once [line:28] INFO std_val_accuracy              0.2627
2026-09-24 22:25:06,282 simple_logger.py log_once [line:28] INFO val_loss                      40.3385
2026-09-24 22:25:06,282 simple_logger.py log_once [line:28] INFO mean_val_loss                 40.3012
2026-09-24 22:25:06,282 simple_logger.py log_once [line:28] INFO std_val_loss                  12.5910
2026-09-24 22:25:06,282 fedbase.py run [line:316] INFO Eval Time Cost:               1.5207s
2026-09-24 22:25:06,291 asyncbase.py iterate [line:68] INFO Select clients [np.int64(7), np.int64(12)] at time 4.
2026-09-24 22:25:06,969 asyncbase.py iterate [line:73] INFO Receive new models from clients [9, 15] at time 4
2026-09-24 22:25:07,010 fedbase.py run [line:311] INFO --------------Round 4--------------
2026-09-24 22:25:07,010 simple_logger.py log_once [line:14] INFO Current_time:4
2026-09-24 22:25:08,615 simple_logger.py log_once [line:28] INFO test_accuracy                 0.0980
2026-09-24 22:25:08,615 simple_logger.py log_once [line:28] INFO test_loss                     32.6520
2026-09-24 22:25:08,615 simple_logger.py log_once [line:28] INFO val_accuracy                  0.0990
2026-09-24 22:25:08,615 simple_logger.py log_once [line:28] INFO mean_val_accuracy             0.1000
2026-09-24 22:25:08,615 simple_logger.py log_once [line:28] INFO std_val_accuracy              0.2627
2026-09-24 22:25:08,615 simple_logger.py log_once [line:28] INFO val_loss                      32.3784
2026-09-24 22:25:08,615 simple_logger.py log_once [line:28] INFO mean_val_loss                 32.3406
2026-09-24 22:25:08,615 simple_logger.py log_once [line:28] INFO std_val_loss                  10.1712
2026-09-24 22:25:08,616 fedbase.py run [line:316] INFO Eval Time Cost:               1.6059s
2026-09-24 22:25:08,625 asyncbase.py iterate [line:68] INFO Select clients [np.int64(16), np.int64(0), np.int64(3)] at time 5.
2026-09-24 22:25:09,546 asyncbase.py iterate [line:73] INFO Receive new models from clients [0] at time 5
2026-09-24 22:25:09,578 fedbase.py run [line:311] INFO --------------Round 5--------------
2026-09-24 22:25:09,578 simple_logger.py log_once [line:14] INFO Current_time:5
2026-09-24 22:25:11,035 simple_logger.py log_once [line:28] INFO test_accuracy                 0.1670
2026-09-24 22:25:11,035 simple_logger.py log_once [line:28] INFO test_loss                     4.1237
2026-09-24 22:25:11,035 simple_logger.py log_once [line:28] INFO val_accuracy                  0.1626
2026-09-24 22:25:11,035 simple_logger.py log_once [line:28] INFO mean_val_accuracy             0.1620
2026-09-24 22:25:11,035 simple_logger.py log_once [line:28] INFO std_val_accuracy              0.3193
2026-09-24 22:25:11,035 simple_logger.py log_once [line:28] INFO val_loss                      4.0281
2026-09-24 22:25:11,035 simple_logger.py log_once [line:28] INFO mean_val_loss                 4.0485
2026-09-24 22:25:11,035 simple_logger.py log_once [line:28] INFO std_val_loss                  5.1098
2026-09-24 22:25:11,035 fedbase.py run [line:316] INFO Eval Time Cost:               1.4569s
2026-09-24 22:25:11,045 asyncbase.py iterate [line:73] INFO Receive new models from clients [7] at time 6
2026-09-24 22:25:11,078 fedbase.py run [line:311] INFO --------------Round 6--------------
2026-09-24 22:25:11,078 simple_logger.py log_once [line:14] INFO Current_time:6
2026-09-24 22:25:12,569 simple_logger.py log_once [line:28] INFO test_accuracy                 0.0982
2026-09-24 22:25:12,569 simple_logger.py log_once [line:28] INFO test_loss                     2.5025
2026-09-24 22:25:12,570 simple_logger.py log_once [line:28] INFO val_accuracy                  0.0989
2026-09-24 22:25:12,570 simple_logger.py log_once [line:28] INFO mean_val_accuracy             0.0993
2026-09-24 22:25:12,570 simple_logger.py log_once [line:28] INFO std_val_accuracy              0.2797
2026-09-24 22:25:12,570 simple_logger.py log_once [line:28] INFO val_loss                      2.4943
2026-09-24 22:25:12,570 simple_logger.py log_once [line:28] INFO mean_val_loss                 2.4947
2026-09-24 22:25:12,570 simple_logger.py log_once [line:28] INFO std_val_loss                  0.6264
2026-09-24 22:25:12,570 fedbase.py run [line:316] INFO Eval Time Cost:               1.4916s
2026-09-24 22:25:12,580 asyncbase.py iterate [line:68] INFO Select clients [np.int64(1), np.int64(13)] at time 7.
2026-09-24 22:25:13,196 asyncbase.py iterate [line:73] INFO Receive new models from clients [16, 3, 12] at time 7
2026-09-24 22:25:13,256 fedbase.py run [line:311] INFO --------------Round 7--------------
2026-09-24 22:25:13,256 simple_logger.py log_once [line:14] INFO Current_time:7
2026-09-24 22:25:14,732 simple_logger.py log_once [line:28] INFO test_accuracy                 0.0980
2026-09-24 22:25:14,732 simple_logger.py log_once [line:28] INFO test_loss                     68.1742
2026-09-24 22:25:14,732 simple_logger.py log_once [line:28] INFO val_accuracy                  0.0990
2026-09-24 22:25:14,732 simple_logger.py log_once [line:28] INFO mean_val_accuracy             0.1000
2026-09-24 22:25:14,732 simple_logger.py log_once [line:28] INFO std_val_accuracy              0.2627
2026-09-24 22:25:14,732 simple_logger.py log_once [line:28] INFO val_loss                      68.4288
2026-09-24 22:25:14,732 simple_logger.py log_once [line:28] INFO mean_val_loss                 68.3928
2026-09-24 22:25:14,732 simple_logger.py log_once [line:28] INFO std_val_loss                  25.2885
2026-09-24 22:25:14,732 fedbase.py run [line:316] INFO Eval Time Cost:               1.4758s
2026-09-24 22:25:14,743 asyncbase.py iterate [line:68] INFO Select clients [np.int64(7), np.int64(10), np.int64(8), np.int64(0)] at time 8.
2026-09-24 22:25:15,958 asyncbase.py iterate [line:73] INFO Receive new models from clients [1, 7] at time 8
2026-09-24 22:25:16,013 fedbase.py run [line:311] INFO --------------Round 8--------------
2026-09-24 22:25:16,013 simple_logger.py log_once [line:14] INFO Current_time:8
2026-09-24 22:25:17,491 simple_logger.py log_once [line:28] INFO test_accuracy                 0.0980
2026-09-24 22:25:17,492 simple_logger.py log_once [line:28] INFO test_loss                     5.6099
2026-09-24 22:25:17,492 simple_logger.py log_once [line:28] INFO val_accuracy                  0.0990
2026-09-24 22:25:17,492 simple_logger.py log_once [line:28] INFO mean_val_accuracy             0.1000
2026-09-24 22:25:17,492 simple_logger.py log_once [line:28] INFO std_val_accuracy              0.2627
2026-09-24 22:25:17,492 simple_logger.py log_once [line:28] INFO val_loss                      5.5936
2026-09-24 22:25:17,492 simple_logger.py log_once [line:28] INFO mean_val_loss                 5.5890
2026-09-24 22:25:17,492 simple_logger.py log_once [line:28] INFO std_val_loss                  1.7956
2026-09-24 22:25:17,492 fedbase.py run [line:316] INFO Eval Time Cost:               1.4789s
2026-09-24 22:25:17,500 asyncbase.py iterate [line:68] INFO Select clients [np.int64(19), np.int64(4)] at time 9.
2026-09-24 22:25:18,124 asyncbase.py iterate [line:73] INFO Receive new models from clients [4, 10, 13] at time 10
2026-09-24 22:25:18,189 fedbase.py run [line:311] INFO --------------Round 9--------------
2026-09-24 22:25:18,189 simple_logger.py log_once [line:14] INFO Current_time:10
2026-09-24 22:25:19,654 simple_logger.py log_once [line:28] INFO test_accuracy                 0.0980
2026-09-24 22:25:19,654 simple_logger.py log_once [line:28] INFO test_loss                     49.9664
2026-09-24 22:25:19,654 simple_logger.py log_once [line:28] INFO val_accuracy                  0.0990
2026-09-24 22:25:19,654 simple_logger.py log_once [line:28] INFO mean_val_accuracy             0.1000
2026-09-24 22:25:19,654 simple_logger.py log_once [line:28] INFO std_val_accuracy              0.2627
2026-09-24 22:25:19,654 simple_logger.py log_once [line:28] INFO val_loss                      49.8877
2026-09-24 22:25:19,654 simple_logger.py log_once [line:28] INFO mean_val_loss                 49.8642
2026-09-24 22:25:19,654 simple_logger.py log_once [line:28] INFO std_val_loss                  18.4521
2026-09-24 22:25:19,655 fedbase.py run [line:316] INFO Eval Time Cost:               1.4657s
2026-09-24 22:25:19,664 asyncbase.py iterate [line:68] INFO Select clients [np.int64(1), np.int64(18)] at time 11.
2026-09-24 22:25:20,276 asyncbase.py iterate [line:73] INFO Receive new models from clients [8, 0, 1] at time 11
2026-09-24 22:25:20,340 fedbase.py run [line:311] INFO --------------Round 10--------------
2026-09-24 22:25:20,340 simple_logger.py log_once [line:14] INFO Current_time:11
2026-09-24 22:25:21,827 simple_logger.py log_once [line:28] INFO test_accuracy                 0.0980
2026-09-24 22:25:21,827 simple_logger.py log_once [line:28] INFO test_loss                     7.5031
2026-09-24 22:25:21,827 simple_logger.py log_once [line:28] INFO val_accuracy                  0.0990
2026-09-24 22:25:21,827 simple_logger.py log_once [line:28] INFO mean_val_accuracy             0.1000
2026-09-24 22:25:21,827 simple_logger.py log_once [line:28] INFO std_val_accuracy              0.2627
2026-09-24 22:25:21,827 simple_logger.py log_once [line:28] INFO val_loss                      7.4927
2026-09-24 22:25:21,827 simple_logger.py log_once [line:28] INFO mean_val_loss                 7.4848
2026-09-24 22:25:21,827 simple_logger.py log_once [line:28] INFO std_val_loss                  2.3254
2026-09-24 22:25:21,827 fedbase.py run [line:316] INFO Eval Time Cost:               1.4869s
2026-09-24 22:25:21,837 asyncbase.py iterate [line:68] INFO Select clients [np.int64(3), np.int64(7), np.int64(17)] at time 12.
2026-09-24 22:25:22,763 asyncbase.py iterate [line:73] INFO Receive new models from clients [19] at time 12
2026-09-24 22:25:22,796 fedbase.py run [line:311] INFO --------------Round 11--------------
2026-09-24 22:25:22,805 simple_logger.py log_once [line:14] INFO Current_time:12
2026-09-24 22:25:24,280 simple_logger.py log_once [line:28] INFO test_accuracy                 0.0980
2026-09-24 22:25:24,280 simple_logger.py log_once [line:28] INFO test_loss                     8.5500
2026-09-24 22:25:24,280 simple_logger.py log_once [line:28] INFO val_accuracy                  0.0990
2026-09-24 22:25:24,280 simple_logger.py log_once [line:28] INFO mean_val_accuracy             0.1000
2026-09-24 22:25:24,280 simple_logger.py log_once [line:28] INFO std_val_accuracy              0.2627
2026-09-24 22:25:24,280 simple_logger.py log_once [line:28] INFO val_loss                      8.5275
2026-09-24 22:25:24,280 simple_logger.py log_once [line:28] INFO mean_val_loss                 8.5186
2026-09-24 22:25:24,280 simple_logger.py log_once [line:28] INFO std_val_loss                  2.5881
2026-09-24 22:25:24,280 fedbase.py run [line:316] INFO Eval Time Cost:               1.4756s
2026-09-24 22:25:24,290 asyncbase.py iterate [line:68] INFO Select clients [np.int64(13), np.int64(12)] at time 13.
2026-09-24 22:25:24,911 asyncbase.py iterate [line:73] INFO Receive new models from clients [7, 12] at time 13
2026-09-24 22:25:24,971 fedbase.py run [line:311] INFO --------------Round 12--------------
2026-09-24 22:25:24,971 simple_logger.py log_once [line:14] INFO Current_time:13
2026-09-24 22:25:26,435 simple_logger.py log_once [line:28] INFO test_accuracy                 0.0980
2026-09-24 22:25:26,435 simple_logger.py log_once [line:28] INFO test_loss                     15.9699
2026-09-24 22:25:26,436 simple_logger.py log_once [line:28] INFO val_accuracy                  0.0990
2026-09-24 22:25:26,436 simple_logger.py log_once [line:28] INFO mean_val_accuracy             0.1000
2026-09-24 22:25:26,436 simple_logger.py log_once [line:28] INFO std_val_accuracy              0.2627
2026-09-24 22:25:26,436 simple_logger.py log_once [line:28] INFO val_loss                      15.9393
2026-09-24 22:25:26,436 simple_logger.py log_once [line:28] INFO mean_val_loss                 15.9218
2026-09-24 22:25:26,436 simple_logger.py log_once [line:28] INFO std_val_loss                  4.7591
2026-09-24 22:25:26,436 fedbase.py run [line:316] INFO Eval Time Cost:               1.4649s
2026-09-24 22:25:26,445 asyncbase.py iterate [line:68] INFO Select clients [np.int64(5), np.int64(16)] at time 14.
2026-09-24 22:25:27,061 asyncbase.py iterate [line:73] INFO Receive new models from clients [17, 18] at time 14
2026-09-24 22:25:27,116 fedbase.py run [line:311] INFO --------------Round 13--------------
2026-09-24 22:25:27,116 simple_logger.py log_once [line:14] INFO Current_time:14
2026-09-24 22:25:28,578 simple_logger.py log_once [line:28] INFO test_accuracy                 0.0980
2026-09-24 22:25:28,578 simple_logger.py log_once [line:28] INFO test_loss                     25.3897
2026-09-24 22:25:28,578 simple_logger.py log_once [line:28] INFO val_accuracy                  0.0990
2026-09-24 22:25:28,578 simple_logger.py log_once [line:28] INFO mean_val_accuracy             0.1000
2026-09-24 22:25:28,578 simple_logger.py log_once [line:28] INFO std_val_accuracy              0.2627
2026-09-24 22:25:28,578 simple_logger.py log_once [line:28] INFO val_loss                      25.3504
2026-09-24 22:25:28,578 simple_logger.py log_once [line:28] INFO mean_val_loss                 25.3237
2026-09-24 22:25:28,578 simple_logger.py log_once [line:28] INFO std_val_loss                  7.4413
2026-09-24 22:25:28,578 fedbase.py run [line:316] INFO Eval Time Cost:               1.4622s
2026-09-24 22:25:28,589 asyncbase.py iterate [line:68] INFO Select clients [np.int64(17)] at time 15.
2026-09-24 22:25:28,896 asyncbase.py iterate [line:73] INFO Receive new models from clients [13, 16, 3] at time 15
2026-09-24 22:25:28,961 fedbase.py run [line:311] INFO --------------Round 14--------------
2026-09-24 22:25:28,961 simple_logger.py log_once [line:14] INFO Current_time:15
2026-09-24 22:25:30,426 simple_logger.py log_once [line:28] INFO test_accuracy                 0.0980
2026-09-24 22:25:30,426 simple_logger.py log_once [line:28] INFO test_loss                     25.3022
2026-09-24 22:25:30,426 simple_logger.py log_once [line:28] INFO val_accuracy                  0.0990
2026-09-24 22:25:30,426 simple_logger.py log_once [line:28] INFO mean_val_accuracy             0.1000
2026-09-24 22:25:30,426 simple_logger.py log_once [line:28] INFO std_val_accuracy              0.2627
2026-09-24 22:25:30,426 simple_logger.py log_once [line:28] INFO val_loss                      25.2706
2026-09-24 22:25:30,426 simple_logger.py log_once [line:28] INFO mean_val_loss                 25.2435
2026-09-24 22:25:30,426 simple_logger.py log_once [line:28] INFO std_val_loss                  7.3943
2026-09-24 22:25:30,426 fedbase.py run [line:316] INFO Eval Time Cost:               1.4648s
2026-09-24 22:25:30,436 asyncbase.py iterate [line:68] INFO Select clients [np.int64(7), np.int64(14), np.int64(12)] at time 16.
2026-09-24 22:25:31,372 asyncbase.py iterate [line:73] INFO Receive new models from clients [5, 17] at time 16
2026-09-24 22:25:31,429 fedbase.py run [line:311] INFO --------------Round 15--------------
2026-09-24 22:25:31,429 simple_logger.py log_once [line:14] INFO Current_time:16
2026-09-24 22:25:32,892 simple_logger.py log_once [line:28] INFO test_accuracy                 0.0980
2026-09-24 22:25:32,892 simple_logger.py log_once [line:28] INFO test_loss                     27.7206
2026-09-24 22:25:32,892 simple_logger.py log_once [line:28] INFO val_accuracy                  0.0990
2026-09-24 22:25:32,892 simple_logger.py log_once [line:28] INFO mean_val_accuracy             0.1000
2026-09-24 22:25:32,892 simple_logger.py log_once [line:28] INFO std_val_accuracy              0.2627
2026-09-24 22:25:32,892 simple_logger.py log_once [line:28] INFO val_loss                      27.6985
2026-09-24 22:25:32,892 simple_logger.py log_once [line:28] INFO mean_val_loss                 27.6644
2026-09-24 22:25:32,892 simple_logger.py log_once [line:28] INFO std_val_loss                  8.2944
2026-09-24 22:25:32,892 fedbase.py run [line:316] INFO Eval Time Cost:               1.4635s
2026-09-24 22:25:32,901 asyncbase.py iterate [line:68] INFO Select clients [np.int64(17), np.int64(9), np.int64(4)] at time 17.
2026-09-24 22:25:33,815 asyncbase.py iterate [line:73] INFO Receive new models from clients [12] at time 17
2026-09-24 22:25:33,849 fedbase.py run [line:311] INFO --------------Round 16--------------
2026-09-24 22:25:33,849 simple_logger.py log_once [line:14] INFO Current_time:17
2026-09-24 22:25:35,314 simple_logger.py log_once [line:28] INFO test_accuracy                 0.1009
2026-09-24 22:25:35,314 simple_logger.py log_once [line:28] INFO test_loss                     13024086.0000
2026-09-24 22:25:35,314 simple_logger.py log_once [line:28] INFO val_accuracy                  0.0999
2026-09-24 22:25:35,314 simple_logger.py log_once [line:28] INFO mean_val_accuracy             0.0994
2026-09-24 22:25:35,314 simple_logger.py log_once [line:28] INFO std_val_accuracy              0.2889
2026-09-24 22:25:35,314 simple_logger.py log_once [line:28] INFO val_loss                      12852298.1912
2026-09-24 22:25:35,314 simple_logger.py log_once [line:28] INFO mean_val_loss                 12856260.5203
2026-09-24 22:25:35,314 simple_logger.py log_once [line:28] INFO std_val_loss                  5411393.9482
2026-09-24 22:25:35,314 fedbase.py run [line:316] INFO Eval Time Cost:               1.4653s
2026-09-24 22:25:35,323 asyncbase.py iterate [line:68] INFO Select clients [np.int64(12)] at time 18.
2026-09-24 22:25:35,627 asyncbase.py iterate [line:73] INFO Receive new models from clients [9, 17] at time 18
2026-09-24 22:25:35,683 fedbase.py run [line:311] INFO --------------Round 17--------------
2026-09-24 22:25:35,683 simple_logger.py log_once [line:14] INFO Current_time:18
2026-09-24 22:25:37,160 simple_logger.py log_once [line:28] INFO test_accuracy                 0.1009
2026-09-24 22:25:37,161 simple_logger.py log_once [line:28] INFO test_loss                     9356251.1136
2026-09-24 22:25:37,161 simple_logger.py log_once [line:28] INFO val_accuracy                  0.0999
2026-09-24 22:25:37,161 simple_logger.py log_once [line:28] INFO mean_val_accuracy             0.0994
2026-09-24 22:25:37,161 simple_logger.py log_once [line:28] INFO std_val_accuracy              0.2889
2026-09-24 22:25:37,161 simple_logger.py log_once [line:28] INFO val_loss                      9227046.2739
2026-09-24 22:25:37,161 simple_logger.py log_once [line:28] INFO mean_val_loss                 9226736.2406
2026-09-24 22:25:37,161 simple_logger.py log_once [line:28] INFO std_val_loss                  3971148.0169
2026-09-24 22:25:37,161 fedbase.py run [line:316] INFO Eval Time Cost:               1.4780s
2026-09-24 22:25:37,171 asyncbase.py iterate [line:68] INFO Select clients [np.int64(5)] at time 19.
2026-09-24 22:25:37,477 asyncbase.py iterate [line:73] INFO Receive new models from clients [7, 4, 14, 5] at time 19
2026-09-24 22:25:37,553 fedbase.py run [line:311] INFO --------------Round 18--------------
2026-09-24 22:25:37,553 simple_logger.py log_once [line:14] INFO Current_time:19
2026-09-24 22:25:39,028 simple_logger.py log_once [line:28] INFO test_accuracy                 0.0980
2026-09-24 22:25:39,029 simple_logger.py log_once [line:28] INFO test_loss                     665333.9459
2026-09-24 22:25:39,029 simple_logger.py log_once [line:28] INFO val_accuracy                  0.0990
2026-09-24 22:25:39,029 simple_logger.py log_once [line:28] INFO mean_val_accuracy             0.1000
2026-09-24 22:25:39,029 simple_logger.py log_once [line:28] INFO std_val_accuracy              0.2627
2026-09-24 22:25:39,029 simple_logger.py log_once [line:28] INFO val_loss                      664027.8437
2026-09-24 22:25:39,029 simple_logger.py log_once [line:28] INFO mean_val_loss                 663123.8231
2026-09-24 22:25:39,029 simple_logger.py log_once [line:28] INFO std_val_loss                  311563.6409
2026-09-24 22:25:39,029 fedbase.py run [line:316] INFO Eval Time Cost:               1.4762s
2026-09-24 22:25:39,037 asyncbase.py iterate [line:68] INFO Select clients [np.int64(6), np.int64(15), np.int64(8), np.int64(1)] at time 20.
2026-09-24 22:25:40,261 asyncbase.py iterate [line:73] INFO Receive new models from clients [12, 8] at time 20
2026-09-24 22:25:40,299 fedbase.py run [line:311] INFO --------------Round 19--------------
2026-09-24 22:25:40,299 simple_logger.py log_once [line:14] INFO Current_time:20
2026-09-24 22:25:41,765 simple_logger.py log_once [line:28] INFO test_accuracy                 0.0980
2026-09-24 22:25:41,765 simple_logger.py log_once [line:28] INFO test_loss                     35982.3664
2026-09-24 22:25:41,765 simple_logger.py log_once [line:28] INFO val_accuracy                  0.0990
2026-09-24 22:25:41,765 simple_logger.py log_once [line:28] INFO mean_val_accuracy             0.1000
2026-09-24 22:25:41,765 simple_logger.py log_once [line:28] INFO std_val_accuracy              0.2627
2026-09-24 22:25:41,765 simple_logger.py log_once [line:28] INFO val_loss                      35929.9396
2026-09-24 22:25:41,765 simple_logger.py log_once [line:28] INFO mean_val_loss                 35874.7626
2026-09-24 22:25:41,765 simple_logger.py log_once [line:28] INFO std_val_loss                  15247.8807
2026-09-24 22:25:41,765 fedbase.py run [line:316] INFO Eval Time Cost:               1.4663s
2026-09-24 22:25:41,775 asyncbase.py iterate [line:68] INFO Select clients [np.int64(12), np.int64(7), np.int64(3)] at time 21.
2026-09-24 22:25:42,689 asyncbase.py iterate [line:73] INFO Receive new models from clients [6] at time 21
2026-09-24 22:25:42,714 asyncbase.py iterate [line:68] INFO Select clients [np.int64(13)] at time 23.
2026-09-24 22:25:43,021 asyncbase.py iterate [line:73] INFO Receive new models from clients [12, 13, 7, 1, 15] at time 23
Traceback (most recent call last):
  File "E:\Federated Machine Learning\FL-Byzantine-Library\run_research.py", line 161, in <module>
    main()
    ~~~~^^
  File "E:\Federated Machine Learning\FL-Byzantine-Library\run_research.py", line 157, in main
    runner.run()
    ~~~~~~~~~~^^
  File "E:\Federated Machine Learning\FL-Byzantine-Library\easyFL\flgo\algorithm\fedbase.py", line 308, in run
    updated = self.iterate()
  File "E:\Federated Machine Learning\FL-Byzantine-Library\flgo_byzantine\research_algorithm.py", line 272, in iterate
    return super().iterate()
           ~~~~~~~~~~~~~~~^^
  File "E:\Federated Machine Learning\FL-Byzantine-Library\easyFL\flgo\algorithm\asyncbase.py", line 74, in iterate
    is_model_updated = self.package_handler(received_packages)
  File "E:\Federated Machine Learning\FL-Byzantine-Library\flgo_byzantine\research_algorithm.py", line 335, in package_handler
    raise RuntimeError("aggregate would diverge: non-finite or weight magnitude exceeds 1000")
RuntimeError: aggregate would diverge: non-finite or weight magnitude exceeds 1000
