E:\fl-experiment\.venv\Lib\site-packages\torch\cuda\__init__.py:61: FutureWarning: The pynvml package is deprecated. Please install nvidia-ml-py instead. If you did not install pynvml directly, please report this to the maintainers of the package that installed pynvml for you.
  import pynvml  # type: ignore[import]
2026-09-24 22:56:28,388 fflow.py init [line:848] INFO PROCESS ID:	28416
2026-09-24 22:56:28,389 fflow.py init [line:849] INFO Initializing devices: cuda:0 will be used for this running.
2026-09-24 22:56:28,389 fflow.py init [line:852] INFO BENCHMARK:	flgo.benchmark.mnist_classification
2026-09-24 22:56:28,389 fflow.py init [line:853] INFO TASK:			E:\Federated Machine Learning\FL-Byzantine-Library\mnist_dir20
2026-09-24 22:56:28,397 fflow.py init [line:854] INFO MODEL:		flgo.benchmark.mnist_classification.model.cnn
2026-09-24 22:56:28,397 fflow.py init [line:855] INFO ALGORITHM:	research_algorithm
2026-09-24 22:56:29,434 fflow.py init [line:901] INFO SCENE:		horizontal FL with 1 <class 'flgo_byzantine.research_algorithm.Server'>, 20 <class 'flgo_byzantine.research_algorithm.Client'>
2026-09-24 22:56:29,525 fflow.py init [line:918] INFO SIMULATOR:	<class 'flgo.simulator.default_simulator.Simulator'>
2026-09-24 22:56:34,018 fflow.py init [line:931] INFO Ready to start.
2026-09-24 22:56:34,018 fedbase.py run [line:300] INFO --------------Initial Evaluation--------------
2026-09-24 22:56:34,018 simple_logger.py log_once [line:14] INFO Current_time:0
2026-09-24 22:56:35,642 simple_logger.py log_once [line:28] INFO test_accuracy                 0.0875
2026-09-24 22:56:35,642 simple_logger.py log_once [line:28] INFO test_loss                     2.3101
2026-09-24 22:56:35,642 simple_logger.py log_once [line:28] INFO val_accuracy                  0.0866
2026-09-24 22:56:35,642 simple_logger.py log_once [line:28] INFO mean_val_accuracy             0.0874
2026-09-24 22:56:35,642 simple_logger.py log_once [line:28] INFO std_val_accuracy              0.2312
2026-09-24 22:56:35,642 simple_logger.py log_once [line:28] INFO val_loss                      2.3109
2026-09-24 22:56:35,642 simple_logger.py log_once [line:28] INFO mean_val_loss                 2.3111
2026-09-24 22:56:35,642 simple_logger.py log_once [line:28] INFO std_val_loss                  0.0785
2026-09-24 22:56:35,642 fedbase.py run [line:303] INFO Eval Time Cost:               1.6246s
2026-09-24 22:56:35,653 asyncbase.py iterate [line:68] INFO Select clients [np.int64(3), np.int64(19), np.int64(4), np.int64(10), np.int64(9)] at time 1.
2026-09-24 22:56:37,303 asyncbase.py iterate [line:73] INFO Receive new models from clients [19] at time 1
2026-09-24 22:56:37,364 fedbase.py run [line:311] INFO --------------Round 1--------------
2026-09-24 22:56:37,364 simple_logger.py log_once [line:14] INFO Current_time:1
2026-09-24 22:56:38,876 simple_logger.py log_once [line:28] INFO test_accuracy                 0.1028
2026-09-24 22:56:38,876 simple_logger.py log_once [line:28] INFO test_loss                     8.2679
2026-09-24 22:56:38,876 simple_logger.py log_once [line:28] INFO val_accuracy                  0.1043
2026-09-24 22:56:38,876 simple_logger.py log_once [line:28] INFO mean_val_accuracy             0.1043
2026-09-24 22:56:38,876 simple_logger.py log_once [line:28] INFO std_val_accuracy              0.2848
2026-09-24 22:56:38,876 simple_logger.py log_once [line:28] INFO val_loss                      8.1991
2026-09-24 22:56:38,876 simple_logger.py log_once [line:28] INFO mean_val_loss                 8.2007
2026-09-24 22:56:38,876 simple_logger.py log_once [line:28] INFO std_val_loss                  2.8295
2026-09-24 22:56:38,877 fedbase.py run [line:316] INFO Eval Time Cost:               1.5126s
2026-09-24 22:56:38,885 asyncbase.py iterate [line:68] INFO Select clients [np.int64(0)] at time 2.
2026-09-24 22:56:39,214 asyncbase.py iterate [line:73] INFO Receive new models from clients [4, 0] at time 2
2026-09-24 22:56:39,268 fedbase.py run [line:311] INFO --------------Round 2--------------
2026-09-24 22:56:39,268 simple_logger.py log_once [line:14] INFO Current_time:2
2026-09-24 22:56:40,848 simple_logger.py log_once [line:28] INFO test_accuracy                 0.1032
2026-09-24 22:56:40,848 simple_logger.py log_once [line:28] INFO test_loss                     3.4161
2026-09-24 22:56:40,848 simple_logger.py log_once [line:28] INFO val_accuracy                  0.0983
2026-09-24 22:56:40,848 simple_logger.py log_once [line:28] INFO mean_val_accuracy             0.0993
2026-09-24 22:56:40,848 simple_logger.py log_once [line:28] INFO std_val_accuracy              0.2871
2026-09-24 22:56:40,848 simple_logger.py log_once [line:28] INFO val_loss                      3.4127
2026-09-24 22:56:40,849 simple_logger.py log_once [line:28] INFO mean_val_loss                 3.4088
2026-09-24 22:56:40,849 simple_logger.py log_once [line:28] INFO std_val_loss                  1.5845
2026-09-24 22:56:40,849 fedbase.py run [line:316] INFO Eval Time Cost:               1.5810s
2026-09-24 22:56:40,859 asyncbase.py iterate [line:68] INFO Select clients [np.int64(7), np.int64(13), np.int64(16)] at time 3.
2026-09-24 22:56:41,874 asyncbase.py iterate [line:73] INFO Receive new models from clients [3, 10, 16] at time 3
2026-09-24 22:56:41,934 fedbase.py run [line:311] INFO --------------Round 3--------------
2026-09-24 22:56:41,934 simple_logger.py log_once [line:14] INFO Current_time:3
2026-09-24 22:56:43,485 simple_logger.py log_once [line:28] INFO test_accuracy                 0.1009
2026-09-24 22:56:43,485 simple_logger.py log_once [line:28] INFO test_loss                     2.4460
2026-09-24 22:56:43,485 simple_logger.py log_once [line:28] INFO val_accuracy                  0.0999
2026-09-24 22:56:43,485 simple_logger.py log_once [line:28] INFO mean_val_accuracy             0.0994
2026-09-24 22:56:43,485 simple_logger.py log_once [line:28] INFO std_val_accuracy              0.2889
2026-09-24 22:56:43,485 simple_logger.py log_once [line:28] INFO val_loss                      2.4457
2026-09-24 22:56:43,485 simple_logger.py log_once [line:28] INFO mean_val_loss                 2.4468
2026-09-24 22:56:43,485 simple_logger.py log_once [line:28] INFO std_val_loss                  0.7437
2026-09-24 22:56:43,485 fedbase.py run [line:316] INFO Eval Time Cost:               1.5508s
2026-09-24 22:56:43,495 asyncbase.py iterate [line:68] INFO Select clients [np.int64(15), np.int64(1)] at time 4.
2026-09-24 22:56:44,150 asyncbase.py iterate [line:73] INFO Receive new models from clients [7, 9, 15] at time 4
2026-09-24 22:56:44,205 fedbase.py run [line:311] INFO --------------Round 4--------------
2026-09-24 22:56:44,205 simple_logger.py log_once [line:14] INFO Current_time:4
2026-09-24 22:56:45,722 simple_logger.py log_once [line:28] INFO test_accuracy                 0.0998
2026-09-24 22:56:45,722 simple_logger.py log_once [line:28] INFO test_loss                     2.5474
2026-09-24 22:56:45,722 simple_logger.py log_once [line:28] INFO val_accuracy                  0.1002
2026-09-24 22:56:45,722 simple_logger.py log_once [line:28] INFO mean_val_accuracy             0.1006
2026-09-24 22:56:45,722 simple_logger.py log_once [line:28] INFO std_val_accuracy              0.2792
2026-09-24 22:56:45,722 simple_logger.py log_once [line:28] INFO val_loss                      2.5497
2026-09-24 22:56:45,722 simple_logger.py log_once [line:28] INFO mean_val_loss                 2.5511
2026-09-24 22:56:45,722 simple_logger.py log_once [line:28] INFO std_val_loss                  0.7961
2026-09-24 22:56:45,722 fedbase.py run [line:316] INFO Eval Time Cost:               1.5173s
2026-09-24 22:56:45,732 asyncbase.py iterate [line:68] INFO Select clients [np.int64(10), np.int64(4)] at time 5.
2026-09-24 22:56:46,370 asyncbase.py iterate [line:73] INFO Receive new models from clients [13] at time 5
2026-09-24 22:56:46,402 fedbase.py run [line:311] INFO --------------Round 5--------------
2026-09-24 22:56:46,402 simple_logger.py log_once [line:14] INFO Current_time:5
2026-09-24 22:56:47,897 simple_logger.py log_once [line:28] INFO test_accuracy                 0.1010
2026-09-24 22:56:47,897 simple_logger.py log_once [line:28] INFO test_loss                     3.7892
2026-09-24 22:56:47,897 simple_logger.py log_once [line:28] INFO val_accuracy                  0.1020
2026-09-24 22:56:47,897 simple_logger.py log_once [line:28] INFO mean_val_accuracy             0.1016
2026-09-24 22:56:47,897 simple_logger.py log_once [line:28] INFO std_val_accuracy              0.2730
2026-09-24 22:56:47,897 simple_logger.py log_once [line:28] INFO val_loss                      3.7787
2026-09-24 22:56:47,897 simple_logger.py log_once [line:28] INFO mean_val_loss                 3.7829
2026-09-24 22:56:47,897 simple_logger.py log_once [line:28] INFO std_val_loss                  1.5453
2026-09-24 22:56:47,897 fedbase.py run [line:316] INFO Eval Time Cost:               1.4954s
2026-09-24 22:56:47,908 asyncbase.py iterate [line:68] INFO Select clients [np.int64(16), np.int64(7), np.int64(8)] at time 6.
2026-09-24 22:56:48,853 asyncbase.py iterate [line:73] INFO Receive new models from clients [1] at time 6
2026-09-24 22:56:48,886 fedbase.py run [line:311] INFO --------------Round 6--------------
2026-09-24 22:56:48,886 simple_logger.py log_once [line:14] INFO Current_time:6
2026-09-24 22:56:50,377 simple_logger.py log_once [line:28] INFO test_accuracy                 0.1010
2026-09-24 22:56:50,377 simple_logger.py log_once [line:28] INFO test_loss                     4.6992
2026-09-24 22:56:50,377 simple_logger.py log_once [line:28] INFO val_accuracy                  0.1020
2026-09-24 22:56:50,377 simple_logger.py log_once [line:28] INFO mean_val_accuracy             0.1016
2026-09-24 22:56:50,377 simple_logger.py log_once [line:28] INFO std_val_accuracy              0.2730
2026-09-24 22:56:50,377 simple_logger.py log_once [line:28] INFO val_loss                      4.6599
2026-09-24 22:56:50,377 simple_logger.py log_once [line:28] INFO mean_val_loss                 4.6642
2026-09-24 22:56:50,377 simple_logger.py log_once [line:28] INFO std_val_loss                  2.1305
2026-09-24 22:56:50,377 fedbase.py run [line:316] INFO Eval Time Cost:               1.4914s
2026-09-24 22:56:50,388 asyncbase.py iterate [line:68] INFO Select clients [np.int64(3)] at time 7.
2026-09-24 22:56:50,698 asyncbase.py iterate [line:73] INFO Receive new models from clients [8, 3, 4] at time 7
2026-09-24 22:56:50,756 fedbase.py run [line:311] INFO --------------Round 7--------------
2026-09-24 22:56:50,756 simple_logger.py log_once [line:14] INFO Current_time:7
2026-09-24 22:56:52,243 simple_logger.py log_once [line:28] INFO test_accuracy                 0.1670
2026-09-24 22:56:52,243 simple_logger.py log_once [line:28] INFO test_loss                     2.6041
2026-09-24 22:56:52,243 simple_logger.py log_once [line:28] INFO val_accuracy                  0.1689
2026-09-24 22:56:52,243 simple_logger.py log_once [line:28] INFO mean_val_accuracy             0.1692
2026-09-24 22:56:52,243 simple_logger.py log_once [line:28] INFO std_val_accuracy              0.3332
2026-09-24 22:56:52,243 simple_logger.py log_once [line:28] INFO val_loss                      2.5881
2026-09-24 22:56:52,243 simple_logger.py log_once [line:28] INFO mean_val_loss                 2.5905
2026-09-24 22:56:52,243 simple_logger.py log_once [line:28] INFO std_val_loss                  1.0439
2026-09-24 22:56:52,243 fedbase.py run [line:316] INFO Eval Time Cost:               1.4873s
2026-09-24 22:56:52,253 asyncbase.py iterate [line:68] INFO Select clients [np.int64(9)] at time 8.
2026-09-24 22:56:52,563 asyncbase.py iterate [line:73] INFO Receive new models from clients [10, 9] at time 8
2026-09-24 22:56:52,608 fedbase.py run [line:311] INFO --------------Round 8--------------
2026-09-24 22:56:52,608 simple_logger.py log_once [line:14] INFO Current_time:8
2026-09-24 22:56:54,090 simple_logger.py log_once [line:28] INFO test_accuracy                 0.0970
2026-09-24 22:56:54,091 simple_logger.py log_once [line:28] INFO test_loss                     4.0514
2026-09-24 22:56:54,091 simple_logger.py log_once [line:28] INFO val_accuracy                  0.0984
2026-09-24 22:56:54,091 simple_logger.py log_once [line:28] INFO mean_val_accuracy             0.0986
2026-09-24 22:56:54,091 simple_logger.py log_once [line:28] INFO std_val_accuracy              0.2825
2026-09-24 22:56:54,091 simple_logger.py log_once [line:28] INFO val_loss                      4.0178
2026-09-24 22:56:54,091 simple_logger.py log_once [line:28] INFO mean_val_loss                 4.0229
2026-09-24 22:56:54,091 simple_logger.py log_once [line:28] INFO std_val_loss                  2.0472
2026-09-24 22:56:54,091 fedbase.py run [line:316] INFO Eval Time Cost:               1.4832s
2026-09-24 22:56:54,099 asyncbase.py iterate [line:68] INFO Select clients [np.int64(6), np.int64(12), np.int64(15), np.int64(4)] at time 9.
2026-09-24 22:56:55,366 asyncbase.py iterate [line:73] INFO Receive new models from clients [16, 7, 15] at time 9
2026-09-24 22:56:55,426 fedbase.py run [line:311] INFO --------------Round 9--------------
2026-09-24 22:56:55,426 simple_logger.py log_once [line:14] INFO Current_time:9
2026-09-24 22:56:56,912 simple_logger.py log_once [line:28] INFO test_accuracy                 0.0958
2026-09-24 22:56:56,912 simple_logger.py log_once [line:28] INFO test_loss                     17.9903
2026-09-24 22:56:56,912 simple_logger.py log_once [line:28] INFO val_accuracy                  0.0981
2026-09-24 22:56:56,912 simple_logger.py log_once [line:28] INFO mean_val_accuracy             0.0983
2026-09-24 22:56:56,912 simple_logger.py log_once [line:28] INFO std_val_accuracy              0.2826
2026-09-24 22:56:56,912 simple_logger.py log_once [line:28] INFO val_loss                      17.9184
2026-09-24 22:56:56,912 simple_logger.py log_once [line:28] INFO mean_val_loss                 17.9319
2026-09-24 22:56:56,912 simple_logger.py log_once [line:28] INFO std_val_loss                  7.3422
2026-09-24 22:56:56,912 fedbase.py run [line:316] INFO Eval Time Cost:               1.4858s
2026-09-24 22:56:56,921 asyncbase.py iterate [line:68] INFO Select clients [np.int64(3), np.int64(19)] at time 10.
2026-09-24 22:56:57,540 asyncbase.py iterate [line:73] INFO Receive new models from clients [12, 6] at time 10
2026-09-24 22:56:57,587 fedbase.py run [line:311] INFO --------------Round 10--------------
2026-09-24 22:56:57,587 simple_logger.py log_once [line:14] INFO Current_time:10
2026-09-24 22:56:59,074 simple_logger.py log_once [line:28] INFO test_accuracy                 0.1604
2026-09-24 22:56:59,074 simple_logger.py log_once [line:28] INFO test_loss                     8.6821
2026-09-24 22:56:59,074 simple_logger.py log_once [line:28] INFO val_accuracy                  0.1635
2026-09-24 22:56:59,074 simple_logger.py log_once [line:28] INFO mean_val_accuracy             0.1636
2026-09-24 22:56:59,074 simple_logger.py log_once [line:28] INFO std_val_accuracy              0.3197
2026-09-24 22:56:59,074 simple_logger.py log_once [line:28] INFO val_loss                      8.6539
2026-09-24 22:56:59,074 simple_logger.py log_once [line:28] INFO mean_val_loss                 8.6618
2026-09-24 22:56:59,074 simple_logger.py log_once [line:28] INFO std_val_loss                  4.8807
2026-09-24 22:56:59,074 fedbase.py run [line:316] INFO Eval Time Cost:               1.4877s
2026-09-24 22:56:59,085 asyncbase.py iterate [line:68] INFO Select clients [np.int64(7), np.int64(9), np.int64(15)] at time 11.
2026-09-24 22:57:00,020 asyncbase.py iterate [line:73] INFO Receive new models from clients [3, 4] at time 11
2026-09-24 22:57:00,070 fedbase.py run [line:311] INFO --------------Round 11--------------
2026-09-24 22:57:00,070 simple_logger.py log_once [line:14] INFO Current_time:11
2026-09-24 22:57:01,571 simple_logger.py log_once [line:28] INFO test_accuracy                 0.1009
2026-09-24 22:57:01,571 simple_logger.py log_once [line:28] INFO test_loss                     2.4918
2026-09-24 22:57:01,571 simple_logger.py log_once [line:28] INFO val_accuracy                  0.0999
2026-09-24 22:57:01,571 simple_logger.py log_once [line:28] INFO mean_val_accuracy             0.0994
2026-09-24 22:57:01,571 simple_logger.py log_once [line:28] INFO std_val_accuracy              0.2889
2026-09-24 22:57:01,571 simple_logger.py log_once [line:28] INFO val_loss                      2.4963
2026-09-24 22:57:01,571 simple_logger.py log_once [line:28] INFO mean_val_loss                 2.4980
2026-09-24 22:57:01,571 simple_logger.py log_once [line:28] INFO std_val_loss                  0.7327
2026-09-24 22:57:01,571 fedbase.py run [line:316] INFO Eval Time Cost:               1.5018s
2026-09-24 22:57:01,580 asyncbase.py iterate [line:68] INFO Select clients [np.int64(10), np.int64(3)] at time 12.
2026-09-24 22:57:02,203 asyncbase.py iterate [line:73] INFO Receive new models from clients [9, 3] at time 12
2026-09-24 22:57:02,253 fedbase.py run [line:311] INFO --------------Round 12--------------
2026-09-24 22:57:02,253 simple_logger.py log_once [line:14] INFO Current_time:12
2026-09-24 22:57:03,749 simple_logger.py log_once [line:28] INFO test_accuracy                 0.1009
2026-09-24 22:57:03,750 simple_logger.py log_once [line:28] INFO test_loss                     4.0846
2026-09-24 22:57:03,750 simple_logger.py log_once [line:28] INFO val_accuracy                  0.0999
2026-09-24 22:57:03,750 simple_logger.py log_once [line:28] INFO mean_val_accuracy             0.0994
2026-09-24 22:57:03,750 simple_logger.py log_once [line:28] INFO std_val_accuracy              0.2889
2026-09-24 22:57:03,750 simple_logger.py log_once [line:28] INFO val_loss                      4.0963
2026-09-24 22:57:03,750 simple_logger.py log_once [line:28] INFO mean_val_loss                 4.1015
2026-09-24 22:57:03,750 simple_logger.py log_once [line:28] INFO std_val_loss                  1.6623
2026-09-24 22:57:03,750 fedbase.py run [line:316] INFO Eval Time Cost:               1.4967s
2026-09-24 22:57:03,761 asyncbase.py iterate [line:68] INFO Select clients [np.int64(4)] at time 13.
2026-09-24 22:57:04,071 asyncbase.py iterate [line:73] INFO Receive new models from clients [19, 10, 15, 4] at time 13
2026-09-24 22:57:04,139 fedbase.py run [line:311] INFO --------------Round 13--------------
2026-09-24 22:57:04,139 simple_logger.py log_once [line:14] INFO Current_time:13
2026-09-24 22:57:05,758 simple_logger.py log_once [line:28] INFO test_accuracy                 0.1691
2026-09-24 22:57:05,758 simple_logger.py log_once [line:28] INFO test_loss                     15.8100
2026-09-24 22:57:05,758 simple_logger.py log_once [line:28] INFO val_accuracy                  0.1689
2026-09-24 22:57:05,758 simple_logger.py log_once [line:28] INFO mean_val_accuracy             0.1682
2026-09-24 22:57:05,758 simple_logger.py log_once [line:28] INFO std_val_accuracy              0.3191
2026-09-24 22:57:05,758 simple_logger.py log_once [line:28] INFO val_loss                      15.7643
2026-09-24 22:57:05,758 simple_logger.py log_once [line:28] INFO mean_val_loss                 15.7957
2026-09-24 22:57:05,758 simple_logger.py log_once [line:28] INFO std_val_loss                  9.0720
2026-09-24 22:57:05,758 fedbase.py run [line:316] INFO Eval Time Cost:               1.6198s
2026-09-24 22:57:05,768 asyncbase.py iterate [line:68] INFO Select clients [np.int64(16), np.int64(6), np.int64(4), np.int64(14), np.int64(0)] at time 14.
2026-09-24 22:57:07,420 asyncbase.py iterate [line:73] INFO Receive new models from clients [7] at time 14
2026-09-24 22:57:07,456 fedbase.py run [line:311] INFO --------------Round 14--------------
2026-09-24 22:57:07,456 simple_logger.py log_once [line:14] INFO Current_time:14
2026-09-24 22:57:08,928 simple_logger.py log_once [line:28] INFO test_accuracy                 0.0994
2026-09-24 22:57:08,928 simple_logger.py log_once [line:28] INFO test_loss                     7.4681
2026-09-24 22:57:08,928 simple_logger.py log_once [line:28] INFO val_accuracy                  0.0994
2026-09-24 22:57:08,928 simple_logger.py log_once [line:28] INFO mean_val_accuracy             0.0998
2026-09-24 22:57:08,928 simple_logger.py log_once [line:28] INFO std_val_accuracy              0.2795
2026-09-24 22:57:08,928 simple_logger.py log_once [line:28] INFO val_loss                      7.3972
2026-09-24 22:57:08,928 simple_logger.py log_once [line:28] INFO mean_val_loss                 7.4031
2026-09-24 22:57:08,928 simple_logger.py log_once [line:28] INFO std_val_loss                  4.3818
2026-09-24 22:57:08,928 fedbase.py run [line:316] INFO Eval Time Cost:               1.4717s
2026-09-24 22:57:08,937 asyncbase.py iterate [line:73] INFO Receive new models from clients [4] at time 15
2026-09-24 22:57:08,971 fedbase.py run [line:311] INFO --------------Round 15--------------
2026-09-24 22:57:08,971 simple_logger.py log_once [line:14] INFO Current_time:15
2026-09-24 22:57:10,505 simple_logger.py log_once [line:28] INFO test_accuracy                 0.0982
2026-09-24 22:57:10,505 simple_logger.py log_once [line:28] INFO test_loss                     28.6122
2026-09-24 22:57:10,505 simple_logger.py log_once [line:28] INFO val_accuracy                  0.0989
2026-09-24 22:57:10,505 simple_logger.py log_once [line:28] INFO mean_val_accuracy             0.0993
2026-09-24 22:57:10,505 simple_logger.py log_once [line:28] INFO std_val_accuracy              0.2797
2026-09-24 22:57:10,505 simple_logger.py log_once [line:28] INFO val_loss                      28.2461
2026-09-24 22:57:10,505 simple_logger.py log_once [line:28] INFO mean_val_loss                 28.2463
2026-09-24 22:57:10,505 simple_logger.py log_once [line:28] INFO std_val_loss                  15.2545
2026-09-24 22:57:10,505 fedbase.py run [line:316] INFO Eval Time Cost:               1.5345s
2026-09-24 22:57:10,514 asyncbase.py iterate [line:68] INFO Select clients [np.int64(19), np.int64(17)] at time 16.
2026-09-24 22:57:11,147 asyncbase.py iterate [line:73] INFO Receive new models from clients [16, 17, 6] at time 16
2026-09-24 22:57:11,210 fedbase.py run [line:311] INFO --------------Round 16--------------
2026-09-24 22:57:11,210 simple_logger.py log_once [line:14] INFO Current_time:16
2026-09-24 22:57:12,699 simple_logger.py log_once [line:28] INFO test_accuracy                 0.0982
2026-09-24 22:57:12,699 simple_logger.py log_once [line:28] INFO test_loss                     3.5667
2026-09-24 22:57:12,699 simple_logger.py log_once [line:28] INFO val_accuracy                  0.0989
2026-09-24 22:57:12,699 simple_logger.py log_once [line:28] INFO mean_val_accuracy             0.0993
2026-09-24 22:57:12,699 simple_logger.py log_once [line:28] INFO std_val_accuracy              0.2797
2026-09-24 22:57:12,699 simple_logger.py log_once [line:28] INFO val_loss                      3.5542
2026-09-24 22:57:12,699 simple_logger.py log_once [line:28] INFO mean_val_loss                 3.5533
2026-09-24 22:57:12,699 simple_logger.py log_once [line:28] INFO std_val_loss                  1.3941
2026-09-24 22:57:12,699 fedbase.py run [line:316] INFO Eval Time Cost:               1.4892s
2026-09-24 22:57:12,707 asyncbase.py iterate [line:68] INFO Select clients [np.int64(13), np.int64(10), np.int64(1)] at time 17.
2026-09-24 22:57:13,733 asyncbase.py iterate [line:73] INFO Receive new models from clients [0, 14, 13] at time 17
2026-09-24 22:57:13,791 fedbase.py run [line:311] INFO --------------Round 17--------------
2026-09-24 22:57:13,791 simple_logger.py log_once [line:14] INFO Current_time:17
2026-09-24 22:57:15,390 simple_logger.py log_once [line:28] INFO test_accuracy                 0.1010
2026-09-24 22:57:15,390 simple_logger.py log_once [line:28] INFO test_loss                     3.5034
2026-09-24 22:57:15,390 simple_logger.py log_once [line:28] INFO val_accuracy                  0.1020
2026-09-24 22:57:15,390 simple_logger.py log_once [line:28] INFO mean_val_accuracy             0.1016
2026-09-24 22:57:15,390 simple_logger.py log_once [line:28] INFO std_val_accuracy              0.2730
2026-09-24 22:57:15,390 simple_logger.py log_once [line:28] INFO val_loss                      3.4816
2026-09-24 22:57:15,390 simple_logger.py log_once [line:28] INFO mean_val_loss                 3.4816
2026-09-24 22:57:15,390 simple_logger.py log_once [line:28] INFO std_val_loss                  1.2680
2026-09-24 22:57:15,390 fedbase.py run [line:316] INFO Eval Time Cost:               1.5991s
2026-09-24 22:57:15,398 asyncbase.py iterate [line:68] INFO Select clients [np.int64(5), np.int64(6)] at time 18.
2026-09-24 22:57:16,039 asyncbase.py iterate [line:73] INFO Receive new models from clients [19, 1, 6] at time 18
2026-09-24 22:57:16,105 fedbase.py run [line:311] INFO --------------Round 18--------------
2026-09-24 22:57:16,105 simple_logger.py log_once [line:14] INFO Current_time:18
2026-09-24 22:57:17,602 simple_logger.py log_once [line:28] INFO test_accuracy                 0.1836
2026-09-24 22:57:17,602 simple_logger.py log_once [line:28] INFO test_loss                     2.7033
2026-09-24 22:57:17,602 simple_logger.py log_once [line:28] INFO val_accuracy                  0.1871
2026-09-24 22:57:17,602 simple_logger.py log_once [line:28] INFO mean_val_accuracy             0.1874
2026-09-24 22:57:17,602 simple_logger.py log_once [line:28] INFO std_val_accuracy              0.3616
2026-09-24 22:57:17,602 simple_logger.py log_once [line:28] INFO val_loss                      2.6989
2026-09-24 22:57:17,602 simple_logger.py log_once [line:28] INFO mean_val_loss                 2.6983
2026-09-24 22:57:17,602 simple_logger.py log_once [line:28] INFO std_val_loss                  0.9250
2026-09-24 22:57:17,602 fedbase.py run [line:316] INFO Eval Time Cost:               1.4970s
2026-09-24 22:57:17,610 asyncbase.py iterate [line:68] INFO Select clients [np.int64(0), np.int64(3), np.int64(13), np.int64(1)] at time 19.
2026-09-24 22:57:18,867 asyncbase.py iterate [line:73] INFO Receive new models from clients [10, 3] at time 19
2026-09-24 22:57:18,921 fedbase.py run [line:311] INFO --------------Round 19--------------
2026-09-24 22:57:18,922 simple_logger.py log_once [line:14] INFO Current_time:19
2026-09-24 22:57:20,419 simple_logger.py log_once [line:28] INFO test_accuracy                 0.1049
2026-09-24 22:57:20,419 simple_logger.py log_once [line:28] INFO test_loss                     2.9232
2026-09-24 22:57:20,419 simple_logger.py log_once [line:28] INFO val_accuracy                  0.1039
2026-09-24 22:57:20,419 simple_logger.py log_once [line:28] INFO mean_val_accuracy             0.1034
2026-09-24 22:57:20,419 simple_logger.py log_once [line:28] INFO std_val_accuracy              0.2866
2026-09-24 22:57:20,419 simple_logger.py log_once [line:28] INFO val_loss                      2.9193
2026-09-24 22:57:20,419 simple_logger.py log_once [line:28] INFO mean_val_loss                 2.9224
2026-09-24 22:57:20,419 simple_logger.py log_once [line:28] INFO std_val_loss                  1.0562
2026-09-24 22:57:20,419 fedbase.py run [line:316] INFO Eval Time Cost:               1.4974s
2026-09-24 22:57:20,430 asyncbase.py iterate [line:68] INFO Select clients [np.int64(14), np.int64(18)] at time 20.
2026-09-24 22:57:21,071 asyncbase.py iterate [line:73] INFO Receive new models from clients [1, 0] at time 20
2026-09-24 22:57:21,124 fedbase.py run [line:311] INFO --------------Round 20--------------
2026-09-24 22:57:21,124 simple_logger.py log_once [line:14] INFO Current_time:20
2026-09-24 22:57:22,626 simple_logger.py log_once [line:28] INFO test_accuracy                 0.1009
2026-09-24 22:57:22,626 simple_logger.py log_once [line:28] INFO test_loss                     3.9077
2026-09-24 22:57:22,626 simple_logger.py log_once [line:28] INFO val_accuracy                  0.0999
2026-09-24 22:57:22,626 simple_logger.py log_once [line:28] INFO mean_val_accuracy             0.0994
2026-09-24 22:57:22,626 simple_logger.py log_once [line:28] INFO std_val_accuracy              0.2889
2026-09-24 22:57:22,626 simple_logger.py log_once [line:28] INFO val_loss                      3.9284
2026-09-24 22:57:22,626 simple_logger.py log_once [line:28] INFO mean_val_loss                 3.9324
2026-09-24 22:57:22,626 simple_logger.py log_once [line:28] INFO std_val_loss                  1.5593
2026-09-24 22:57:22,626 fedbase.py run [line:316] INFO Eval Time Cost:               1.5020s
2026-09-24 22:57:22,635 asyncbase.py iterate [line:73] INFO Receive new models from clients [5, 14] at time 21
2026-09-24 22:57:22,692 fedbase.py run [line:311] INFO --------------Round 21--------------
2026-09-24 22:57:22,692 simple_logger.py log_once [line:14] INFO Current_time:21
2026-09-24 22:57:24,196 simple_logger.py log_once [line:28] INFO test_accuracy                 0.0974
2026-09-24 22:57:24,196 simple_logger.py log_once [line:28] INFO test_loss                     5.7793
2026-09-24 22:57:24,197 simple_logger.py log_once [line:28] INFO val_accuracy                  0.0972
2026-09-24 22:57:24,197 simple_logger.py log_once [line:28] INFO mean_val_accuracy             0.0962
2026-09-24 22:57:24,197 simple_logger.py log_once [line:28] INFO std_val_accuracy              0.2801
2026-09-24 22:57:24,197 simple_logger.py log_once [line:28] INFO val_loss                      5.7906
2026-09-24 22:57:24,197 simple_logger.py log_once [line:28] INFO mean_val_loss                 5.7992
2026-09-24 22:57:24,197 simple_logger.py log_once [line:28] INFO std_val_loss                  2.1858
2026-09-24 22:57:24,197 fedbase.py run [line:316] INFO Eval Time Cost:               1.5051s
2026-09-24 22:57:24,207 asyncbase.py iterate [line:68] INFO Select clients [np.int64(9), np.int64(14), np.int64(4), np.int64(1)] at time 22.
2026-09-24 22:57:25,474 asyncbase.py iterate [line:73] INFO Receive new models from clients [13, 1, 14] at time 22
2026-09-24 22:57:25,538 fedbase.py run [line:311] INFO --------------Round 22--------------
2026-09-24 22:57:25,538 simple_logger.py log_once [line:14] INFO Current_time:22
2026-09-24 22:57:27,023 simple_logger.py log_once [line:28] INFO test_accuracy                 0.1924
2026-09-24 22:57:27,023 simple_logger.py log_once [line:28] INFO test_loss                     3.5101
2026-09-24 22:57:27,023 simple_logger.py log_once [line:28] INFO val_accuracy                  0.1985
2026-09-24 22:57:27,023 simple_logger.py log_once [line:28] INFO mean_val_accuracy             0.1988
2026-09-24 22:57:27,023 simple_logger.py log_once [line:28] INFO std_val_accuracy              0.3810
2026-09-24 22:57:27,023 simple_logger.py log_once [line:28] INFO val_loss                      3.5057
2026-09-24 22:57:27,023 simple_logger.py log_once [line:28] INFO mean_val_loss                 3.5088
2026-09-24 22:57:27,023 simple_logger.py log_once [line:28] INFO std_val_loss                  2.0547
2026-09-24 22:57:27,023 fedbase.py run [line:316] INFO Eval Time Cost:               1.4850s
2026-09-24 22:57:27,033 asyncbase.py iterate [line:68] INFO Select clients [np.int64(7), np.int64(15)] at time 23.
2026-09-24 22:57:27,650 asyncbase.py iterate [line:73] INFO Receive new models from clients [18, 7] at time 23
2026-09-24 22:57:27,705 fedbase.py run [line:311] INFO --------------Round 23--------------
2026-09-24 22:57:27,705 simple_logger.py log_once [line:14] INFO Current_time:23
2026-09-24 22:57:29,202 simple_logger.py log_once [line:28] INFO test_accuracy                 0.2191
2026-09-24 22:57:29,202 simple_logger.py log_once [line:28] INFO test_loss                     2.4288
2026-09-24 22:57:29,202 simple_logger.py log_once [line:28] INFO val_accuracy                  0.2293
2026-09-24 22:57:29,202 simple_logger.py log_once [line:28] INFO mean_val_accuracy             0.2297
2026-09-24 22:57:29,202 simple_logger.py log_once [line:28] INFO std_val_accuracy              0.3391
2026-09-24 22:57:29,203 simple_logger.py log_once [line:28] INFO val_loss                      2.4097
2026-09-24 22:57:29,203 simple_logger.py log_once [line:28] INFO mean_val_loss                 2.4111
2026-09-24 22:57:29,203 simple_logger.py log_once [line:28] INFO std_val_loss                  1.2282
2026-09-24 22:57:29,203 fedbase.py run [line:316] INFO Eval Time Cost:               1.4976s
2026-09-24 22:57:29,211 asyncbase.py iterate [line:68] INFO Select clients [np.int64(7), np.int64(12)] at time 24.
2026-09-24 22:57:29,838 asyncbase.py iterate [line:73] INFO Receive new models from clients [4, 7] at time 24
2026-09-24 22:57:29,891 fedbase.py run [line:311] INFO --------------Round 24--------------
2026-09-24 22:57:29,892 simple_logger.py log_once [line:14] INFO Current_time:24
2026-09-24 22:57:31,471 simple_logger.py log_once [line:28] INFO test_accuracy                 0.1827
2026-09-24 22:57:31,471 simple_logger.py log_once [line:28] INFO test_loss                     3.8303
2026-09-24 22:57:31,471 simple_logger.py log_once [line:28] INFO val_accuracy                  0.1879
2026-09-24 22:57:31,471 simple_logger.py log_once [line:28] INFO mean_val_accuracy             0.1876
2026-09-24 22:57:31,471 simple_logger.py log_once [line:28] INFO std_val_accuracy              0.3232
2026-09-24 22:57:31,471 simple_logger.py log_once [line:28] INFO val_loss                      3.7916
2026-09-24 22:57:31,471 simple_logger.py log_once [line:28] INFO mean_val_loss                 3.7927
2026-09-24 22:57:31,471 simple_logger.py log_once [line:28] INFO std_val_loss                  2.4464
2026-09-24 22:57:31,471 fedbase.py run [line:316] INFO Eval Time Cost:               1.5793s
2026-09-24 22:57:31,481 asyncbase.py iterate [line:68] INFO Select clients [np.int64(18), np.int64(14), np.int64(17)] at time 25.
2026-09-24 22:57:32,422 asyncbase.py iterate [line:73] INFO Receive new models from clients [15, 9, 12] at time 25
2026-09-24 22:57:32,486 fedbase.py run [line:311] INFO --------------Round 25--------------
2026-09-24 22:57:32,487 simple_logger.py log_once [line:14] INFO Current_time:25
2026-09-24 22:57:33,982 simple_logger.py log_once [line:28] INFO test_accuracy                 0.3715
2026-09-24 22:57:33,982 simple_logger.py log_once [line:28] INFO test_loss                     2.4448
2026-09-24 22:57:33,982 simple_logger.py log_once [line:28] INFO val_accuracy                  0.3735
2026-09-24 22:57:33,982 simple_logger.py log_once [line:28] INFO mean_val_accuracy             0.3740
2026-09-24 22:57:33,982 simple_logger.py log_once [line:28] INFO std_val_accuracy              0.4200
2026-09-24 22:57:33,982 simple_logger.py log_once [line:28] INFO val_loss                      2.4283
2026-09-24 22:57:33,982 simple_logger.py log_once [line:28] INFO mean_val_loss                 2.4270
2026-09-24 22:57:33,982 simple_logger.py log_once [line:28] INFO std_val_loss                  1.7939
2026-09-24 22:57:33,982 fedbase.py run [line:316] INFO Eval Time Cost:               1.4956s
2026-09-24 22:57:33,992 asyncbase.py iterate [line:68] INFO Select clients [np.int64(8), np.int64(9), np.int64(4)] at time 26.
2026-09-24 22:57:34,927 asyncbase.py iterate [line:73] INFO Receive new models from clients [18, 4, 9] at time 26
2026-09-24 22:57:34,990 fedbase.py run [line:311] INFO --------------Round 26--------------
2026-09-24 22:57:34,990 simple_logger.py log_once [line:14] INFO Current_time:26
2026-09-24 22:57:36,532 simple_logger.py log_once [line:28] INFO test_accuracy                 0.3000
2026-09-24 22:57:36,532 simple_logger.py log_once [line:28] INFO test_loss                     3.4960
2026-09-24 22:57:36,532 simple_logger.py log_once [line:28] INFO val_accuracy                  0.2899
2026-09-24 22:57:36,532 simple_logger.py log_once [line:28] INFO mean_val_accuracy             0.2897
2026-09-24 22:57:36,532 simple_logger.py log_once [line:28] INFO std_val_accuracy              0.3541
2026-09-24 22:57:36,532 simple_logger.py log_once [line:28] INFO val_loss                      3.5055
2026-09-24 22:57:36,532 simple_logger.py log_once [line:28] INFO mean_val_loss                 3.5038
2026-09-24 22:57:36,532 simple_logger.py log_once [line:28] INFO std_val_loss                  2.3410
2026-09-24 22:57:36,532 fedbase.py run [line:316] INFO Eval Time Cost:               1.5423s
2026-09-24 22:57:36,543 asyncbase.py iterate [line:68] INFO Select clients [np.int64(0), np.int64(12)] at time 27.
2026-09-24 22:57:37,162 asyncbase.py iterate [line:73] INFO Receive new models from clients [17, 14] at time 27
2026-09-24 22:57:37,217 fedbase.py run [line:311] INFO --------------Round 27--------------
2026-09-24 22:57:37,217 simple_logger.py log_once [line:14] INFO Current_time:27
2026-09-24 22:57:38,705 simple_logger.py log_once [line:28] INFO test_accuracy                 0.3055
2026-09-24 22:57:38,705 simple_logger.py log_once [line:28] INFO test_loss                     4.4947
2026-09-24 22:57:38,705 simple_logger.py log_once [line:28] INFO val_accuracy                  0.2961
2026-09-24 22:57:38,705 simple_logger.py log_once [line:28] INFO mean_val_accuracy             0.2953
2026-09-24 22:57:38,705 simple_logger.py log_once [line:28] INFO std_val_accuracy              0.3543
2026-09-24 22:57:38,705 simple_logger.py log_once [line:28] INFO val_loss                      4.5734
2026-09-24 22:57:38,705 simple_logger.py log_once [line:28] INFO mean_val_loss                 4.5708
2026-09-24 22:57:38,705 simple_logger.py log_once [line:28] INFO std_val_loss                  3.8881
2026-09-24 22:57:38,705 fedbase.py run [line:316] INFO Eval Time Cost:               1.4879s
2026-09-24 22:57:38,714 asyncbase.py iterate [line:68] INFO Select clients [np.int64(7), np.int64(5)] at time 28.
2026-09-24 22:57:39,334 asyncbase.py iterate [line:73] INFO Receive new models from clients [0, 12, 7] at time 28
2026-09-24 22:57:39,398 fedbase.py run [line:311] INFO --------------Round 28--------------
2026-09-24 22:57:39,399 simple_logger.py log_once [line:14] INFO Current_time:28
2026-09-24 22:57:40,886 simple_logger.py log_once [line:28] INFO test_accuracy                 0.1139
2026-09-24 22:57:40,886 simple_logger.py log_once [line:28] INFO test_loss                     7.1975
2026-09-24 22:57:40,886 simple_logger.py log_once [line:28] INFO val_accuracy                  0.1127
2026-09-24 22:57:40,886 simple_logger.py log_once [line:28] INFO mean_val_accuracy             0.1131
2026-09-24 22:57:40,886 simple_logger.py log_once [line:28] INFO std_val_accuracy              0.2767
2026-09-24 22:57:40,886 simple_logger.py log_once [line:28] INFO val_loss                      7.1499
2026-09-24 22:57:40,886 simple_logger.py log_once [line:28] INFO mean_val_loss                 7.1407
2026-09-24 22:57:40,886 simple_logger.py log_once [line:28] INFO std_val_loss                  5.0544
2026-09-24 22:57:40,886 fedbase.py run [line:316] INFO Eval Time Cost:               1.4875s
2026-09-24 22:57:40,896 asyncbase.py iterate [line:68] INFO Select clients [np.int64(10), np.int64(4), np.int64(3)] at time 29.
2026-09-24 22:57:41,832 asyncbase.py iterate [line:73] INFO Receive new models from clients [5, 10, 3, 8] at time 29
2026-09-24 22:57:41,906 fedbase.py run [line:311] INFO --------------Round 29--------------
2026-09-24 22:57:41,906 simple_logger.py log_once [line:14] INFO Current_time:29
2026-09-24 22:57:43,386 simple_logger.py log_once [line:28] INFO test_accuracy                 0.2734
2026-09-24 22:57:43,386 simple_logger.py log_once [line:28] INFO test_loss                     2.1212
2026-09-24 22:57:43,386 simple_logger.py log_once [line:28] INFO val_accuracy                  0.2748
2026-09-24 22:57:43,386 simple_logger.py log_once [line:28] INFO mean_val_accuracy             0.2754
2026-09-24 22:57:43,386 simple_logger.py log_once [line:28] INFO std_val_accuracy              0.3028
2026-09-24 22:57:43,386 simple_logger.py log_once [line:28] INFO val_loss                      2.1368
2026-09-24 22:57:43,386 simple_logger.py log_once [line:28] INFO mean_val_loss                 2.1332
2026-09-24 22:57:43,386 simple_logger.py log_once [line:28] INFO std_val_loss                  1.1971
2026-09-24 22:57:43,386 fedbase.py run [line:316] INFO Eval Time Cost:               1.4796s
2026-09-24 22:57:43,397 asyncbase.py iterate [line:68] INFO Select clients [np.int64(16), np.int64(13), np.int64(6), np.int64(10)] at time 30.
2026-09-24 22:57:44,665 asyncbase.py iterate [line:73] INFO Receive new models from clients [10] at time 30
2026-09-24 22:57:44,697 fedbase.py run [line:311] INFO --------------Round 30--------------
2026-09-24 22:57:44,697 simple_logger.py log_once [line:14] INFO Current_time:30
2026-09-24 22:57:46,182 simple_logger.py log_once [line:28] INFO test_accuracy                 0.1615
2026-09-24 22:57:46,182 simple_logger.py log_once [line:28] INFO test_loss                     5.0194
2026-09-24 22:57:46,182 simple_logger.py log_once [line:28] INFO val_accuracy                  0.1637
2026-09-24 22:57:46,183 simple_logger.py log_once [line:28] INFO mean_val_accuracy             0.1637
2026-09-24 22:57:46,183 simple_logger.py log_once [line:28] INFO std_val_accuracy              0.3210
2026-09-24 22:57:46,183 simple_logger.py log_once [line:28] INFO val_loss                      4.9944
2026-09-24 22:57:46,183 simple_logger.py log_once [line:28] INFO mean_val_loss                 4.9952
2026-09-24 22:57:46,183 simple_logger.py log_once [line:28] INFO std_val_loss                  2.5773
2026-09-24 22:57:46,183 fedbase.py run [line:316] INFO Eval Time Cost:               1.4861s
2026-09-24 22:57:46,193 asyncbase.py iterate [line:68] INFO Select clients [np.int64(19), np.int64(9)] at time 31.
2026-09-24 22:57:46,827 asyncbase.py iterate [line:73] INFO Receive new models from clients [4] at time 31
2026-09-24 22:57:46,859 fedbase.py run [line:311] INFO --------------Round 31--------------
2026-09-24 22:57:46,859 simple_logger.py log_once [line:14] INFO Current_time:31
2026-09-24 22:57:48,353 simple_logger.py log_once [line:28] INFO test_accuracy                 0.3141
2026-09-24 22:57:48,353 simple_logger.py log_once [line:28] INFO test_loss                     4.7325
2026-09-24 22:57:48,353 simple_logger.py log_once [line:28] INFO val_accuracy                  0.3145
2026-09-24 22:57:48,353 simple_logger.py log_once [line:28] INFO mean_val_accuracy             0.3142
2026-09-24 22:57:48,353 simple_logger.py log_once [line:28] INFO std_val_accuracy              0.3629
2026-09-24 22:57:48,353 simple_logger.py log_once [line:28] INFO val_loss                      4.6806
2026-09-24 22:57:48,353 simple_logger.py log_once [line:28] INFO mean_val_loss                 4.6832
2026-09-24 22:57:48,353 simple_logger.py log_once [line:28] INFO std_val_loss                  3.3294
2026-09-24 22:57:48,353 fedbase.py run [line:316] INFO Eval Time Cost:               1.4941s
2026-09-24 22:57:48,363 asyncbase.py iterate [line:68] INFO Select clients [np.int64(8)] at time 32.
2026-09-24 22:57:48,674 asyncbase.py iterate [line:73] INFO Receive new models from clients [9, 19, 13, 6, 16] at time 32
2026-09-24 22:57:48,756 fedbase.py run [line:311] INFO --------------Round 32--------------
2026-09-24 22:57:48,756 simple_logger.py log_once [line:14] INFO Current_time:32
2026-09-24 22:57:50,247 simple_logger.py log_once [line:28] INFO test_accuracy                 0.2339
2026-09-24 22:57:50,247 simple_logger.py log_once [line:28] INFO test_loss                     3.8554
2026-09-24 22:57:50,247 simple_logger.py log_once [line:28] INFO val_accuracy                  0.2319
2026-09-24 22:57:50,247 simple_logger.py log_once [line:28] INFO mean_val_accuracy             0.2314
2026-09-24 22:57:50,247 simple_logger.py log_once [line:28] INFO std_val_accuracy              0.3208
2026-09-24 22:57:50,247 simple_logger.py log_once [line:28] INFO val_loss                      3.8530
2026-09-24 22:57:50,247 simple_logger.py log_once [line:28] INFO mean_val_loss                 3.8536
2026-09-24 22:57:50,247 simple_logger.py log_once [line:28] INFO std_val_loss                  2.3679
2026-09-24 22:57:50,247 fedbase.py run [line:316] INFO Eval Time Cost:               1.4911s
2026-09-24 22:57:50,258 asyncbase.py iterate [line:68] INFO Select clients [np.int64(3), np.int64(10), np.int64(5), np.int64(4), np.int64(6)] at time 33.
2026-09-24 22:57:51,823 asyncbase.py iterate [line:73] INFO Receive new models from clients [10] at time 33
2026-09-24 22:57:51,855 fedbase.py run [line:311] INFO --------------Round 33--------------
2026-09-24 22:57:51,856 simple_logger.py log_once [line:14] INFO Current_time:33
2026-09-24 22:57:53,350 simple_logger.py log_once [line:28] INFO test_accuracy                 0.1729
2026-09-24 22:57:53,350 simple_logger.py log_once [line:28] INFO test_loss                     5.0181
2026-09-24 22:57:53,350 simple_logger.py log_once [line:28] INFO val_accuracy                  0.1740
2026-09-24 22:57:53,350 simple_logger.py log_once [line:28] INFO mean_val_accuracy             0.1740
2026-09-24 22:57:53,350 simple_logger.py log_once [line:28] INFO std_val_accuracy              0.3330
2026-09-24 22:57:53,350 simple_logger.py log_once [line:28] INFO val_loss                      5.0304
2026-09-24 22:57:53,350 simple_logger.py log_once [line:28] INFO mean_val_loss                 5.0317
2026-09-24 22:57:53,350 simple_logger.py log_once [line:28] INFO std_val_loss                  2.4051
2026-09-24 22:57:53,350 fedbase.py run [line:316] INFO Eval Time Cost:               1.4946s
2026-09-24 22:57:53,360 asyncbase.py iterate [line:73] INFO Receive new models from clients [3, 5, 8] at time 34
2026-09-24 22:57:53,426 fedbase.py run [line:311] INFO --------------Round 34--------------
2026-09-24 22:57:53,426 simple_logger.py log_once [line:14] INFO Current_time:34
2026-09-24 22:57:54,915 simple_logger.py log_once [line:28] INFO test_accuracy                 0.1585
2026-09-24 22:57:54,915 simple_logger.py log_once [line:28] INFO test_loss                     5.8462
2026-09-24 22:57:54,915 simple_logger.py log_once [line:28] INFO val_accuracy                  0.1567
2026-09-24 22:57:54,915 simple_logger.py log_once [line:28] INFO mean_val_accuracy             0.1566
2026-09-24 22:57:54,915 simple_logger.py log_once [line:28] INFO std_val_accuracy              0.3031
2026-09-24 22:57:54,915 simple_logger.py log_once [line:28] INFO val_loss                      5.8484
2026-09-24 22:57:54,915 simple_logger.py log_once [line:28] INFO mean_val_loss                 5.8506
2026-09-24 22:57:54,915 simple_logger.py log_once [line:28] INFO std_val_loss                  2.7722
2026-09-24 22:57:54,915 fedbase.py run [line:316] INFO Eval Time Cost:               1.4888s
2026-09-24 22:57:54,925 asyncbase.py iterate [line:68] INFO Select clients [np.int64(10), np.int64(15), np.int64(5)] at time 35.
2026-09-24 22:57:55,881 asyncbase.py iterate [line:73] INFO Receive new models from clients [6, 10] at time 35
2026-09-24 22:57:55,935 fedbase.py run [line:311] INFO --------------Round 35--------------
2026-09-24 22:57:55,935 simple_logger.py log_once [line:14] INFO Current_time:35
2026-09-24 22:57:57,412 simple_logger.py log_once [line:28] INFO test_accuracy                 0.1702
2026-09-24 22:57:57,412 simple_logger.py log_once [line:28] INFO test_loss                     6.4092
2026-09-24 22:57:57,412 simple_logger.py log_once [line:28] INFO val_accuracy                  0.1725
2026-09-24 22:57:57,412 simple_logger.py log_once [line:28] INFO mean_val_accuracy             0.1725
2026-09-24 22:57:57,412 simple_logger.py log_once [line:28] INFO std_val_accuracy              0.3301
2026-09-24 22:57:57,412 simple_logger.py log_once [line:28] INFO val_loss                      6.4079
2026-09-24 22:57:57,412 simple_logger.py log_once [line:28] INFO mean_val_loss                 6.4103
2026-09-24 22:57:57,412 simple_logger.py log_once [line:28] INFO std_val_loss                  3.1378
2026-09-24 22:57:57,412 fedbase.py run [line:316] INFO Eval Time Cost:               1.4774s
2026-09-24 22:57:57,420 asyncbase.py iterate [line:68] INFO Select clients [np.int64(8), np.int64(16), np.int64(7)] at time 36.
2026-09-24 22:57:58,364 asyncbase.py iterate [line:73] INFO Receive new models from clients [4, 16] at time 36
2026-09-24 22:57:58,419 fedbase.py run [line:311] INFO --------------Round 36--------------
2026-09-24 22:57:58,419 simple_logger.py log_once [line:14] INFO Current_time:36
2026-09-24 22:57:59,912 simple_logger.py log_once [line:28] INFO test_accuracy                 0.2921
2026-09-24 22:57:59,912 simple_logger.py log_once [line:28] INFO test_loss                     2.3021
2026-09-24 22:57:59,912 simple_logger.py log_once [line:28] INFO val_accuracy                  0.2917
2026-09-24 22:57:59,912 simple_logger.py log_once [line:28] INFO mean_val_accuracy             0.2912
2026-09-24 22:57:59,912 simple_logger.py log_once [line:28] INFO std_val_accuracy              0.3923
2026-09-24 22:57:59,912 simple_logger.py log_once [line:28] INFO val_loss                      2.2974
2026-09-24 22:57:59,912 simple_logger.py log_once [line:28] INFO mean_val_loss                 2.3004
2026-09-24 22:57:59,912 simple_logger.py log_once [line:28] INFO std_val_loss                  1.4080
2026-09-24 22:57:59,912 fedbase.py run [line:316] INFO Eval Time Cost:               1.4928s
2026-09-24 22:57:59,923 asyncbase.py iterate [line:73] INFO Receive new models from clients [7] at time 37
2026-09-24 22:57:59,956 fedbase.py run [line:311] INFO --------------Round 37--------------
2026-09-24 22:57:59,956 simple_logger.py log_once [line:14] INFO Current_time:37
2026-09-24 22:58:01,448 simple_logger.py log_once [line:28] INFO test_accuracy                 0.1940
2026-09-24 22:58:01,448 simple_logger.py log_once [line:28] INFO test_loss                     7.0727
2026-09-24 22:58:01,448 simple_logger.py log_once [line:28] INFO val_accuracy                  0.1898
2026-09-24 22:58:01,448 simple_logger.py log_once [line:28] INFO mean_val_accuracy             0.1895
2026-09-24 22:58:01,448 simple_logger.py log_once [line:28] INFO std_val_accuracy              0.3252
2026-09-24 22:58:01,448 simple_logger.py log_once [line:28] INFO val_loss                      7.0119
2026-09-24 22:58:01,448 simple_logger.py log_once [line:28] INFO mean_val_loss                 7.0025
2026-09-24 22:58:01,448 simple_logger.py log_once [line:28] INFO std_val_loss                  4.8645
2026-09-24 22:58:01,448 fedbase.py run [line:316] INFO Eval Time Cost:               1.4927s
2026-09-24 22:58:01,459 asyncbase.py iterate [line:68] INFO Select clients [np.int64(7)] at time 38.
2026-09-24 22:58:01,772 asyncbase.py iterate [line:73] INFO Receive new models from clients [5, 15] at time 38
2026-09-24 22:58:01,829 fedbase.py run [line:311] INFO --------------Round 38--------------
2026-09-24 22:58:01,830 simple_logger.py log_once [line:14] INFO Current_time:38
2026-09-24 22:58:03,322 simple_logger.py log_once [line:28] INFO test_accuracy                 0.1715
2026-09-24 22:58:03,322 simple_logger.py log_once [line:28] INFO test_loss                     14.1254
2026-09-24 22:58:03,322 simple_logger.py log_once [line:28] INFO val_accuracy                  0.1730
2026-09-24 22:58:03,322 simple_logger.py log_once [line:28] INFO mean_val_accuracy             0.1727
2026-09-24 22:58:03,322 simple_logger.py log_once [line:28] INFO std_val_accuracy              0.3352
2026-09-24 22:58:03,322 simple_logger.py log_once [line:28] INFO val_loss                      14.0371
2026-09-24 22:58:03,322 simple_logger.py log_once [line:28] INFO mean_val_loss                 14.0300
2026-09-24 22:58:03,322 simple_logger.py log_once [line:28] INFO std_val_loss                  10.0418
2026-09-24 22:58:03,322 fedbase.py run [line:316] INFO Eval Time Cost:               1.4927s
2026-09-24 22:58:03,331 asyncbase.py iterate [line:68] INFO Select clients [np.int64(16), np.int64(0), np.int64(15)] at time 39.
2026-09-24 22:58:04,285 asyncbase.py iterate [line:73] INFO Receive new models from clients [8] at time 39
2026-09-24 22:58:04,318 fedbase.py run [line:311] INFO --------------Round 39--------------
2026-09-24 22:58:04,318 simple_logger.py log_once [line:14] INFO Current_time:39
2026-09-24 22:58:05,805 simple_logger.py log_once [line:28] INFO test_accuracy                 0.2320
2026-09-24 22:58:05,805 simple_logger.py log_once [line:28] INFO test_loss                     6.8975
2026-09-24 22:58:05,805 simple_logger.py log_once [line:28] INFO val_accuracy                  0.2321
2026-09-24 22:58:05,805 simple_logger.py log_once [line:28] INFO mean_val_accuracy             0.2318
2026-09-24 22:58:05,805 simple_logger.py log_once [line:28] INFO std_val_accuracy              0.3310
2026-09-24 22:58:05,805 simple_logger.py log_once [line:28] INFO val_loss                      7.0234
2026-09-24 22:58:05,805 simple_logger.py log_once [line:28] INFO mean_val_loss                 7.0193
2026-09-24 22:58:05,805 simple_logger.py log_once [line:28] INFO std_val_loss                  4.5331
2026-09-24 22:58:05,805 fedbase.py run [line:316] INFO Eval Time Cost:               1.4874s
2026-09-24 22:58:05,814 asyncbase.py iterate [line:68] INFO Select clients [np.int64(1)] at time 40.
2026-09-24 22:58:06,122 asyncbase.py iterate [line:73] INFO Receive new models from clients [1] at time 40
2026-09-24 22:58:06,156 fedbase.py run [line:311] INFO --------------Round 40--------------
2026-09-24 22:58:06,156 simple_logger.py log_once [line:14] INFO Current_time:40
2026-09-24 22:58:07,661 simple_logger.py log_once [line:28] INFO test_accuracy                 0.2548
2026-09-24 22:58:07,662 simple_logger.py log_once [line:28] INFO test_loss                     16.0005
2026-09-24 22:58:07,662 simple_logger.py log_once [line:28] INFO val_accuracy                  0.2569
2026-09-24 22:58:07,662 simple_logger.py log_once [line:28] INFO mean_val_accuracy             0.2574
2026-09-24 22:58:07,662 simple_logger.py log_once [line:28] INFO std_val_accuracy              0.3851
2026-09-24 22:58:07,662 simple_logger.py log_once [line:28] INFO val_loss                      15.4248
2026-09-24 22:58:07,662 simple_logger.py log_once [line:28] INFO mean_val_loss                 15.4498
2026-09-24 22:58:07,662 simple_logger.py log_once [line:28] INFO std_val_loss                  11.4398
2026-09-24 22:58:07,662 fedbase.py run [line:316] INFO Eval Time Cost:               1.5057s
2026-09-24 22:58:07,670 asyncbase.py iterate [line:68] INFO Select clients [np.int64(17)] at time 41.
2026-09-24 22:58:07,982 asyncbase.py iterate [line:73] INFO Receive new models from clients [7] at time 41
2026-09-24 22:58:08,015 fedbase.py run [line:311] INFO --------------Round 41--------------
2026-09-24 22:58:08,015 simple_logger.py log_once [line:14] INFO Current_time:41
2026-09-24 22:58:09,497 simple_logger.py log_once [line:28] INFO test_accuracy                 0.2521
2026-09-24 22:58:09,497 simple_logger.py log_once [line:28] INFO test_loss                     16.5544
2026-09-24 22:58:09,497 simple_logger.py log_once [line:28] INFO val_accuracy                  0.2532
2026-09-24 22:58:09,497 simple_logger.py log_once [line:28] INFO mean_val_accuracy             0.2538
2026-09-24 22:58:09,497 simple_logger.py log_once [line:28] INFO std_val_accuracy              0.3831
2026-09-24 22:58:09,498 simple_logger.py log_once [line:28] INFO val_loss                      15.9639
2026-09-24 22:58:09,498 simple_logger.py log_once [line:28] INFO mean_val_loss                 15.9896
2026-09-24 22:58:09,498 simple_logger.py log_once [line:28] INFO std_val_loss                  11.7573
2026-09-24 22:58:09,498 fedbase.py run [line:316] INFO Eval Time Cost:               1.4827s
2026-09-24 22:58:09,507 asyncbase.py iterate [line:68] INFO Select clients [np.int64(5), np.int64(1)] at time 42.
2026-09-24 22:58:10,161 asyncbase.py iterate [line:73] INFO Receive new models from clients [15, 0, 16] at time 42
2026-09-24 22:58:10,224 fedbase.py run [line:311] INFO --------------Round 42--------------
2026-09-24 22:58:10,224 simple_logger.py log_once [line:14] INFO Current_time:42
2026-09-24 22:58:11,711 simple_logger.py log_once [line:28] INFO test_accuracy                 0.2023
2026-09-24 22:58:11,711 simple_logger.py log_once [line:28] INFO test_loss                     7.8449
2026-09-24 22:58:11,711 simple_logger.py log_once [line:28] INFO val_accuracy                  0.2085
2026-09-24 22:58:11,711 simple_logger.py log_once [line:28] INFO mean_val_accuracy             0.2088
2026-09-24 22:58:11,711 simple_logger.py log_once [line:28] INFO std_val_accuracy              0.3804
2026-09-24 22:58:11,711 simple_logger.py log_once [line:28] INFO val_loss                      7.6428
2026-09-24 22:58:11,711 simple_logger.py log_once [line:28] INFO mean_val_loss                 7.6519
2026-09-24 22:58:11,711 simple_logger.py log_once [line:28] INFO std_val_loss                  4.2472
2026-09-24 22:58:11,711 fedbase.py run [line:316] INFO Eval Time Cost:               1.4873s
2026-09-24 22:58:11,720 asyncbase.py iterate [line:68] INFO Select clients [np.int64(6), np.int64(18)] at time 43.
2026-09-24 22:58:12,344 asyncbase.py iterate [line:73] INFO Receive new models from clients [1, 6, 18] at time 43
2026-09-24 22:58:12,409 fedbase.py run [line:311] INFO --------------Round 43--------------
2026-09-24 22:58:12,410 simple_logger.py log_once [line:14] INFO Current_time:43
2026-09-24 22:58:13,905 simple_logger.py log_once [line:28] INFO test_accuracy                 0.2533
2026-09-24 22:58:13,905 simple_logger.py log_once [line:28] INFO test_loss                     3.5363
2026-09-24 22:58:13,905 simple_logger.py log_once [line:28] INFO val_accuracy                  0.2579
2026-09-24 22:58:13,905 simple_logger.py log_once [line:28] INFO mean_val_accuracy             0.2579
2026-09-24 22:58:13,905 simple_logger.py log_once [line:28] INFO std_val_accuracy              0.3602
2026-09-24 22:58:13,905 simple_logger.py log_once [line:28] INFO val_loss                      3.5459
2026-09-24 22:58:13,905 simple_logger.py log_once [line:28] INFO mean_val_loss                 3.5507
2026-09-24 22:58:13,905 simple_logger.py log_once [line:28] INFO std_val_loss                  2.2649
2026-09-24 22:58:13,905 fedbase.py run [line:316] INFO Eval Time Cost:               1.4953s
2026-09-24 22:58:13,914 asyncbase.py iterate [line:68] INFO Select clients [np.int64(3), np.int64(19), np.int64(0)] at time 44.
2026-09-24 22:58:14,858 asyncbase.py iterate [line:73] INFO Receive new models from clients [17, 3] at time 44
2026-09-24 22:58:14,914 fedbase.py run [line:311] INFO --------------Round 44--------------
2026-09-24 22:58:14,914 simple_logger.py log_once [line:14] INFO Current_time:44
2026-09-24 22:58:16,410 simple_logger.py log_once [line:28] INFO test_accuracy                 0.2380
2026-09-24 22:58:16,410 simple_logger.py log_once [line:28] INFO test_loss                     4.4033
2026-09-24 22:58:16,410 simple_logger.py log_once [line:28] INFO val_accuracy                  0.2384
2026-09-24 22:58:16,410 simple_logger.py log_once [line:28] INFO mean_val_accuracy             0.2378
2026-09-24 22:58:16,410 simple_logger.py log_once [line:28] INFO std_val_accuracy              0.3347
2026-09-24 22:58:16,410 simple_logger.py log_once [line:28] INFO val_loss                      4.3885
2026-09-24 22:58:16,411 simple_logger.py log_once [line:28] INFO mean_val_loss                 4.3995
2026-09-24 22:58:16,411 simple_logger.py log_once [line:28] INFO std_val_loss                  3.0219
2026-09-24 22:58:16,411 fedbase.py run [line:316] INFO Eval Time Cost:               1.4967s
2026-09-24 22:58:16,421 asyncbase.py iterate [line:68] INFO Select clients [np.int64(9), np.int64(16)] at time 45.
2026-09-24 22:58:17,039 asyncbase.py iterate [line:73] INFO Receive new models from clients [5] at time 45
2026-09-24 22:58:17,073 fedbase.py run [line:311] INFO --------------Round 45--------------
2026-09-24 22:58:17,073 simple_logger.py log_once [line:14] INFO Current_time:45
2026-09-24 22:58:18,569 simple_logger.py log_once [line:28] INFO test_accuracy                 0.1135
2026-09-24 22:58:18,569 simple_logger.py log_once [line:28] INFO test_loss                     18.7988
2026-09-24 22:58:18,569 simple_logger.py log_once [line:28] INFO val_accuracy                  0.1119
2026-09-24 22:58:18,569 simple_logger.py log_once [line:28] INFO mean_val_accuracy             0.1111
2026-09-24 22:58:18,569 simple_logger.py log_once [line:28] INFO std_val_accuracy              0.2974
2026-09-24 22:58:18,569 simple_logger.py log_once [line:28] INFO val_loss                      18.7981
2026-09-24 22:58:18,569 simple_logger.py log_once [line:28] INFO mean_val_loss                 18.8073
2026-09-24 22:58:18,569 simple_logger.py log_once [line:28] INFO std_val_loss                  7.3180
2026-09-24 22:58:18,569 fedbase.py run [line:316] INFO Eval Time Cost:               1.4955s
2026-09-24 22:58:18,579 asyncbase.py iterate [line:68] INFO Select clients [np.int64(17)] at time 46.
2026-09-24 22:58:18,890 asyncbase.py iterate [line:73] INFO Receive new models from clients [0, 9, 19] at time 46
2026-09-24 22:58:18,954 fedbase.py run [line:311] INFO --------------Round 46--------------
2026-09-24 22:58:18,954 simple_logger.py log_once [line:14] INFO Current_time:46
2026-09-24 22:58:20,445 simple_logger.py log_once [line:28] INFO test_accuracy                 0.1135
2026-09-24 22:58:20,445 simple_logger.py log_once [line:28] INFO test_loss                     19.7818
2026-09-24 22:58:20,445 simple_logger.py log_once [line:28] INFO val_accuracy                  0.1119
2026-09-24 22:58:20,445 simple_logger.py log_once [line:28] INFO mean_val_accuracy             0.1111
2026-09-24 22:58:20,445 simple_logger.py log_once [line:28] INFO std_val_accuracy              0.2974
2026-09-24 22:58:20,445 simple_logger.py log_once [line:28] INFO val_loss                      19.8069
2026-09-24 22:58:20,445 simple_logger.py log_once [line:28] INFO mean_val_loss                 19.8163
2026-09-24 22:58:20,445 simple_logger.py log_once [line:28] INFO std_val_loss                  8.3354
2026-09-24 22:58:20,445 fedbase.py run [line:316] INFO Eval Time Cost:               1.4916s
2026-09-24 22:58:20,456 asyncbase.py iterate [line:68] INFO Select clients [np.int64(13), np.int64(18), np.int64(12)] at time 47.
2026-09-24 22:58:21,403 asyncbase.py iterate [line:73] INFO Receive new models from clients [17] at time 47
2026-09-24 22:58:21,435 fedbase.py run [line:311] INFO --------------Round 47--------------
2026-09-24 22:58:21,435 simple_logger.py log_once [line:14] INFO Current_time:47
2026-09-24 22:58:22,941 simple_logger.py log_once [line:28] INFO test_accuracy                 0.2078
2026-09-24 22:58:22,941 simple_logger.py log_once [line:28] INFO test_loss                     16.3473
2026-09-24 22:58:22,941 simple_logger.py log_once [line:28] INFO val_accuracy                  0.2127
2026-09-24 22:58:22,941 simple_logger.py log_once [line:28] INFO mean_val_accuracy             0.2127
2026-09-24 22:58:22,941 simple_logger.py log_once [line:28] INFO std_val_accuracy              0.3361
2026-09-24 22:58:22,941 simple_logger.py log_once [line:28] INFO val_loss                      16.1267
2026-09-24 22:58:22,941 simple_logger.py log_once [line:28] INFO mean_val_loss                 16.1254
2026-09-24 22:58:22,941 simple_logger.py log_once [line:28] INFO std_val_loss                  10.7746
2026-09-24 22:58:22,941 fedbase.py run [line:316] INFO Eval Time Cost:               1.5064s
2026-09-24 22:58:22,952 asyncbase.py iterate [line:68] INFO Select clients [np.int64(15)] at time 48.
2026-09-24 22:58:23,274 asyncbase.py iterate [line:73] INFO Receive new models from clients [16] at time 48
2026-09-24 22:58:23,306 fedbase.py run [line:311] INFO --------------Round 48--------------
2026-09-24 22:58:23,306 simple_logger.py log_once [line:14] INFO Current_time:48
2026-09-24 22:58:24,800 simple_logger.py log_once [line:28] INFO test_accuracy                 0.1010
2026-09-24 22:58:24,801 simple_logger.py log_once [line:28] INFO test_loss                     12.9459
2026-09-24 22:58:24,801 simple_logger.py log_once [line:28] INFO val_accuracy                  0.1021
2026-09-24 22:58:24,801 simple_logger.py log_once [line:28] INFO mean_val_accuracy             0.1018
2026-09-24 22:58:24,801 simple_logger.py log_once [line:28] INFO std_val_accuracy              0.2729
2026-09-24 22:58:24,801 simple_logger.py log_once [line:28] INFO val_loss                      12.9115
2026-09-24 22:58:24,801 simple_logger.py log_once [line:28] INFO mean_val_loss                 12.9161
2026-09-24 22:58:24,801 simple_logger.py log_once [line:28] INFO std_val_loss                  5.8366
2026-09-24 22:58:24,801 fedbase.py run [line:316] INFO Eval Time Cost:               1.4950s
2026-09-24 22:58:24,811 asyncbase.py iterate [line:68] INFO Select clients [np.int64(9), np.int64(14)] at time 49.
2026-09-24 22:58:25,433 asyncbase.py iterate [line:73] INFO Receive new models from clients [12, 15, 18] at time 49
2026-09-24 22:58:25,497 fedbase.py run [line:311] INFO --------------Round 49--------------
2026-09-24 22:58:25,497 simple_logger.py log_once [line:14] INFO Current_time:49
2026-09-24 22:58:26,994 simple_logger.py log_once [line:28] INFO test_accuracy                 0.0946
2026-09-24 22:58:26,994 simple_logger.py log_once [line:28] INFO test_loss                     2.3033
2026-09-24 22:58:26,994 simple_logger.py log_once [line:28] INFO val_accuracy                  0.1005
2026-09-24 22:58:26,994 simple_logger.py log_once [line:28] INFO mean_val_accuracy             0.1002
2026-09-24 22:58:26,994 simple_logger.py log_once [line:28] INFO std_val_accuracy              0.2019
2026-09-24 22:58:26,994 simple_logger.py log_once [line:28] INFO val_loss                      2.3028
2026-09-24 22:58:26,994 simple_logger.py log_once [line:28] INFO mean_val_loss                 2.3034
2026-09-24 22:58:26,994 simple_logger.py log_once [line:28] INFO std_val_loss                  0.2708
2026-09-24 22:58:26,994 fedbase.py run [line:316] INFO Eval Time Cost:               1.4973s
2026-09-24 22:58:27,004 asyncbase.py iterate [line:68] INFO Select clients [np.int64(0), np.int64(7), np.int64(12)] at time 50.
2026-09-24 22:58:27,923 asyncbase.py iterate [line:73] INFO Receive new models from clients [13] at time 50
2026-09-24 22:58:27,955 fedbase.py run [line:311] INFO --------------Round 50--------------
2026-09-24 22:58:27,955 simple_logger.py log_once [line:14] INFO Current_time:50
2026-09-24 22:58:29,452 simple_logger.py log_once [line:28] INFO test_accuracy                 0.1147
2026-09-24 22:58:29,452 simple_logger.py log_once [line:28] INFO test_loss                     2.4984
2026-09-24 22:58:29,452 simple_logger.py log_once [line:28] INFO val_accuracy                  0.1150
2026-09-24 22:58:29,452 simple_logger.py log_once [line:28] INFO mean_val_accuracy             0.1147
2026-09-24 22:58:29,452 simple_logger.py log_once [line:28] INFO std_val_accuracy              0.2699
2026-09-24 22:58:29,452 simple_logger.py log_once [line:28] INFO val_loss                      2.5007
2026-09-24 22:58:29,452 simple_logger.py log_once [line:28] INFO mean_val_loss                 2.5003
2026-09-24 22:58:29,452 simple_logger.py log_once [line:28] INFO std_val_loss                  0.8263
2026-09-24 22:58:29,452 fedbase.py run [line:316] INFO Eval Time Cost:               1.4970s
2026-09-24 22:58:29,462 asyncbase.py iterate [line:68] INFO Select clients [np.int64(5)] at time 51.
2026-09-24 22:58:29,774 asyncbase.py iterate [line:73] INFO Receive new models from clients [12, 0, 14] at time 51
2026-09-24 22:58:29,840 fedbase.py run [line:311] INFO --------------Round 51--------------
2026-09-24 22:58:29,840 simple_logger.py log_once [line:14] INFO Current_time:51
2026-09-24 22:58:31,337 simple_logger.py log_once [line:28] INFO test_accuracy                 0.1492
2026-09-24 22:58:31,337 simple_logger.py log_once [line:28] INFO test_loss                     2.5327
2026-09-24 22:58:31,337 simple_logger.py log_once [line:28] INFO val_accuracy                  0.1464
2026-09-24 22:58:31,337 simple_logger.py log_once [line:28] INFO mean_val_accuracy             0.1460
2026-09-24 22:58:31,337 simple_logger.py log_once [line:28] INFO std_val_accuracy              0.2458
2026-09-24 22:58:31,337 simple_logger.py log_once [line:28] INFO val_loss                      2.5435
2026-09-24 22:58:31,337 simple_logger.py log_once [line:28] INFO mean_val_loss                 2.5425
2026-09-24 22:58:31,337 simple_logger.py log_once [line:28] INFO std_val_loss                  0.9946
2026-09-24 22:58:31,337 fedbase.py run [line:316] INFO Eval Time Cost:               1.4969s
2026-09-24 22:58:31,347 asyncbase.py iterate [line:68] INFO Select clients [np.int64(18), np.int64(10)] at time 52.
2026-09-24 22:58:31,973 asyncbase.py iterate [line:73] INFO Receive new models from clients [9, 18] at time 52
2026-09-24 22:58:32,029 fedbase.py run [line:311] INFO --------------Round 52--------------
2026-09-24 22:58:32,029 simple_logger.py log_once [line:14] INFO Current_time:52
2026-09-24 22:58:33,518 simple_logger.py log_once [line:28] INFO test_accuracy                 0.0984
2026-09-24 22:58:33,518 simple_logger.py log_once [line:28] INFO test_loss                     19.9412
2026-09-24 22:58:33,518 simple_logger.py log_once [line:28] INFO val_accuracy                  0.0995
2026-09-24 22:58:33,518 simple_logger.py log_once [line:28] INFO mean_val_accuracy             0.1005
2026-09-24 22:58:33,518 simple_logger.py log_once [line:28] INFO std_val_accuracy              0.2632
2026-09-24 22:58:33,518 simple_logger.py log_once [line:28] INFO val_loss                      19.9681
2026-09-24 22:58:33,518 simple_logger.py log_once [line:28] INFO mean_val_loss                 19.9247
2026-09-24 22:58:33,518 simple_logger.py log_once [line:28] INFO std_val_loss                  14.0730
2026-09-24 22:58:33,518 fedbase.py run [line:316] INFO Eval Time Cost:               1.4891s
2026-09-24 22:58:33,526 asyncbase.py iterate [line:68] INFO Select clients [np.int64(19), np.int64(12)] at time 53.
2026-09-24 22:58:34,154 asyncbase.py iterate [line:73] INFO Receive new models from clients [7, 5, 12, 10] at time 53
2026-09-24 22:58:34,227 fedbase.py run [line:311] INFO --------------Round 53--------------
2026-09-24 22:58:34,227 simple_logger.py log_once [line:14] INFO Current_time:53
2026-09-24 22:58:35,721 simple_logger.py log_once [line:28] INFO test_accuracy                 0.0892
2026-09-24 22:58:35,721 simple_logger.py log_once [line:28] INFO test_loss                     69.8358
2026-09-24 22:58:35,721 simple_logger.py log_once [line:28] INFO val_accuracy                  0.0907
2026-09-24 22:58:35,721 simple_logger.py log_once [line:28] INFO mean_val_accuracy             0.0904
2026-09-24 22:58:35,721 simple_logger.py log_once [line:28] INFO std_val_accuracy              0.2536
2026-09-24 22:58:35,721 simple_logger.py log_once [line:28] INFO val_loss                      69.9831
2026-09-24 22:58:35,721 simple_logger.py log_once [line:28] INFO mean_val_loss                 69.9587
2026-09-24 22:58:35,721 simple_logger.py log_once [line:28] INFO std_val_loss                  25.9479
2026-09-24 22:58:35,721 fedbase.py run [line:316] INFO Eval Time Cost:               1.4940s
2026-09-24 22:58:35,732 asyncbase.py iterate [line:68] INFO Select clients [np.int64(0), np.int64(5), np.int64(13), np.int64(4), np.int64(1)] at time 54.
2026-09-24 22:58:37,322 asyncbase.py iterate [line:73] INFO Receive new models from clients [13, 1] at time 54
2026-09-24 22:58:37,377 fedbase.py run [line:311] INFO --------------Round 54--------------
2026-09-24 22:58:37,377 simple_logger.py log_once [line:14] INFO Current_time:54
2026-09-24 22:58:38,861 simple_logger.py log_once [line:28] INFO test_accuracy                 0.1886
2026-09-24 22:58:38,861 simple_logger.py log_once [line:28] INFO test_loss                     36.5727
2026-09-24 22:58:38,861 simple_logger.py log_once [line:28] INFO val_accuracy                  0.1925
2026-09-24 22:58:38,861 simple_logger.py log_once [line:28] INFO mean_val_accuracy             0.1925
2026-09-24 22:58:38,861 simple_logger.py log_once [line:28] INFO std_val_accuracy              0.3528
2026-09-24 22:58:38,861 simple_logger.py log_once [line:28] INFO val_loss                      36.3645
2026-09-24 22:58:38,861 simple_logger.py log_once [line:28] INFO mean_val_loss                 36.3529
2026-09-24 22:58:38,861 simple_logger.py log_once [line:28] INFO std_val_loss                  17.9696
2026-09-24 22:58:38,861 fedbase.py run [line:316] INFO Eval Time Cost:               1.4838s
2026-09-24 22:58:38,870 asyncbase.py iterate [line:68] INFO Select clients [np.int64(7), np.int64(6)] at time 55.
2026-09-24 22:58:39,506 asyncbase.py iterate [line:73] INFO Receive new models from clients [6] at time 55
2026-09-24 22:58:39,539 fedbase.py run [line:311] INFO --------------Round 55--------------
2026-09-24 22:58:39,539 simple_logger.py log_once [line:14] INFO Current_time:55
2026-09-24 22:58:41,024 simple_logger.py log_once [line:28] INFO test_accuracy                 0.2080
2026-09-24 22:58:41,024 simple_logger.py log_once [line:28] INFO test_loss                     7.9279
2026-09-24 22:58:41,024 simple_logger.py log_once [line:28] INFO val_accuracy                  0.2143
2026-09-24 22:58:41,024 simple_logger.py log_once [line:28] INFO mean_val_accuracy             0.2145
2026-09-24 22:58:41,024 simple_logger.py log_once [line:28] INFO std_val_accuracy              0.3835
2026-09-24 22:58:41,024 simple_logger.py log_once [line:28] INFO val_loss                      7.8297
2026-09-24 22:58:41,024 simple_logger.py log_once [line:28] INFO mean_val_loss                 7.8433
2026-09-24 22:58:41,024 simple_logger.py log_once [line:28] INFO std_val_loss                  5.0818
2026-09-24 22:58:41,024 fedbase.py run [line:316] INFO Eval Time Cost:               1.4849s
2026-09-24 22:58:41,033 asyncbase.py iterate [line:73] INFO Receive new models from clients [19] at time 56
2026-09-24 22:58:41,068 fedbase.py run [line:311] INFO --------------Round 56--------------
2026-09-24 22:58:41,068 simple_logger.py log_once [line:14] INFO Current_time:56
2026-09-24 22:58:42,565 simple_logger.py log_once [line:28] INFO test_accuracy                 0.1488
2026-09-24 22:58:42,565 simple_logger.py log_once [line:28] INFO test_loss                     8.3417
2026-09-24 22:58:42,565 simple_logger.py log_once [line:28] INFO val_accuracy                  0.1520
2026-09-24 22:58:42,565 simple_logger.py log_once [line:28] INFO mean_val_accuracy             0.1516
2026-09-24 22:58:42,565 simple_logger.py log_once [line:28] INFO std_val_accuracy              0.2981
2026-09-24 22:58:42,565 simple_logger.py log_once [line:28] INFO val_loss                      8.2486
2026-09-24 22:58:42,565 simple_logger.py log_once [line:28] INFO mean_val_loss                 8.2541
2026-09-24 22:58:42,565 simple_logger.py log_once [line:28] INFO std_val_loss                  4.3998
2026-09-24 22:58:42,565 fedbase.py run [line:316] INFO Eval Time Cost:               1.4970s
2026-09-24 22:58:42,574 asyncbase.py iterate [line:68] INFO Select clients [np.int64(16), np.int64(18)] at time 57.
2026-09-24 22:58:43,202 asyncbase.py iterate [line:73] INFO Receive new models from clients [0, 5, 4] at time 57
2026-09-24 22:58:43,268 fedbase.py run [line:311] INFO --------------Round 57--------------
2026-09-24 22:58:43,268 simple_logger.py log_once [line:14] INFO Current_time:57
2026-09-24 22:58:44,772 simple_logger.py log_once [line:28] INFO test_accuracy                 0.1530
2026-09-24 22:58:44,772 simple_logger.py log_once [line:28] INFO test_loss                     39.8379
2026-09-24 22:58:44,772 simple_logger.py log_once [line:28] INFO val_accuracy                  0.1520
2026-09-24 22:58:44,772 simple_logger.py log_once [line:28] INFO mean_val_accuracy             0.1512
2026-09-24 22:58:44,772 simple_logger.py log_once [line:28] INFO std_val_accuracy              0.3041
2026-09-24 22:58:44,772 simple_logger.py log_once [line:28] INFO val_loss                      38.8637
2026-09-24 22:58:44,772 simple_logger.py log_once [line:28] INFO mean_val_loss                 38.9322
2026-09-24 22:58:44,772 simple_logger.py log_once [line:28] INFO std_val_loss                  25.5787
2026-09-24 22:58:44,772 fedbase.py run [line:316] INFO Eval Time Cost:               1.5046s
2026-09-24 22:58:44,780 asyncbase.py iterate [line:68] INFO Select clients [np.int64(9), np.int64(10)] at time 58.
2026-09-24 22:58:45,405 asyncbase.py iterate [line:73] INFO Receive new models from clients [7] at time 58
2026-09-24 22:58:45,440 fedbase.py run [line:311] INFO --------------Round 58--------------
2026-09-24 22:58:45,440 simple_logger.py log_once [line:14] INFO Current_time:58
2026-09-24 22:58:46,937 simple_logger.py log_once [line:28] INFO test_accuracy                 0.0982
2026-09-24 22:58:46,937 simple_logger.py log_once [line:28] INFO test_loss                     6.7178
2026-09-24 22:58:46,937 simple_logger.py log_once [line:28] INFO val_accuracy                  0.0989
2026-09-24 22:58:46,937 simple_logger.py log_once [line:28] INFO mean_val_accuracy             0.0993
2026-09-24 22:58:46,937 simple_logger.py log_once [line:28] INFO std_val_accuracy              0.2797
2026-09-24 22:58:46,937 simple_logger.py log_once [line:28] INFO val_loss                      6.7203
2026-09-24 22:58:46,937 simple_logger.py log_once [line:28] INFO mean_val_loss                 6.7167
2026-09-24 22:58:46,937 simple_logger.py log_once [line:28] INFO std_val_loss                  3.4952
2026-09-24 22:58:46,938 fedbase.py run [line:316] INFO Eval Time Cost:               1.4971s
2026-09-24 22:58:46,946 asyncbase.py iterate [line:68] INFO Select clients [np.int64(1), np.int64(19)] at time 59.
2026-09-24 22:58:47,572 asyncbase.py iterate [line:73] INFO Receive new models from clients [9, 18] at time 59
2026-09-24 22:58:47,613 fedbase.py run [line:311] INFO --------------Round 59--------------
2026-09-24 22:58:47,613 simple_logger.py log_once [line:14] INFO Current_time:59
2026-09-24 22:58:49,102 simple_logger.py log_once [line:28] INFO test_accuracy                 0.0982
2026-09-24 22:58:49,102 simple_logger.py log_once [line:28] INFO test_loss                     6.4079
2026-09-24 22:58:49,102 simple_logger.py log_once [line:28] INFO val_accuracy                  0.0989
2026-09-24 22:58:49,102 simple_logger.py log_once [line:28] INFO mean_val_accuracy             0.0993
2026-09-24 22:58:49,102 simple_logger.py log_once [line:28] INFO std_val_accuracy              0.2797
2026-09-24 22:58:49,102 simple_logger.py log_once [line:28] INFO val_loss                      6.4204
2026-09-24 22:58:49,102 simple_logger.py log_once [line:28] INFO mean_val_loss                 6.4170
2026-09-24 22:58:49,102 simple_logger.py log_once [line:28] INFO std_val_loss                  3.3656
2026-09-24 22:58:49,103 fedbase.py run [line:316] INFO Eval Time Cost:               1.4899s
2026-09-24 22:58:49,112 asyncbase.py iterate [line:73] INFO Receive new models from clients [16, 10] at time 60
2026-09-24 22:58:49,153 fedbase.py run [line:311] INFO --------------Round 60--------------
2026-09-24 22:58:49,153 simple_logger.py log_once [line:14] INFO Current_time:60
2026-09-24 22:58:50,657 simple_logger.py log_once [line:28] INFO test_accuracy                 0.1009
2026-09-24 22:58:50,657 simple_logger.py log_once [line:28] INFO test_loss                     4.5799
2026-09-24 22:58:50,657 simple_logger.py log_once [line:28] INFO val_accuracy                  0.1001
2026-09-24 22:58:50,657 simple_logger.py log_once [line:28] INFO mean_val_accuracy             0.0995
2026-09-24 22:58:50,657 simple_logger.py log_once [line:28] INFO std_val_accuracy              0.2889
2026-09-24 22:58:50,657 simple_logger.py log_once [line:28] INFO val_loss                      4.5822
2026-09-24 22:58:50,657 simple_logger.py log_once [line:28] INFO mean_val_loss                 4.5840
2026-09-24 22:58:50,657 simple_logger.py log_once [line:28] INFO std_val_loss                  2.4411
2026-09-24 22:58:50,657 fedbase.py run [line:316] INFO Eval Time Cost:               1.5042s
2026-09-24 22:58:50,666 asyncbase.py iterate [line:68] INFO Select clients [np.int64(7), np.int64(0), np.int64(8), np.int64(3)] at time 61.
2026-09-24 22:58:51,905 asyncbase.py iterate [line:73] INFO Receive new models from clients [8] at time 61
2026-09-24 22:58:51,936 fedbase.py run [line:311] INFO --------------Round 61--------------
2026-09-24 22:58:51,936 simple_logger.py log_once [line:14] INFO Current_time:61
2026-09-24 22:58:53,420 simple_logger.py log_once [line:28] INFO test_accuracy                 0.1123
2026-09-24 22:58:53,420 simple_logger.py log_once [line:28] INFO test_loss                     2528.5778
2026-09-24 22:58:53,420 simple_logger.py log_once [line:28] INFO val_accuracy                  0.1114
2026-09-24 22:58:53,420 simple_logger.py log_once [line:28] INFO mean_val_accuracy             0.1105
2026-09-24 22:58:53,420 simple_logger.py log_once [line:28] INFO std_val_accuracy              0.2716
2026-09-24 22:58:53,420 simple_logger.py log_once [line:28] INFO val_loss                      2493.1168
2026-09-24 22:58:53,420 simple_logger.py log_once [line:28] INFO mean_val_loss                 2493.5272
2026-09-24 22:58:53,420 simple_logger.py log_once [line:28] INFO std_val_loss                  1501.1632
2026-09-24 22:58:53,421 fedbase.py run [line:316] INFO Eval Time Cost:               1.4843s
2026-09-24 22:58:53,429 asyncbase.py iterate [line:68] INFO Select clients [np.int64(14)] at time 62.
2026-09-24 22:58:53,743 asyncbase.py iterate [line:73] INFO Receive new models from clients [1, 0, 7, 19] at time 62
2026-09-24 22:58:53,818 fedbase.py run [line:311] INFO --------------Round 62--------------
2026-09-24 22:58:53,818 simple_logger.py log_once [line:14] INFO Current_time:62
2026-09-24 22:58:55,313 simple_logger.py log_once [line:28] INFO test_accuracy                 0.1243
2026-09-24 22:58:55,313 simple_logger.py log_once [line:28] INFO test_loss                     2677.2490
2026-09-24 22:58:55,313 simple_logger.py log_once [line:28] INFO val_accuracy                  0.1252
2026-09-24 22:58:55,313 simple_logger.py log_once [line:28] INFO mean_val_accuracy             0.1246
2026-09-24 22:58:55,313 simple_logger.py log_once [line:28] INFO std_val_accuracy              0.2589
2026-09-24 22:58:55,313 simple_logger.py log_once [line:28] INFO val_loss                      2626.7535
2026-09-24 22:58:55,313 simple_logger.py log_once [line:28] INFO mean_val_loss                 2626.9709
2026-09-24 22:58:55,313 simple_logger.py log_once [line:28] INFO std_val_loss                  1652.5919
2026-09-24 22:58:55,313 fedbase.py run [line:316] INFO Eval Time Cost:               1.4956s
2026-09-24 22:58:55,324 asyncbase.py iterate [line:68] INFO Select clients [np.int64(17), np.int64(9), np.int64(8), np.int64(15)] at time 63.
2026-09-24 22:58:56,577 asyncbase.py iterate [line:73] INFO Receive new models from clients [14] at time 63
2026-09-24 22:58:56,593 asyncbase.py iterate [line:68] INFO Select clients [np.int64(5)] at time 64.
2026-09-24 22:58:56,904 asyncbase.py iterate [line:73] INFO Receive new models from clients [15, 5, 3, 17] at time 64
2026-09-24 22:58:56,976 fedbase.py run [line:311] INFO --------------Round 63--------------
2026-09-24 22:58:56,976 simple_logger.py log_once [line:14] INFO Current_time:64
2026-09-24 22:58:58,454 simple_logger.py log_once [line:28] INFO test_accuracy                 0.1009
2026-09-24 22:58:58,454 simple_logger.py log_once [line:28] INFO test_loss                     8325.2110
2026-09-24 22:58:58,454 simple_logger.py log_once [line:28] INFO val_accuracy                  0.0999
2026-09-24 22:58:58,454 simple_logger.py log_once [line:28] INFO mean_val_accuracy             0.0994
2026-09-24 22:58:58,454 simple_logger.py log_once [line:28] INFO std_val_accuracy              0.2889
2026-09-24 22:58:58,454 simple_logger.py log_once [line:28] INFO val_loss                      8268.0396
2026-09-24 22:58:58,454 simple_logger.py log_once [line:28] INFO mean_val_loss                 8263.0387
2026-09-24 22:58:58,454 simple_logger.py log_once [line:28] INFO std_val_loss                  4236.9282
2026-09-24 22:58:58,454 fedbase.py run [line:316] INFO Eval Time Cost:               1.4782s
2026-09-24 22:58:58,463 asyncbase.py iterate [line:68] INFO Select clients [np.int64(13), np.int64(1), np.int64(14), np.int64(17)] at time 65.
2026-09-24 22:58:59,737 asyncbase.py iterate [line:73] INFO Receive new models from clients [13, 8, 9, 1] at time 66
Traceback (most recent call last):
  File "E:\Federated Machine Learning\FL-Byzantine-Library\run_research.py", line 161, in <module>
    main()
    ~~~~^^
  File "E:\Federated Machine Learning\FL-Byzantine-Library\run_research.py", line 157, in main
    runner.run()
    ~~~~~~~~~~^^
  File "E:\Federated Machine Learning\FL-Byzantine-Library\easyFL\flgo\algorithm\fedbase.py", line 308, in run
    updated = self.iterate()
  File "E:\Federated Machine Learning\FL-Byzantine-Library\flgo_byzantine\research_algorithm.py", line 272, in iterate
    return super().iterate()
           ~~~~~~~~~~~~~~~^^
  File "E:\Federated Machine Learning\FL-Byzantine-Library\easyFL\flgo\algorithm\asyncbase.py", line 74, in iterate
    is_model_updated = self.package_handler(received_packages)
  File "E:\Federated Machine Learning\FL-Byzantine-Library\flgo_byzantine\research_algorithm.py", line 335, in package_handler
    raise RuntimeError("aggregate would diverge: non-finite or weight magnitude exceeds 1000")
RuntimeError: aggregate would diverge: non-finite or weight magnitude exceeds 1000
