E:\fl-experiment\.venv\Lib\site-packages\torch\cuda\__init__.py:61: FutureWarning: The pynvml package is deprecated. Please install nvidia-ml-py instead. If you did not install pynvml directly, please report this to the maintainers of the package that installed pynvml for you.
  import pynvml  # type: ignore[import]
2026-09-24 22:29:43,462 fflow.py init [line:848] INFO PROCESS ID:	24564
2026-09-24 22:29:43,462 fflow.py init [line:849] INFO Initializing devices: cuda:0 will be used for this running.
2026-09-24 22:29:43,462 fflow.py init [line:852] INFO BENCHMARK:	flgo.benchmark.mnist_classification
2026-09-24 22:29:43,462 fflow.py init [line:853] INFO TASK:			E:\Federated Machine Learning\FL-Byzantine-Library\mnist_dir20
2026-09-24 22:29:43,471 fflow.py init [line:854] INFO MODEL:		flgo.benchmark.mnist_classification.model.cnn
2026-09-24 22:29:43,471 fflow.py init [line:855] INFO ALGORITHM:	research_algorithm
2026-09-24 22:29:44,495 fflow.py init [line:901] INFO SCENE:		horizontal FL with 1 <class 'flgo_byzantine.research_algorithm.Server'>, 20 <class 'flgo_byzantine.research_algorithm.Client'>
2026-09-24 22:29:44,585 fflow.py init [line:918] INFO SIMULATOR:	<class 'flgo.simulator.default_simulator.Simulator'>
2026-09-24 22:29:49,009 fflow.py init [line:931] INFO Ready to start.
2026-09-24 22:29:49,009 fedbase.py run [line:300] INFO --------------Initial Evaluation--------------
2026-09-24 22:29:49,009 simple_logger.py log_once [line:14] INFO Current_time:0
2026-09-24 22:29:50,616 simple_logger.py log_once [line:28] INFO test_accuracy                 0.0875
2026-09-24 22:29:50,616 simple_logger.py log_once [line:28] INFO test_loss                     2.3101
2026-09-24 22:29:50,616 simple_logger.py log_once [line:28] INFO val_accuracy                  0.0866
2026-09-24 22:29:50,616 simple_logger.py log_once [line:28] INFO mean_val_accuracy             0.0874
2026-09-24 22:29:50,616 simple_logger.py log_once [line:28] INFO std_val_accuracy              0.2312
2026-09-24 22:29:50,616 simple_logger.py log_once [line:28] INFO val_loss                      2.3109
2026-09-24 22:29:50,616 simple_logger.py log_once [line:28] INFO mean_val_loss                 2.3111
2026-09-24 22:29:50,616 simple_logger.py log_once [line:28] INFO std_val_loss                  0.0785
2026-09-24 22:29:50,616 fedbase.py run [line:303] INFO Eval Time Cost:               1.6069s
2026-09-24 22:29:50,627 asyncbase.py iterate [line:68] INFO Select clients [np.int64(5), np.int64(16), np.int64(0), np.int64(4), np.int64(9)] at time 1.
2026-09-24 22:29:52,247 asyncbase.py iterate [line:73] INFO Receive new models from clients [9, 0] at time 2
2026-09-24 22:29:52,330 fedbase.py run [line:311] INFO --------------Round 1--------------
2026-09-24 22:29:52,330 simple_logger.py log_once [line:14] INFO Current_time:2
2026-09-24 22:29:53,808 simple_logger.py log_once [line:28] INFO test_accuracy                 0.1119
2026-09-24 22:29:53,808 simple_logger.py log_once [line:28] INFO test_loss                     2.9482
2026-09-24 22:29:53,808 simple_logger.py log_once [line:28] INFO val_accuracy                  0.1127
2026-09-24 22:29:53,808 simple_logger.py log_once [line:28] INFO mean_val_accuracy             0.1139
2026-09-24 22:29:53,808 simple_logger.py log_once [line:28] INFO std_val_accuracy              0.2616
2026-09-24 22:29:53,808 simple_logger.py log_once [line:28] INFO val_loss                      2.9491
2026-09-24 22:29:53,808 simple_logger.py log_once [line:28] INFO mean_val_loss                 2.9439
2026-09-24 22:29:53,808 simple_logger.py log_once [line:28] INFO std_val_loss                  1.0684
2026-09-24 22:29:53,808 fedbase.py run [line:316] INFO Eval Time Cost:               1.4779s
2026-09-24 22:29:53,816 asyncbase.py iterate [line:68] INFO Select clients [np.int64(3), np.int64(8), np.int64(18)] at time 3.
2026-09-24 22:29:54,746 asyncbase.py iterate [line:73] INFO Receive new models from clients [16, 5, 3] at time 3
2026-09-24 22:29:54,802 fedbase.py run [line:311] INFO --------------Round 2--------------
2026-09-24 22:29:54,802 simple_logger.py log_once [line:14] INFO Current_time:3
2026-09-24 22:29:56,270 simple_logger.py log_once [line:28] INFO test_accuracy                 0.0980
2026-09-24 22:29:56,270 simple_logger.py log_once [line:28] INFO test_loss                     12.0104
2026-09-24 22:29:56,270 simple_logger.py log_once [line:28] INFO val_accuracy                  0.0990
2026-09-24 22:29:56,270 simple_logger.py log_once [line:28] INFO mean_val_accuracy             0.1000
2026-09-24 22:29:56,270 simple_logger.py log_once [line:28] INFO std_val_accuracy              0.2627
2026-09-24 22:29:56,270 simple_logger.py log_once [line:28] INFO val_loss                      11.8988
2026-09-24 22:29:56,270 simple_logger.py log_once [line:28] INFO mean_val_loss                 11.8922
2026-09-24 22:29:56,270 simple_logger.py log_once [line:28] INFO std_val_loss                  4.0079
2026-09-24 22:29:56,270 fedbase.py run [line:316] INFO Eval Time Cost:               1.4680s
2026-09-24 22:29:56,279 asyncbase.py iterate [line:68] INFO Select clients [np.int64(10), np.int64(6)] at time 4.
2026-09-24 22:29:56,909 asyncbase.py iterate [line:73] INFO Receive new models from clients [4, 18] at time 4
2026-09-24 22:29:56,953 fedbase.py run [line:311] INFO --------------Round 3--------------
2026-09-24 22:29:56,953 simple_logger.py log_once [line:14] INFO Current_time:4
2026-09-24 22:29:58,431 simple_logger.py log_once [line:28] INFO test_accuracy                 0.0980
2026-09-24 22:29:58,431 simple_logger.py log_once [line:28] INFO test_loss                     41.6398
2026-09-24 22:29:58,431 simple_logger.py log_once [line:28] INFO val_accuracy                  0.0990
2026-09-24 22:29:58,431 simple_logger.py log_once [line:28] INFO mean_val_accuracy             0.1000
2026-09-24 22:29:58,431 simple_logger.py log_once [line:28] INFO std_val_accuracy              0.2627
2026-09-24 22:29:58,431 simple_logger.py log_once [line:28] INFO val_loss                      41.1939
2026-09-24 22:29:58,431 simple_logger.py log_once [line:28] INFO mean_val_loss                 41.1602
2026-09-24 22:29:58,431 simple_logger.py log_once [line:28] INFO std_val_loss                  14.0097
2026-09-24 22:29:58,431 fedbase.py run [line:316] INFO Eval Time Cost:               1.4778s
2026-09-24 22:29:58,441 asyncbase.py iterate [line:68] INFO Select clients [np.int64(1), np.int64(4)] at time 5.
2026-09-24 22:29:59,060 asyncbase.py iterate [line:73] INFO Receive new models from clients [10] at time 5
2026-09-24 22:29:59,090 fedbase.py run [line:311] INFO --------------Round 4--------------
2026-09-24 22:29:59,091 simple_logger.py log_once [line:14] INFO Current_time:5
2026-09-24 22:30:00,564 simple_logger.py log_once [line:28] INFO test_accuracy                 0.0892
2026-09-24 22:30:00,564 simple_logger.py log_once [line:28] INFO test_loss                     2.5452
2026-09-24 22:30:00,564 simple_logger.py log_once [line:28] INFO val_accuracy                  0.0907
2026-09-24 22:30:00,564 simple_logger.py log_once [line:28] INFO mean_val_accuracy             0.0904
2026-09-24 22:30:00,564 simple_logger.py log_once [line:28] INFO std_val_accuracy              0.2536
2026-09-24 22:30:00,564 simple_logger.py log_once [line:28] INFO val_loss                      2.5421
2026-09-24 22:30:00,564 simple_logger.py log_once [line:28] INFO mean_val_loss                 2.5430
2026-09-24 22:30:00,564 simple_logger.py log_once [line:28] INFO std_val_loss                  0.5325
2026-09-24 22:30:00,564 fedbase.py run [line:316] INFO Eval Time Cost:               1.4735s
2026-09-24 22:30:00,574 asyncbase.py iterate [line:68] INFO Select clients [np.int64(5)] at time 6.
2026-09-24 22:30:00,885 asyncbase.py iterate [line:73] INFO Receive new models from clients [4, 1, 6, 8] at time 6
2026-09-24 22:30:00,952 fedbase.py run [line:311] INFO --------------Round 5--------------
2026-09-24 22:30:00,953 simple_logger.py log_once [line:14] INFO Current_time:6
2026-09-24 22:30:02,438 simple_logger.py log_once [line:28] INFO test_accuracy                 0.0980
2026-09-24 22:30:02,438 simple_logger.py log_once [line:28] INFO test_loss                     2.3108
2026-09-24 22:30:02,438 simple_logger.py log_once [line:28] INFO val_accuracy                  0.0990
2026-09-24 22:30:02,438 simple_logger.py log_once [line:28] INFO mean_val_accuracy             0.1000
2026-09-24 22:30:02,438 simple_logger.py log_once [line:28] INFO std_val_accuracy              0.2627
2026-09-24 22:30:02,438 simple_logger.py log_once [line:28] INFO val_loss                      2.3105
2026-09-24 22:30:02,438 simple_logger.py log_once [line:28] INFO mean_val_loss                 2.3102
2026-09-24 22:30:02,438 simple_logger.py log_once [line:28] INFO std_val_loss                  0.1117
2026-09-24 22:30:02,439 fedbase.py run [line:316] INFO Eval Time Cost:               1.4861s
2026-09-24 22:30:02,447 asyncbase.py iterate [line:68] INFO Select clients [np.int64(14), np.int64(15), np.int64(1), np.int64(6)] at time 7.
2026-09-24 22:30:03,696 asyncbase.py iterate [line:73] INFO Receive new models from clients [1] at time 7
2026-09-24 22:30:03,729 fedbase.py run [line:311] INFO --------------Round 6--------------
2026-09-24 22:30:03,729 simple_logger.py log_once [line:14] INFO Current_time:7
2026-09-24 22:30:05,196 simple_logger.py log_once [line:28] INFO test_accuracy                 0.0980
2026-09-24 22:30:05,196 simple_logger.py log_once [line:28] INFO test_loss                     2.4589
2026-09-24 22:30:05,196 simple_logger.py log_once [line:28] INFO val_accuracy                  0.0990
2026-09-24 22:30:05,196 simple_logger.py log_once [line:28] INFO mean_val_accuracy             0.1000
2026-09-24 22:30:05,196 simple_logger.py log_once [line:28] INFO std_val_accuracy              0.2627
2026-09-24 22:30:05,196 simple_logger.py log_once [line:28] INFO val_loss                      2.4591
2026-09-24 22:30:05,196 simple_logger.py log_once [line:28] INFO mean_val_loss                 2.4573
2026-09-24 22:30:05,196 simple_logger.py log_once [line:28] INFO std_val_loss                  0.4298
2026-09-24 22:30:05,196 fedbase.py run [line:316] INFO Eval Time Cost:               1.4676s
2026-09-24 22:30:05,204 asyncbase.py iterate [line:68] INFO Select clients [np.int64(3), np.int64(0)] at time 8.
2026-09-24 22:30:05,812 asyncbase.py iterate [line:73] INFO Receive new models from clients [3, 0] at time 8
2026-09-24 22:30:05,865 fedbase.py run [line:311] INFO --------------Round 7--------------
2026-09-24 22:30:05,865 simple_logger.py log_once [line:14] INFO Current_time:8
2026-09-24 22:30:07,378 simple_logger.py log_once [line:28] INFO test_accuracy                 0.0980
2026-09-24 22:30:07,378 simple_logger.py log_once [line:28] INFO test_loss                     8.9812
2026-09-24 22:30:07,378 simple_logger.py log_once [line:28] INFO val_accuracy                  0.0990
2026-09-24 22:30:07,378 simple_logger.py log_once [line:28] INFO mean_val_accuracy             0.1000
2026-09-24 22:30:07,378 simple_logger.py log_once [line:28] INFO std_val_accuracy              0.2627
2026-09-24 22:30:07,378 simple_logger.py log_once [line:28] INFO val_loss                      8.9984
2026-09-24 22:30:07,378 simple_logger.py log_once [line:28] INFO mean_val_loss                 8.9863
2026-09-24 22:30:07,378 simple_logger.py log_once [line:28] INFO std_val_loss                  2.7841
2026-09-24 22:30:07,378 fedbase.py run [line:316] INFO Eval Time Cost:               1.5128s
2026-09-24 22:30:07,387 asyncbase.py iterate [line:68] INFO Select clients [np.int64(7), np.int64(19)] at time 9.
2026-09-24 22:30:08,043 asyncbase.py iterate [line:73] INFO Receive new models from clients [15, 5] at time 9
2026-09-24 22:30:08,088 fedbase.py run [line:311] INFO --------------Round 8--------------
2026-09-24 22:30:08,088 simple_logger.py log_once [line:14] INFO Current_time:9
2026-09-24 22:30:09,636 simple_logger.py log_once [line:28] INFO test_accuracy                 0.0980
2026-09-24 22:30:09,636 simple_logger.py log_once [line:28] INFO test_loss                     32.4677
2026-09-24 22:30:09,636 simple_logger.py log_once [line:28] INFO val_accuracy                  0.0990
2026-09-24 22:30:09,636 simple_logger.py log_once [line:28] INFO mean_val_accuracy             0.1000
2026-09-24 22:30:09,636 simple_logger.py log_once [line:28] INFO std_val_accuracy              0.2627
2026-09-24 22:30:09,636 simple_logger.py log_once [line:28] INFO val_loss                      32.4042
2026-09-24 22:30:09,636 simple_logger.py log_once [line:28] INFO mean_val_loss                 32.3668
2026-09-24 22:30:09,636 simple_logger.py log_once [line:28] INFO std_val_loss                  9.8200
2026-09-24 22:30:09,636 fedbase.py run [line:316] INFO Eval Time Cost:               1.5482s
2026-09-24 22:30:09,645 asyncbase.py iterate [line:68] INFO Select clients [np.int64(4), np.int64(5)] at time 10.
2026-09-24 22:30:10,265 asyncbase.py iterate [line:73] INFO Receive new models from clients [14, 6] at time 10
2026-09-24 22:30:10,318 fedbase.py run [line:311] INFO --------------Round 9--------------
2026-09-24 22:30:10,318 simple_logger.py log_once [line:14] INFO Current_time:10
2026-09-24 22:30:11,798 simple_logger.py log_once [line:28] INFO test_accuracy                 0.0980
2026-09-24 22:30:11,798 simple_logger.py log_once [line:28] INFO test_loss                     38.7926
2026-09-24 22:30:11,798 simple_logger.py log_once [line:28] INFO val_accuracy                  0.0990
2026-09-24 22:30:11,798 simple_logger.py log_once [line:28] INFO mean_val_accuracy             0.1000
2026-09-24 22:30:11,798 simple_logger.py log_once [line:28] INFO std_val_accuracy              0.2627
2026-09-24 22:30:11,798 simple_logger.py log_once [line:28] INFO val_loss                      38.6322
2026-09-24 22:30:11,798 simple_logger.py log_once [line:28] INFO mean_val_loss                 38.5900
2026-09-24 22:30:11,799 simple_logger.py log_once [line:28] INFO std_val_loss                  11.7457
2026-09-24 22:30:11,799 fedbase.py run [line:316] INFO Eval Time Cost:               1.4802s
2026-09-24 22:30:11,808 asyncbase.py iterate [line:68] INFO Select clients [np.int64(9)] at time 11.
2026-09-24 22:30:12,114 asyncbase.py iterate [line:73] INFO Receive new models from clients [19, 7] at time 11
2026-09-24 22:30:12,164 fedbase.py run [line:311] INFO --------------Round 10--------------
2026-09-24 22:30:12,164 simple_logger.py log_once [line:14] INFO Current_time:11
2026-09-24 22:30:13,640 simple_logger.py log_once [line:28] INFO test_accuracy                 0.0982
2026-09-24 22:30:13,640 simple_logger.py log_once [line:28] INFO test_loss                     2.3351
2026-09-24 22:30:13,640 simple_logger.py log_once [line:28] INFO val_accuracy                  0.0989
2026-09-24 22:30:13,640 simple_logger.py log_once [line:28] INFO mean_val_accuracy             0.0993
2026-09-24 22:30:13,640 simple_logger.py log_once [line:28] INFO std_val_accuracy              0.2797
2026-09-24 22:30:13,640 simple_logger.py log_once [line:28] INFO val_loss                      2.3366
2026-09-24 22:30:13,640 simple_logger.py log_once [line:28] INFO mean_val_loss                 2.3360
2026-09-24 22:30:13,640 simple_logger.py log_once [line:28] INFO std_val_loss                  0.2693
2026-09-24 22:30:13,640 fedbase.py run [line:316] INFO Eval Time Cost:               1.4762s
2026-09-24 22:30:13,648 asyncbase.py iterate [line:68] INFO Select clients [np.int64(7), np.int64(13), np.int64(1)] at time 12.
2026-09-24 22:30:14,594 asyncbase.py iterate [line:73] INFO Receive new models from clients [4, 5, 7] at time 13
2026-09-24 22:30:14,653 fedbase.py run [line:311] INFO --------------Round 11--------------
2026-09-24 22:30:14,653 simple_logger.py log_once [line:14] INFO Current_time:13
2026-09-24 22:30:16,120 simple_logger.py log_once [line:28] INFO test_accuracy                 0.0980
2026-09-24 22:30:16,120 simple_logger.py log_once [line:28] INFO test_loss                     5.6763
2026-09-24 22:30:16,120 simple_logger.py log_once [line:28] INFO val_accuracy                  0.0990
2026-09-24 22:30:16,120 simple_logger.py log_once [line:28] INFO mean_val_accuracy             0.1000
2026-09-24 22:30:16,120 simple_logger.py log_once [line:28] INFO std_val_accuracy              0.2627
2026-09-24 22:30:16,120 simple_logger.py log_once [line:28] INFO val_loss                      5.6903
2026-09-24 22:30:16,120 simple_logger.py log_once [line:28] INFO mean_val_loss                 5.6836
2026-09-24 22:30:16,120 simple_logger.py log_once [line:28] INFO std_val_loss                  1.6887
2026-09-24 22:30:16,120 fedbase.py run [line:316] INFO Eval Time Cost:               1.4670s
2026-09-24 22:30:16,130 asyncbase.py iterate [line:68] INFO Select clients [np.int64(19), np.int64(15)] at time 14.
2026-09-24 22:30:16,827 asyncbase.py iterate [line:73] INFO Receive new models from clients [9] at time 14
2026-09-24 22:30:16,861 fedbase.py run [line:311] INFO --------------Round 12--------------
2026-09-24 22:30:16,861 simple_logger.py log_once [line:14] INFO Current_time:14
2026-09-24 22:30:18,327 simple_logger.py log_once [line:28] INFO test_accuracy                 0.0980
2026-09-24 22:30:18,328 simple_logger.py log_once [line:28] INFO test_loss                     1596.0439
2026-09-24 22:30:18,328 simple_logger.py log_once [line:28] INFO val_accuracy                  0.0990
2026-09-24 22:30:18,328 simple_logger.py log_once [line:28] INFO mean_val_accuracy             0.1000
2026-09-24 22:30:18,328 simple_logger.py log_once [line:28] INFO std_val_accuracy              0.2627
2026-09-24 22:30:18,328 simple_logger.py log_once [line:28] INFO val_loss                      1594.2944
2026-09-24 22:30:18,328 simple_logger.py log_once [line:28] INFO mean_val_loss                 1592.1923
2026-09-24 22:30:18,328 simple_logger.py log_once [line:28] INFO std_val_loss                  473.2191
2026-09-24 22:30:18,328 fedbase.py run [line:316] INFO Eval Time Cost:               1.4670s
2026-09-24 22:30:18,338 asyncbase.py iterate [line:68] INFO Select clients [np.int64(5)] at time 15.
2026-09-24 22:30:18,652 asyncbase.py iterate [line:73] INFO Receive new models from clients [1, 13] at time 15
2026-09-24 22:30:18,704 fedbase.py run [line:311] INFO --------------Round 13--------------
2026-09-24 22:30:18,704 simple_logger.py log_once [line:14] INFO Current_time:15
2026-09-24 22:30:20,187 simple_logger.py log_once [line:28] INFO test_accuracy                 0.0980
2026-09-24 22:30:20,187 simple_logger.py log_once [line:28] INFO test_loss                     1596.5321
2026-09-24 22:30:20,187 simple_logger.py log_once [line:28] INFO val_accuracy                  0.0990
2026-09-24 22:30:20,187 simple_logger.py log_once [line:28] INFO mean_val_accuracy             0.1000
2026-09-24 22:30:20,187 simple_logger.py log_once [line:28] INFO std_val_accuracy              0.2627
2026-09-24 22:30:20,187 simple_logger.py log_once [line:28] INFO val_loss                      1594.7156
2026-09-24 22:30:20,187 simple_logger.py log_once [line:28] INFO mean_val_loss                 1592.6154
2026-09-24 22:30:20,187 simple_logger.py log_once [line:28] INFO std_val_loss                  473.9935
2026-09-24 22:30:20,187 fedbase.py run [line:316] INFO Eval Time Cost:               1.4833s
2026-09-24 22:30:20,197 asyncbase.py iterate [line:68] INFO Select clients [np.int64(9), np.int64(1), np.int64(3)] at time 16.
2026-09-24 22:30:21,127 asyncbase.py iterate [line:73] INFO Receive new models from clients [5, 19] at time 16
2026-09-24 22:30:21,176 fedbase.py run [line:311] INFO --------------Round 14--------------
2026-09-24 22:30:21,176 simple_logger.py log_once [line:14] INFO Current_time:16
2026-09-24 22:30:22,653 simple_logger.py log_once [line:28] INFO test_accuracy                 0.0980
2026-09-24 22:30:22,653 simple_logger.py log_once [line:28] INFO test_loss                     792.8810
2026-09-24 22:30:22,653 simple_logger.py log_once [line:28] INFO val_accuracy                  0.0990
2026-09-24 22:30:22,653 simple_logger.py log_once [line:28] INFO mean_val_accuracy             0.1000
2026-09-24 22:30:22,653 simple_logger.py log_once [line:28] INFO std_val_accuracy              0.2627
2026-09-24 22:30:22,653 simple_logger.py log_once [line:28] INFO val_loss                      791.7480
2026-09-24 22:30:22,653 simple_logger.py log_once [line:28] INFO mean_val_loss                 790.7137
2026-09-24 22:30:22,653 simple_logger.py log_once [line:28] INFO std_val_loss                  234.5015
2026-09-24 22:30:22,654 fedbase.py run [line:316] INFO Eval Time Cost:               1.4779s
2026-09-24 22:30:22,663 asyncbase.py iterate [line:68] INFO Select clients [np.int64(4)] at time 17.
2026-09-24 22:30:22,968 asyncbase.py iterate [line:73] INFO Receive new models from clients [9, 15] at time 17
2026-09-24 22:30:23,005 fedbase.py run [line:311] INFO --------------Round 15--------------
2026-09-24 22:30:23,006 simple_logger.py log_once [line:14] INFO Current_time:17
2026-09-24 22:30:24,507 simple_logger.py log_once [line:28] INFO test_accuracy                 0.0980
2026-09-24 22:30:24,507 simple_logger.py log_once [line:28] INFO test_loss                     1306.5453
2026-09-24 22:30:24,507 simple_logger.py log_once [line:28] INFO val_accuracy                  0.0990
2026-09-24 22:30:24,507 simple_logger.py log_once [line:28] INFO mean_val_accuracy             0.1000
2026-09-24 22:30:24,507 simple_logger.py log_once [line:28] INFO std_val_accuracy              0.2627
2026-09-24 22:30:24,507 simple_logger.py log_once [line:28] INFO val_loss                      1305.8492
2026-09-24 22:30:24,507 simple_logger.py log_once [line:28] INFO mean_val_loss                 1304.1956
2026-09-24 22:30:24,507 simple_logger.py log_once [line:28] INFO std_val_loss                  385.7552
2026-09-24 22:30:24,507 fedbase.py run [line:316] INFO Eval Time Cost:               1.5018s
2026-09-24 22:30:24,517 asyncbase.py iterate [line:68] INFO Select clients [np.int64(6), np.int64(17), np.int64(7)] at time 18.
2026-09-24 22:30:25,560 asyncbase.py iterate [line:73] INFO Receive new models from clients [4, 3, 6] at time 18
2026-09-24 22:30:25,592 asyncbase.py iterate [line:68] INFO Select clients [np.int64(8), np.int64(19), np.int64(13)] at time 19.
2026-09-24 22:30:26,532 asyncbase.py iterate [line:73] INFO Receive new models from clients [17, 1, 8, 19] at time 19
2026-09-24 22:30:26,571 asyncbase.py iterate [line:68] INFO Select clients [np.int64(12), np.int64(0), np.int64(18)] at time 20.
2026-09-24 22:30:27,504 asyncbase.py iterate [line:73] INFO Receive new models from clients [13, 7] at time 20
2026-09-24 22:30:27,545 fedbase.py run [line:311] INFO --------------Round 16--------------
2026-09-24 22:30:27,545 simple_logger.py log_once [line:14] INFO Current_time:20
2026-09-24 22:30:29,010 simple_logger.py log_once [line:28] INFO test_accuracy                 0.1010
2026-09-24 22:30:29,010 simple_logger.py log_once [line:28] INFO test_loss                     35.7269
2026-09-24 22:30:29,010 simple_logger.py log_once [line:28] INFO val_accuracy                  0.1020
2026-09-24 22:30:29,010 simple_logger.py log_once [line:28] INFO mean_val_accuracy             0.1016
2026-09-24 22:30:29,010 simple_logger.py log_once [line:28] INFO std_val_accuracy              0.2730
2026-09-24 22:30:29,010 simple_logger.py log_once [line:28] INFO val_loss                      35.6143
2026-09-24 22:30:29,010 simple_logger.py log_once [line:28] INFO mean_val_loss                 35.6707
2026-09-24 22:30:29,010 simple_logger.py log_once [line:28] INFO std_val_loss                  15.2012
2026-09-24 22:30:29,010 fedbase.py run [line:316] INFO Eval Time Cost:               1.4655s
2026-09-24 22:30:29,019 asyncbase.py iterate [line:68] INFO Select clients [np.int64(1), np.int64(15)] at time 21.
2026-09-24 22:30:29,644 asyncbase.py iterate [line:73] INFO Receive new models from clients [18, 1, 15] at time 21
2026-09-24 22:30:29,711 fedbase.py run [line:311] INFO --------------Round 17--------------
2026-09-24 22:30:29,711 simple_logger.py log_once [line:14] INFO Current_time:21
2026-09-24 22:30:31,192 simple_logger.py log_once [line:28] INFO test_accuracy                 0.1010
2026-09-24 22:30:31,192 simple_logger.py log_once [line:28] INFO test_loss                     166913.4566
2026-09-24 22:30:31,192 simple_logger.py log_once [line:28] INFO val_accuracy                  0.1020
2026-09-24 22:30:31,192 simple_logger.py log_once [line:28] INFO mean_val_accuracy             0.1016
2026-09-24 22:30:31,193 simple_logger.py log_once [line:28] INFO std_val_accuracy              0.2730
2026-09-24 22:30:31,193 simple_logger.py log_once [line:28] INFO val_loss                      167234.7110
2026-09-24 22:30:31,193 simple_logger.py log_once [line:28] INFO mean_val_loss                 167402.9424
2026-09-24 22:30:31,193 simple_logger.py log_once [line:28] INFO std_val_loss                  59974.3059
2026-09-24 22:30:31,193 fedbase.py run [line:316] INFO Eval Time Cost:               1.4817s
2026-09-24 22:30:31,202 asyncbase.py iterate [line:68] INFO Select clients [np.int64(19), np.int64(7), np.int64(5)] at time 22.
2026-09-24 22:30:32,117 asyncbase.py iterate [line:73] INFO Receive new models from clients [0] at time 22
2026-09-24 22:30:32,133 asyncbase.py iterate [line:68] INFO Select clients [np.int64(14), np.int64(4)] at time 23.
2026-09-24 22:30:32,759 asyncbase.py iterate [line:73] INFO Receive new models from clients [12, 14] at time 23
2026-09-24 22:30:32,783 asyncbase.py iterate [line:68] INFO Select clients [np.int64(6), np.int64(1)] at time 24.
2026-09-24 22:30:33,435 asyncbase.py iterate [line:73] INFO Receive new models from clients [7, 1, 19] at time 24
2026-09-24 22:30:33,465 asyncbase.py iterate [line:68] INFO Select clients [np.int64(13), np.int64(9)] at time 25.
2026-09-24 22:30:34,086 asyncbase.py iterate [line:73] INFO Receive new models from clients [4, 5, 6] at time 25
2026-09-24 22:30:34,118 asyncbase.py iterate [line:68] INFO Select clients [np.int64(17), np.int64(18), np.int64(8)] at time 26.
2026-09-24 22:30:35,056 asyncbase.py iterate [line:73] INFO Receive new models from clients [9, 8] at time 26
2026-09-24 22:30:35,080 asyncbase.py iterate [line:68] INFO Select clients [np.int64(3), np.int64(16)] at time 27.
2026-09-24 22:30:35,709 asyncbase.py iterate [line:73] INFO Receive new models from clients [13, 18, 16] at time 27
2026-09-24 22:30:35,756 fedbase.py run [line:311] INFO --------------Round 18--------------
2026-09-24 22:30:35,757 simple_logger.py log_once [line:14] INFO Current_time:27
2026-09-24 22:30:37,228 simple_logger.py log_once [line:28] INFO test_accuracy                 0.1010
2026-09-24 22:30:37,228 simple_logger.py log_once [line:28] INFO test_loss                     166913.4619
2026-09-24 22:30:37,228 simple_logger.py log_once [line:28] INFO val_accuracy                  0.1020
2026-09-24 22:30:37,228 simple_logger.py log_once [line:28] INFO mean_val_accuracy             0.1016
2026-09-24 22:30:37,228 simple_logger.py log_once [line:28] INFO std_val_accuracy              0.2730
2026-09-24 22:30:37,228 simple_logger.py log_once [line:28] INFO val_loss                      167234.7102
2026-09-24 22:30:37,228 simple_logger.py log_once [line:28] INFO mean_val_loss                 167402.9416
2026-09-24 22:30:37,228 simple_logger.py log_once [line:28] INFO std_val_loss                  59974.3066
2026-09-24 22:30:37,228 fedbase.py run [line:316] INFO Eval Time Cost:               1.4713s
2026-09-24 22:30:37,236 asyncbase.py iterate [line:68] INFO Select clients [np.int64(9), np.int64(13), np.int64(8), np.int64(4)] at time 28.
2026-09-24 22:30:38,484 asyncbase.py iterate [line:73] INFO Receive new models from clients [17] at time 28
Traceback (most recent call last):
  File "E:\Federated Machine Learning\FL-Byzantine-Library\run_research.py", line 161, in <module>
    main()
    ~~~~^^
  File "E:\Federated Machine Learning\FL-Byzantine-Library\run_research.py", line 157, in main
    runner.run()
    ~~~~~~~~~~^^
  File "E:\Federated Machine Learning\FL-Byzantine-Library\easyFL\flgo\algorithm\fedbase.py", line 308, in run
    updated = self.iterate()
  File "E:\Federated Machine Learning\FL-Byzantine-Library\flgo_byzantine\research_algorithm.py", line 272, in iterate
    return super().iterate()
           ~~~~~~~~~~~~~~~^^
  File "E:\Federated Machine Learning\FL-Byzantine-Library\easyFL\flgo\algorithm\asyncbase.py", line 74, in iterate
    is_model_updated = self.package_handler(received_packages)
  File "E:\Federated Machine Learning\FL-Byzantine-Library\flgo_byzantine\research_algorithm.py", line 335, in package_handler
    raise RuntimeError("aggregate would diverge: non-finite or weight magnitude exceeds 1000")
RuntimeError: aggregate would diverge: non-finite or weight magnitude exceeds 1000
