E:\fl-experiment\.venv\Lib\site-packages\torch\cuda\__init__.py:61: FutureWarning: The pynvml package is deprecated. Please install nvidia-ml-py instead. If you did not install pynvml directly, please report this to the maintainers of the package that installed pynvml for you.
  import pynvml  # type: ignore[import]
2026-09-24 23:57:09,805 fflow.py init [line:848] INFO PROCESS ID:	40812
2026-09-24 23:57:09,805 fflow.py init [line:849] INFO Initializing devices: cuda:0 will be used for this running.
2026-09-24 23:57:09,805 fflow.py init [line:852] INFO BENCHMARK:	flgo.benchmark.mnist_classification
2026-09-24 23:57:09,805 fflow.py init [line:853] INFO TASK:			E:\Federated Machine Learning\FL-Byzantine-Library\mnist_dir20
2026-09-24 23:57:09,814 fflow.py init [line:854] INFO MODEL:		flgo.benchmark.mnist_classification.model.cnn
2026-09-24 23:57:09,815 fflow.py init [line:855] INFO ALGORITHM:	research_algorithm
2026-09-24 23:57:10,850 fflow.py init [line:901] INFO SCENE:		horizontal FL with 1 <class 'flgo_byzantine.research_algorithm.Server'>, 20 <class 'flgo_byzantine.research_algorithm.Client'>
2026-09-24 23:57:10,941 fflow.py init [line:918] INFO SIMULATOR:	<class 'flgo.simulator.default_simulator.Simulator'>
2026-09-24 23:57:15,539 fflow.py init [line:931] INFO Ready to start.
2026-09-24 23:57:15,539 fedbase.py run [line:300] INFO --------------Initial Evaluation--------------
2026-09-24 23:57:15,539 simple_logger.py log_once [line:14] INFO Current_time:0
2026-09-24 23:57:17,236 simple_logger.py log_once [line:28] INFO test_accuracy                 0.0875
2026-09-24 23:57:17,236 simple_logger.py log_once [line:28] INFO test_loss                     2.3101
2026-09-24 23:57:17,236 simple_logger.py log_once [line:28] INFO val_accuracy                  0.0866
2026-09-24 23:57:17,236 simple_logger.py log_once [line:28] INFO mean_val_accuracy             0.0874
2026-09-24 23:57:17,236 simple_logger.py log_once [line:28] INFO std_val_accuracy              0.2312
2026-09-24 23:57:17,236 simple_logger.py log_once [line:28] INFO val_loss                      2.3109
2026-09-24 23:57:17,236 simple_logger.py log_once [line:28] INFO mean_val_loss                 2.3111
2026-09-24 23:57:17,236 simple_logger.py log_once [line:28] INFO std_val_loss                  0.0785
2026-09-24 23:57:17,236 fedbase.py run [line:303] INFO Eval Time Cost:               1.6976s
2026-09-24 23:57:17,247 asyncbase.py iterate [line:68] INFO Select clients [np.int64(7), np.int64(16), np.int64(18), np.int64(1), np.int64(9), np.int64(19)] at time 1.
2026-09-24 23:57:19,421 asyncbase.py iterate [line:73] INFO Receive new models from clients [16] at time 1
2026-09-24 23:57:19,465 fedbase.py run [line:311] INFO --------------Round 1--------------
2026-09-24 23:57:19,465 simple_logger.py log_once [line:14] INFO Current_time:1
2026-09-24 23:57:20,958 simple_logger.py log_once [line:28] INFO test_accuracy                 0.1817
2026-09-24 23:57:20,958 simple_logger.py log_once [line:28] INFO test_loss                     5.7198
2026-09-24 23:57:20,958 simple_logger.py log_once [line:28] INFO val_accuracy                  0.1866
2026-09-24 23:57:20,959 simple_logger.py log_once [line:28] INFO mean_val_accuracy             0.1863
2026-09-24 23:57:20,959 simple_logger.py log_once [line:28] INFO std_val_accuracy              0.3514
2026-09-24 23:57:20,959 simple_logger.py log_once [line:28] INFO val_loss                      5.6854
2026-09-24 23:57:20,959 simple_logger.py log_once [line:28] INFO mean_val_loss                 5.6888
2026-09-24 23:57:20,959 simple_logger.py log_once [line:28] INFO std_val_loss                  3.2998
2026-09-24 23:57:20,959 fedbase.py run [line:316] INFO Eval Time Cost:               1.4940s
2026-09-24 23:57:20,967 asyncbase.py iterate [line:68] INFO Select clients [np.int64(15)] at time 2.
2026-09-24 23:57:21,288 asyncbase.py iterate [line:73] INFO Receive new models from clients [7] at time 2
2026-09-24 23:57:21,316 fedbase.py run [line:311] INFO --------------Round 2--------------
2026-09-24 23:57:21,316 simple_logger.py log_once [line:14] INFO Current_time:2
2026-09-24 23:57:22,829 simple_logger.py log_once [line:28] INFO test_accuracy                 0.1692
2026-09-24 23:57:22,829 simple_logger.py log_once [line:28] INFO test_loss                     5.7407
2026-09-24 23:57:22,829 simple_logger.py log_once [line:28] INFO val_accuracy                  0.1737
2026-09-24 23:57:22,829 simple_logger.py log_once [line:28] INFO mean_val_accuracy             0.1735
2026-09-24 23:57:22,829 simple_logger.py log_once [line:28] INFO std_val_accuracy              0.2962
2026-09-24 23:57:22,829 simple_logger.py log_once [line:28] INFO val_loss                      5.7076
2026-09-24 23:57:22,829 simple_logger.py log_once [line:28] INFO mean_val_loss                 5.7169
2026-09-24 23:57:22,829 simple_logger.py log_once [line:28] INFO std_val_loss                  3.7957
2026-09-24 23:57:22,829 fedbase.py run [line:316] INFO Eval Time Cost:               1.5127s
2026-09-24 23:57:22,838 asyncbase.py iterate [line:73] INFO Receive new models from clients [1, 19, 18] at time 3
2026-09-24 23:57:22,897 fedbase.py run [line:311] INFO --------------Round 3--------------
2026-09-24 23:57:22,897 simple_logger.py log_once [line:14] INFO Current_time:3
2026-09-24 23:57:24,389 simple_logger.py log_once [line:28] INFO test_accuracy                 0.2240
2026-09-24 23:57:24,389 simple_logger.py log_once [line:28] INFO test_loss                     6.5150
2026-09-24 23:57:24,389 simple_logger.py log_once [line:28] INFO val_accuracy                  0.2314
2026-09-24 23:57:24,389 simple_logger.py log_once [line:28] INFO mean_val_accuracy             0.2316
2026-09-24 23:57:24,389 simple_logger.py log_once [line:28] INFO std_val_accuracy              0.3422
2026-09-24 23:57:24,389 simple_logger.py log_once [line:28] INFO val_loss                      6.4443
2026-09-24 23:57:24,389 simple_logger.py log_once [line:28] INFO mean_val_loss                 6.4603
2026-09-24 23:57:24,389 simple_logger.py log_once [line:28] INFO std_val_loss                  4.7393
2026-09-24 23:57:24,389 fedbase.py run [line:316] INFO Eval Time Cost:               1.4918s
2026-09-24 23:57:24,398 asyncbase.py iterate [line:68] INFO Select clients [np.int64(2), np.int64(7), np.int64(11), np.int64(12)] at time 4.
2026-09-24 23:57:25,659 asyncbase.py iterate [line:73] INFO Receive new models from clients [9, 12, 15] at time 4
2026-09-24 23:57:25,708 fedbase.py run [line:311] INFO --------------Round 4--------------
2026-09-24 23:57:25,708 simple_logger.py log_once [line:14] INFO Current_time:4
2026-09-24 23:57:27,284 simple_logger.py log_once [line:28] INFO test_accuracy                 0.0896
2026-09-24 23:57:27,284 simple_logger.py log_once [line:28] INFO test_loss                     2.8618
2026-09-24 23:57:27,284 simple_logger.py log_once [line:28] INFO val_accuracy                  0.0907
2026-09-24 23:57:27,284 simple_logger.py log_once [line:28] INFO mean_val_accuracy             0.0904
2026-09-24 23:57:27,284 simple_logger.py log_once [line:28] INFO std_val_accuracy              0.2532
2026-09-24 23:57:27,284 simple_logger.py log_once [line:28] INFO val_loss                      2.8559
2026-09-24 23:57:27,284 simple_logger.py log_once [line:28] INFO mean_val_loss                 2.8572
2026-09-24 23:57:27,284 simple_logger.py log_once [line:28] INFO std_val_loss                  1.0403
2026-09-24 23:57:27,284 fedbase.py run [line:316] INFO Eval Time Cost:               1.5766s
2026-09-24 23:57:27,293 asyncbase.py iterate [line:68] INFO Select clients [np.int64(16), np.int64(12), np.int64(0)] at time 5.
2026-09-24 23:57:28,237 asyncbase.py iterate [line:73] INFO Receive new models from clients [2, 11, 12] at time 6
2026-09-24 23:57:28,285 fedbase.py run [line:311] INFO --------------Round 5--------------
2026-09-24 23:57:28,285 simple_logger.py log_once [line:14] INFO Current_time:6
2026-09-24 23:57:29,764 simple_logger.py log_once [line:28] INFO test_accuracy                 0.1562
2026-09-24 23:57:29,764 simple_logger.py log_once [line:28] INFO test_loss                     2.3385
2026-09-24 23:57:29,764 simple_logger.py log_once [line:28] INFO val_accuracy                  0.1596
2026-09-24 23:57:29,764 simple_logger.py log_once [line:28] INFO mean_val_accuracy             0.1601
2026-09-24 23:57:29,764 simple_logger.py log_once [line:28] INFO std_val_accuracy              0.3161
2026-09-24 23:57:29,764 simple_logger.py log_once [line:28] INFO val_loss                      2.3359
2026-09-24 23:57:29,764 simple_logger.py log_once [line:28] INFO mean_val_loss                 2.3356
2026-09-24 23:57:29,764 simple_logger.py log_once [line:28] INFO std_val_loss                  0.4160
2026-09-24 23:57:29,765 fedbase.py run [line:316] INFO Eval Time Cost:               1.4798s
2026-09-24 23:57:29,774 asyncbase.py iterate [line:68] INFO Select clients [np.int64(6)] at time 7.
2026-09-24 23:57:30,097 asyncbase.py iterate [line:73] INFO Receive new models from clients [7, 16, 6] at time 7
2026-09-24 23:57:30,150 fedbase.py run [line:311] INFO --------------Round 6--------------
2026-09-24 23:57:30,150 simple_logger.py log_once [line:14] INFO Current_time:7
2026-09-24 23:57:31,632 simple_logger.py log_once [line:28] INFO test_accuracy                 0.2505
2026-09-24 23:57:31,632 simple_logger.py log_once [line:28] INFO test_loss                     2.2105
2026-09-24 23:57:31,632 simple_logger.py log_once [line:28] INFO val_accuracy                  0.2569
2026-09-24 23:57:31,632 simple_logger.py log_once [line:28] INFO mean_val_accuracy             0.2571
2026-09-24 23:57:31,632 simple_logger.py log_once [line:28] INFO std_val_accuracy              0.3629
2026-09-24 23:57:31,632 simple_logger.py log_once [line:28] INFO val_loss                      2.2089
2026-09-24 23:57:31,632 simple_logger.py log_once [line:28] INFO mean_val_loss                 2.2087
2026-09-24 23:57:31,632 simple_logger.py log_once [line:28] INFO std_val_loss                  0.2648
2026-09-24 23:57:31,632 fedbase.py run [line:316] INFO Eval Time Cost:               1.4819s
2026-09-24 23:57:31,643 asyncbase.py iterate [line:68] INFO Select clients [np.int64(1), np.int64(16), np.int64(13), np.int64(14), np.int64(19)] at time 8.
2026-09-24 23:57:33,212 asyncbase.py iterate [line:73] INFO Receive new models from clients [0] at time 8
2026-09-24 23:57:33,238 fedbase.py run [line:311] INFO --------------Round 7--------------
2026-09-24 23:57:33,238 simple_logger.py log_once [line:14] INFO Current_time:8
2026-09-24 23:57:34,727 simple_logger.py log_once [line:28] INFO test_accuracy                 0.1369
2026-09-24 23:57:34,727 simple_logger.py log_once [line:28] INFO test_loss                     2.3470
2026-09-24 23:57:34,727 simple_logger.py log_once [line:28] INFO val_accuracy                  0.1340
2026-09-24 23:57:34,727 simple_logger.py log_once [line:28] INFO mean_val_accuracy             0.1351
2026-09-24 23:57:34,727 simple_logger.py log_once [line:28] INFO std_val_accuracy              0.2921
2026-09-24 23:57:34,727 simple_logger.py log_once [line:28] INFO val_loss                      2.3519
2026-09-24 23:57:34,727 simple_logger.py log_once [line:28] INFO mean_val_loss                 2.3496
2026-09-24 23:57:34,727 simple_logger.py log_once [line:28] INFO std_val_loss                  0.6913
2026-09-24 23:57:34,727 fedbase.py run [line:316] INFO Eval Time Cost:               1.4892s
2026-09-24 23:57:34,738 asyncbase.py iterate [line:68] INFO Select clients [np.int64(7)] at time 9.
2026-09-24 23:57:35,043 asyncbase.py iterate [line:73] INFO Receive new models from clients [19, 7] at time 9
2026-09-24 23:57:35,091 fedbase.py run [line:311] INFO --------------Round 8--------------
2026-09-24 23:57:35,091 simple_logger.py log_once [line:14] INFO Current_time:9
2026-09-24 23:57:36,577 simple_logger.py log_once [line:28] INFO test_accuracy                 0.2785
2026-09-24 23:57:36,577 simple_logger.py log_once [line:28] INFO test_loss                     2.6943
2026-09-24 23:57:36,577 simple_logger.py log_once [line:28] INFO val_accuracy                  0.2729
2026-09-24 23:57:36,577 simple_logger.py log_once [line:28] INFO mean_val_accuracy             0.2740
2026-09-24 23:57:36,577 simple_logger.py log_once [line:28] INFO std_val_accuracy              0.3780
2026-09-24 23:57:36,577 simple_logger.py log_once [line:28] INFO val_loss                      2.6920
2026-09-24 23:57:36,577 simple_logger.py log_once [line:28] INFO mean_val_loss                 2.6887
2026-09-24 23:57:36,577 simple_logger.py log_once [line:28] INFO std_val_loss                  1.8677
2026-09-24 23:57:36,577 fedbase.py run [line:316] INFO Eval Time Cost:               1.4858s
2026-09-24 23:57:36,586 asyncbase.py iterate [line:68] INFO Select clients [np.int64(19), np.int64(4)] at time 10.
2026-09-24 23:57:37,218 asyncbase.py iterate [line:73] INFO Receive new models from clients [1] at time 10
2026-09-24 23:57:37,247 fedbase.py run [line:311] INFO --------------Round 9--------------
2026-09-24 23:57:37,247 simple_logger.py log_once [line:14] INFO Current_time:10
2026-09-24 23:57:38,730 simple_logger.py log_once [line:28] INFO test_accuracy                 0.2283
2026-09-24 23:57:38,730 simple_logger.py log_once [line:28] INFO test_loss                     11.8992
2026-09-24 23:57:38,730 simple_logger.py log_once [line:28] INFO val_accuracy                  0.2325
2026-09-24 23:57:38,730 simple_logger.py log_once [line:28] INFO mean_val_accuracy             0.2330
2026-09-24 23:57:38,730 simple_logger.py log_once [line:28] INFO std_val_accuracy              0.3809
2026-09-24 23:57:38,730 simple_logger.py log_once [line:28] INFO val_loss                      11.7810
2026-09-24 23:57:38,730 simple_logger.py log_once [line:28] INFO mean_val_loss                 11.7740
2026-09-24 23:57:38,730 simple_logger.py log_once [line:28] INFO std_val_loss                  8.4086
2026-09-24 23:57:38,730 fedbase.py run [line:316] INFO Eval Time Cost:               1.4830s
2026-09-24 23:57:38,740 asyncbase.py iterate [line:68] INFO Select clients [np.int64(0)] at time 11.
2026-09-24 23:57:39,049 asyncbase.py iterate [line:73] INFO Receive new models from clients [16, 14, 13] at time 11
2026-09-24 23:57:39,106 fedbase.py run [line:311] INFO --------------Round 10--------------
2026-09-24 23:57:39,106 simple_logger.py log_once [line:14] INFO Current_time:11
2026-09-24 23:57:40,593 simple_logger.py log_once [line:28] INFO test_accuracy                 0.2008
2026-09-24 23:57:40,593 simple_logger.py log_once [line:28] INFO test_loss                     15.7431
2026-09-24 23:57:40,593 simple_logger.py log_once [line:28] INFO val_accuracy                  0.2053
2026-09-24 23:57:40,593 simple_logger.py log_once [line:28] INFO mean_val_accuracy             0.2057
2026-09-24 23:57:40,593 simple_logger.py log_once [line:28] INFO std_val_accuracy              0.3834
2026-09-24 23:57:40,593 simple_logger.py log_once [line:28] INFO val_loss                      15.5045
2026-09-24 23:57:40,593 simple_logger.py log_once [line:28] INFO mean_val_loss                 15.5089
2026-09-24 23:57:40,593 simple_logger.py log_once [line:28] INFO std_val_loss                  11.0873
2026-09-24 23:57:40,593 fedbase.py run [line:316] INFO Eval Time Cost:               1.4869s
2026-09-24 23:57:40,601 asyncbase.py iterate [line:68] INFO Select clients [np.int64(3), np.int64(7), np.int64(2)] at time 12.
2026-09-24 23:57:41,531 asyncbase.py iterate [line:73] INFO Receive new models from clients [0, 2] at time 12
2026-09-24 23:57:41,579 fedbase.py run [line:311] INFO --------------Round 11--------------
2026-09-24 23:57:41,579 simple_logger.py log_once [line:14] INFO Current_time:12
2026-09-24 23:57:43,139 simple_logger.py log_once [line:28] INFO test_accuracy                 0.1992
2026-09-24 23:57:43,139 simple_logger.py log_once [line:28] INFO test_loss                     10.0182
2026-09-24 23:57:43,139 simple_logger.py log_once [line:28] INFO val_accuracy                  0.1975
2026-09-24 23:57:43,139 simple_logger.py log_once [line:28] INFO mean_val_accuracy             0.1986
2026-09-24 23:57:43,139 simple_logger.py log_once [line:28] INFO std_val_accuracy              0.3681
2026-09-24 23:57:43,139 simple_logger.py log_once [line:28] INFO val_loss                      9.9989
2026-09-24 23:57:43,139 simple_logger.py log_once [line:28] INFO mean_val_loss                 9.9914
2026-09-24 23:57:43,139 simple_logger.py log_once [line:28] INFO std_val_loss                  6.0662
2026-09-24 23:57:43,139 fedbase.py run [line:316] INFO Eval Time Cost:               1.5602s
2026-09-24 23:57:43,149 asyncbase.py iterate [line:68] INFO Select clients [np.int64(13), np.int64(12)] at time 13.
2026-09-24 23:57:43,773 asyncbase.py iterate [line:73] INFO Receive new models from clients [4, 19] at time 13
2026-09-24 23:57:43,820 fedbase.py run [line:311] INFO --------------Round 12--------------
2026-09-24 23:57:43,820 simple_logger.py log_once [line:14] INFO Current_time:13
2026-09-24 23:57:45,337 simple_logger.py log_once [line:28] INFO test_accuracy                 0.1961
2026-09-24 23:57:45,337 simple_logger.py log_once [line:28] INFO test_loss                     13.5691
2026-09-24 23:57:45,337 simple_logger.py log_once [line:28] INFO val_accuracy                  0.1940
2026-09-24 23:57:45,337 simple_logger.py log_once [line:28] INFO mean_val_accuracy             0.1951
2026-09-24 23:57:45,337 simple_logger.py log_once [line:28] INFO std_val_accuracy              0.3614
2026-09-24 23:57:45,337 simple_logger.py log_once [line:28] INFO val_loss                      13.5345
2026-09-24 23:57:45,337 simple_logger.py log_once [line:28] INFO mean_val_loss                 13.5241
2026-09-24 23:57:45,337 simple_logger.py log_once [line:28] INFO std_val_loss                  8.1804
2026-09-24 23:57:45,337 fedbase.py run [line:316] INFO Eval Time Cost:               1.5169s
2026-09-24 23:57:45,345 asyncbase.py iterate [line:68] INFO Select clients [np.int64(5), np.int64(16)] at time 14.
2026-09-24 23:57:45,970 asyncbase.py iterate [line:73] INFO Receive new models from clients [3, 12, 7] at time 14
2026-09-24 23:57:46,028 fedbase.py run [line:311] INFO --------------Round 13--------------
2026-09-24 23:57:46,028 simple_logger.py log_once [line:14] INFO Current_time:14
2026-09-24 23:57:47,518 simple_logger.py log_once [line:28] INFO test_accuracy                 0.0990
2026-09-24 23:57:47,518 simple_logger.py log_once [line:28] INFO test_loss                     2.4006
2026-09-24 23:57:47,518 simple_logger.py log_once [line:28] INFO val_accuracy                  0.0994
2026-09-24 23:57:47,518 simple_logger.py log_once [line:28] INFO mean_val_accuracy             0.0998
2026-09-24 23:57:47,518 simple_logger.py log_once [line:28] INFO std_val_accuracy              0.2790
2026-09-24 23:57:47,518 simple_logger.py log_once [line:28] INFO val_loss                      2.4011
2026-09-24 23:57:47,518 simple_logger.py log_once [line:28] INFO mean_val_loss                 2.3995
2026-09-24 23:57:47,518 simple_logger.py log_once [line:28] INFO std_val_loss                  0.4760
2026-09-24 23:57:47,518 fedbase.py run [line:316] INFO Eval Time Cost:               1.4903s
2026-09-24 23:57:47,527 asyncbase.py iterate [line:68] INFO Select clients [np.int64(17), np.int64(3)] at time 15.
2026-09-24 23:57:48,154 asyncbase.py iterate [line:73] INFO Receive new models from clients [5, 13] at time 15
2026-09-24 23:57:48,202 fedbase.py run [line:311] INFO --------------Round 14--------------
2026-09-24 23:57:48,202 simple_logger.py log_once [line:14] INFO Current_time:15
2026-09-24 23:57:49,686 simple_logger.py log_once [line:28] INFO test_accuracy                 0.1003
2026-09-24 23:57:49,686 simple_logger.py log_once [line:28] INFO test_loss                     2.9471
2026-09-24 23:57:49,686 simple_logger.py log_once [line:28] INFO val_accuracy                  0.1000
2026-09-24 23:57:49,686 simple_logger.py log_once [line:28] INFO mean_val_accuracy             0.1004
2026-09-24 23:57:49,686 simple_logger.py log_once [line:28] INFO std_val_accuracy              0.2792
2026-09-24 23:57:49,686 simple_logger.py log_once [line:28] INFO val_loss                      2.9433
2026-09-24 23:57:49,687 simple_logger.py log_once [line:28] INFO mean_val_loss                 2.9403
2026-09-24 23:57:49,687 simple_logger.py log_once [line:28] INFO std_val_loss                  1.2397
2026-09-24 23:57:49,687 fedbase.py run [line:316] INFO Eval Time Cost:               1.4846s
2026-09-24 23:57:49,697 asyncbase.py iterate [line:68] INFO Select clients [np.int64(7), np.int64(14), np.int64(12)] at time 16.
2026-09-24 23:57:50,622 asyncbase.py iterate [line:73] INFO Receive new models from clients [3] at time 16
2026-09-24 23:57:50,648 fedbase.py run [line:311] INFO --------------Round 15--------------
2026-09-24 23:57:50,648 simple_logger.py log_once [line:14] INFO Current_time:16
2026-09-24 23:57:52,136 simple_logger.py log_once [line:28] INFO test_accuracy                 0.1026
2026-09-24 23:57:52,136 simple_logger.py log_once [line:28] INFO test_loss                     6.0795
2026-09-24 23:57:52,136 simple_logger.py log_once [line:28] INFO val_accuracy                  0.1019
2026-09-24 23:57:52,136 simple_logger.py log_once [line:28] INFO mean_val_accuracy             0.1014
2026-09-24 23:57:52,136 simple_logger.py log_once [line:28] INFO std_val_accuracy              0.2888
2026-09-24 23:57:52,136 simple_logger.py log_once [line:28] INFO val_loss                      6.1051
2026-09-24 23:57:52,136 simple_logger.py log_once [line:28] INFO mean_val_loss                 6.1124
2026-09-24 23:57:52,136 simple_logger.py log_once [line:28] INFO std_val_loss                  4.5559
2026-09-24 23:57:52,137 fedbase.py run [line:316] INFO Eval Time Cost:               1.4884s
2026-09-24 23:57:52,147 asyncbase.py iterate [line:73] INFO Receive new models from clients [7, 14, 16] at time 17
2026-09-24 23:57:52,205 fedbase.py run [line:311] INFO --------------Round 16--------------
2026-09-24 23:57:52,205 simple_logger.py log_once [line:14] INFO Current_time:17
2026-09-24 23:57:53,709 simple_logger.py log_once [line:28] INFO test_accuracy                 0.1368
2026-09-24 23:57:53,709 simple_logger.py log_once [line:28] INFO test_loss                     8.8015
2026-09-24 23:57:53,709 simple_logger.py log_once [line:28] INFO val_accuracy                  0.1355
2026-09-24 23:57:53,709 simple_logger.py log_once [line:28] INFO mean_val_accuracy             0.1355
2026-09-24 23:57:53,709 simple_logger.py log_once [line:28] INFO std_val_accuracy              0.2641
2026-09-24 23:57:53,709 simple_logger.py log_once [line:28] INFO val_loss                      8.8460
2026-09-24 23:57:53,709 simple_logger.py log_once [line:28] INFO mean_val_loss                 8.8485
2026-09-24 23:57:53,709 simple_logger.py log_once [line:28] INFO std_val_loss                  5.7532
2026-09-24 23:57:53,709 fedbase.py run [line:316] INFO Eval Time Cost:               1.5040s
2026-09-24 23:57:53,720 asyncbase.py iterate [line:68] INFO Select clients [np.int64(19), np.int64(13), np.int64(2)] at time 18.
2026-09-24 23:57:54,642 asyncbase.py iterate [line:73] INFO Receive new models from clients [12, 17, 13] at time 18
2026-09-24 23:57:54,699 fedbase.py run [line:311] INFO --------------Round 17--------------
2026-09-24 23:57:54,699 simple_logger.py log_once [line:14] INFO Current_time:18
2026-09-24 23:57:56,184 simple_logger.py log_once [line:28] INFO test_accuracy                 0.1010
2026-09-24 23:57:56,184 simple_logger.py log_once [line:28] INFO test_loss                     11.9029
2026-09-24 23:57:56,184 simple_logger.py log_once [line:28] INFO val_accuracy                  0.1020
2026-09-24 23:57:56,184 simple_logger.py log_once [line:28] INFO mean_val_accuracy             0.1016
2026-09-24 23:57:56,184 simple_logger.py log_once [line:28] INFO std_val_accuracy              0.2730
2026-09-24 23:57:56,184 simple_logger.py log_once [line:28] INFO val_loss                      11.7895
2026-09-24 23:57:56,184 simple_logger.py log_once [line:28] INFO mean_val_loss                 11.8009
2026-09-24 23:57:56,184 simple_logger.py log_once [line:28] INFO std_val_loss                  5.2723
2026-09-24 23:57:56,184 fedbase.py run [line:316] INFO Eval Time Cost:               1.4848s
2026-09-24 23:57:56,194 asyncbase.py iterate [line:68] INFO Select clients [np.int64(5), np.int64(11), np.int64(9), np.int64(15)] at time 19.
2026-09-24 23:57:57,443 asyncbase.py iterate [line:73] INFO Receive new models from clients [2, 11] at time 19
2026-09-24 23:57:57,492 fedbase.py run [line:311] INFO --------------Round 18--------------
2026-09-24 23:57:57,492 simple_logger.py log_once [line:14] INFO Current_time:19
2026-09-24 23:57:58,968 simple_logger.py log_once [line:28] INFO test_accuracy                 0.1010
2026-09-24 23:57:58,968 simple_logger.py log_once [line:28] INFO test_loss                     158.7885
2026-09-24 23:57:58,968 simple_logger.py log_once [line:28] INFO val_accuracy                  0.1020
2026-09-24 23:57:58,968 simple_logger.py log_once [line:28] INFO mean_val_accuracy             0.1016
2026-09-24 23:57:58,968 simple_logger.py log_once [line:28] INFO std_val_accuracy              0.2730
2026-09-24 23:57:58,968 simple_logger.py log_once [line:28] INFO val_loss                      156.9176
2026-09-24 23:57:58,968 simple_logger.py log_once [line:28] INFO mean_val_loss                 156.8936
2026-09-24 23:57:58,968 simple_logger.py log_once [line:28] INFO std_val_loss                  64.7895
2026-09-24 23:57:58,968 fedbase.py run [line:316] INFO Eval Time Cost:               1.4764s
2026-09-24 23:57:58,977 asyncbase.py iterate [line:68] INFO Select clients [np.int64(6)] at time 20.
2026-09-24 23:57:59,287 asyncbase.py iterate [line:73] INFO Receive new models from clients [19] at time 20
2026-09-24 23:57:59,314 fedbase.py run [line:311] INFO --------------Round 19--------------
2026-09-24 23:57:59,314 simple_logger.py log_once [line:14] INFO Current_time:20
2026-09-24 23:58:00,805 simple_logger.py log_once [line:28] INFO test_accuracy                 0.1010
2026-09-24 23:58:00,806 simple_logger.py log_once [line:28] INFO test_loss                     130.5244
2026-09-24 23:58:00,806 simple_logger.py log_once [line:28] INFO val_accuracy                  0.1021
2026-09-24 23:58:00,806 simple_logger.py log_once [line:28] INFO mean_val_accuracy             0.1018
2026-09-24 23:58:00,806 simple_logger.py log_once [line:28] INFO std_val_accuracy              0.2729
2026-09-24 23:58:00,806 simple_logger.py log_once [line:28] INFO val_loss                      129.1100
2026-09-24 23:58:00,806 simple_logger.py log_once [line:28] INFO mean_val_loss                 129.0749
2026-09-24 23:58:00,806 simple_logger.py log_once [line:28] INFO std_val_loss                  67.1341
2026-09-24 23:58:00,806 fedbase.py run [line:316] INFO Eval Time Cost:               1.4919s
2026-09-24 23:58:00,814 asyncbase.py iterate [line:68] INFO Select clients [np.int64(12), np.int64(7)] at time 21.
2026-09-24 23:58:01,427 asyncbase.py iterate [line:73] INFO Receive new models from clients [15, 7] at time 21
2026-09-24 23:58:01,475 fedbase.py run [line:311] INFO --------------Round 20--------------
2026-09-24 23:58:01,475 simple_logger.py log_once [line:14] INFO Current_time:21
2026-09-24 23:58:02,948 simple_logger.py log_once [line:28] INFO test_accuracy                 0.1028
2026-09-24 23:58:02,948 simple_logger.py log_once [line:28] INFO test_loss                     2.5294
2026-09-24 23:58:02,948 simple_logger.py log_once [line:28] INFO val_accuracy                  0.1043
2026-09-24 23:58:02,948 simple_logger.py log_once [line:28] INFO mean_val_accuracy             0.1043
2026-09-24 23:58:02,948 simple_logger.py log_once [line:28] INFO std_val_accuracy              0.2848
2026-09-24 23:58:02,948 simple_logger.py log_once [line:28] INFO val_loss                      2.5285
2026-09-24 23:58:02,948 simple_logger.py log_once [line:28] INFO mean_val_loss                 2.5289
2026-09-24 23:58:02,948 simple_logger.py log_once [line:28] INFO std_val_loss                  0.5904
2026-09-24 23:58:02,948 fedbase.py run [line:316] INFO Eval Time Cost:               1.4735s
2026-09-24 23:58:02,958 asyncbase.py iterate [line:68] INFO Select clients [np.int64(3), np.int64(2)] at time 22.
2026-09-24 23:58:03,575 asyncbase.py iterate [line:73] INFO Receive new models from clients [9, 2, 5, 6] at time 22
2026-09-24 23:58:03,640 fedbase.py run [line:311] INFO --------------Round 21--------------
2026-09-24 23:58:03,641 simple_logger.py log_once [line:14] INFO Current_time:22
2026-09-24 23:58:05,120 simple_logger.py log_once [line:28] INFO test_accuracy                 0.1028
2026-09-24 23:58:05,120 simple_logger.py log_once [line:28] INFO test_loss                     2.6875
2026-09-24 23:58:05,120 simple_logger.py log_once [line:28] INFO val_accuracy                  0.1043
2026-09-24 23:58:05,120 simple_logger.py log_once [line:28] INFO mean_val_accuracy             0.1043
2026-09-24 23:58:05,120 simple_logger.py log_once [line:28] INFO std_val_accuracy              0.2848
2026-09-24 23:58:05,120 simple_logger.py log_once [line:28] INFO val_loss                      2.6727
2026-09-24 23:58:05,120 simple_logger.py log_once [line:28] INFO mean_val_loss                 2.6718
2026-09-24 23:58:05,120 simple_logger.py log_once [line:28] INFO std_val_loss                  0.8253
2026-09-24 23:58:05,121 fedbase.py run [line:316] INFO Eval Time Cost:               1.4800s
2026-09-24 23:58:05,129 asyncbase.py iterate [line:68] INFO Select clients [np.int64(15), np.int64(5), np.int64(14), np.int64(9)] at time 23.
2026-09-24 23:58:06,375 asyncbase.py iterate [line:73] INFO Receive new models from clients [15, 9] at time 23
2026-09-24 23:58:06,424 fedbase.py run [line:311] INFO --------------Round 22--------------
2026-09-24 23:58:06,424 simple_logger.py log_once [line:14] INFO Current_time:23
2026-09-24 23:58:07,911 simple_logger.py log_once [line:28] INFO test_accuracy                 0.1028
2026-09-24 23:58:07,911 simple_logger.py log_once [line:28] INFO test_loss                     2.6875
2026-09-24 23:58:07,911 simple_logger.py log_once [line:28] INFO val_accuracy                  0.1043
2026-09-24 23:58:07,911 simple_logger.py log_once [line:28] INFO mean_val_accuracy             0.1043
2026-09-24 23:58:07,911 simple_logger.py log_once [line:28] INFO std_val_accuracy              0.2848
2026-09-24 23:58:07,911 simple_logger.py log_once [line:28] INFO val_loss                      2.6727
2026-09-24 23:58:07,911 simple_logger.py log_once [line:28] INFO mean_val_loss                 2.6718
2026-09-24 23:58:07,911 simple_logger.py log_once [line:28] INFO std_val_loss                  0.8253
2026-09-24 23:58:07,911 fedbase.py run [line:316] INFO Eval Time Cost:               1.4868s
2026-09-24 23:58:07,921 asyncbase.py iterate [line:68] INFO Select clients [np.int64(9), np.int64(4)] at time 24.
2026-09-24 23:58:08,532 asyncbase.py iterate [line:73] INFO Receive new models from clients [14, 3, 12] at time 24
2026-09-24 23:58:08,589 fedbase.py run [line:311] INFO --------------Round 23--------------
2026-09-24 23:58:08,589 simple_logger.py log_once [line:14] INFO Current_time:24
2026-09-24 23:58:10,076 simple_logger.py log_once [line:28] INFO test_accuracy                 0.1045
2026-09-24 23:58:10,076 simple_logger.py log_once [line:28] INFO test_loss                     4.1862
2026-09-24 23:58:10,076 simple_logger.py log_once [line:28] INFO val_accuracy                  0.1054
2026-09-24 23:58:10,076 simple_logger.py log_once [line:28] INFO mean_val_accuracy             0.1055
2026-09-24 23:58:10,076 simple_logger.py log_once [line:28] INFO std_val_accuracy              0.2822
2026-09-24 23:58:10,076 simple_logger.py log_once [line:28] INFO val_loss                      4.1678
2026-09-24 23:58:10,076 simple_logger.py log_once [line:28] INFO mean_val_loss                 4.1632
2026-09-24 23:58:10,076 simple_logger.py log_once [line:28] INFO std_val_loss                  2.0581
2026-09-24 23:58:10,076 fedbase.py run [line:316] INFO Eval Time Cost:               1.4874s
2026-09-24 23:58:10,086 asyncbase.py iterate [line:68] INFO Select clients [np.int64(19), np.int64(11)] at time 25.
2026-09-24 23:58:10,699 asyncbase.py iterate [line:73] INFO Receive new models from clients [4, 5, 9] at time 25
2026-09-24 23:58:10,755 fedbase.py run [line:311] INFO --------------Round 24--------------
2026-09-24 23:58:10,755 simple_logger.py log_once [line:14] INFO Current_time:25
2026-09-24 23:58:12,243 simple_logger.py log_once [line:28] INFO test_accuracy                 0.1248
2026-09-24 23:58:12,243 simple_logger.py log_once [line:28] INFO test_loss                     8.4863
2026-09-24 23:58:12,243 simple_logger.py log_once [line:28] INFO val_accuracy                  0.1259
2026-09-24 23:58:12,243 simple_logger.py log_once [line:28] INFO mean_val_accuracy             0.1263
2026-09-24 23:58:12,243 simple_logger.py log_once [line:28] INFO std_val_accuracy              0.2320
2026-09-24 23:58:12,243 simple_logger.py log_once [line:28] INFO val_loss                      8.4599
2026-09-24 23:58:12,243 simple_logger.py log_once [line:28] INFO mean_val_loss                 8.4485
2026-09-24 23:58:12,243 simple_logger.py log_once [line:28] INFO std_val_loss                  4.5252
2026-09-24 23:58:12,243 fedbase.py run [line:316] INFO Eval Time Cost:               1.4877s
2026-09-24 23:58:12,253 asyncbase.py iterate [line:68] INFO Select clients [np.int64(9), np.int64(18), np.int64(14), np.int64(1)] at time 26.
2026-09-24 23:58:13,492 asyncbase.py iterate [line:73] INFO Receive new models from clients [19, 9, 1, 14] at time 26
2026-09-24 23:58:13,560 fedbase.py run [line:311] INFO --------------Round 25--------------
2026-09-24 23:58:13,560 simple_logger.py log_once [line:14] INFO Current_time:26
2026-09-24 23:58:15,043 simple_logger.py log_once [line:28] INFO test_accuracy                 0.0840
2026-09-24 23:58:15,043 simple_logger.py log_once [line:28] INFO test_loss                     151.0944
2026-09-24 23:58:15,043 simple_logger.py log_once [line:28] INFO val_accuracy                  0.0853
2026-09-24 23:58:15,043 simple_logger.py log_once [line:28] INFO mean_val_accuracy             0.0856
2026-09-24 23:58:15,043 simple_logger.py log_once [line:28] INFO std_val_accuracy              0.1784
2026-09-24 23:58:15,043 simple_logger.py log_once [line:28] INFO val_loss                      151.0301
2026-09-24 23:58:15,043 simple_logger.py log_once [line:28] INFO mean_val_loss                 150.8616
2026-09-24 23:58:15,043 simple_logger.py log_once [line:28] INFO std_val_loss                  77.4826
2026-09-24 23:58:15,043 fedbase.py run [line:316] INFO Eval Time Cost:               1.4839s
2026-09-24 23:58:15,052 asyncbase.py iterate [line:68] INFO Select clients [np.int64(9), np.int64(14), np.int64(13), np.int64(6)] at time 27.
2026-09-24 23:58:16,359 asyncbase.py iterate [line:73] INFO Receive new models from clients [13] at time 27
2026-09-24 23:58:16,387 fedbase.py run [line:311] INFO --------------Round 26--------------
2026-09-24 23:58:16,387 simple_logger.py log_once [line:14] INFO Current_time:27
2026-09-24 23:58:17,887 simple_logger.py log_once [line:28] INFO test_accuracy                 0.1010
2026-09-24 23:58:17,887 simple_logger.py log_once [line:28] INFO test_loss                     34.7362
2026-09-24 23:58:17,887 simple_logger.py log_once [line:28] INFO val_accuracy                  0.1020
2026-09-24 23:58:17,887 simple_logger.py log_once [line:28] INFO mean_val_accuracy             0.1016
2026-09-24 23:58:17,887 simple_logger.py log_once [line:28] INFO std_val_accuracy              0.2730
2026-09-24 23:58:17,887 simple_logger.py log_once [line:28] INFO val_loss                      34.2391
2026-09-24 23:58:17,887 simple_logger.py log_once [line:28] INFO mean_val_loss                 34.2904
2026-09-24 23:58:17,887 simple_logger.py log_once [line:28] INFO std_val_loss                  15.2387
2026-09-24 23:58:17,887 fedbase.py run [line:316] INFO Eval Time Cost:               1.4999s
2026-09-24 23:58:17,895 asyncbase.py iterate [line:68] INFO Select clients [np.int64(0)] at time 28.
2026-09-24 23:58:18,201 asyncbase.py iterate [line:73] INFO Receive new models from clients [18, 0, 14, 11] at time 28
2026-09-24 23:58:18,268 fedbase.py run [line:311] INFO --------------Round 27--------------
2026-09-24 23:58:18,268 simple_logger.py log_once [line:14] INFO Current_time:28
2026-09-24 23:58:19,768 simple_logger.py log_once [line:28] INFO test_accuracy                 0.1010
2026-09-24 23:58:19,768 simple_logger.py log_once [line:28] INFO test_loss                     7.7624
2026-09-24 23:58:19,768 simple_logger.py log_once [line:28] INFO val_accuracy                  0.1020
2026-09-24 23:58:19,768 simple_logger.py log_once [line:28] INFO mean_val_accuracy             0.1016
2026-09-24 23:58:19,768 simple_logger.py log_once [line:28] INFO std_val_accuracy              0.2730
2026-09-24 23:58:19,768 simple_logger.py log_once [line:28] INFO val_loss                      7.7333
2026-09-24 23:58:19,768 simple_logger.py log_once [line:28] INFO mean_val_loss                 7.7380
2026-09-24 23:58:19,768 simple_logger.py log_once [line:28] INFO std_val_loss                  2.7983
2026-09-24 23:58:19,768 fedbase.py run [line:316] INFO Eval Time Cost:               1.5003s
2026-09-24 23:58:19,778 asyncbase.py iterate [line:68] INFO Select clients [np.int64(7), np.int64(1), np.int64(8), np.int64(13)] at time 29.
2026-09-24 23:58:21,054 asyncbase.py iterate [line:73] INFO Receive new models from clients [9, 13, 6] at time 29
2026-09-24 23:58:21,110 fedbase.py run [line:311] INFO --------------Round 28--------------
2026-09-24 23:58:21,110 simple_logger.py log_once [line:14] INFO Current_time:29
2026-09-24 23:58:22,624 simple_logger.py log_once [line:28] INFO test_accuracy                 0.1010
2026-09-24 23:58:22,624 simple_logger.py log_once [line:28] INFO test_loss                     5.3557
2026-09-24 23:58:22,625 simple_logger.py log_once [line:28] INFO val_accuracy                  0.1020
2026-09-24 23:58:22,625 simple_logger.py log_once [line:28] INFO mean_val_accuracy             0.1016
2026-09-24 23:58:22,625 simple_logger.py log_once [line:28] INFO std_val_accuracy              0.2730
2026-09-24 23:58:22,625 simple_logger.py log_once [line:28] INFO val_loss                      5.3524
2026-09-24 23:58:22,625 simple_logger.py log_once [line:28] INFO mean_val_loss                 5.3553
2026-09-24 23:58:22,625 simple_logger.py log_once [line:28] INFO std_val_loss                  2.2875
2026-09-24 23:58:22,625 fedbase.py run [line:316] INFO Eval Time Cost:               1.5144s
2026-09-24 23:58:22,635 asyncbase.py iterate [line:68] INFO Select clients [np.int64(3), np.int64(9), np.int64(17)] at time 30.
2026-09-24 23:58:23,574 asyncbase.py iterate [line:73] INFO Receive new models from clients [1, 7, 3] at time 30
2026-09-24 23:58:23,606 asyncbase.py iterate [line:68] INFO Select clients [np.int64(13), np.int64(4)] at time 31.
2026-09-24 23:58:24,239 asyncbase.py iterate [line:73] INFO Receive new models from clients [4] at time 31
2026-09-24 23:58:24,255 asyncbase.py iterate [line:68] INFO Select clients [np.int64(6), np.int64(10)] at time 32.
2026-09-24 23:58:24,882 asyncbase.py iterate [line:73] INFO Receive new models from clients [13, 8, 6, 17] at time 32
2026-09-24 23:58:24,928 fedbase.py run [line:311] INFO --------------Round 29--------------
2026-09-24 23:58:24,928 simple_logger.py log_once [line:14] INFO Current_time:32
2026-09-24 23:58:26,410 simple_logger.py log_once [line:28] INFO test_accuracy                 0.1010
2026-09-24 23:58:26,410 simple_logger.py log_once [line:28] INFO test_loss                     20.2959
2026-09-24 23:58:26,410 simple_logger.py log_once [line:28] INFO val_accuracy                  0.1020
2026-09-24 23:58:26,410 simple_logger.py log_once [line:28] INFO mean_val_accuracy             0.1016
2026-09-24 23:58:26,410 simple_logger.py log_once [line:28] INFO std_val_accuracy              0.2730
2026-09-24 23:58:26,410 simple_logger.py log_once [line:28] INFO val_loss                      20.1112
2026-09-24 23:58:26,410 simple_logger.py log_once [line:28] INFO mean_val_loss                 20.1239
2026-09-24 23:58:26,410 simple_logger.py log_once [line:28] INFO std_val_loss                  7.9745
2026-09-24 23:58:26,410 fedbase.py run [line:316] INFO Eval Time Cost:               1.4819s
2026-09-24 23:58:26,419 asyncbase.py iterate [line:68] INFO Select clients [np.int64(19), np.int64(8), np.int64(1), np.int64(14)] at time 33.
2026-09-24 23:58:27,666 asyncbase.py iterate [line:73] INFO Receive new models from clients [9, 1] at time 33
2026-09-24 23:58:27,699 fedbase.py run [line:311] INFO --------------Round 30--------------
2026-09-24 23:58:27,699 simple_logger.py log_once [line:14] INFO Current_time:33
2026-09-24 23:58:29,189 simple_logger.py log_once [line:28] INFO test_accuracy                 0.0958
2026-09-24 23:58:29,189 simple_logger.py log_once [line:28] INFO test_loss                     5.8123
2026-09-24 23:58:29,190 simple_logger.py log_once [line:28] INFO val_accuracy                  0.0981
2026-09-24 23:58:29,190 simple_logger.py log_once [line:28] INFO mean_val_accuracy             0.0983
2026-09-24 23:58:29,190 simple_logger.py log_once [line:28] INFO std_val_accuracy              0.2826
2026-09-24 23:58:29,190 simple_logger.py log_once [line:28] INFO val_loss                      5.7977
2026-09-24 23:58:29,190 simple_logger.py log_once [line:28] INFO mean_val_loss                 5.7972
2026-09-24 23:58:29,190 simple_logger.py log_once [line:28] INFO std_val_loss                  2.2534
2026-09-24 23:58:29,190 fedbase.py run [line:316] INFO Eval Time Cost:               1.4909s
2026-09-24 23:58:29,200 asyncbase.py iterate [line:68] INFO Select clients [np.int64(3), np.int64(17)] at time 34.
2026-09-24 23:58:29,826 asyncbase.py iterate [line:73] INFO Receive new models from clients [8, 3] at time 34
2026-09-24 23:58:29,878 fedbase.py run [line:311] INFO --------------Round 31--------------
2026-09-24 23:58:29,878 simple_logger.py log_once [line:14] INFO Current_time:34
2026-09-24 23:58:31,377 simple_logger.py log_once [line:28] INFO test_accuracy                 0.0958
2026-09-24 23:58:31,377 simple_logger.py log_once [line:28] INFO test_loss                     4.3489
2026-09-24 23:58:31,377 simple_logger.py log_once [line:28] INFO val_accuracy                  0.0981
2026-09-24 23:58:31,377 simple_logger.py log_once [line:28] INFO mean_val_accuracy             0.0983
2026-09-24 23:58:31,377 simple_logger.py log_once [line:28] INFO std_val_accuracy              0.2826
2026-09-24 23:58:31,377 simple_logger.py log_once [line:28] INFO val_loss                      4.3387
2026-09-24 23:58:31,377 simple_logger.py log_once [line:28] INFO mean_val_loss                 4.3383
2026-09-24 23:58:31,377 simple_logger.py log_once [line:28] INFO std_val_loss                  1.6620
2026-09-24 23:58:31,377 fedbase.py run [line:316] INFO Eval Time Cost:               1.4991s
2026-09-24 23:58:31,386 asyncbase.py iterate [line:68] INFO Select clients [np.int64(4)] at time 35.
2026-09-24 23:58:31,697 asyncbase.py iterate [line:73] INFO Receive new models from clients [19, 10, 14] at time 35
2026-09-24 23:58:31,755 fedbase.py run [line:311] INFO --------------Round 32--------------
2026-09-24 23:58:31,755 simple_logger.py log_once [line:14] INFO Current_time:35
2026-09-24 23:58:33,238 simple_logger.py log_once [line:28] INFO test_accuracy                 0.1010
2026-09-24 23:58:33,238 simple_logger.py log_once [line:28] INFO test_loss                     12587.8470
2026-09-24 23:58:33,238 simple_logger.py log_once [line:28] INFO val_accuracy                  0.1020
2026-09-24 23:58:33,238 simple_logger.py log_once [line:28] INFO mean_val_accuracy             0.1016
2026-09-24 23:58:33,238 simple_logger.py log_once [line:28] INFO std_val_accuracy              0.2730
2026-09-24 23:58:33,238 simple_logger.py log_once [line:28] INFO val_loss                      12526.2941
2026-09-24 23:58:33,238 simple_logger.py log_once [line:28] INFO mean_val_loss                 12541.0445
2026-09-24 23:58:33,238 simple_logger.py log_once [line:28] INFO std_val_loss                  5634.8902
2026-09-24 23:58:33,238 fedbase.py run [line:316] INFO Eval Time Cost:               1.4832s
2026-09-24 23:58:33,247 asyncbase.py iterate [line:68] INFO Select clients [np.int64(9), np.int64(5), np.int64(8)] at time 36.
2026-09-24 23:58:34,176 asyncbase.py iterate [line:73] INFO Receive new models from clients [17, 9, 8, 5] at time 36
2026-09-24 23:58:34,225 fedbase.py run [line:311] INFO --------------Round 33--------------
2026-09-24 23:58:34,225 simple_logger.py log_once [line:14] INFO Current_time:36
2026-09-24 23:58:35,706 simple_logger.py log_once [line:28] INFO test_accuracy                 0.1010
2026-09-24 23:58:35,706 simple_logger.py log_once [line:28] INFO test_loss                     12859.0327
2026-09-24 23:58:35,706 simple_logger.py log_once [line:28] INFO val_accuracy                  0.1020
2026-09-24 23:58:35,706 simple_logger.py log_once [line:28] INFO mean_val_accuracy             0.1016
2026-09-24 23:58:35,706 simple_logger.py log_once [line:28] INFO std_val_accuracy              0.2730
2026-09-24 23:58:35,706 simple_logger.py log_once [line:28] INFO val_loss                      12796.3306
2026-09-24 23:58:35,706 simple_logger.py log_once [line:28] INFO mean_val_loss                 12811.3382
2026-09-24 23:58:35,706 simple_logger.py log_once [line:28] INFO std_val_loss                  5668.3576
2026-09-24 23:58:35,707 fedbase.py run [line:316] INFO Eval Time Cost:               1.4816s
2026-09-24 23:58:35,716 asyncbase.py iterate [line:68] INFO Select clients [np.int64(11), np.int64(9), np.int64(2), np.int64(10), np.int64(3)] at time 37.
2026-09-24 23:58:37,281 asyncbase.py iterate [line:73] INFO Receive new models from clients [11, 9] at time 37
2026-09-24 23:58:37,331 fedbase.py run [line:311] INFO --------------Round 34--------------
2026-09-24 23:58:37,331 simple_logger.py log_once [line:14] INFO Current_time:37
2026-09-24 23:58:38,813 simple_logger.py log_once [line:28] INFO test_accuracy                 0.1010
2026-09-24 23:58:38,813 simple_logger.py log_once [line:28] INFO test_loss                     769452872722.0225
2026-09-24 23:58:38,813 simple_logger.py log_once [line:28] INFO val_accuracy                  0.1020
2026-09-24 23:58:38,813 simple_logger.py log_once [line:28] INFO mean_val_accuracy             0.1016
2026-09-24 23:58:38,813 simple_logger.py log_once [line:28] INFO std_val_accuracy              0.2730
2026-09-24 23:58:38,813 simple_logger.py log_once [line:28] INFO val_loss                      758676743771.4794
2026-09-24 23:58:38,813 simple_logger.py log_once [line:28] INFO mean_val_loss                 759037285171.2000
2026-09-24 23:58:38,813 simple_logger.py log_once [line:28] INFO std_val_loss                  257752137071.2419
2026-09-24 23:58:38,813 fedbase.py run [line:316] INFO Eval Time Cost:               1.4820s
2026-09-24 23:58:38,821 asyncbase.py iterate [line:68] INFO Select clients [np.int64(13), np.int64(0)] at time 38.
2026-09-24 23:58:39,460 asyncbase.py iterate [line:73] INFO Receive new models from clients [2, 0, 4] at time 38
2026-09-24 23:58:39,519 fedbase.py run [line:311] INFO --------------Round 35--------------
2026-09-24 23:58:39,519 simple_logger.py log_once [line:14] INFO Current_time:38
2026-09-24 23:58:41,004 simple_logger.py log_once [line:28] INFO test_accuracy                 0.1010
2026-09-24 23:58:41,004 simple_logger.py log_once [line:28] INFO test_loss                     769294768327.8848
2026-09-24 23:58:41,004 simple_logger.py log_once [line:28] INFO val_accuracy                  0.1020
2026-09-24 23:58:41,004 simple_logger.py log_once [line:28] INFO mean_val_accuracy             0.1016
2026-09-24 23:58:41,004 simple_logger.py log_once [line:28] INFO std_val_accuracy              0.2730
2026-09-24 23:58:41,004 simple_logger.py log_once [line:28] INFO val_loss                      758521042540.6187
2026-09-24 23:58:41,004 simple_logger.py log_once [line:28] INFO mean_val_loss                 758881491353.6000
2026-09-24 23:58:41,004 simple_logger.py log_once [line:28] INFO std_val_loss                  257704165338.7224
2026-09-24 23:58:41,004 fedbase.py run [line:316] INFO Eval Time Cost:               1.4847s
2026-09-24 23:58:41,013 asyncbase.py iterate [line:68] INFO Select clients [np.int64(2), np.int64(12), np.int64(9)] at time 39.
2026-09-24 23:58:41,940 asyncbase.py iterate [line:73] INFO Receive new models from clients [10, 3, 13] at time 39
2026-09-24 23:58:42,000 fedbase.py run [line:311] INFO --------------Round 36--------------
2026-09-24 23:58:42,000 simple_logger.py log_once [line:14] INFO Current_time:39
2026-09-24 23:58:43,480 simple_logger.py log_once [line:28] INFO test_accuracy                 0.1010
2026-09-24 23:58:43,480 simple_logger.py log_once [line:28] INFO test_loss                     12009384904.2944
2026-09-24 23:58:43,480 simple_logger.py log_once [line:28] INFO val_accuracy                  0.1020
2026-09-24 23:58:43,480 simple_logger.py log_once [line:28] INFO mean_val_accuracy             0.1016
2026-09-24 23:58:43,480 simple_logger.py log_once [line:28] INFO std_val_accuracy              0.2730
2026-09-24 23:58:43,480 simple_logger.py log_once [line:28] INFO val_loss                      11867705798.0789
2026-09-24 23:58:43,480 simple_logger.py log_once [line:28] INFO mean_val_loss                 11876370380.8000
2026-09-24 23:58:43,480 simple_logger.py log_once [line:28] INFO std_val_loss                  4576132274.1057
2026-09-24 23:58:43,480 fedbase.py run [line:316] INFO Eval Time Cost:               1.4800s
2026-09-24 23:58:43,488 asyncbase.py iterate [line:68] INFO Select clients [np.int64(7), np.int64(6), np.int64(5)] at time 40.
2026-09-24 23:58:44,439 asyncbase.py iterate [line:73] INFO Receive new models from clients [6, 2] at time 41
Traceback (most recent call last):
  File "E:\Federated Machine Learning\FL-Byzantine-Library\run_research.py", line 161, in <module>
    main()
    ~~~~^^
  File "E:\Federated Machine Learning\FL-Byzantine-Library\run_research.py", line 157, in main
    runner.run()
    ~~~~~~~~~~^^
  File "E:\Federated Machine Learning\FL-Byzantine-Library\easyFL\flgo\algorithm\fedbase.py", line 308, in run
    updated = self.iterate()
  File "E:\Federated Machine Learning\FL-Byzantine-Library\flgo_byzantine\research_algorithm.py", line 272, in iterate
    return super().iterate()
           ~~~~~~~~~~~~~~~^^
  File "E:\Federated Machine Learning\FL-Byzantine-Library\easyFL\flgo\algorithm\asyncbase.py", line 74, in iterate
    is_model_updated = self.package_handler(received_packages)
  File "E:\Federated Machine Learning\FL-Byzantine-Library\flgo_byzantine\research_algorithm.py", line 335, in package_handler
    raise RuntimeError("aggregate would diverge: non-finite or weight magnitude exceeds 1000")
RuntimeError: aggregate would diverge: non-finite or weight magnitude exceeds 1000
