E:\fl-experiment\.venv\Lib\site-packages\torch\cuda\__init__.py:61: FutureWarning: The pynvml package is deprecated. Please install nvidia-ml-py instead. If you did not install pynvml directly, please report this to the maintainers of the package that installed pynvml for you.
  import pynvml  # type: ignore[import]
2026-09-24 23:25:53,705 fflow.py init [line:848] INFO PROCESS ID:	13512
2026-09-24 23:25:53,705 fflow.py init [line:849] INFO Initializing devices: cuda:0 will be used for this running.
2026-09-24 23:25:53,705 fflow.py init [line:852] INFO BENCHMARK:	flgo.benchmark.mnist_classification
2026-09-24 23:25:53,705 fflow.py init [line:853] INFO TASK:			E:\Federated Machine Learning\FL-Byzantine-Library\mnist_dir20
2026-09-24 23:25:53,713 fflow.py init [line:854] INFO MODEL:		flgo.benchmark.mnist_classification.model.cnn
2026-09-24 23:25:53,713 fflow.py init [line:855] INFO ALGORITHM:	research_algorithm
2026-09-24 23:25:54,791 fflow.py init [line:901] INFO SCENE:		horizontal FL with 1 <class 'flgo_byzantine.research_algorithm.Server'>, 20 <class 'flgo_byzantine.research_algorithm.Client'>
2026-09-24 23:25:54,880 fflow.py init [line:918] INFO SIMULATOR:	<class 'flgo.simulator.default_simulator.Simulator'>
2026-09-24 23:25:59,358 fflow.py init [line:931] INFO Ready to start.
2026-09-24 23:25:59,358 fedbase.py run [line:300] INFO --------------Initial Evaluation--------------
2026-09-24 23:25:59,359 simple_logger.py log_once [line:14] INFO Current_time:0
2026-09-24 23:26:00,984 simple_logger.py log_once [line:28] INFO test_accuracy                 0.0875
2026-09-24 23:26:00,984 simple_logger.py log_once [line:28] INFO test_loss                     2.3101
2026-09-24 23:26:00,984 simple_logger.py log_once [line:28] INFO val_accuracy                  0.0866
2026-09-24 23:26:00,984 simple_logger.py log_once [line:28] INFO mean_val_accuracy             0.0874
2026-09-24 23:26:00,984 simple_logger.py log_once [line:28] INFO std_val_accuracy              0.2312
2026-09-24 23:26:00,984 simple_logger.py log_once [line:28] INFO val_loss                      2.3109
2026-09-24 23:26:00,984 simple_logger.py log_once [line:28] INFO mean_val_loss                 2.3111
2026-09-24 23:26:00,984 simple_logger.py log_once [line:28] INFO std_val_loss                  0.0785
2026-09-24 23:26:00,984 fedbase.py run [line:303] INFO Eval Time Cost:               1.6257s
2026-09-24 23:26:00,995 asyncbase.py iterate [line:68] INFO Select clients [np.int64(11), np.int64(3), np.int64(19), np.int64(4), np.int64(10), np.int64(9)] at time 1.
2026-09-24 23:26:02,961 asyncbase.py iterate [line:73] INFO Receive new models from clients [3, 9] at time 1
2026-09-24 23:26:02,998 fedbase.py run [line:311] INFO --------------Round 1--------------
2026-09-24 23:26:02,998 simple_logger.py log_once [line:14] INFO Current_time:1
2026-09-24 23:26:04,502 simple_logger.py log_once [line:28] INFO test_accuracy                 0.1009
2026-09-24 23:26:04,502 simple_logger.py log_once [line:28] INFO test_loss                     3.0764
2026-09-24 23:26:04,502 simple_logger.py log_once [line:28] INFO val_accuracy                  0.0999
2026-09-24 23:26:04,502 simple_logger.py log_once [line:28] INFO mean_val_accuracy             0.0994
2026-09-24 23:26:04,502 simple_logger.py log_once [line:28] INFO std_val_accuracy              0.2889
2026-09-24 23:26:04,502 simple_logger.py log_once [line:28] INFO val_loss                      3.0707
2026-09-24 23:26:04,502 simple_logger.py log_once [line:28] INFO mean_val_loss                 3.0745
2026-09-24 23:26:04,502 simple_logger.py log_once [line:28] INFO std_val_loss                  0.9786
2026-09-24 23:26:04,502 fedbase.py run [line:316] INFO Eval Time Cost:               1.5040s
2026-09-24 23:26:04,512 asyncbase.py iterate [line:68] INFO Select clients [np.int64(0)] at time 2.
2026-09-24 23:26:04,830 asyncbase.py iterate [line:73] INFO Receive new models from clients [19] at time 2
2026-09-24 23:26:04,853 fedbase.py run [line:311] INFO --------------Round 2--------------
2026-09-24 23:26:04,854 simple_logger.py log_once [line:14] INFO Current_time:2
2026-09-24 23:26:06,359 simple_logger.py log_once [line:28] INFO test_accuracy                 0.1009
2026-09-24 23:26:06,360 simple_logger.py log_once [line:28] INFO test_loss                     3.4746
2026-09-24 23:26:06,360 simple_logger.py log_once [line:28] INFO val_accuracy                  0.0999
2026-09-24 23:26:06,360 simple_logger.py log_once [line:28] INFO mean_val_accuracy             0.0994
2026-09-24 23:26:06,360 simple_logger.py log_once [line:28] INFO std_val_accuracy              0.2889
2026-09-24 23:26:06,360 simple_logger.py log_once [line:28] INFO val_loss                      3.4784
2026-09-24 23:26:06,360 simple_logger.py log_once [line:28] INFO mean_val_loss                 3.4861
2026-09-24 23:26:06,360 simple_logger.py log_once [line:28] INFO std_val_loss                  1.8200
2026-09-24 23:26:06,360 fedbase.py run [line:316] INFO Eval Time Cost:               1.5063s
2026-09-24 23:26:06,370 asyncbase.py iterate [line:68] INFO Select clients [np.int64(7), np.int64(13)] at time 3.
2026-09-24 23:26:07,005 asyncbase.py iterate [line:73] INFO Receive new models from clients [4, 13, 0, 11] at time 3
2026-09-24 23:26:07,060 fedbase.py run [line:311] INFO --------------Round 3--------------
2026-09-24 23:26:07,060 simple_logger.py log_once [line:14] INFO Current_time:3
2026-09-24 23:26:08,557 simple_logger.py log_once [line:28] INFO test_accuracy                 0.1010
2026-09-24 23:26:08,558 simple_logger.py log_once [line:28] INFO test_loss                     3.4906
2026-09-24 23:26:08,558 simple_logger.py log_once [line:28] INFO val_accuracy                  0.1020
2026-09-24 23:26:08,558 simple_logger.py log_once [line:28] INFO mean_val_accuracy             0.1016
2026-09-24 23:26:08,558 simple_logger.py log_once [line:28] INFO std_val_accuracy              0.2730
2026-09-24 23:26:08,558 simple_logger.py log_once [line:28] INFO val_loss                      3.4859
2026-09-24 23:26:08,558 simple_logger.py log_once [line:28] INFO mean_val_loss                 3.4855
2026-09-24 23:26:08,558 simple_logger.py log_once [line:28] INFO std_val_loss                  1.2693
2026-09-24 23:26:08,558 fedbase.py run [line:316] INFO Eval Time Cost:               1.4980s
2026-09-24 23:26:08,566 asyncbase.py iterate [line:68] INFO Select clients [np.int64(15), np.int64(1), np.int64(16)] at time 4.
2026-09-24 23:26:09,506 asyncbase.py iterate [line:73] INFO Receive new models from clients [10, 15] at time 4
2026-09-24 23:26:09,541 fedbase.py run [line:311] INFO --------------Round 4--------------
2026-09-24 23:26:09,541 simple_logger.py log_once [line:14] INFO Current_time:4
2026-09-24 23:26:11,132 simple_logger.py log_once [line:28] INFO test_accuracy                 0.0974
2026-09-24 23:26:11,132 simple_logger.py log_once [line:28] INFO test_loss                     2.7917
2026-09-24 23:26:11,132 simple_logger.py log_once [line:28] INFO val_accuracy                  0.0972
2026-09-24 23:26:11,132 simple_logger.py log_once [line:28] INFO mean_val_accuracy             0.0962
2026-09-24 23:26:11,132 simple_logger.py log_once [line:28] INFO std_val_accuracy              0.2801
2026-09-24 23:26:11,132 simple_logger.py log_once [line:28] INFO val_loss                      2.7917
2026-09-24 23:26:11,132 simple_logger.py log_once [line:28] INFO mean_val_loss                 2.7941
2026-09-24 23:26:11,132 simple_logger.py log_once [line:28] INFO std_val_loss                  0.7807
2026-09-24 23:26:11,132 fedbase.py run [line:316] INFO Eval Time Cost:               1.5909s
2026-09-24 23:26:11,142 asyncbase.py iterate [line:68] INFO Select clients [np.int64(10), np.int64(4), np.int64(2)] at time 5.
2026-09-24 23:26:12,146 asyncbase.py iterate [line:73] INFO Receive new models from clients [7] at time 5
2026-09-24 23:26:12,171 fedbase.py run [line:311] INFO --------------Round 5--------------
2026-09-24 23:26:12,171 simple_logger.py log_once [line:14] INFO Current_time:5
2026-09-24 23:26:13,666 simple_logger.py log_once [line:28] INFO test_accuracy                 0.0974
2026-09-24 23:26:13,666 simple_logger.py log_once [line:28] INFO test_loss                     2.7947
2026-09-24 23:26:13,666 simple_logger.py log_once [line:28] INFO val_accuracy                  0.0972
2026-09-24 23:26:13,666 simple_logger.py log_once [line:28] INFO mean_val_accuracy             0.0962
2026-09-24 23:26:13,666 simple_logger.py log_once [line:28] INFO std_val_accuracy              0.2801
2026-09-24 23:26:13,666 simple_logger.py log_once [line:28] INFO val_loss                      2.7957
2026-09-24 23:26:13,666 simple_logger.py log_once [line:28] INFO mean_val_loss                 2.7965
2026-09-24 23:26:13,666 simple_logger.py log_once [line:28] INFO std_val_loss                  0.9084
2026-09-24 23:26:13,666 fedbase.py run [line:316] INFO Eval Time Cost:               1.4954s
2026-09-24 23:26:13,676 asyncbase.py iterate [line:73] INFO Receive new models from clients [1] at time 6
2026-09-24 23:26:13,703 fedbase.py run [line:311] INFO --------------Round 6--------------
2026-09-24 23:26:13,703 simple_logger.py log_once [line:14] INFO Current_time:6
2026-09-24 23:26:15,210 simple_logger.py log_once [line:28] INFO test_accuracy                 0.0958
2026-09-24 23:26:15,210 simple_logger.py log_once [line:28] INFO test_loss                     5.1682
2026-09-24 23:26:15,210 simple_logger.py log_once [line:28] INFO val_accuracy                  0.0981
2026-09-24 23:26:15,210 simple_logger.py log_once [line:28] INFO mean_val_accuracy             0.0983
2026-09-24 23:26:15,210 simple_logger.py log_once [line:28] INFO std_val_accuracy              0.2826
2026-09-24 23:26:15,210 simple_logger.py log_once [line:28] INFO val_loss                      5.1492
2026-09-24 23:26:15,210 simple_logger.py log_once [line:28] INFO mean_val_loss                 5.1487
2026-09-24 23:26:15,210 simple_logger.py log_once [line:28] INFO std_val_loss                  2.6781
2026-09-24 23:26:15,210 fedbase.py run [line:316] INFO Eval Time Cost:               1.5073s
2026-09-24 23:26:15,220 asyncbase.py iterate [line:68] INFO Select clients [np.int64(3), np.int64(11)] at time 7.
2026-09-24 23:26:15,843 asyncbase.py iterate [line:73] INFO Receive new models from clients [10, 11, 16] at time 7
2026-09-24 23:26:15,893 fedbase.py run [line:311] INFO --------------Round 7--------------
2026-09-24 23:26:15,893 simple_logger.py log_once [line:14] INFO Current_time:7
2026-09-24 23:26:17,393 simple_logger.py log_once [line:28] INFO test_accuracy                 0.1219
2026-09-24 23:26:17,393 simple_logger.py log_once [line:28] INFO test_loss                     2.3204
2026-09-24 23:26:17,393 simple_logger.py log_once [line:28] INFO val_accuracy                  0.1210
2026-09-24 23:26:17,393 simple_logger.py log_once [line:28] INFO mean_val_accuracy             0.1210
2026-09-24 23:26:17,393 simple_logger.py log_once [line:28] INFO std_val_accuracy              0.2591
2026-09-24 23:26:17,393 simple_logger.py log_once [line:28] INFO val_loss                      2.3178
2026-09-24 23:26:17,393 simple_logger.py log_once [line:28] INFO mean_val_loss                 2.3171
2026-09-24 23:26:17,393 simple_logger.py log_once [line:28] INFO std_val_loss                  0.2556
2026-09-24 23:26:17,393 fedbase.py run [line:316] INFO Eval Time Cost:               1.5008s
2026-09-24 23:26:17,404 asyncbase.py iterate [line:68] INFO Select clients [np.int64(11), np.int64(9), np.int64(10)] at time 8.
2026-09-24 23:26:18,341 asyncbase.py iterate [line:73] INFO Receive new models from clients [4, 2, 3, 11] at time 8
2026-09-24 23:26:18,398 fedbase.py run [line:311] INFO --------------Round 8--------------
2026-09-24 23:26:18,399 simple_logger.py log_once [line:14] INFO Current_time:8
2026-09-24 23:26:19,926 simple_logger.py log_once [line:28] INFO test_accuracy                 0.1001
2026-09-24 23:26:19,926 simple_logger.py log_once [line:28] INFO test_loss                     2.3107
2026-09-24 23:26:19,926 simple_logger.py log_once [line:28] INFO val_accuracy                  0.1018
2026-09-24 23:26:19,926 simple_logger.py log_once [line:28] INFO mean_val_accuracy             0.1029
2026-09-24 23:26:19,926 simple_logger.py log_once [line:28] INFO std_val_accuracy              0.2622
2026-09-24 23:26:19,926 simple_logger.py log_once [line:28] INFO val_loss                      2.3102
2026-09-24 23:26:19,926 simple_logger.py log_once [line:28] INFO mean_val_loss                 2.3080
2026-09-24 23:26:19,926 simple_logger.py log_once [line:28] INFO std_val_loss                  0.4773
2026-09-24 23:26:19,927 fedbase.py run [line:316] INFO Eval Time Cost:               1.5281s
2026-09-24 23:26:19,936 asyncbase.py iterate [line:68] INFO Select clients [np.int64(6), np.int64(12), np.int64(15), np.int64(4)] at time 9.
2026-09-24 23:26:21,219 asyncbase.py iterate [line:73] INFO Receive new models from clients [10, 6, 9] at time 9
2026-09-24 23:26:21,272 fedbase.py run [line:311] INFO --------------Round 9--------------
2026-09-24 23:26:21,272 simple_logger.py log_once [line:14] INFO Current_time:9
2026-09-24 23:26:22,776 simple_logger.py log_once [line:28] INFO test_accuracy                 0.1726
2026-09-24 23:26:22,777 simple_logger.py log_once [line:28] INFO test_loss                     2.3386
2026-09-24 23:26:22,777 simple_logger.py log_once [line:28] INFO val_accuracy                  0.1740
2026-09-24 23:26:22,777 simple_logger.py log_once [line:28] INFO mean_val_accuracy             0.1742
2026-09-24 23:26:22,777 simple_logger.py log_once [line:28] INFO std_val_accuracy              0.3382
2026-09-24 23:26:22,777 simple_logger.py log_once [line:28] INFO val_loss                      2.3339
2026-09-24 23:26:22,777 simple_logger.py log_once [line:28] INFO mean_val_loss                 2.3339
2026-09-24 23:26:22,777 simple_logger.py log_once [line:28] INFO std_val_loss                  0.5392
2026-09-24 23:26:22,777 fedbase.py run [line:316] INFO Eval Time Cost:               1.5048s
2026-09-24 23:26:22,786 asyncbase.py iterate [line:68] INFO Select clients [np.int64(6), np.int64(3), np.int64(19)] at time 10.
2026-09-24 23:26:23,742 asyncbase.py iterate [line:73] INFO Receive new models from clients [15] at time 10
2026-09-24 23:26:23,769 fedbase.py run [line:311] INFO --------------Round 10--------------
2026-09-24 23:26:23,769 simple_logger.py log_once [line:14] INFO Current_time:10
2026-09-24 23:26:25,262 simple_logger.py log_once [line:28] INFO test_accuracy                 0.0974
2026-09-24 23:26:25,262 simple_logger.py log_once [line:28] INFO test_loss                     8.9313
2026-09-24 23:26:25,262 simple_logger.py log_once [line:28] INFO val_accuracy                  0.0972
2026-09-24 23:26:25,262 simple_logger.py log_once [line:28] INFO mean_val_accuracy             0.0962
2026-09-24 23:26:25,262 simple_logger.py log_once [line:28] INFO std_val_accuracy              0.2801
2026-09-24 23:26:25,262 simple_logger.py log_once [line:28] INFO val_loss                      8.9436
2026-09-24 23:26:25,262 simple_logger.py log_once [line:28] INFO mean_val_loss                 8.9535
2026-09-24 23:26:25,262 simple_logger.py log_once [line:28] INFO std_val_loss                  2.9633
2026-09-24 23:26:25,263 fedbase.py run [line:316] INFO Eval Time Cost:               1.4932s
2026-09-24 23:26:25,271 asyncbase.py iterate [line:68] INFO Select clients [np.int64(7)] at time 11.
2026-09-24 23:26:25,583 asyncbase.py iterate [line:73] INFO Receive new models from clients [3, 12] at time 11
2026-09-24 23:26:25,625 fedbase.py run [line:311] INFO --------------Round 11--------------
2026-09-24 23:26:25,625 simple_logger.py log_once [line:14] INFO Current_time:11
2026-09-24 23:26:27,123 simple_logger.py log_once [line:28] INFO test_accuracy                 0.0974
2026-09-24 23:26:27,123 simple_logger.py log_once [line:28] INFO test_loss                     9.3978
2026-09-24 23:26:27,123 simple_logger.py log_once [line:28] INFO val_accuracy                  0.0972
2026-09-24 23:26:27,123 simple_logger.py log_once [line:28] INFO mean_val_accuracy             0.0962
2026-09-24 23:26:27,123 simple_logger.py log_once [line:28] INFO std_val_accuracy              0.2801
2026-09-24 23:26:27,123 simple_logger.py log_once [line:28] INFO val_loss                      9.3917
2026-09-24 23:26:27,123 simple_logger.py log_once [line:28] INFO mean_val_loss                 9.4045
2026-09-24 23:26:27,123 simple_logger.py log_once [line:28] INFO std_val_loss                  3.2092
2026-09-24 23:26:27,123 fedbase.py run [line:316] INFO Eval Time Cost:               1.4982s
2026-09-24 23:26:27,133 asyncbase.py iterate [line:68] INFO Select clients [np.int64(10), np.int64(3)] at time 12.
2026-09-24 23:26:27,765 asyncbase.py iterate [line:73] INFO Receive new models from clients [7, 3, 4, 19, 10] at time 12
2026-09-24 23:26:27,832 fedbase.py run [line:311] INFO --------------Round 12--------------
2026-09-24 23:26:27,832 simple_logger.py log_once [line:14] INFO Current_time:12
2026-09-24 23:26:29,331 simple_logger.py log_once [line:28] INFO test_accuracy                 0.0892
2026-09-24 23:26:29,331 simple_logger.py log_once [line:28] INFO test_loss                     2.5728
2026-09-24 23:26:29,331 simple_logger.py log_once [line:28] INFO val_accuracy                  0.0907
2026-09-24 23:26:29,331 simple_logger.py log_once [line:28] INFO mean_val_accuracy             0.0904
2026-09-24 23:26:29,331 simple_logger.py log_once [line:28] INFO std_val_accuracy              0.2536
2026-09-24 23:26:29,331 simple_logger.py log_once [line:28] INFO val_loss                      2.5742
2026-09-24 23:26:29,331 simple_logger.py log_once [line:28] INFO mean_val_loss                 2.5751
2026-09-24 23:26:29,331 simple_logger.py log_once [line:28] INFO std_val_loss                  0.7874
2026-09-24 23:26:29,331 fedbase.py run [line:316] INFO Eval Time Cost:               1.4992s
2026-09-24 23:26:29,343 asyncbase.py iterate [line:68] INFO Select clients [np.int64(4), np.int64(15), np.int64(9), np.int64(13), np.int64(1)] at time 13.
2026-09-24 23:26:30,943 asyncbase.py iterate [line:73] INFO Receive new models from clients [6] at time 13
2026-09-24 23:26:30,966 fedbase.py run [line:311] INFO --------------Round 13--------------
2026-09-24 23:26:30,966 simple_logger.py log_once [line:14] INFO Current_time:13
2026-09-24 23:26:32,478 simple_logger.py log_once [line:28] INFO test_accuracy                 0.1779
2026-09-24 23:26:32,478 simple_logger.py log_once [line:28] INFO test_loss                     3.1799
2026-09-24 23:26:32,478 simple_logger.py log_once [line:28] INFO val_accuracy                  0.1814
2026-09-24 23:26:32,478 simple_logger.py log_once [line:28] INFO mean_val_accuracy             0.1814
2026-09-24 23:26:32,478 simple_logger.py log_once [line:28] INFO std_val_accuracy              0.3464
2026-09-24 23:26:32,478 simple_logger.py log_once [line:28] INFO val_loss                      3.1649
2026-09-24 23:26:32,478 simple_logger.py log_once [line:28] INFO mean_val_loss                 3.1672
2026-09-24 23:26:32,478 simple_logger.py log_once [line:28] INFO std_val_loss                  1.7106
2026-09-24 23:26:32,478 fedbase.py run [line:316] INFO Eval Time Cost:               1.5122s
2026-09-24 23:26:32,489 asyncbase.py iterate [line:68] INFO Select clients [np.int64(16)] at time 14.
2026-09-24 23:26:32,810 asyncbase.py iterate [line:73] INFO Receive new models from clients [9] at time 14
2026-09-24 23:26:32,835 fedbase.py run [line:311] INFO --------------Round 14--------------
2026-09-24 23:26:32,835 simple_logger.py log_once [line:14] INFO Current_time:14
2026-09-24 23:26:34,330 simple_logger.py log_once [line:28] INFO test_accuracy                 0.0892
2026-09-24 23:26:34,330 simple_logger.py log_once [line:28] INFO test_loss                     7.5144
2026-09-24 23:26:34,330 simple_logger.py log_once [line:28] INFO val_accuracy                  0.0907
2026-09-24 23:26:34,330 simple_logger.py log_once [line:28] INFO mean_val_accuracy             0.0904
2026-09-24 23:26:34,330 simple_logger.py log_once [line:28] INFO std_val_accuracy              0.2536
2026-09-24 23:26:34,330 simple_logger.py log_once [line:28] INFO val_loss                      7.4953
2026-09-24 23:26:34,330 simple_logger.py log_once [line:28] INFO mean_val_loss                 7.4982
2026-09-24 23:26:34,330 simple_logger.py log_once [line:28] INFO std_val_loss                  3.3355
2026-09-24 23:26:34,330 fedbase.py run [line:316] INFO Eval Time Cost:               1.4948s
2026-09-24 23:26:34,341 asyncbase.py iterate [line:68] INFO Select clients [np.int64(11)] at time 15.
2026-09-24 23:26:34,654 asyncbase.py iterate [line:73] INFO Receive new models from clients [4, 11, 15] at time 15
2026-09-24 23:26:34,706 fedbase.py run [line:311] INFO --------------Round 15--------------
2026-09-24 23:26:34,706 simple_logger.py log_once [line:14] INFO Current_time:15
2026-09-24 23:26:36,196 simple_logger.py log_once [line:28] INFO test_accuracy                 0.2499
2026-09-24 23:26:36,196 simple_logger.py log_once [line:28] INFO test_loss                     2.0289
2026-09-24 23:26:36,196 simple_logger.py log_once [line:28] INFO val_accuracy                  0.2606
2026-09-24 23:26:36,196 simple_logger.py log_once [line:28] INFO mean_val_accuracy             0.2620
2026-09-24 23:26:36,197 simple_logger.py log_once [line:28] INFO std_val_accuracy              0.2958
2026-09-24 23:26:36,197 simple_logger.py log_once [line:28] INFO val_loss                      2.0300
2026-09-24 23:26:36,197 simple_logger.py log_once [line:28] INFO mean_val_loss                 2.0282
2026-09-24 23:26:36,197 simple_logger.py log_once [line:28] INFO std_val_loss                  0.4595
2026-09-24 23:26:36,197 fedbase.py run [line:316] INFO Eval Time Cost:               1.4908s
2026-09-24 23:26:36,206 asyncbase.py iterate [line:68] INFO Select clients [np.int64(19), np.int64(17), np.int64(3)] at time 16.
2026-09-24 23:26:37,155 asyncbase.py iterate [line:73] INFO Receive new models from clients [16, 13, 1, 19] at time 16
2026-09-24 23:26:37,215 fedbase.py run [line:311] INFO --------------Round 16--------------
2026-09-24 23:26:37,216 simple_logger.py log_once [line:14] INFO Current_time:16
2026-09-24 23:26:38,715 simple_logger.py log_once [line:28] INFO test_accuracy                 0.2622
2026-09-24 23:26:38,715 simple_logger.py log_once [line:28] INFO test_loss                     2.0088
2026-09-24 23:26:38,715 simple_logger.py log_once [line:28] INFO val_accuracy                  0.2661
2026-09-24 23:26:38,715 simple_logger.py log_once [line:28] INFO mean_val_accuracy             0.2674
2026-09-24 23:26:38,715 simple_logger.py log_once [line:28] INFO std_val_accuracy              0.3015
2026-09-24 23:26:38,716 simple_logger.py log_once [line:28] INFO val_loss                      2.0113
2026-09-24 23:26:38,716 simple_logger.py log_once [line:28] INFO mean_val_loss                 2.0095
2026-09-24 23:26:38,716 simple_logger.py log_once [line:28] INFO std_val_loss                  0.4953
2026-09-24 23:26:38,716 fedbase.py run [line:316] INFO Eval Time Cost:               1.5001s
2026-09-24 23:26:38,724 asyncbase.py iterate [line:68] INFO Select clients [np.int64(13), np.int64(10), np.int64(1), np.int64(18)] at time 17.
2026-09-24 23:26:39,977 asyncbase.py iterate [line:73] INFO Receive new models from clients [3, 18, 10] at time 17
2026-09-24 23:26:40,032 fedbase.py run [line:311] INFO --------------Round 17--------------
2026-09-24 23:26:40,033 simple_logger.py log_once [line:14] INFO Current_time:17
2026-09-24 23:26:41,541 simple_logger.py log_once [line:28] INFO test_accuracy                 0.3578
2026-09-24 23:26:41,541 simple_logger.py log_once [line:28] INFO test_loss                     1.9808
2026-09-24 23:26:41,541 simple_logger.py log_once [line:28] INFO val_accuracy                  0.3647
2026-09-24 23:26:41,541 simple_logger.py log_once [line:28] INFO mean_val_accuracy             0.3644
2026-09-24 23:26:41,541 simple_logger.py log_once [line:28] INFO std_val_accuracy              0.4067
2026-09-24 23:26:41,541 simple_logger.py log_once [line:28] INFO val_loss                      1.9717
2026-09-24 23:26:41,541 simple_logger.py log_once [line:28] INFO mean_val_loss                 1.9731
2026-09-24 23:26:41,541 simple_logger.py log_once [line:28] INFO std_val_loss                  1.1801
2026-09-24 23:26:41,541 fedbase.py run [line:316] INFO Eval Time Cost:               1.5089s
2026-09-24 23:26:41,550 asyncbase.py iterate [line:68] INFO Select clients [np.int64(5), np.int64(19), np.int64(6)] at time 18.
2026-09-24 23:26:42,498 asyncbase.py iterate [line:73] INFO Receive new models from clients [1, 17] at time 18
2026-09-24 23:26:42,543 fedbase.py run [line:311] INFO --------------Round 18--------------
2026-09-24 23:26:42,543 simple_logger.py log_once [line:14] INFO Current_time:18
2026-09-24 23:26:44,045 simple_logger.py log_once [line:28] INFO test_accuracy                 0.2892
2026-09-24 23:26:44,045 simple_logger.py log_once [line:28] INFO test_loss                     3.9243
2026-09-24 23:26:44,045 simple_logger.py log_once [line:28] INFO val_accuracy                  0.2911
2026-09-24 23:26:44,045 simple_logger.py log_once [line:28] INFO mean_val_accuracy             0.2910
2026-09-24 23:26:44,045 simple_logger.py log_once [line:28] INFO std_val_accuracy              0.3630
2026-09-24 23:26:44,045 simple_logger.py log_once [line:28] INFO val_loss                      3.8808
2026-09-24 23:26:44,045 simple_logger.py log_once [line:28] INFO mean_val_loss                 3.8899
2026-09-24 23:26:44,045 simple_logger.py log_once [line:28] INFO std_val_loss                  2.9924
2026-09-24 23:26:44,045 fedbase.py run [line:316] INFO Eval Time Cost:               1.5019s
2026-09-24 23:26:44,056 asyncbase.py iterate [line:68] INFO Select clients [np.int64(0), np.int64(3)] at time 19.
2026-09-24 23:26:44,679 asyncbase.py iterate [line:73] INFO Receive new models from clients [19, 6] at time 19
2026-09-24 23:26:44,724 fedbase.py run [line:311] INFO --------------Round 19--------------
2026-09-24 23:26:44,724 simple_logger.py log_once [line:14] INFO Current_time:19
2026-09-24 23:26:46,215 simple_logger.py log_once [line:28] INFO test_accuracy                 0.2135
2026-09-24 23:26:46,215 simple_logger.py log_once [line:28] INFO test_loss                     5.6134
2026-09-24 23:26:46,215 simple_logger.py log_once [line:28] INFO val_accuracy                  0.2148
2026-09-24 23:26:46,215 simple_logger.py log_once [line:28] INFO mean_val_accuracy             0.2151
2026-09-24 23:26:46,215 simple_logger.py log_once [line:28] INFO std_val_accuracy              0.3763
2026-09-24 23:26:46,215 simple_logger.py log_once [line:28] INFO val_loss                      5.5377
2026-09-24 23:26:46,215 simple_logger.py log_once [line:28] INFO mean_val_loss                 5.5452
2026-09-24 23:26:46,215 simple_logger.py log_once [line:28] INFO std_val_loss                  3.5992
2026-09-24 23:26:46,215 fedbase.py run [line:316] INFO Eval Time Cost:               1.4907s
2026-09-24 23:26:46,224 asyncbase.py iterate [line:68] INFO Select clients [np.int64(14), np.int64(18)] at time 20.
2026-09-24 23:26:46,866 asyncbase.py iterate [line:73] INFO Receive new models from clients [13, 14] at time 20
2026-09-24 23:26:46,911 fedbase.py run [line:311] INFO --------------Round 20--------------
2026-09-24 23:26:46,911 simple_logger.py log_once [line:14] INFO Current_time:20
2026-09-24 23:26:48,410 simple_logger.py log_once [line:28] INFO test_accuracy                 0.0958
2026-09-24 23:26:48,410 simple_logger.py log_once [line:28] INFO test_loss                     176.6140
2026-09-24 23:26:48,410 simple_logger.py log_once [line:28] INFO val_accuracy                  0.0981
2026-09-24 23:26:48,410 simple_logger.py log_once [line:28] INFO mean_val_accuracy             0.0983
2026-09-24 23:26:48,410 simple_logger.py log_once [line:28] INFO std_val_accuracy              0.2826
2026-09-24 23:26:48,410 simple_logger.py log_once [line:28] INFO val_loss                      174.2616
2026-09-24 23:26:48,410 simple_logger.py log_once [line:28] INFO mean_val_loss                 174.0920
2026-09-24 23:26:48,410 simple_logger.py log_once [line:28] INFO std_val_loss                  84.7169
2026-09-24 23:26:48,411 fedbase.py run [line:316] INFO Eval Time Cost:               1.4997s
2026-09-24 23:26:48,421 asyncbase.py iterate [line:68] INFO Select clients [np.int64(2), np.int64(11)] at time 21.
2026-09-24 23:26:49,052 asyncbase.py iterate [line:73] INFO Receive new models from clients [5, 11, 2] at time 21
2026-09-24 23:26:49,103 fedbase.py run [line:311] INFO --------------Round 21--------------
2026-09-24 23:26:49,103 simple_logger.py log_once [line:14] INFO Current_time:21
2026-09-24 23:26:50,605 simple_logger.py log_once [line:28] INFO test_accuracy                 0.0980
2026-09-24 23:26:50,605 simple_logger.py log_once [line:28] INFO test_loss                     2.5669
2026-09-24 23:26:50,605 simple_logger.py log_once [line:28] INFO val_accuracy                  0.0990
2026-09-24 23:26:50,605 simple_logger.py log_once [line:28] INFO mean_val_accuracy             0.1000
2026-09-24 23:26:50,605 simple_logger.py log_once [line:28] INFO std_val_accuracy              0.2627
2026-09-24 23:26:50,605 simple_logger.py log_once [line:28] INFO val_loss                      2.5683
2026-09-24 23:26:50,605 simple_logger.py log_once [line:28] INFO mean_val_loss                 2.5674
2026-09-24 23:26:50,605 simple_logger.py log_once [line:28] INFO std_val_loss                  0.7104
2026-09-24 23:26:50,605 fedbase.py run [line:316] INFO Eval Time Cost:               1.5022s
2026-09-24 23:26:50,616 asyncbase.py iterate [line:68] INFO Select clients [np.int64(9), np.int64(14), np.int64(4)] at time 22.
2026-09-24 23:26:51,572 asyncbase.py iterate [line:73] INFO Receive new models from clients [3, 18, 0, 14] at time 22
2026-09-24 23:26:51,637 fedbase.py run [line:311] INFO --------------Round 22--------------
2026-09-24 23:26:51,637 simple_logger.py log_once [line:14] INFO Current_time:22
2026-09-24 23:26:53,260 simple_logger.py log_once [line:28] INFO test_accuracy                 0.0980
2026-09-24 23:26:53,260 simple_logger.py log_once [line:28] INFO test_loss                     266775.4582
2026-09-24 23:26:53,260 simple_logger.py log_once [line:28] INFO val_accuracy                  0.0990
2026-09-24 23:26:53,260 simple_logger.py log_once [line:28] INFO mean_val_accuracy             0.1000
2026-09-24 23:26:53,261 simple_logger.py log_once [line:28] INFO std_val_accuracy              0.2627
2026-09-24 23:26:53,261 simple_logger.py log_once [line:28] INFO val_loss                      267433.8847
2026-09-24 23:26:53,261 simple_logger.py log_once [line:28] INFO mean_val_loss                 267007.1305
2026-09-24 23:26:53,261 simple_logger.py log_once [line:28] INFO std_val_loss                  106326.9724
2026-09-24 23:26:53,261 fedbase.py run [line:316] INFO Eval Time Cost:               1.6238s
2026-09-24 23:26:53,269 asyncbase.py iterate [line:68] INFO Select clients [np.int64(7), np.int64(15), np.int64(18), np.int64(17)] at time 23.
2026-09-24 23:26:54,620 asyncbase.py iterate [line:73] INFO Receive new models from clients [4] at time 23
2026-09-24 23:26:54,645 fedbase.py run [line:311] INFO --------------Round 23--------------
2026-09-24 23:26:54,645 simple_logger.py log_once [line:14] INFO Current_time:23
2026-09-24 23:26:56,170 simple_logger.py log_once [line:28] INFO test_accuracy                 0.0982
2026-09-24 23:26:56,170 simple_logger.py log_once [line:28] INFO test_loss                     3.0703
2026-09-24 23:26:56,170 simple_logger.py log_once [line:28] INFO val_accuracy                  0.0989
2026-09-24 23:26:56,170 simple_logger.py log_once [line:28] INFO mean_val_accuracy             0.0993
2026-09-24 23:26:56,170 simple_logger.py log_once [line:28] INFO std_val_accuracy              0.2797
2026-09-24 23:26:56,170 simple_logger.py log_once [line:28] INFO val_loss                      3.0721
2026-09-24 23:26:56,170 simple_logger.py log_once [line:28] INFO mean_val_loss                 3.0715
2026-09-24 23:26:56,170 simple_logger.py log_once [line:28] INFO std_val_loss                  0.9335
2026-09-24 23:26:56,170 fedbase.py run [line:316] INFO Eval Time Cost:               1.5248s
2026-09-24 23:26:56,178 asyncbase.py iterate [line:73] INFO Receive new models from clients [9, 7] at time 24
2026-09-24 23:26:56,209 fedbase.py run [line:311] INFO --------------Round 24--------------
2026-09-24 23:26:56,209 simple_logger.py log_once [line:14] INFO Current_time:24
2026-09-24 23:26:57,719 simple_logger.py log_once [line:28] INFO test_accuracy                 0.0980
2026-09-24 23:26:57,719 simple_logger.py log_once [line:28] INFO test_loss                     266775.5273
2026-09-24 23:26:57,719 simple_logger.py log_once [line:28] INFO val_accuracy                  0.0990
2026-09-24 23:26:57,719 simple_logger.py log_once [line:28] INFO mean_val_accuracy             0.1000
2026-09-24 23:26:57,719 simple_logger.py log_once [line:28] INFO std_val_accuracy              0.2627
2026-09-24 23:26:57,719 simple_logger.py log_once [line:28] INFO val_loss                      267433.9498
2026-09-24 23:26:57,719 simple_logger.py log_once [line:28] INFO mean_val_loss                 267007.1955
2026-09-24 23:26:57,719 simple_logger.py log_once [line:28] INFO std_val_loss                  106326.9848
2026-09-24 23:26:57,719 fedbase.py run [line:316] INFO Eval Time Cost:               1.5095s
2026-09-24 23:26:57,729 asyncbase.py iterate [line:68] INFO Select clients [np.int64(14)] at time 25.
2026-09-24 23:26:58,044 asyncbase.py iterate [line:73] INFO Receive new models from clients [15, 18, 14] at time 25
Traceback (most recent call last):
  File "E:\Federated Machine Learning\FL-Byzantine-Library\run_research.py", line 161, in <module>
    main()
    ~~~~^^
  File "E:\Federated Machine Learning\FL-Byzantine-Library\run_research.py", line 157, in main
    runner.run()
    ~~~~~~~~~~^^
  File "E:\Federated Machine Learning\FL-Byzantine-Library\easyFL\flgo\algorithm\fedbase.py", line 308, in run
    updated = self.iterate()
  File "E:\Federated Machine Learning\FL-Byzantine-Library\flgo_byzantine\research_algorithm.py", line 272, in iterate
    return super().iterate()
           ~~~~~~~~~~~~~~~^^
  File "E:\Federated Machine Learning\FL-Byzantine-Library\easyFL\flgo\algorithm\asyncbase.py", line 74, in iterate
    is_model_updated = self.package_handler(received_packages)
  File "E:\Federated Machine Learning\FL-Byzantine-Library\flgo_byzantine\research_algorithm.py", line 335, in package_handler
    raise RuntimeError("aggregate would diverge: non-finite or weight magnitude exceeds 1000")
RuntimeError: aggregate would diverge: non-finite or weight magnitude exceeds 1000
