E:\fl-experiment\.venv\Lib\site-packages\torch\cuda\__init__.py:61: FutureWarning: The pynvml package is deprecated. Please install nvidia-ml-py instead. If you did not install pynvml directly, please report this to the maintainers of the package that installed pynvml for you.
  import pynvml  # type: ignore[import]
2026-09-24 23:38:52,202 fflow.py init [line:848] INFO PROCESS ID:	43468
2026-09-24 23:38:52,202 fflow.py init [line:849] INFO Initializing devices: cuda:0 will be used for this running.
2026-09-24 23:38:52,202 fflow.py init [line:852] INFO BENCHMARK:	flgo.benchmark.mnist_classification
2026-09-24 23:38:52,202 fflow.py init [line:853] INFO TASK:			E:\Federated Machine Learning\FL-Byzantine-Library\mnist_dir20
2026-09-24 23:38:52,212 fflow.py init [line:854] INFO MODEL:		flgo.benchmark.mnist_classification.model.cnn
2026-09-24 23:38:52,212 fflow.py init [line:855] INFO ALGORITHM:	research_algorithm
2026-09-24 23:38:53,236 fflow.py init [line:901] INFO SCENE:		horizontal FL with 1 <class 'flgo_byzantine.research_algorithm.Server'>, 20 <class 'flgo_byzantine.research_algorithm.Client'>
2026-09-24 23:38:53,325 fflow.py init [line:918] INFO SIMULATOR:	<class 'flgo.simulator.default_simulator.Simulator'>
2026-09-24 23:38:57,837 fflow.py init [line:931] INFO Ready to start.
2026-09-24 23:38:57,838 fedbase.py run [line:300] INFO --------------Initial Evaluation--------------
2026-09-24 23:38:57,838 simple_logger.py log_once [line:14] INFO Current_time:0
2026-09-24 23:38:59,450 simple_logger.py log_once [line:28] INFO test_accuracy                 0.0875
2026-09-24 23:38:59,450 simple_logger.py log_once [line:28] INFO test_loss                     2.3101
2026-09-24 23:38:59,450 simple_logger.py log_once [line:28] INFO val_accuracy                  0.0866
2026-09-24 23:38:59,450 simple_logger.py log_once [line:28] INFO mean_val_accuracy             0.0874
2026-09-24 23:38:59,450 simple_logger.py log_once [line:28] INFO std_val_accuracy              0.2312
2026-09-24 23:38:59,450 simple_logger.py log_once [line:28] INFO val_loss                      2.3109
2026-09-24 23:38:59,450 simple_logger.py log_once [line:28] INFO mean_val_loss                 2.3111
2026-09-24 23:38:59,450 simple_logger.py log_once [line:28] INFO std_val_loss                  0.0785
2026-09-24 23:38:59,450 fedbase.py run [line:303] INFO Eval Time Cost:               1.6127s
2026-09-24 23:38:59,460 asyncbase.py iterate [line:68] INFO Select clients [np.int64(5), np.int64(16), np.int64(0), np.int64(4), np.int64(9), np.int64(11)] at time 1.
2026-09-24 23:39:01,401 asyncbase.py iterate [line:73] INFO Receive new models from clients [11] at time 1
2026-09-24 23:39:01,437 fedbase.py run [line:311] INFO --------------Round 1--------------
2026-09-24 23:39:01,438 simple_logger.py log_once [line:14] INFO Current_time:1
2026-09-24 23:39:02,918 simple_logger.py log_once [line:28] INFO test_accuracy                 0.2848
2026-09-24 23:39:02,918 simple_logger.py log_once [line:28] INFO test_loss                     5.9841
2026-09-24 23:39:02,918 simple_logger.py log_once [line:28] INFO val_accuracy                  0.2775
2026-09-24 23:39:02,918 simple_logger.py log_once [line:28] INFO mean_val_accuracy             0.2792
2026-09-24 23:39:02,918 simple_logger.py log_once [line:28] INFO std_val_accuracy              0.3993
2026-09-24 23:39:02,918 simple_logger.py log_once [line:28] INFO val_loss                      5.9348
2026-09-24 23:39:02,918 simple_logger.py log_once [line:28] INFO mean_val_loss                 5.9220
2026-09-24 23:39:02,918 simple_logger.py log_once [line:28] INFO std_val_loss                  3.6257
2026-09-24 23:39:02,918 fedbase.py run [line:316] INFO Eval Time Cost:               1.4805s
2026-09-24 23:39:02,926 asyncbase.py iterate [line:73] INFO Receive new models from clients [9, 0] at time 2
2026-09-24 23:39:02,974 fedbase.py run [line:311] INFO --------------Round 2--------------
2026-09-24 23:39:02,974 simple_logger.py log_once [line:14] INFO Current_time:2
2026-09-24 23:39:04,453 simple_logger.py log_once [line:28] INFO test_accuracy                 0.1218
2026-09-24 23:39:04,454 simple_logger.py log_once [line:28] INFO test_loss                     12.8160
2026-09-24 23:39:04,454 simple_logger.py log_once [line:28] INFO val_accuracy                  0.1165
2026-09-24 23:39:04,454 simple_logger.py log_once [line:28] INFO mean_val_accuracy             0.1177
2026-09-24 23:39:04,454 simple_logger.py log_once [line:28] INFO std_val_accuracy              0.2863
2026-09-24 23:39:04,454 simple_logger.py log_once [line:28] INFO val_loss                      12.8303
2026-09-24 23:39:04,454 simple_logger.py log_once [line:28] INFO mean_val_loss                 12.8036
2026-09-24 23:39:04,454 simple_logger.py log_once [line:28] INFO std_val_loss                  6.6694
2026-09-24 23:39:04,454 fedbase.py run [line:316] INFO Eval Time Cost:               1.4794s
2026-09-24 23:39:04,465 asyncbase.py iterate [line:68] INFO Select clients [np.int64(3), np.int64(8), np.int64(18)] at time 3.
2026-09-24 23:39:05,492 asyncbase.py iterate [line:73] INFO Receive new models from clients [16, 5] at time 3
2026-09-24 23:39:05,525 fedbase.py run [line:311] INFO --------------Round 3--------------
2026-09-24 23:39:05,525 simple_logger.py log_once [line:14] INFO Current_time:3
2026-09-24 23:39:07,053 simple_logger.py log_once [line:28] INFO test_accuracy                 0.2040
2026-09-24 23:39:07,053 simple_logger.py log_once [line:28] INFO test_loss                     14.2483
2026-09-24 23:39:07,053 simple_logger.py log_once [line:28] INFO val_accuracy                  0.1921
2026-09-24 23:39:07,053 simple_logger.py log_once [line:28] INFO mean_val_accuracy             0.1929
2026-09-24 23:39:07,053 simple_logger.py log_once [line:28] INFO std_val_accuracy              0.3047
2026-09-24 23:39:07,053 simple_logger.py log_once [line:28] INFO val_loss                      14.2312
2026-09-24 23:39:07,053 simple_logger.py log_once [line:28] INFO mean_val_loss                 14.2052
2026-09-24 23:39:07,053 simple_logger.py log_once [line:28] INFO std_val_loss                  9.9409
2026-09-24 23:39:07,053 fedbase.py run [line:316] INFO Eval Time Cost:               1.5277s
2026-09-24 23:39:07,063 asyncbase.py iterate [line:68] INFO Select clients [np.int64(2), np.int64(10)] at time 4.
2026-09-24 23:39:07,707 asyncbase.py iterate [line:73] INFO Receive new models from clients [8, 4, 18] at time 4
2026-09-24 23:39:07,755 fedbase.py run [line:311] INFO --------------Round 4--------------
2026-09-24 23:39:07,755 simple_logger.py log_once [line:14] INFO Current_time:4
2026-09-24 23:39:09,238 simple_logger.py log_once [line:28] INFO test_accuracy                 0.2559
2026-09-24 23:39:09,238 simple_logger.py log_once [line:28] INFO test_loss                     4.5881
2026-09-24 23:39:09,238 simple_logger.py log_once [line:28] INFO val_accuracy                  0.2549
2026-09-24 23:39:09,238 simple_logger.py log_once [line:28] INFO mean_val_accuracy             0.2554
2026-09-24 23:39:09,238 simple_logger.py log_once [line:28] INFO std_val_accuracy              0.3706
2026-09-24 23:39:09,238 simple_logger.py log_once [line:28] INFO val_loss                      4.5348
2026-09-24 23:39:09,238 simple_logger.py log_once [line:28] INFO mean_val_loss                 4.5317
2026-09-24 23:39:09,238 simple_logger.py log_once [line:28] INFO std_val_loss                  3.0298
2026-09-24 23:39:09,238 fedbase.py run [line:316] INFO Eval Time Cost:               1.4832s
2026-09-24 23:39:09,247 asyncbase.py iterate [line:68] INFO Select clients [np.int64(8), np.int64(1), np.int64(4)] at time 5.
2026-09-24 23:39:10,192 asyncbase.py iterate [line:73] INFO Receive new models from clients [10] at time 5
2026-09-24 23:39:10,215 fedbase.py run [line:311] INFO --------------Round 5--------------
2026-09-24 23:39:10,215 simple_logger.py log_once [line:14] INFO Current_time:5
2026-09-24 23:39:11,711 simple_logger.py log_once [line:28] INFO test_accuracy                 0.0892
2026-09-24 23:39:11,711 simple_logger.py log_once [line:28] INFO test_loss                     6.6474
2026-09-24 23:39:11,712 simple_logger.py log_once [line:28] INFO val_accuracy                  0.0907
2026-09-24 23:39:11,712 simple_logger.py log_once [line:28] INFO mean_val_accuracy             0.0904
2026-09-24 23:39:11,712 simple_logger.py log_once [line:28] INFO std_val_accuracy              0.2536
2026-09-24 23:39:11,712 simple_logger.py log_once [line:28] INFO val_loss                      6.6200
2026-09-24 23:39:11,712 simple_logger.py log_once [line:28] INFO mean_val_loss                 6.6241
2026-09-24 23:39:11,712 simple_logger.py log_once [line:28] INFO std_val_loss                  2.8091
2026-09-24 23:39:11,712 fedbase.py run [line:316] INFO Eval Time Cost:               1.4965s
2026-09-24 23:39:11,725 asyncbase.py iterate [line:68] INFO Select clients [np.int64(6)] at time 6.
2026-09-24 23:39:12,058 asyncbase.py iterate [line:73] INFO Receive new models from clients [2, 8, 3] at time 6
2026-09-24 23:39:12,109 fedbase.py run [line:311] INFO --------------Round 6--------------
2026-09-24 23:39:12,109 simple_logger.py log_once [line:14] INFO Current_time:6
2026-09-24 23:39:13,596 simple_logger.py log_once [line:28] INFO test_accuracy                 0.0892
2026-09-24 23:39:13,596 simple_logger.py log_once [line:28] INFO test_loss                     6.9273
2026-09-24 23:39:13,596 simple_logger.py log_once [line:28] INFO val_accuracy                  0.0907
2026-09-24 23:39:13,596 simple_logger.py log_once [line:28] INFO mean_val_accuracy             0.0904
2026-09-24 23:39:13,596 simple_logger.py log_once [line:28] INFO std_val_accuracy              0.2536
2026-09-24 23:39:13,596 simple_logger.py log_once [line:28] INFO val_loss                      6.8973
2026-09-24 23:39:13,596 simple_logger.py log_once [line:28] INFO mean_val_loss                 6.9021
2026-09-24 23:39:13,596 simple_logger.py log_once [line:28] INFO std_val_loss                  2.9743
2026-09-24 23:39:13,596 fedbase.py run [line:316] INFO Eval Time Cost:               1.4871s
2026-09-24 23:39:13,605 asyncbase.py iterate [line:68] INFO Select clients [np.int64(14), np.int64(15), np.int64(2)] at time 7.
2026-09-24 23:39:14,611 asyncbase.py iterate [line:73] INFO Receive new models from clients [14, 2] at time 7
2026-09-24 23:39:14,667 fedbase.py run [line:311] INFO --------------Round 7--------------
2026-09-24 23:39:14,667 simple_logger.py log_once [line:14] INFO Current_time:7
2026-09-24 23:39:16,160 simple_logger.py log_once [line:28] INFO test_accuracy                 0.0892
2026-09-24 23:39:16,160 simple_logger.py log_once [line:28] INFO test_loss                     654.0165
2026-09-24 23:39:16,160 simple_logger.py log_once [line:28] INFO val_accuracy                  0.0907
2026-09-24 23:39:16,160 simple_logger.py log_once [line:28] INFO mean_val_accuracy             0.0904
2026-09-24 23:39:16,160 simple_logger.py log_once [line:28] INFO std_val_accuracy              0.2536
2026-09-24 23:39:16,160 simple_logger.py log_once [line:28] INFO val_loss                      652.3465
2026-09-24 23:39:16,160 simple_logger.py log_once [line:28] INFO mean_val_loss                 652.2837
2026-09-24 23:39:16,160 simple_logger.py log_once [line:28] INFO std_val_loss                  240.1983
2026-09-24 23:39:16,161 fedbase.py run [line:316] INFO Eval Time Cost:               1.4939s
2026-09-24 23:39:16,171 asyncbase.py iterate [line:68] INFO Select clients [np.int64(3), np.int64(0)] at time 8.
2026-09-24 23:39:16,802 asyncbase.py iterate [line:73] INFO Receive new models from clients [1, 6, 3, 4] at time 8
2026-09-24 23:39:16,869 fedbase.py run [line:311] INFO --------------Round 8--------------
2026-09-24 23:39:16,869 simple_logger.py log_once [line:14] INFO Current_time:8
2026-09-24 23:39:18,346 simple_logger.py log_once [line:28] INFO test_accuracy                 0.0892
2026-09-24 23:39:18,346 simple_logger.py log_once [line:28] INFO test_loss                     541.0717
2026-09-24 23:39:18,346 simple_logger.py log_once [line:28] INFO val_accuracy                  0.0907
2026-09-24 23:39:18,347 simple_logger.py log_once [line:28] INFO mean_val_accuracy             0.0904
2026-09-24 23:39:18,347 simple_logger.py log_once [line:28] INFO std_val_accuracy              0.2536
2026-09-24 23:39:18,347 simple_logger.py log_once [line:28] INFO val_loss                      538.9392
2026-09-24 23:39:18,347 simple_logger.py log_once [line:28] INFO mean_val_loss                 538.8320
2026-09-24 23:39:18,347 simple_logger.py log_once [line:28] INFO std_val_loss                  225.5078
2026-09-24 23:39:18,347 fedbase.py run [line:316] INFO Eval Time Cost:               1.4775s
2026-09-24 23:39:18,355 asyncbase.py iterate [line:68] INFO Select clients [np.int64(7), np.int64(19), np.int64(5), np.int64(11)] at time 9.
2026-09-24 23:39:19,619 asyncbase.py iterate [line:73] INFO Receive new models from clients [0, 15] at time 10
2026-09-24 23:39:19,653 fedbase.py run [line:311] INFO --------------Round 9--------------
2026-09-24 23:39:19,653 simple_logger.py log_once [line:14] INFO Current_time:10
2026-09-24 23:39:21,132 simple_logger.py log_once [line:28] INFO test_accuracy                 0.0958
2026-09-24 23:39:21,132 simple_logger.py log_once [line:28] INFO test_loss                     43.6683
2026-09-24 23:39:21,132 simple_logger.py log_once [line:28] INFO val_accuracy                  0.0981
2026-09-24 23:39:21,132 simple_logger.py log_once [line:28] INFO mean_val_accuracy             0.0983
2026-09-24 23:39:21,132 simple_logger.py log_once [line:28] INFO std_val_accuracy              0.2826
2026-09-24 23:39:21,132 simple_logger.py log_once [line:28] INFO val_loss                      43.4079
2026-09-24 23:39:21,132 simple_logger.py log_once [line:28] INFO mean_val_loss                 43.4210
2026-09-24 23:39:21,132 simple_logger.py log_once [line:28] INFO std_val_loss                  22.9812
2026-09-24 23:39:21,132 fedbase.py run [line:316] INFO Eval Time Cost:               1.4796s
2026-09-24 23:39:21,141 asyncbase.py iterate [line:68] INFO Select clients [np.int64(4)] at time 11.
2026-09-24 23:39:21,460 asyncbase.py iterate [line:73] INFO Receive new models from clients [7] at time 11
2026-09-24 23:39:21,487 fedbase.py run [line:311] INFO --------------Round 10--------------
2026-09-24 23:39:21,487 simple_logger.py log_once [line:14] INFO Current_time:11
2026-09-24 23:39:23,062 simple_logger.py log_once [line:28] INFO test_accuracy                 0.0982
2026-09-24 23:39:23,062 simple_logger.py log_once [line:28] INFO test_loss                     7.0854
2026-09-24 23:39:23,062 simple_logger.py log_once [line:28] INFO val_accuracy                  0.0989
2026-09-24 23:39:23,062 simple_logger.py log_once [line:28] INFO mean_val_accuracy             0.0993
2026-09-24 23:39:23,062 simple_logger.py log_once [line:28] INFO std_val_accuracy              0.2797
2026-09-24 23:39:23,062 simple_logger.py log_once [line:28] INFO val_loss                      7.0820
2026-09-24 23:39:23,062 simple_logger.py log_once [line:28] INFO mean_val_loss                 7.0785
2026-09-24 23:39:23,062 simple_logger.py log_once [line:28] INFO std_val_loss                  3.4818
2026-09-24 23:39:23,062 fedbase.py run [line:316] INFO Eval Time Cost:               1.5748s
2026-09-24 23:39:23,070 asyncbase.py iterate [line:68] INFO Select clients [np.int64(9)] at time 12.
2026-09-24 23:39:23,375 asyncbase.py iterate [line:73] INFO Receive new models from clients [4, 5, 11, 19] at time 12
2026-09-24 23:39:23,436 fedbase.py run [line:311] INFO --------------Round 11--------------
2026-09-24 23:39:23,436 simple_logger.py log_once [line:14] INFO Current_time:12
2026-09-24 23:39:24,915 simple_logger.py log_once [line:28] INFO test_accuracy                 0.0982
2026-09-24 23:39:24,915 simple_logger.py log_once [line:28] INFO test_loss                     7.3230
2026-09-24 23:39:24,915 simple_logger.py log_once [line:28] INFO val_accuracy                  0.0989
2026-09-24 23:39:24,915 simple_logger.py log_once [line:28] INFO mean_val_accuracy             0.0993
2026-09-24 23:39:24,915 simple_logger.py log_once [line:28] INFO std_val_accuracy              0.2797
2026-09-24 23:39:24,915 simple_logger.py log_once [line:28] INFO val_loss                      7.3202
2026-09-24 23:39:24,915 simple_logger.py log_once [line:28] INFO mean_val_loss                 7.3163
2026-09-24 23:39:24,915 simple_logger.py log_once [line:28] INFO std_val_loss                  3.6249
2026-09-24 23:39:24,915 fedbase.py run [line:316] INFO Eval Time Cost:               1.4791s
2026-09-24 23:39:24,925 asyncbase.py iterate [line:68] INFO Select clients [np.int64(7), np.int64(13), np.int64(1), np.int64(18)] at time 13.
2026-09-24 23:39:26,198 asyncbase.py iterate [line:68] INFO Select clients [np.int64(19)] at time 14.
2026-09-24 23:39:26,508 asyncbase.py iterate [line:73] INFO Receive new models from clients [18] at time 14
2026-09-24 23:39:26,534 fedbase.py run [line:311] INFO --------------Round 12--------------
2026-09-24 23:39:26,534 simple_logger.py log_once [line:14] INFO Current_time:14
2026-09-24 23:39:28,018 simple_logger.py log_once [line:28] INFO test_accuracy                 0.1135
2026-09-24 23:39:28,018 simple_logger.py log_once [line:28] INFO test_loss                     88.8101
2026-09-24 23:39:28,018 simple_logger.py log_once [line:28] INFO val_accuracy                  0.1120
2026-09-24 23:39:28,018 simple_logger.py log_once [line:28] INFO mean_val_accuracy             0.1112
2026-09-24 23:39:28,019 simple_logger.py log_once [line:28] INFO std_val_accuracy              0.2973
2026-09-24 23:39:28,019 simple_logger.py log_once [line:28] INFO val_loss                      90.0063
2026-09-24 23:39:28,019 simple_logger.py log_once [line:28] INFO mean_val_loss                 90.1036
2026-09-24 23:39:28,019 simple_logger.py log_once [line:28] INFO std_val_loss                  34.8172
2026-09-24 23:39:28,019 fedbase.py run [line:316] INFO Eval Time Cost:               1.4849s
2026-09-24 23:39:28,027 asyncbase.py iterate [line:68] INFO Select clients [np.int64(11)] at time 15.
2026-09-24 23:39:28,333 asyncbase.py iterate [line:73] INFO Receive new models from clients [13, 9, 19] at time 15
2026-09-24 23:39:28,390 fedbase.py run [line:311] INFO --------------Round 13--------------
2026-09-24 23:39:28,390 simple_logger.py log_once [line:14] INFO Current_time:15
2026-09-24 23:39:29,866 simple_logger.py log_once [line:28] INFO test_accuracy                 0.1135
2026-09-24 23:39:29,866 simple_logger.py log_once [line:28] INFO test_loss                     396.7697
2026-09-24 23:39:29,866 simple_logger.py log_once [line:28] INFO val_accuracy                  0.1119
2026-09-24 23:39:29,866 simple_logger.py log_once [line:28] INFO mean_val_accuracy             0.1111
2026-09-24 23:39:29,866 simple_logger.py log_once [line:28] INFO std_val_accuracy              0.2974
2026-09-24 23:39:29,866 simple_logger.py log_once [line:28] INFO val_loss                      397.5429
2026-09-24 23:39:29,866 simple_logger.py log_once [line:28] INFO mean_val_loss                 398.3162
2026-09-24 23:39:29,866 simple_logger.py log_once [line:28] INFO std_val_loss                  192.2292
2026-09-24 23:39:29,867 fedbase.py run [line:316] INFO Eval Time Cost:               1.4761s
2026-09-24 23:39:29,875 asyncbase.py iterate [line:68] INFO Select clients [np.int64(9), np.int64(3)] at time 16.
2026-09-24 23:39:30,530 asyncbase.py iterate [line:73] INFO Receive new models from clients [1, 7] at time 16
2026-09-24 23:39:30,578 fedbase.py run [line:311] INFO --------------Round 14--------------
2026-09-24 23:39:30,578 simple_logger.py log_once [line:14] INFO Current_time:16
2026-09-24 23:39:32,057 simple_logger.py log_once [line:28] INFO test_accuracy                 0.1135
2026-09-24 23:39:32,057 simple_logger.py log_once [line:28] INFO test_loss                     388.6745
2026-09-24 23:39:32,057 simple_logger.py log_once [line:28] INFO val_accuracy                  0.1119
2026-09-24 23:39:32,057 simple_logger.py log_once [line:28] INFO mean_val_accuracy             0.1111
2026-09-24 23:39:32,057 simple_logger.py log_once [line:28] INFO std_val_accuracy              0.2974
2026-09-24 23:39:32,057 simple_logger.py log_once [line:28] INFO val_loss                      389.4844
2026-09-24 23:39:32,057 simple_logger.py log_once [line:28] INFO mean_val_loss                 390.2443
2026-09-24 23:39:32,057 simple_logger.py log_once [line:28] INFO std_val_loss                  187.8063
2026-09-24 23:39:32,057 fedbase.py run [line:316] INFO Eval Time Cost:               1.4784s
2026-09-24 23:39:32,067 asyncbase.py iterate [line:68] INFO Select clients [np.int64(1), np.int64(4)] at time 17.
2026-09-24 23:39:32,684 asyncbase.py iterate [line:73] INFO Receive new models from clients [3, 1] at time 17
2026-09-24 23:39:32,716 fedbase.py run [line:311] INFO --------------Round 15--------------
2026-09-24 23:39:32,716 simple_logger.py log_once [line:14] INFO Current_time:17
2026-09-24 23:39:34,187 simple_logger.py log_once [line:28] INFO test_accuracy                 0.1009
2026-09-24 23:39:34,187 simple_logger.py log_once [line:28] INFO test_loss                     6.4943
2026-09-24 23:39:34,187 simple_logger.py log_once [line:28] INFO val_accuracy                  0.0999
2026-09-24 23:39:34,187 simple_logger.py log_once [line:28] INFO mean_val_accuracy             0.0994
2026-09-24 23:39:34,187 simple_logger.py log_once [line:28] INFO std_val_accuracy              0.2889
2026-09-24 23:39:34,187 simple_logger.py log_once [line:28] INFO val_loss                      6.4924
2026-09-24 23:39:34,187 simple_logger.py log_once [line:28] INFO mean_val_loss                 6.4946
2026-09-24 23:39:34,187 simple_logger.py log_once [line:28] INFO std_val_loss                  3.0292
2026-09-24 23:39:34,187 fedbase.py run [line:316] INFO Eval Time Cost:               1.4707s
2026-09-24 23:39:34,195 asyncbase.py iterate [line:68] INFO Select clients [np.int64(6), np.int64(17), np.int64(7)] at time 18.
2026-09-24 23:39:35,126 asyncbase.py iterate [line:73] INFO Receive new models from clients [11, 9, 7, 17, 4] at time 18
Traceback (most recent call last):
  File "E:\Federated Machine Learning\FL-Byzantine-Library\run_research.py", line 161, in <module>
    main()
    ~~~~^^
  File "E:\Federated Machine Learning\FL-Byzantine-Library\run_research.py", line 157, in main
    runner.run()
    ~~~~~~~~~~^^
  File "E:\Federated Machine Learning\FL-Byzantine-Library\easyFL\flgo\algorithm\fedbase.py", line 308, in run
    updated = self.iterate()
  File "E:\Federated Machine Learning\FL-Byzantine-Library\flgo_byzantine\research_algorithm.py", line 272, in iterate
    return super().iterate()
           ~~~~~~~~~~~~~~~^^
  File "E:\Federated Machine Learning\FL-Byzantine-Library\easyFL\flgo\algorithm\asyncbase.py", line 74, in iterate
    is_model_updated = self.package_handler(received_packages)
  File "E:\Federated Machine Learning\FL-Byzantine-Library\flgo_byzantine\research_algorithm.py", line 335, in package_handler
    raise RuntimeError("aggregate would diverge: non-finite or weight magnitude exceeds 1000")
RuntimeError: aggregate would diverge: non-finite or weight magnitude exceeds 1000
