E:\fl-experiment\.venv\Lib\site-packages\torch\cuda\__init__.py:61: FutureWarning: The pynvml package is deprecated. Please install nvidia-ml-py instead. If you did not install pynvml directly, please report this to the maintainers of the package that installed pynvml for you.
  import pynvml  # type: ignore[import]
2026-09-25 00:27:02,633 fflow.py init [line:848] INFO PROCESS ID:	40232
2026-09-25 00:27:02,633 fflow.py init [line:849] INFO Initializing devices: cuda:0 will be used for this running.
2026-09-25 00:27:02,633 fflow.py init [line:852] INFO BENCHMARK:	flgo.benchmark.mnist_classification
2026-09-25 00:27:02,633 fflow.py init [line:853] INFO TASK:			E:\Federated Machine Learning\FL-Byzantine-Library\mnist_dir20
2026-09-25 00:27:02,642 fflow.py init [line:854] INFO MODEL:		flgo.benchmark.mnist_classification.model.cnn
2026-09-25 00:27:02,642 fflow.py init [line:855] INFO ALGORITHM:	research_algorithm
2026-09-25 00:27:03,658 fflow.py init [line:901] INFO SCENE:		horizontal FL with 1 <class 'flgo_byzantine.research_algorithm.Server'>, 20 <class 'flgo_byzantine.research_algorithm.Client'>
2026-09-25 00:27:03,744 fflow.py init [line:918] INFO SIMULATOR:	<class 'flgo.simulator.default_simulator.Simulator'>
2026-09-25 00:27:08,096 fflow.py init [line:931] INFO Ready to start.
2026-09-25 00:27:08,096 fedbase.py run [line:300] INFO --------------Initial Evaluation--------------
2026-09-25 00:27:08,096 simple_logger.py log_once [line:14] INFO Current_time:0
2026-09-25 00:27:09,679 simple_logger.py log_once [line:28] INFO test_accuracy                 0.0875
2026-09-25 00:27:09,679 simple_logger.py log_once [line:28] INFO test_loss                     2.3101
2026-09-25 00:27:09,679 simple_logger.py log_once [line:28] INFO val_accuracy                  0.0866
2026-09-25 00:27:09,679 simple_logger.py log_once [line:28] INFO mean_val_accuracy             0.0874
2026-09-25 00:27:09,679 simple_logger.py log_once [line:28] INFO std_val_accuracy              0.2312
2026-09-25 00:27:09,679 simple_logger.py log_once [line:28] INFO val_loss                      2.3109
2026-09-25 00:27:09,679 simple_logger.py log_once [line:28] INFO mean_val_loss                 2.3111
2026-09-25 00:27:09,679 simple_logger.py log_once [line:28] INFO std_val_loss                  0.0785
2026-09-25 00:27:09,679 fedbase.py run [line:303] INFO Eval Time Cost:               1.5832s
2026-09-25 00:27:09,689 asyncbase.py iterate [line:68] INFO Select clients [np.int64(5), np.int64(16), np.int64(0), np.int64(4), np.int64(9), np.int64(11)] at time 1.
2026-09-25 00:27:11,650 asyncbase.py iterate [line:73] INFO Receive new models from clients [11] at time 1
2026-09-25 00:27:11,681 fedbase.py run [line:311] INFO --------------Round 1--------------
2026-09-25 00:27:11,681 simple_logger.py log_once [line:14] INFO Current_time:1
2026-09-25 00:27:13,271 simple_logger.py log_once [line:28] INFO test_accuracy                 0.2846
2026-09-25 00:27:13,271 simple_logger.py log_once [line:28] INFO test_loss                     5.9847
2026-09-25 00:27:13,271 simple_logger.py log_once [line:28] INFO val_accuracy                  0.2774
2026-09-25 00:27:13,271 simple_logger.py log_once [line:28] INFO mean_val_accuracy             0.2790
2026-09-25 00:27:13,272 simple_logger.py log_once [line:28] INFO std_val_accuracy              0.3990
2026-09-25 00:27:13,272 simple_logger.py log_once [line:28] INFO val_loss                      5.9350
2026-09-25 00:27:13,272 simple_logger.py log_once [line:28] INFO mean_val_loss                 5.9223
2026-09-25 00:27:13,272 simple_logger.py log_once [line:28] INFO std_val_loss                  3.6256
2026-09-25 00:27:13,272 fedbase.py run [line:316] INFO Eval Time Cost:               1.5907s
2026-09-25 00:27:13,281 asyncbase.py iterate [line:73] INFO Receive new models from clients [9, 0] at time 2
2026-09-25 00:27:13,320 fedbase.py run [line:311] INFO --------------Round 2--------------
2026-09-25 00:27:13,320 simple_logger.py log_once [line:14] INFO Current_time:2
2026-09-25 00:27:14,838 simple_logger.py log_once [line:28] INFO test_accuracy                 0.1211
2026-09-25 00:27:14,838 simple_logger.py log_once [line:28] INFO test_loss                     12.8577
2026-09-25 00:27:14,838 simple_logger.py log_once [line:28] INFO val_accuracy                  0.1162
2026-09-25 00:27:14,838 simple_logger.py log_once [line:28] INFO mean_val_accuracy             0.1174
2026-09-25 00:27:14,839 simple_logger.py log_once [line:28] INFO std_val_accuracy              0.2863
2026-09-25 00:27:14,839 simple_logger.py log_once [line:28] INFO val_loss                      12.8709
2026-09-25 00:27:14,839 simple_logger.py log_once [line:28] INFO mean_val_loss                 12.8441
2026-09-25 00:27:14,839 simple_logger.py log_once [line:28] INFO std_val_loss                  6.6834
2026-09-25 00:27:14,839 fedbase.py run [line:316] INFO Eval Time Cost:               1.5185s
2026-09-25 00:27:14,849 asyncbase.py iterate [line:68] INFO Select clients [np.int64(3), np.int64(8), np.int64(18)] at time 3.
2026-09-25 00:27:15,822 asyncbase.py iterate [line:73] INFO Receive new models from clients [16] at time 3
2026-09-25 00:27:15,847 fedbase.py run [line:311] INFO --------------Round 3--------------
2026-09-25 00:27:15,847 simple_logger.py log_once [line:14] INFO Current_time:3
2026-09-25 00:27:17,342 simple_logger.py log_once [line:28] INFO test_accuracy                 0.2036
2026-09-25 00:27:17,342 simple_logger.py log_once [line:28] INFO test_loss                     14.2781
2026-09-25 00:27:17,342 simple_logger.py log_once [line:28] INFO val_accuracy                  0.1916
2026-09-25 00:27:17,342 simple_logger.py log_once [line:28] INFO mean_val_accuracy             0.1924
2026-09-25 00:27:17,342 simple_logger.py log_once [line:28] INFO std_val_accuracy              0.3044
2026-09-25 00:27:17,342 simple_logger.py log_once [line:28] INFO val_loss                      14.2598
2026-09-25 00:27:17,342 simple_logger.py log_once [line:28] INFO mean_val_loss                 14.2337
2026-09-25 00:27:17,342 simple_logger.py log_once [line:28] INFO std_val_loss                  9.9550
2026-09-25 00:27:17,342 fedbase.py run [line:316] INFO Eval Time Cost:               1.4949s
2026-09-25 00:27:17,352 asyncbase.py iterate [line:68] INFO Select clients [np.int64(2)] at time 4.
2026-09-25 00:27:17,675 asyncbase.py iterate [line:73] INFO Receive new models from clients [8, 2, 18] at time 4
2026-09-25 00:27:17,723 fedbase.py run [line:311] INFO --------------Round 4--------------
2026-09-25 00:27:17,723 simple_logger.py log_once [line:14] INFO Current_time:4
2026-09-25 00:27:19,187 simple_logger.py log_once [line:28] INFO test_accuracy                 0.1929
2026-09-25 00:27:19,187 simple_logger.py log_once [line:28] INFO test_loss                     3.9232
2026-09-25 00:27:19,187 simple_logger.py log_once [line:28] INFO val_accuracy                  0.1900
2026-09-25 00:27:19,187 simple_logger.py log_once [line:28] INFO mean_val_accuracy             0.1900
2026-09-25 00:27:19,187 simple_logger.py log_once [line:28] INFO std_val_accuracy              0.3408
2026-09-25 00:27:19,187 simple_logger.py log_once [line:28] INFO val_loss                      3.9148
2026-09-25 00:27:19,187 simple_logger.py log_once [line:28] INFO mean_val_loss                 3.9178
2026-09-25 00:27:19,187 simple_logger.py log_once [line:28] INFO std_val_loss                  1.9572
2026-09-25 00:27:19,188 fedbase.py run [line:316] INFO Eval Time Cost:               1.4648s
2026-09-25 00:27:19,198 asyncbase.py iterate [line:68] INFO Select clients [np.int64(8), np.int64(1)] at time 5.
2026-09-25 00:27:19,835 asyncbase.py iterate [line:68] INFO Select clients [np.int64(6)] at time 6.
2026-09-25 00:27:20,159 asyncbase.py iterate [line:73] INFO Receive new models from clients [8, 1, 3] at time 6
2026-09-25 00:27:20,214 fedbase.py run [line:311] INFO --------------Round 5--------------
2026-09-25 00:27:20,214 simple_logger.py log_once [line:14] INFO Current_time:6
2026-09-25 00:27:21,688 simple_logger.py log_once [line:28] INFO test_accuracy                 0.1135
2026-09-25 00:27:21,688 simple_logger.py log_once [line:28] INFO test_loss                     3.9031
2026-09-25 00:27:21,688 simple_logger.py log_once [line:28] INFO val_accuracy                  0.1119
2026-09-25 00:27:21,688 simple_logger.py log_once [line:28] INFO mean_val_accuracy             0.1111
2026-09-25 00:27:21,689 simple_logger.py log_once [line:28] INFO std_val_accuracy              0.2974
2026-09-25 00:27:21,689 simple_logger.py log_once [line:28] INFO val_loss                      3.9006
2026-09-25 00:27:21,689 simple_logger.py log_once [line:28] INFO mean_val_loss                 3.9062
2026-09-25 00:27:21,689 simple_logger.py log_once [line:28] INFO std_val_loss                  1.9177
2026-09-25 00:27:21,689 fedbase.py run [line:316] INFO Eval Time Cost:               1.4742s
2026-09-25 00:27:21,697 asyncbase.py iterate [line:68] INFO Select clients [np.int64(14), np.int64(15), np.int64(2)] at time 7.
2026-09-25 00:27:22,683 asyncbase.py iterate [line:73] INFO Receive new models from clients [5, 4, 2, 14] at time 7
2026-09-25 00:27:22,764 fedbase.py run [line:311] INFO --------------Round 6--------------
2026-09-25 00:27:22,764 simple_logger.py log_once [line:14] INFO Current_time:7
2026-09-25 00:27:24,308 simple_logger.py log_once [line:28] INFO test_accuracy                 0.2114
2026-09-25 00:27:24,308 simple_logger.py log_once [line:28] INFO test_loss                     2.2343
2026-09-25 00:27:24,308 simple_logger.py log_once [line:28] INFO val_accuracy                  0.2107
2026-09-25 00:27:24,308 simple_logger.py log_once [line:28] INFO mean_val_accuracy             0.2109
2026-09-25 00:27:24,308 simple_logger.py log_once [line:28] INFO std_val_accuracy              0.3718
2026-09-25 00:27:24,308 simple_logger.py log_once [line:28] INFO val_loss                      2.2315
2026-09-25 00:27:24,308 simple_logger.py log_once [line:28] INFO mean_val_loss                 2.2313
2026-09-25 00:27:24,308 simple_logger.py log_once [line:28] INFO std_val_loss                  0.4184
2026-09-25 00:27:24,308 fedbase.py run [line:316] INFO Eval Time Cost:               1.5443s
2026-09-25 00:27:24,317 asyncbase.py iterate [line:68] INFO Select clients [np.int64(3), np.int64(0), np.int64(19), np.int64(9)] at time 8.
2026-09-25 00:27:25,597 asyncbase.py iterate [line:73] INFO Receive new models from clients [0, 19] at time 8
2026-09-25 00:27:25,642 fedbase.py run [line:311] INFO --------------Round 7--------------
2026-09-25 00:27:25,643 simple_logger.py log_once [line:14] INFO Current_time:8
2026-09-25 00:27:27,117 simple_logger.py log_once [line:28] INFO test_accuracy                 0.1470
2026-09-25 00:27:27,117 simple_logger.py log_once [line:28] INFO test_loss                     2.5378
2026-09-25 00:27:27,118 simple_logger.py log_once [line:28] INFO val_accuracy                  0.1493
2026-09-25 00:27:27,118 simple_logger.py log_once [line:28] INFO mean_val_accuracy             0.1499
2026-09-25 00:27:27,118 simple_logger.py log_once [line:28] INFO std_val_accuracy              0.2980
2026-09-25 00:27:27,118 simple_logger.py log_once [line:28] INFO val_loss                      2.5452
2026-09-25 00:27:27,118 simple_logger.py log_once [line:28] INFO mean_val_loss                 2.5446
2026-09-25 00:27:27,118 simple_logger.py log_once [line:28] INFO std_val_loss                  0.7513
2026-09-25 00:27:27,118 fedbase.py run [line:316] INFO Eval Time Cost:               1.4752s
2026-09-25 00:27:27,126 asyncbase.py iterate [line:68] INFO Select clients [np.int64(7), np.int64(19)] at time 9.
2026-09-25 00:27:27,743 asyncbase.py iterate [line:73] INFO Receive new models from clients [6, 15] at time 9
2026-09-25 00:27:27,787 fedbase.py run [line:311] INFO --------------Round 8--------------
2026-09-25 00:27:27,787 simple_logger.py log_once [line:14] INFO Current_time:9
2026-09-25 00:27:29,251 simple_logger.py log_once [line:28] INFO test_accuracy                 0.1039
2026-09-25 00:27:29,251 simple_logger.py log_once [line:28] INFO test_loss                     4.0037
2026-09-25 00:27:29,251 simple_logger.py log_once [line:28] INFO val_accuracy                  0.1053
2026-09-25 00:27:29,251 simple_logger.py log_once [line:28] INFO mean_val_accuracy             0.1053
2026-09-25 00:27:29,251 simple_logger.py log_once [line:28] INFO std_val_accuracy              0.2846
2026-09-25 00:27:29,251 simple_logger.py log_once [line:28] INFO val_loss                      3.9919
2026-09-25 00:27:29,251 simple_logger.py log_once [line:28] INFO mean_val_loss                 3.9936
2026-09-25 00:27:29,251 simple_logger.py log_once [line:28] INFO std_val_loss                  1.7737
2026-09-25 00:27:29,251 fedbase.py run [line:316] INFO Eval Time Cost:               1.4643s
2026-09-25 00:27:29,261 asyncbase.py iterate [line:68] INFO Select clients [np.int64(4), np.int64(5)] at time 10.
2026-09-25 00:27:29,889 asyncbase.py iterate [line:73] INFO Receive new models from clients [9, 5, 4] at time 10
2026-09-25 00:27:29,946 fedbase.py run [line:311] INFO --------------Round 9--------------
2026-09-25 00:27:29,946 simple_logger.py log_once [line:14] INFO Current_time:10
2026-09-25 00:27:31,422 simple_logger.py log_once [line:28] INFO test_accuracy                 0.1032
2026-09-25 00:27:31,422 simple_logger.py log_once [line:28] INFO test_loss                     16.6990
2026-09-25 00:27:31,422 simple_logger.py log_once [line:28] INFO val_accuracy                  0.0983
2026-09-25 00:27:31,422 simple_logger.py log_once [line:28] INFO mean_val_accuracy             0.0993
2026-09-25 00:27:31,422 simple_logger.py log_once [line:28] INFO std_val_accuracy              0.2871
2026-09-25 00:27:31,422 simple_logger.py log_once [line:28] INFO val_loss                      16.7525
2026-09-25 00:27:31,422 simple_logger.py log_once [line:28] INFO mean_val_loss                 16.7467
2026-09-25 00:27:31,422 simple_logger.py log_once [line:28] INFO std_val_loss                  6.8319
2026-09-25 00:27:31,422 fedbase.py run [line:316] INFO Eval Time Cost:               1.4757s
2026-09-25 00:27:31,432 asyncbase.py iterate [line:68] INFO Select clients [np.int64(9), np.int64(2)] at time 11.
2026-09-25 00:27:32,088 asyncbase.py iterate [line:73] INFO Receive new models from clients [7, 3, 2] at time 11
2026-09-25 00:27:32,145 fedbase.py run [line:311] INFO --------------Round 10--------------
2026-09-25 00:27:32,145 simple_logger.py log_once [line:14] INFO Current_time:11
2026-09-25 00:27:33,678 simple_logger.py log_once [line:28] INFO test_accuracy                 0.1032
2026-09-25 00:27:33,679 simple_logger.py log_once [line:28] INFO test_loss                     19.3082
2026-09-25 00:27:33,679 simple_logger.py log_once [line:28] INFO val_accuracy                  0.0983
2026-09-25 00:27:33,679 simple_logger.py log_once [line:28] INFO mean_val_accuracy             0.0993
2026-09-25 00:27:33,679 simple_logger.py log_once [line:28] INFO std_val_accuracy              0.2871
2026-09-25 00:27:33,679 simple_logger.py log_once [line:28] INFO val_loss                      19.3881
2026-09-25 00:27:33,679 simple_logger.py log_once [line:28] INFO mean_val_loss                 19.3816
2026-09-25 00:27:33,679 simple_logger.py log_once [line:28] INFO std_val_loss                  7.9277
2026-09-25 00:27:33,679 fedbase.py run [line:316] INFO Eval Time Cost:               1.5337s
2026-09-25 00:27:33,689 asyncbase.py iterate [line:68] INFO Select clients [np.int64(7), np.int64(13), np.int64(1), np.int64(18)] at time 12.
2026-09-25 00:27:34,930 asyncbase.py iterate [line:73] INFO Receive new models from clients [19, 9] at time 12
2026-09-25 00:27:34,980 fedbase.py run [line:311] INFO --------------Round 11--------------
2026-09-25 00:27:34,980 simple_logger.py log_once [line:14] INFO Current_time:12
2026-09-25 00:27:36,446 simple_logger.py log_once [line:28] INFO test_accuracy                 0.1032
2026-09-25 00:27:36,446 simple_logger.py log_once [line:28] INFO test_loss                     8.9664
2026-09-25 00:27:36,446 simple_logger.py log_once [line:28] INFO val_accuracy                  0.0983
2026-09-25 00:27:36,446 simple_logger.py log_once [line:28] INFO mean_val_accuracy             0.0993
2026-09-25 00:27:36,446 simple_logger.py log_once [line:28] INFO std_val_accuracy              0.2871
2026-09-25 00:27:36,446 simple_logger.py log_once [line:28] INFO val_loss                      8.9852
2026-09-25 00:27:36,446 simple_logger.py log_once [line:28] INFO mean_val_loss                 8.9840
2026-09-25 00:27:36,446 simple_logger.py log_once [line:28] INFO std_val_loss                  4.7595
2026-09-25 00:27:36,446 fedbase.py run [line:316] INFO Eval Time Cost:               1.4663s
2026-09-25 00:27:36,455 asyncbase.py iterate [line:68] INFO Select clients [np.int64(19), np.int64(9)] at time 13.
2026-09-25 00:27:37,067 asyncbase.py iterate [line:73] INFO Receive new models from clients [18] at time 13
2026-09-25 00:27:37,100 fedbase.py run [line:311] INFO --------------Round 12--------------
2026-09-25 00:27:37,100 simple_logger.py log_once [line:14] INFO Current_time:13
2026-09-25 00:27:38,578 simple_logger.py log_once [line:28] INFO test_accuracy                 0.1135
2026-09-25 00:27:38,578 simple_logger.py log_once [line:28] INFO test_loss                     8.1421
2026-09-25 00:27:38,578 simple_logger.py log_once [line:28] INFO val_accuracy                  0.1119
2026-09-25 00:27:38,578 simple_logger.py log_once [line:28] INFO mean_val_accuracy             0.1111
2026-09-25 00:27:38,578 simple_logger.py log_once [line:28] INFO std_val_accuracy              0.2974
2026-09-25 00:27:38,578 simple_logger.py log_once [line:28] INFO val_loss                      8.1334
2026-09-25 00:27:38,578 simple_logger.py log_once [line:28] INFO mean_val_loss                 8.1435
2026-09-25 00:27:38,578 simple_logger.py log_once [line:28] INFO std_val_loss                  2.9475
2026-09-25 00:27:38,578 fedbase.py run [line:316] INFO Eval Time Cost:               1.4778s
2026-09-25 00:27:38,586 asyncbase.py iterate [line:68] INFO Select clients [np.int64(11)] at time 14.
2026-09-25 00:27:38,891 asyncbase.py iterate [line:73] INFO Receive new models from clients [19, 13] at time 14
2026-09-25 00:27:38,938 fedbase.py run [line:311] INFO --------------Round 13--------------
2026-09-25 00:27:38,938 simple_logger.py log_once [line:14] INFO Current_time:14
2026-09-25 00:27:40,403 simple_logger.py log_once [line:28] INFO test_accuracy                 0.1135
2026-09-25 00:27:40,403 simple_logger.py log_once [line:28] INFO test_loss                     19.5322
2026-09-25 00:27:40,404 simple_logger.py log_once [line:28] INFO val_accuracy                  0.1119
2026-09-25 00:27:40,404 simple_logger.py log_once [line:28] INFO mean_val_accuracy             0.1111
2026-09-25 00:27:40,404 simple_logger.py log_once [line:28] INFO std_val_accuracy              0.2974
2026-09-25 00:27:40,404 simple_logger.py log_once [line:28] INFO val_loss                      19.3620
2026-09-25 00:27:40,404 simple_logger.py log_once [line:28] INFO mean_val_loss                 19.4127
2026-09-25 00:27:40,404 simple_logger.py log_once [line:28] INFO std_val_loss                  12.6981
2026-09-25 00:27:40,404 fedbase.py run [line:316] INFO Eval Time Cost:               1.4657s
2026-09-25 00:27:40,414 asyncbase.py iterate [line:73] INFO Receive new models from clients [7, 1] at time 15
2026-09-25 00:27:40,461 fedbase.py run [line:311] INFO --------------Round 14--------------
2026-09-25 00:27:40,461 simple_logger.py log_once [line:14] INFO Current_time:15
2026-09-25 00:27:41,926 simple_logger.py log_once [line:28] INFO test_accuracy                 0.1132
2026-09-25 00:27:41,926 simple_logger.py log_once [line:28] INFO test_loss                     23.5960
2026-09-25 00:27:41,926 simple_logger.py log_once [line:28] INFO val_accuracy                  0.1119
2026-09-25 00:27:41,926 simple_logger.py log_once [line:28] INFO mean_val_accuracy             0.1111
2026-09-25 00:27:41,926 simple_logger.py log_once [line:28] INFO std_val_accuracy              0.2958
2026-09-25 00:27:41,926 simple_logger.py log_once [line:28] INFO val_loss                      23.0101
2026-09-25 00:27:41,926 simple_logger.py log_once [line:28] INFO mean_val_loss                 23.1036
2026-09-25 00:27:41,926 simple_logger.py log_once [line:28] INFO std_val_loss                  26.3620
2026-09-25 00:27:41,927 fedbase.py run [line:316] INFO Eval Time Cost:               1.4659s
2026-09-25 00:27:41,935 asyncbase.py iterate [line:68] INFO Select clients [np.int64(1), np.int64(4), np.int64(3), np.int64(17)] at time 16.
2026-09-25 00:27:43,186 asyncbase.py iterate [line:73] INFO Receive new models from clients [11, 9, 4] at time 16
2026-09-25 00:27:43,241 fedbase.py run [line:311] INFO --------------Round 15--------------
2026-09-25 00:27:43,241 simple_logger.py log_once [line:14] INFO Current_time:16
2026-09-25 00:27:44,709 simple_logger.py log_once [line:28] INFO test_accuracy                 0.1135
2026-09-25 00:27:44,709 simple_logger.py log_once [line:28] INFO test_loss                     8.9063
2026-09-25 00:27:44,709 simple_logger.py log_once [line:28] INFO val_accuracy                  0.1119
2026-09-25 00:27:44,709 simple_logger.py log_once [line:28] INFO mean_val_accuracy             0.1111
2026-09-25 00:27:44,709 simple_logger.py log_once [line:28] INFO std_val_accuracy              0.2974
2026-09-25 00:27:44,709 simple_logger.py log_once [line:28] INFO val_loss                      8.7102
2026-09-25 00:27:44,709 simple_logger.py log_once [line:28] INFO mean_val_loss                 8.7460
2026-09-25 00:27:44,709 simple_logger.py log_once [line:28] INFO std_val_loss                  10.2928
2026-09-25 00:27:44,709 fedbase.py run [line:316] INFO Eval Time Cost:               1.4683s
2026-09-25 00:27:44,717 asyncbase.py iterate [line:68] INFO Select clients [np.int64(6), np.int64(7)] at time 17.
2026-09-25 00:27:45,330 asyncbase.py iterate [line:73] INFO Receive new models from clients [3, 1, 7, 6] at time 17
Traceback (most recent call last):
  File "E:\Federated Machine Learning\FL-Byzantine-Library\run_research.py", line 161, in <module>
    main()
    ~~~~^^
  File "E:\Federated Machine Learning\FL-Byzantine-Library\run_research.py", line 157, in main
    runner.run()
    ~~~~~~~~~~^^
  File "E:\Federated Machine Learning\FL-Byzantine-Library\easyFL\flgo\algorithm\fedbase.py", line 308, in run
    updated = self.iterate()
  File "E:\Federated Machine Learning\FL-Byzantine-Library\flgo_byzantine\research_algorithm.py", line 272, in iterate
    return super().iterate()
           ~~~~~~~~~~~~~~~^^
  File "E:\Federated Machine Learning\FL-Byzantine-Library\easyFL\flgo\algorithm\asyncbase.py", line 74, in iterate
    is_model_updated = self.package_handler(received_packages)
  File "E:\Federated Machine Learning\FL-Byzantine-Library\flgo_byzantine\research_algorithm.py", line 335, in package_handler
    raise RuntimeError("aggregate would diverge: non-finite or weight magnitude exceeds 1000")
RuntimeError: aggregate would diverge: non-finite or weight magnitude exceeds 1000
