E:\fl-experiment\.venv\Lib\site-packages\torch\cuda\__init__.py:61: FutureWarning: The pynvml package is deprecated. Please install nvidia-ml-py instead. If you did not install pynvml directly, please report this to the maintainers of the package that installed pynvml for you.
  import pynvml  # type: ignore[import]
2026-09-24 17:43:32,839 fflow.py init [line:848] INFO PROCESS ID:	40088
2026-09-24 17:43:32,840 fflow.py init [line:849] INFO Initializing devices: cuda:0 will be used for this running.
2026-09-24 17:43:32,840 fflow.py init [line:852] INFO BENCHMARK:	flgo.benchmark.mnist_classification
2026-09-24 17:43:32,840 fflow.py init [line:853] INFO TASK:			E:\Federated Machine Learning\FL-Byzantine-Library\mnist_dir20
2026-09-24 17:43:32,849 fflow.py init [line:854] INFO MODEL:		flgo.benchmark.mnist_classification.model.cnn
2026-09-24 17:43:32,849 fflow.py init [line:855] INFO ALGORITHM:	research_algorithm
2026-09-24 17:43:34,007 fflow.py init [line:901] INFO SCENE:		horizontal FL with 1 <class 'flgo_byzantine.research_algorithm.Server'>, 20 <class 'flgo_byzantine.research_algorithm.Client'>
2026-09-24 17:43:34,095 fflow.py init [line:918] INFO SIMULATOR:	<class 'flgo.simulator.default_simulator.Simulator'>
2026-09-24 17:43:38,615 fflow.py init [line:931] INFO Ready to start.
2026-09-24 17:43:38,616 fedbase.py run [line:300] INFO --------------Initial Evaluation--------------
2026-09-24 17:43:38,616 simple_logger.py log_once [line:14] INFO Current_time:0
2026-09-24 17:43:40,219 simple_logger.py log_once [line:28] INFO test_accuracy                 0.0875
2026-09-24 17:43:40,219 simple_logger.py log_once [line:28] INFO test_loss                     2.3101
2026-09-24 17:43:40,220 simple_logger.py log_once [line:28] INFO val_accuracy                  0.0866
2026-09-24 17:43:40,220 simple_logger.py log_once [line:28] INFO mean_val_accuracy             0.0874
2026-09-24 17:43:40,220 simple_logger.py log_once [line:28] INFO std_val_accuracy              0.2312
2026-09-24 17:43:40,220 simple_logger.py log_once [line:28] INFO val_loss                      2.3109
2026-09-24 17:43:40,220 simple_logger.py log_once [line:28] INFO mean_val_loss                 2.3111
2026-09-24 17:43:40,220 simple_logger.py log_once [line:28] INFO std_val_loss                  0.0785
2026-09-24 17:43:40,220 fedbase.py run [line:303] INFO Eval Time Cost:               1.6041s
2026-09-24 17:43:40,220 asyncbase.py iterate [line:68] INFO Select clients [np.int64(7), np.int64(16), np.int64(18), np.int64(1), np.int64(9), np.int64(19)] at time 1.
2026-09-24 17:43:42,144 asyncbase.py iterate [line:73] INFO Receive new models from clients [16] at time 1
2026-09-24 17:43:42,158 fedbase.py run [line:311] INFO --------------Round 1--------------
2026-09-24 17:43:42,158 simple_logger.py log_once [line:14] INFO Current_time:1
2026-09-24 17:43:43,645 simple_logger.py log_once [line:28] INFO test_accuracy                 0.1817
2026-09-24 17:43:43,646 simple_logger.py log_once [line:28] INFO test_loss                     5.7202
2026-09-24 17:43:43,646 simple_logger.py log_once [line:28] INFO val_accuracy                  0.1866
2026-09-24 17:43:43,646 simple_logger.py log_once [line:28] INFO mean_val_accuracy             0.1863
2026-09-24 17:43:43,646 simple_logger.py log_once [line:28] INFO std_val_accuracy              0.3514
2026-09-24 17:43:43,646 simple_logger.py log_once [line:28] INFO val_loss                      5.6858
2026-09-24 17:43:43,646 simple_logger.py log_once [line:28] INFO mean_val_loss                 5.6892
2026-09-24 17:43:43,646 simple_logger.py log_once [line:28] INFO std_val_loss                  3.3002
2026-09-24 17:43:43,646 fedbase.py run [line:316] INFO Eval Time Cost:               1.4880s
2026-09-24 17:43:43,646 asyncbase.py iterate [line:68] INFO Select clients [np.int64(15)] at time 2.
2026-09-24 17:43:43,962 asyncbase.py iterate [line:73] INFO Receive new models from clients [7] at time 2
2026-09-24 17:43:43,967 fedbase.py run [line:311] INFO --------------Round 2--------------
2026-09-24 17:43:43,967 simple_logger.py log_once [line:14] INFO Current_time:2
2026-09-24 17:43:45,509 simple_logger.py log_once [line:28] INFO test_accuracy                 0.1690
2026-09-24 17:43:45,509 simple_logger.py log_once [line:28] INFO test_loss                     5.7424
2026-09-24 17:43:45,509 simple_logger.py log_once [line:28] INFO val_accuracy                  0.1737
2026-09-24 17:43:45,510 simple_logger.py log_once [line:28] INFO mean_val_accuracy             0.1735
2026-09-24 17:43:45,510 simple_logger.py log_once [line:28] INFO std_val_accuracy              0.2962
2026-09-24 17:43:45,510 simple_logger.py log_once [line:28] INFO val_loss                      5.7092
2026-09-24 17:43:45,510 simple_logger.py log_once [line:28] INFO mean_val_loss                 5.7186
2026-09-24 17:43:45,510 simple_logger.py log_once [line:28] INFO std_val_loss                  3.7965
2026-09-24 17:43:45,510 fedbase.py run [line:316] INFO Eval Time Cost:               1.5425s
2026-09-24 17:43:45,510 asyncbase.py iterate [line:73] INFO Receive new models from clients [1, 19, 18] at time 3
2026-09-24 17:43:45,521 fedbase.py run [line:311] INFO --------------Round 3--------------
2026-09-24 17:43:45,521 simple_logger.py log_once [line:14] INFO Current_time:3
2026-09-24 17:43:47,042 simple_logger.py log_once [line:28] INFO test_accuracy                 0.2240
2026-09-24 17:43:47,042 simple_logger.py log_once [line:28] INFO test_loss                     6.5163
2026-09-24 17:43:47,042 simple_logger.py log_once [line:28] INFO val_accuracy                  0.2312
2026-09-24 17:43:47,042 simple_logger.py log_once [line:28] INFO mean_val_accuracy             0.2315
2026-09-24 17:43:47,042 simple_logger.py log_once [line:28] INFO std_val_accuracy              0.3420
2026-09-24 17:43:47,042 simple_logger.py log_once [line:28] INFO val_loss                      6.4456
2026-09-24 17:43:47,042 simple_logger.py log_once [line:28] INFO mean_val_loss                 6.4616
2026-09-24 17:43:47,042 simple_logger.py log_once [line:28] INFO std_val_loss                  4.7406
2026-09-24 17:43:47,042 fedbase.py run [line:316] INFO Eval Time Cost:               1.5209s
2026-09-24 17:43:47,042 asyncbase.py iterate [line:68] INFO Select clients [np.int64(2), np.int64(7), np.int64(11), np.int64(12)] at time 4.
2026-09-24 17:43:48,278 asyncbase.py iterate [line:73] INFO Receive new models from clients [15, 12] at time 4
2026-09-24 17:43:48,288 fedbase.py run [line:311] INFO --------------Round 4--------------
2026-09-24 17:43:48,288 simple_logger.py log_once [line:14] INFO Current_time:4
2026-09-24 17:43:49,746 simple_logger.py log_once [line:28] INFO test_accuracy                 0.0892
2026-09-24 17:43:49,746 simple_logger.py log_once [line:28] INFO test_loss                     4.3533
2026-09-24 17:43:49,746 simple_logger.py log_once [line:28] INFO val_accuracy                  0.0907
2026-09-24 17:43:49,746 simple_logger.py log_once [line:28] INFO mean_val_accuracy             0.0904
2026-09-24 17:43:49,746 simple_logger.py log_once [line:28] INFO std_val_accuracy              0.2536
2026-09-24 17:43:49,746 simple_logger.py log_once [line:28] INFO val_loss                      4.3505
2026-09-24 17:43:49,746 simple_logger.py log_once [line:28] INFO mean_val_loss                 4.3526
2026-09-24 17:43:49,746 simple_logger.py log_once [line:28] INFO std_val_loss                  2.0615
2026-09-24 17:43:49,746 fedbase.py run [line:316] INFO Eval Time Cost:               1.4587s
2026-09-24 17:43:49,746 asyncbase.py iterate [line:68] INFO Select clients [np.int64(16), np.int64(12)] at time 5.
2026-09-24 17:43:50,380 asyncbase.py iterate [line:73] INFO Receive new models from clients [12, 9, 2] at time 6
2026-09-24 17:43:50,392 fedbase.py run [line:311] INFO --------------Round 5--------------
2026-09-24 17:43:50,392 simple_logger.py log_once [line:14] INFO Current_time:6
2026-09-24 17:43:51,870 simple_logger.py log_once [line:28] INFO test_accuracy                 0.1843
2026-09-24 17:43:51,870 simple_logger.py log_once [line:28] INFO test_loss                     3.5724
2026-09-24 17:43:51,870 simple_logger.py log_once [line:28] INFO val_accuracy                  0.1875
2026-09-24 17:43:51,870 simple_logger.py log_once [line:28] INFO mean_val_accuracy             0.1883
2026-09-24 17:43:51,870 simple_logger.py log_once [line:28] INFO std_val_accuracy              0.3636
2026-09-24 17:43:51,870 simple_logger.py log_once [line:28] INFO val_loss                      3.5612
2026-09-24 17:43:51,870 simple_logger.py log_once [line:28] INFO mean_val_loss                 3.5597
2026-09-24 17:43:51,870 simple_logger.py log_once [line:28] INFO std_val_loss                  1.8678
2026-09-24 17:43:51,870 fedbase.py run [line:316] INFO Eval Time Cost:               1.4783s
2026-09-24 17:43:51,871 asyncbase.py iterate [line:68] INFO Select clients [np.int64(6)] at time 7.
2026-09-24 17:43:52,178 asyncbase.py iterate [line:73] INFO Receive new models from clients [16, 7] at time 7
2026-09-24 17:43:52,186 fedbase.py run [line:311] INFO --------------Round 6--------------
2026-09-24 17:43:52,186 simple_logger.py log_once [line:14] INFO Current_time:7
2026-09-24 17:43:53,663 simple_logger.py log_once [line:28] INFO test_accuracy                 0.1009
2026-09-24 17:43:53,663 simple_logger.py log_once [line:28] INFO test_loss                     2.2981
2026-09-24 17:43:53,663 simple_logger.py log_once [line:28] INFO val_accuracy                  0.0999
2026-09-24 17:43:53,663 simple_logger.py log_once [line:28] INFO mean_val_accuracy             0.0994
2026-09-24 17:43:53,663 simple_logger.py log_once [line:28] INFO std_val_accuracy              0.2889
2026-09-24 17:43:53,663 simple_logger.py log_once [line:28] INFO val_loss                      2.2975
2026-09-24 17:43:53,663 simple_logger.py log_once [line:28] INFO mean_val_loss                 2.2980
2026-09-24 17:43:53,663 simple_logger.py log_once [line:28] INFO std_val_loss                  0.2226
2026-09-24 17:43:53,663 fedbase.py run [line:316] INFO Eval Time Cost:               1.4771s
2026-09-24 17:43:53,664 asyncbase.py iterate [line:68] INFO Select clients [np.int64(1), np.int64(16), np.int64(13), np.int64(14)] at time 8.
2026-09-24 17:43:54,930 asyncbase.py iterate [line:73] INFO Receive new models from clients [1, 14] at time 8
2026-09-24 17:43:54,937 fedbase.py run [line:311] INFO --------------Round 7--------------
2026-09-24 17:43:54,937 simple_logger.py log_once [line:14] INFO Current_time:8
2026-09-24 17:43:56,424 simple_logger.py log_once [line:28] INFO test_accuracy                 0.0958
2026-09-24 17:43:56,424 simple_logger.py log_once [line:28] INFO test_loss                     2.4829
2026-09-24 17:43:56,424 simple_logger.py log_once [line:28] INFO val_accuracy                  0.0981
2026-09-24 17:43:56,424 simple_logger.py log_once [line:28] INFO mean_val_accuracy             0.0983
2026-09-24 17:43:56,425 simple_logger.py log_once [line:28] INFO std_val_accuracy              0.2826
2026-09-24 17:43:56,425 simple_logger.py log_once [line:28] INFO val_loss                      2.4760
2026-09-24 17:43:56,425 simple_logger.py log_once [line:28] INFO mean_val_loss                 2.4759
2026-09-24 17:43:56,425 simple_logger.py log_once [line:28] INFO std_val_loss                  0.5938
2026-09-24 17:43:56,425 fedbase.py run [line:316] INFO Eval Time Cost:               1.4876s
2026-09-24 17:43:56,425 asyncbase.py iterate [line:68] INFO Select clients [np.int64(7), np.int64(10)] at time 9.
2026-09-24 17:43:57,041 asyncbase.py iterate [line:73] INFO Receive new models from clients [10, 11, 16, 6] at time 10
2026-09-24 17:43:57,062 fedbase.py run [line:311] INFO --------------Round 8--------------
2026-09-24 17:43:57,062 simple_logger.py log_once [line:14] INFO Current_time:10
2026-09-24 17:43:58,548 simple_logger.py log_once [line:28] INFO test_accuracy                 0.0988
2026-09-24 17:43:58,549 simple_logger.py log_once [line:28] INFO test_loss                     2.5464
2026-09-24 17:43:58,549 simple_logger.py log_once [line:28] INFO val_accuracy                  0.1001
2026-09-24 17:43:58,549 simple_logger.py log_once [line:28] INFO mean_val_accuracy             0.1003
2026-09-24 17:43:58,549 simple_logger.py log_once [line:28] INFO std_val_accuracy              0.2821
2026-09-24 17:43:58,549 simple_logger.py log_once [line:28] INFO val_loss                      2.5373
2026-09-24 17:43:58,549 simple_logger.py log_once [line:28] INFO mean_val_loss                 2.5376
2026-09-24 17:43:58,549 simple_logger.py log_once [line:28] INFO std_val_loss                  0.7731
2026-09-24 17:43:58,549 fedbase.py run [line:316] INFO Eval Time Cost:               1.4873s
2026-09-24 17:43:58,549 asyncbase.py iterate [line:68] INFO Select clients [np.int64(19), np.int64(4), np.int64(0), np.int64(2)] at time 11.
2026-09-24 17:43:59,841 asyncbase.py iterate [line:73] INFO Receive new models from clients [13, 19] at time 11
2026-09-24 17:43:59,860 fedbase.py run [line:311] INFO --------------Round 9--------------
2026-09-24 17:43:59,860 simple_logger.py log_once [line:14] INFO Current_time:11
2026-09-24 17:44:01,344 simple_logger.py log_once [line:28] INFO test_accuracy                 0.1138
2026-09-24 17:44:01,344 simple_logger.py log_once [line:28] INFO test_loss                     3.7028
2026-09-24 17:44:01,344 simple_logger.py log_once [line:28] INFO val_accuracy                  0.1093
2026-09-24 17:44:01,344 simple_logger.py log_once [line:28] INFO mean_val_accuracy             0.1090
2026-09-24 17:44:01,344 simple_logger.py log_once [line:28] INFO std_val_accuracy              0.2708
2026-09-24 17:44:01,345 simple_logger.py log_once [line:28] INFO val_loss                      3.6858
2026-09-24 17:44:01,345 simple_logger.py log_once [line:28] INFO mean_val_loss                 3.6873
2026-09-24 17:44:01,345 simple_logger.py log_once [line:28] INFO std_val_loss                  1.8136
2026-09-24 17:44:01,345 fedbase.py run [line:316] INFO Eval Time Cost:               1.4842s
2026-09-24 17:44:01,345 asyncbase.py iterate [line:68] INFO Select clients [np.int64(1)] at time 12.
2026-09-24 17:44:01,651 asyncbase.py iterate [line:73] INFO Receive new models from clients [7, 2] at time 12
2026-09-24 17:44:01,670 fedbase.py run [line:311] INFO --------------Round 10--------------
2026-09-24 17:44:01,670 simple_logger.py log_once [line:14] INFO Current_time:12
2026-09-24 17:44:03,142 simple_logger.py log_once [line:28] INFO test_accuracy                 0.2376
2026-09-24 17:44:03,142 simple_logger.py log_once [line:28] INFO test_loss                     4.6636
2026-09-24 17:44:03,142 simple_logger.py log_once [line:28] INFO val_accuracy                  0.2371
2026-09-24 17:44:03,142 simple_logger.py log_once [line:28] INFO mean_val_accuracy             0.2375
2026-09-24 17:44:03,142 simple_logger.py log_once [line:28] INFO std_val_accuracy              0.3412
2026-09-24 17:44:03,142 simple_logger.py log_once [line:28] INFO val_loss                      4.6504
2026-09-24 17:44:03,142 simple_logger.py log_once [line:28] INFO mean_val_loss                 4.6499
2026-09-24 17:44:03,142 simple_logger.py log_once [line:28] INFO std_val_loss                  3.5750
2026-09-24 17:44:03,142 fedbase.py run [line:316] INFO Eval Time Cost:               1.4724s
2026-09-24 17:44:03,142 fedbase.py run [line:324] INFO =================End==================
2026-09-24 17:44:03,142 fedbase.py run [line:325] INFO Total Time Cost:              24.5267s
