E:\fl-experiment\.venv\Lib\site-packages\torch\cuda\__init__.py:61: FutureWarning: The pynvml package is deprecated. Please install nvidia-ml-py instead. If you did not install pynvml directly, please report this to the maintainers of the package that installed pynvml for you.
  import pynvml  # type: ignore[import]
2026-09-24 17:44:41,121 fflow.py init [line:848] INFO PROCESS ID:	36340
2026-09-24 17:44:41,121 fflow.py init [line:849] INFO Initializing devices: cuda:0 will be used for this running.
2026-09-24 17:44:41,121 fflow.py init [line:852] INFO BENCHMARK:	flgo.benchmark.mnist_classification
2026-09-24 17:44:41,121 fflow.py init [line:853] INFO TASK:			E:\Federated Machine Learning\FL-Byzantine-Library\mnist_dir20
2026-09-24 17:44:41,130 fflow.py init [line:854] INFO MODEL:		flgo.benchmark.mnist_classification.model.cnn
2026-09-24 17:44:41,130 fflow.py init [line:855] INFO ALGORITHM:	research_algorithm
2026-09-24 17:44:42,302 fflow.py init [line:901] INFO SCENE:		horizontal FL with 1 <class 'flgo_byzantine.research_algorithm.Server'>, 20 <class 'flgo_byzantine.research_algorithm.Client'>
2026-09-24 17:44:42,405 fflow.py init [line:918] INFO SIMULATOR:	<class 'flgo.simulator.default_simulator.Simulator'>
2026-09-24 17:44:47,262 fflow.py init [line:931] INFO Ready to start.
2026-09-24 17:44:47,262 fedbase.py run [line:300] INFO --------------Initial Evaluation--------------
2026-09-24 17:44:47,262 simple_logger.py log_once [line:14] INFO Current_time:0
2026-09-24 17:44:48,855 simple_logger.py log_once [line:28] INFO test_accuracy                 0.0875
2026-09-24 17:44:48,855 simple_logger.py log_once [line:28] INFO test_loss                     2.3101
2026-09-24 17:44:48,856 simple_logger.py log_once [line:28] INFO val_accuracy                  0.0866
2026-09-24 17:44:48,856 simple_logger.py log_once [line:28] INFO mean_val_accuracy             0.0874
2026-09-24 17:44:48,856 simple_logger.py log_once [line:28] INFO std_val_accuracy              0.2312
2026-09-24 17:44:48,856 simple_logger.py log_once [line:28] INFO val_loss                      2.3109
2026-09-24 17:44:48,856 simple_logger.py log_once [line:28] INFO mean_val_loss                 2.3111
2026-09-24 17:44:48,856 simple_logger.py log_once [line:28] INFO std_val_loss                  0.0785
2026-09-24 17:44:48,856 fedbase.py run [line:303] INFO Eval Time Cost:               1.5940s
2026-09-24 17:44:48,856 asyncbase.py iterate [line:68] INFO Select clients [np.int64(7), np.int64(16), np.int64(18), np.int64(1), np.int64(9), np.int64(19)] at time 1.
2026-09-24 17:44:50,790 asyncbase.py iterate [line:73] INFO Receive new models from clients [16] at time 1
2026-09-24 17:44:50,802 fedbase.py run [line:311] INFO --------------Round 1--------------
2026-09-24 17:44:50,802 simple_logger.py log_once [line:14] INFO Current_time:1
2026-09-24 17:44:52,256 simple_logger.py log_once [line:28] INFO test_accuracy                 0.1816
2026-09-24 17:44:52,256 simple_logger.py log_once [line:28] INFO test_loss                     5.7211
2026-09-24 17:44:52,256 simple_logger.py log_once [line:28] INFO val_accuracy                  0.1866
2026-09-24 17:44:52,256 simple_logger.py log_once [line:28] INFO mean_val_accuracy             0.1863
2026-09-24 17:44:52,256 simple_logger.py log_once [line:28] INFO std_val_accuracy              0.3514
2026-09-24 17:44:52,256 simple_logger.py log_once [line:28] INFO val_loss                      5.6867
2026-09-24 17:44:52,256 simple_logger.py log_once [line:28] INFO mean_val_loss                 5.6901
2026-09-24 17:44:52,257 simple_logger.py log_once [line:28] INFO std_val_loss                  3.3006
2026-09-24 17:44:52,257 fedbase.py run [line:316] INFO Eval Time Cost:               1.4545s
2026-09-24 17:44:52,257 asyncbase.py iterate [line:68] INFO Select clients [np.int64(15)] at time 2.
2026-09-24 17:44:52,570 asyncbase.py iterate [line:73] INFO Receive new models from clients [7] at time 2
2026-09-24 17:44:52,575 fedbase.py run [line:311] INFO --------------Round 2--------------
2026-09-24 17:44:52,575 simple_logger.py log_once [line:14] INFO Current_time:2
2026-09-24 17:44:54,045 simple_logger.py log_once [line:28] INFO test_accuracy                 0.1690
2026-09-24 17:44:54,045 simple_logger.py log_once [line:28] INFO test_loss                     5.7426
2026-09-24 17:44:54,045 simple_logger.py log_once [line:28] INFO val_accuracy                  0.1737
2026-09-24 17:44:54,045 simple_logger.py log_once [line:28] INFO mean_val_accuracy             0.1735
2026-09-24 17:44:54,045 simple_logger.py log_once [line:28] INFO std_val_accuracy              0.2962
2026-09-24 17:44:54,045 simple_logger.py log_once [line:28] INFO val_loss                      5.7095
2026-09-24 17:44:54,045 simple_logger.py log_once [line:28] INFO mean_val_loss                 5.7188
2026-09-24 17:44:54,045 simple_logger.py log_once [line:28] INFO std_val_loss                  3.7970
2026-09-24 17:44:54,046 fedbase.py run [line:316] INFO Eval Time Cost:               1.4705s
2026-09-24 17:44:54,046 asyncbase.py iterate [line:73] INFO Receive new models from clients [1, 19, 18] at time 3
2026-09-24 17:44:54,057 fedbase.py run [line:311] INFO --------------Round 3--------------
2026-09-24 17:44:54,057 simple_logger.py log_once [line:14] INFO Current_time:3
2026-09-24 17:44:55,517 simple_logger.py log_once [line:28] INFO test_accuracy                 0.2239
2026-09-24 17:44:55,517 simple_logger.py log_once [line:28] INFO test_loss                     6.5172
2026-09-24 17:44:55,517 simple_logger.py log_once [line:28] INFO val_accuracy                  0.2314
2026-09-24 17:44:55,517 simple_logger.py log_once [line:28] INFO mean_val_accuracy             0.2316
2026-09-24 17:44:55,517 simple_logger.py log_once [line:28] INFO std_val_accuracy              0.3422
2026-09-24 17:44:55,517 simple_logger.py log_once [line:28] INFO val_loss                      6.4465
2026-09-24 17:44:55,517 simple_logger.py log_once [line:28] INFO mean_val_loss                 6.4625
2026-09-24 17:44:55,517 simple_logger.py log_once [line:28] INFO std_val_loss                  4.7413
2026-09-24 17:44:55,517 fedbase.py run [line:316] INFO Eval Time Cost:               1.4599s
2026-09-24 17:44:55,517 asyncbase.py iterate [line:68] INFO Select clients [np.int64(2), np.int64(7), np.int64(11), np.int64(12)] at time 4.
2026-09-24 17:44:56,735 asyncbase.py iterate [line:73] INFO Receive new models from clients [15, 12, 11] at time 4
2026-09-24 17:44:56,747 fedbase.py run [line:311] INFO --------------Round 4--------------
2026-09-24 17:44:56,747 simple_logger.py log_once [line:14] INFO Current_time:4
2026-09-24 17:44:58,204 simple_logger.py log_once [line:28] INFO test_accuracy                 0.1354
2026-09-24 17:44:58,204 simple_logger.py log_once [line:28] INFO test_loss                     2.7531
2026-09-24 17:44:58,204 simple_logger.py log_once [line:28] INFO val_accuracy                  0.1347
2026-09-24 17:44:58,204 simple_logger.py log_once [line:28] INFO mean_val_accuracy             0.1338
2026-09-24 17:44:58,204 simple_logger.py log_once [line:28] INFO std_val_accuracy              0.2805
2026-09-24 17:44:58,204 simple_logger.py log_once [line:28] INFO val_loss                      2.7528
2026-09-24 17:44:58,204 simple_logger.py log_once [line:28] INFO mean_val_loss                 2.7539
2026-09-24 17:44:58,204 simple_logger.py log_once [line:28] INFO std_val_loss                  0.9302
2026-09-24 17:44:58,204 fedbase.py run [line:316] INFO Eval Time Cost:               1.4569s
2026-09-24 17:44:58,204 asyncbase.py iterate [line:68] INFO Select clients [np.int64(16), np.int64(12), np.int64(0)] at time 5.
2026-09-24 17:44:59,114 asyncbase.py iterate [line:73] INFO Receive new models from clients [12, 2] at time 6
2026-09-24 17:44:59,121 fedbase.py run [line:311] INFO --------------Round 5--------------
2026-09-24 17:44:59,121 simple_logger.py log_once [line:14] INFO Current_time:6
2026-09-24 17:45:00,586 simple_logger.py log_once [line:28] INFO test_accuracy                 0.1843
2026-09-24 17:45:00,586 simple_logger.py log_once [line:28] INFO test_loss                     2.7281
2026-09-24 17:45:00,586 simple_logger.py log_once [line:28] INFO val_accuracy                  0.1866
2026-09-24 17:45:00,586 simple_logger.py log_once [line:28] INFO mean_val_accuracy             0.1874
2026-09-24 17:45:00,586 simple_logger.py log_once [line:28] INFO std_val_accuracy              0.3620
2026-09-24 17:45:00,586 simple_logger.py log_once [line:28] INFO val_loss                      2.7225
2026-09-24 17:45:00,586 simple_logger.py log_once [line:28] INFO mean_val_loss                 2.7207
2026-09-24 17:45:00,586 simple_logger.py log_once [line:28] INFO std_val_loss                  1.1530
2026-09-24 17:45:00,586 fedbase.py run [line:316] INFO Eval Time Cost:               1.4649s
2026-09-24 17:45:00,586 asyncbase.py iterate [line:73] INFO Receive new models from clients [9, 16, 7] at time 7
2026-09-24 17:45:00,598 fedbase.py run [line:311] INFO --------------Round 6--------------
2026-09-24 17:45:00,598 simple_logger.py log_once [line:14] INFO Current_time:7
2026-09-24 17:45:02,079 simple_logger.py log_once [line:28] INFO test_accuracy                 0.1837
2026-09-24 17:45:02,079 simple_logger.py log_once [line:28] INFO test_loss                     2.3138
2026-09-24 17:45:02,079 simple_logger.py log_once [line:28] INFO val_accuracy                  0.1860
2026-09-24 17:45:02,079 simple_logger.py log_once [line:28] INFO mean_val_accuracy             0.1868
2026-09-24 17:45:02,079 simple_logger.py log_once [line:28] INFO std_val_accuracy              0.3605
2026-09-24 17:45:02,079 simple_logger.py log_once [line:28] INFO val_loss                      2.3107
2026-09-24 17:45:02,079 simple_logger.py log_once [line:28] INFO mean_val_loss                 2.3094
2026-09-24 17:45:02,079 simple_logger.py log_once [line:28] INFO std_val_loss                  0.6519
2026-09-24 17:45:02,079 fedbase.py run [line:316] INFO Eval Time Cost:               1.4811s
2026-09-24 17:45:02,080 asyncbase.py iterate [line:68] INFO Select clients [np.int64(1), np.int64(16), np.int64(13), np.int64(14), np.int64(19)] at time 8.
2026-09-24 17:45:03,672 asyncbase.py iterate [line:73] INFO Receive new models from clients [0, 1, 14] at time 8
2026-09-24 17:45:03,689 fedbase.py run [line:311] INFO --------------Round 7--------------
2026-09-24 17:45:03,689 simple_logger.py log_once [line:14] INFO Current_time:8
2026-09-24 17:45:05,162 simple_logger.py log_once [line:28] INFO test_accuracy                 0.2755
2026-09-24 17:45:05,162 simple_logger.py log_once [line:28] INFO test_loss                     2.2046
2026-09-24 17:45:05,162 simple_logger.py log_once [line:28] INFO val_accuracy                  0.2756
2026-09-24 17:45:05,162 simple_logger.py log_once [line:28] INFO mean_val_accuracy             0.2764
2026-09-24 17:45:05,162 simple_logger.py log_once [line:28] INFO std_val_accuracy              0.3529
2026-09-24 17:45:05,162 simple_logger.py log_once [line:28] INFO val_loss                      2.1984
2026-09-24 17:45:05,162 simple_logger.py log_once [line:28] INFO mean_val_loss                 2.1960
2026-09-24 17:45:05,162 simple_logger.py log_once [line:28] INFO std_val_loss                  0.6906
2026-09-24 17:45:05,162 fedbase.py run [line:316] INFO Eval Time Cost:               1.4730s
2026-09-24 17:45:05,162 asyncbase.py iterate [line:68] INFO Select clients [np.int64(7), np.int64(10), np.int64(8)] at time 9.
2026-09-24 17:45:06,099 asyncbase.py iterate [line:73] INFO Receive new models from clients [10] at time 9
2026-09-24 17:45:06,104 fedbase.py run [line:311] INFO --------------Round 8--------------
2026-09-24 17:45:06,104 simple_logger.py log_once [line:14] INFO Current_time:9
2026-09-24 17:45:07,572 simple_logger.py log_once [line:28] INFO test_accuracy                 0.1790
2026-09-24 17:45:07,572 simple_logger.py log_once [line:28] INFO test_loss                     5.7883
2026-09-24 17:45:07,572 simple_logger.py log_once [line:28] INFO val_accuracy                  0.1826
2026-09-24 17:45:07,572 simple_logger.py log_once [line:28] INFO mean_val_accuracy             0.1825
2026-09-24 17:45:07,572 simple_logger.py log_once [line:28] INFO std_val_accuracy              0.3488
2026-09-24 17:45:07,572 simple_logger.py log_once [line:28] INFO val_loss                      5.7756
2026-09-24 17:45:07,572 simple_logger.py log_once [line:28] INFO mean_val_loss                 5.7711
2026-09-24 17:45:07,572 simple_logger.py log_once [line:28] INFO std_val_loss                  3.2020
2026-09-24 17:45:07,572 fedbase.py run [line:316] INFO Eval Time Cost:               1.4680s
2026-09-24 17:45:07,572 asyncbase.py iterate [line:73] INFO Receive new models from clients [7, 16] at time 10
2026-09-24 17:45:07,591 fedbase.py run [line:311] INFO --------------Round 9--------------
2026-09-24 17:45:07,591 simple_logger.py log_once [line:14] INFO Current_time:10
2026-09-24 17:45:09,059 simple_logger.py log_once [line:28] INFO test_accuracy                 0.2334
2026-09-24 17:45:09,059 simple_logger.py log_once [line:28] INFO test_loss                     4.5820
2026-09-24 17:45:09,059 simple_logger.py log_once [line:28] INFO val_accuracy                  0.2360
2026-09-24 17:45:09,059 simple_logger.py log_once [line:28] INFO mean_val_accuracy             0.2363
2026-09-24 17:45:09,059 simple_logger.py log_once [line:28] INFO std_val_accuracy              0.3489
2026-09-24 17:45:09,059 simple_logger.py log_once [line:28] INFO val_loss                      4.5530
2026-09-24 17:45:09,059 simple_logger.py log_once [line:28] INFO mean_val_loss                 4.5555
2026-09-24 17:45:09,059 simple_logger.py log_once [line:28] INFO std_val_loss                  2.6541
2026-09-24 17:45:09,059 fedbase.py run [line:316] INFO Eval Time Cost:               1.4677s
2026-09-24 17:45:09,059 asyncbase.py iterate [line:68] INFO Select clients [np.int64(0), np.int64(1), np.int64(18)] at time 11.
2026-09-24 17:45:09,978 asyncbase.py iterate [line:73] INFO Receive new models from clients [19, 13] at time 11
2026-09-24 17:45:09,997 fedbase.py run [line:311] INFO --------------Round 10--------------
2026-09-24 17:45:09,997 simple_logger.py log_once [line:14] INFO Current_time:11
2026-09-24 17:45:11,463 simple_logger.py log_once [line:28] INFO test_accuracy                 0.2677
2026-09-24 17:45:11,463 simple_logger.py log_once [line:28] INFO test_loss                     4.8290
2026-09-24 17:45:11,463 simple_logger.py log_once [line:28] INFO val_accuracy                  0.2672
2026-09-24 17:45:11,464 simple_logger.py log_once [line:28] INFO mean_val_accuracy             0.2672
2026-09-24 17:45:11,464 simple_logger.py log_once [line:28] INFO std_val_accuracy              0.3298
2026-09-24 17:45:11,464 simple_logger.py log_once [line:28] INFO val_loss                      4.7795
2026-09-24 17:45:11,464 simple_logger.py log_once [line:28] INFO mean_val_loss                 4.7891
2026-09-24 17:45:11,464 simple_logger.py log_once [line:28] INFO std_val_loss                  3.7212
2026-09-24 17:45:11,464 fedbase.py run [line:316] INFO Eval Time Cost:               1.4663s
2026-09-24 17:45:11,464 fedbase.py run [line:324] INFO =================End==================
2026-09-24 17:45:11,464 fedbase.py run [line:325] INFO Total Time Cost:              24.2020s
