E:\fl-experiment\.venv\Lib\site-packages\torch\cuda\__init__.py:61: FutureWarning: The pynvml package is deprecated. Please install nvidia-ml-py instead. If you did not install pynvml directly, please report this to the maintainers of the package that installed pynvml for you.
  import pynvml  # type: ignore[import]
2026-09-24 17:43:00,317 fflow.py init [line:848] INFO PROCESS ID:	44840
2026-09-24 17:43:00,317 fflow.py init [line:849] INFO Initializing devices: cuda:0 will be used for this running.
2026-09-24 17:43:00,317 fflow.py init [line:852] INFO BENCHMARK:	flgo.benchmark.mnist_classification
2026-09-24 17:43:00,317 fflow.py init [line:853] INFO TASK:			E:\Federated Machine Learning\FL-Byzantine-Library\mnist_dir20
2026-09-24 17:43:00,326 fflow.py init [line:854] INFO MODEL:		flgo.benchmark.mnist_classification.model.cnn
2026-09-24 17:43:00,326 fflow.py init [line:855] INFO ALGORITHM:	research_algorithm
2026-09-24 17:43:01,482 fflow.py init [line:901] INFO SCENE:		horizontal FL with 1 <class 'flgo_byzantine.research_algorithm.Server'>, 20 <class 'flgo_byzantine.research_algorithm.Client'>
2026-09-24 17:43:01,579 fflow.py init [line:918] INFO SIMULATOR:	<class 'flgo.simulator.default_simulator.Simulator'>
2026-09-24 17:43:05,925 fflow.py init [line:931] INFO Ready to start.
2026-09-24 17:43:05,925 fedbase.py run [line:300] INFO --------------Initial Evaluation--------------
2026-09-24 17:43:05,925 simple_logger.py log_once [line:14] INFO Current_time:0
2026-09-24 17:43:07,509 simple_logger.py log_once [line:28] INFO test_accuracy                 0.0875
2026-09-24 17:43:07,509 simple_logger.py log_once [line:28] INFO test_loss                     2.3101
2026-09-24 17:43:07,509 simple_logger.py log_once [line:28] INFO val_accuracy                  0.0866
2026-09-24 17:43:07,509 simple_logger.py log_once [line:28] INFO mean_val_accuracy             0.0874
2026-09-24 17:43:07,509 simple_logger.py log_once [line:28] INFO std_val_accuracy              0.2312
2026-09-24 17:43:07,509 simple_logger.py log_once [line:28] INFO val_loss                      2.3109
2026-09-24 17:43:07,509 simple_logger.py log_once [line:28] INFO mean_val_loss                 2.3111
2026-09-24 17:43:07,509 simple_logger.py log_once [line:28] INFO std_val_loss                  0.0785
2026-09-24 17:43:07,510 fedbase.py run [line:303] INFO Eval Time Cost:               1.5845s
2026-09-24 17:43:07,510 asyncbase.py iterate [line:68] INFO Select clients [np.int64(7), np.int64(16), np.int64(18), np.int64(1), np.int64(9), np.int64(19)] at time 1.
2026-09-24 17:43:09,395 asyncbase.py iterate [line:73] INFO Receive new models from clients [16] at time 1
2026-09-24 17:43:09,416 fedbase.py run [line:311] INFO --------------Round 1--------------
2026-09-24 17:43:09,416 simple_logger.py log_once [line:14] INFO Current_time:1
2026-09-24 17:43:10,869 simple_logger.py log_once [line:28] INFO test_accuracy                 0.1817
2026-09-24 17:43:10,869 simple_logger.py log_once [line:28] INFO test_loss                     5.7203
2026-09-24 17:43:10,869 simple_logger.py log_once [line:28] INFO val_accuracy                  0.1866
2026-09-24 17:43:10,869 simple_logger.py log_once [line:28] INFO mean_val_accuracy             0.1863
2026-09-24 17:43:10,869 simple_logger.py log_once [line:28] INFO std_val_accuracy              0.3514
2026-09-24 17:43:10,869 simple_logger.py log_once [line:28] INFO val_loss                      5.6859
2026-09-24 17:43:10,869 simple_logger.py log_once [line:28] INFO mean_val_loss                 5.6893
2026-09-24 17:43:10,869 simple_logger.py log_once [line:28] INFO std_val_loss                  3.3003
2026-09-24 17:43:10,869 fedbase.py run [line:316] INFO Eval Time Cost:               1.4529s
2026-09-24 17:43:10,869 asyncbase.py iterate [line:68] INFO Select clients [np.int64(15)] at time 2.
2026-09-24 17:43:11,177 asyncbase.py iterate [line:73] INFO Receive new models from clients [7] at time 2
2026-09-24 17:43:11,182 fedbase.py run [line:311] INFO --------------Round 2--------------
2026-09-24 17:43:11,182 simple_logger.py log_once [line:14] INFO Current_time:2
2026-09-24 17:43:12,637 simple_logger.py log_once [line:28] INFO test_accuracy                 0.1692
2026-09-24 17:43:12,637 simple_logger.py log_once [line:28] INFO test_loss                     5.7408
2026-09-24 17:43:12,637 simple_logger.py log_once [line:28] INFO val_accuracy                  0.1737
2026-09-24 17:43:12,638 simple_logger.py log_once [line:28] INFO mean_val_accuracy             0.1735
2026-09-24 17:43:12,638 simple_logger.py log_once [line:28] INFO std_val_accuracy              0.2961
2026-09-24 17:43:12,638 simple_logger.py log_once [line:28] INFO val_loss                      5.7077
2026-09-24 17:43:12,638 simple_logger.py log_once [line:28] INFO mean_val_loss                 5.7170
2026-09-24 17:43:12,638 simple_logger.py log_once [line:28] INFO std_val_loss                  3.7962
2026-09-24 17:43:12,638 fedbase.py run [line:316] INFO Eval Time Cost:               1.4554s
2026-09-24 17:43:12,638 asyncbase.py iterate [line:73] INFO Receive new models from clients [1, 19, 18] at time 3
2026-09-24 17:43:12,660 fedbase.py run [line:311] INFO --------------Round 3--------------
2026-09-24 17:43:12,661 simple_logger.py log_once [line:14] INFO Current_time:3
2026-09-24 17:43:14,128 simple_logger.py log_once [line:28] INFO test_accuracy                 0.2239
2026-09-24 17:43:14,128 simple_logger.py log_once [line:28] INFO test_loss                     6.5158
2026-09-24 17:43:14,128 simple_logger.py log_once [line:28] INFO val_accuracy                  0.2314
2026-09-24 17:43:14,128 simple_logger.py log_once [line:28] INFO mean_val_accuracy             0.2316
2026-09-24 17:43:14,128 simple_logger.py log_once [line:28] INFO std_val_accuracy              0.3422
2026-09-24 17:43:14,128 simple_logger.py log_once [line:28] INFO val_loss                      6.4450
2026-09-24 17:43:14,128 simple_logger.py log_once [line:28] INFO mean_val_loss                 6.4611
2026-09-24 17:43:14,128 simple_logger.py log_once [line:28] INFO std_val_loss                  4.7402
2026-09-24 17:43:14,128 fedbase.py run [line:316] INFO Eval Time Cost:               1.4678s
2026-09-24 17:43:14,129 asyncbase.py iterate [line:68] INFO Select clients [np.int64(2), np.int64(7), np.int64(11), np.int64(12)] at time 4.
2026-09-24 17:43:15,365 asyncbase.py iterate [line:73] INFO Receive new models from clients [15, 12] at time 4
2026-09-24 17:43:15,376 fedbase.py run [line:311] INFO --------------Round 4--------------
2026-09-24 17:43:15,376 simple_logger.py log_once [line:14] INFO Current_time:4
2026-09-24 17:43:16,844 simple_logger.py log_once [line:28] INFO test_accuracy                 0.0892
2026-09-24 17:43:16,844 simple_logger.py log_once [line:28] INFO test_loss                     4.2098
2026-09-24 17:43:16,844 simple_logger.py log_once [line:28] INFO val_accuracy                  0.0907
2026-09-24 17:43:16,844 simple_logger.py log_once [line:28] INFO mean_val_accuracy             0.0904
2026-09-24 17:43:16,844 simple_logger.py log_once [line:28] INFO std_val_accuracy              0.2536
2026-09-24 17:43:16,844 simple_logger.py log_once [line:28] INFO val_loss                      4.2066
2026-09-24 17:43:16,844 simple_logger.py log_once [line:28] INFO mean_val_loss                 4.2084
2026-09-24 17:43:16,844 simple_logger.py log_once [line:28] INFO std_val_loss                  2.0215
2026-09-24 17:43:16,844 fedbase.py run [line:316] INFO Eval Time Cost:               1.4684s
2026-09-24 17:43:16,844 asyncbase.py iterate [line:68] INFO Select clients [np.int64(16), np.int64(12)] at time 5.
2026-09-24 17:43:17,463 asyncbase.py iterate [line:73] INFO Receive new models from clients [12, 2] at time 6
2026-09-24 17:43:17,474 fedbase.py run [line:311] INFO --------------Round 5--------------
2026-09-24 17:43:17,474 simple_logger.py log_once [line:14] INFO Current_time:6
2026-09-24 17:43:18,939 simple_logger.py log_once [line:28] INFO test_accuracy                 0.1637
2026-09-24 17:43:18,939 simple_logger.py log_once [line:28] INFO test_loss                     2.8201
2026-09-24 17:43:18,939 simple_logger.py log_once [line:28] INFO val_accuracy                  0.1674
2026-09-24 17:43:18,939 simple_logger.py log_once [line:28] INFO mean_val_accuracy             0.1680
2026-09-24 17:43:18,939 simple_logger.py log_once [line:28] INFO std_val_accuracy              0.3280
2026-09-24 17:43:18,939 simple_logger.py log_once [line:28] INFO val_loss                      2.8211
2026-09-24 17:43:18,939 simple_logger.py log_once [line:28] INFO mean_val_loss                 2.8203
2026-09-24 17:43:18,939 simple_logger.py log_once [line:28] INFO std_val_loss                  1.1422
2026-09-24 17:43:18,939 fedbase.py run [line:316] INFO Eval Time Cost:               1.4652s
2026-09-24 17:43:18,939 asyncbase.py iterate [line:73] INFO Receive new models from clients [7, 16, 9] at time 7
2026-09-24 17:43:18,953 fedbase.py run [line:311] INFO --------------Round 6--------------
2026-09-24 17:43:18,953 simple_logger.py log_once [line:14] INFO Current_time:7
2026-09-24 17:43:20,463 simple_logger.py log_once [line:28] INFO test_accuracy                 0.1762
2026-09-24 17:43:20,464 simple_logger.py log_once [line:28] INFO test_loss                     2.2700
2026-09-24 17:43:20,464 simple_logger.py log_once [line:28] INFO val_accuracy                  0.1780
2026-09-24 17:43:20,464 simple_logger.py log_once [line:28] INFO mean_val_accuracy             0.1786
2026-09-24 17:43:20,464 simple_logger.py log_once [line:28] INFO std_val_accuracy              0.3462
2026-09-24 17:43:20,464 simple_logger.py log_once [line:28] INFO val_loss                      2.2711
2026-09-24 17:43:20,464 simple_logger.py log_once [line:28] INFO mean_val_loss                 2.2711
2026-09-24 17:43:20,464 simple_logger.py log_once [line:28] INFO std_val_loss                  0.4003
2026-09-24 17:43:20,464 fedbase.py run [line:316] INFO Eval Time Cost:               1.5104s
2026-09-24 17:43:20,464 asyncbase.py iterate [line:68] INFO Select clients [np.int64(1), np.int64(16), np.int64(13), np.int64(14), np.int64(19)] at time 8.
2026-09-24 17:43:22,033 asyncbase.py iterate [line:73] INFO Receive new models from clients [16] at time 8
2026-09-24 17:43:22,041 fedbase.py run [line:311] INFO --------------Round 7--------------
2026-09-24 17:43:22,041 simple_logger.py log_once [line:14] INFO Current_time:8
2026-09-24 17:43:23,497 simple_logger.py log_once [line:28] INFO test_accuracy                 0.1011
2026-09-24 17:43:23,497 simple_logger.py log_once [line:28] INFO test_loss                     5.1188
2026-09-24 17:43:23,497 simple_logger.py log_once [line:28] INFO val_accuracy                  0.0999
2026-09-24 17:43:23,497 simple_logger.py log_once [line:28] INFO mean_val_accuracy             0.0994
2026-09-24 17:43:23,497 simple_logger.py log_once [line:28] INFO std_val_accuracy              0.2889
2026-09-24 17:43:23,497 simple_logger.py log_once [line:28] INFO val_loss                      5.1004
2026-09-24 17:43:23,497 simple_logger.py log_once [line:28] INFO mean_val_loss                 5.1043
2026-09-24 17:43:23,497 simple_logger.py log_once [line:28] INFO std_val_loss                  2.3105
2026-09-24 17:43:23,497 fedbase.py run [line:316] INFO Eval Time Cost:               1.4562s
2026-09-24 17:43:23,497 asyncbase.py iterate [line:68] INFO Select clients [np.int64(7)] at time 9.
2026-09-24 17:43:23,805 asyncbase.py iterate [line:73] INFO Receive new models from clients [11, 13] at time 10
2026-09-24 17:43:23,814 fedbase.py run [line:311] INFO --------------Round 8--------------
2026-09-24 17:43:23,814 simple_logger.py log_once [line:14] INFO Current_time:10
2026-09-24 17:43:25,297 simple_logger.py log_once [line:28] INFO test_accuracy                 0.1587
2026-09-24 17:43:25,297 simple_logger.py log_once [line:28] INFO test_loss                     9.1005
2026-09-24 17:43:25,297 simple_logger.py log_once [line:28] INFO val_accuracy                  0.1581
2026-09-24 17:43:25,297 simple_logger.py log_once [line:28] INFO mean_val_accuracy             0.1574
2026-09-24 17:43:25,297 simple_logger.py log_once [line:28] INFO std_val_accuracy              0.3133
2026-09-24 17:43:25,297 simple_logger.py log_once [line:28] INFO val_loss                      9.0769
2026-09-24 17:43:25,297 simple_logger.py log_once [line:28] INFO mean_val_loss                 9.0859
2026-09-24 17:43:25,298 simple_logger.py log_once [line:28] INFO std_val_loss                  4.5410
2026-09-24 17:43:25,298 fedbase.py run [line:316] INFO Eval Time Cost:               1.4835s
2026-09-24 17:43:25,298 asyncbase.py iterate [line:68] INFO Select clients [np.int64(4)] at time 11.
2026-09-24 17:43:25,607 asyncbase.py iterate [line:73] INFO Receive new models from clients [1, 19] at time 11
2026-09-24 17:43:25,629 fedbase.py run [line:311] INFO --------------Round 9--------------
2026-09-24 17:43:25,629 simple_logger.py log_once [line:14] INFO Current_time:11
2026-09-24 17:43:27,085 simple_logger.py log_once [line:28] INFO test_accuracy                 0.2553
2026-09-24 17:43:27,085 simple_logger.py log_once [line:28] INFO test_loss                     15.3380
2026-09-24 17:43:27,085 simple_logger.py log_once [line:28] INFO val_accuracy                  0.2574
2026-09-24 17:43:27,085 simple_logger.py log_once [line:28] INFO mean_val_accuracy             0.2568
2026-09-24 17:43:27,085 simple_logger.py log_once [line:28] INFO std_val_accuracy              0.3712
2026-09-24 17:43:27,085 simple_logger.py log_once [line:28] INFO val_loss                      15.2673
2026-09-24 17:43:27,085 simple_logger.py log_once [line:28] INFO mean_val_loss                 15.2825
2026-09-24 17:43:27,085 simple_logger.py log_once [line:28] INFO std_val_loss                  9.5547
2026-09-24 17:43:27,085 fedbase.py run [line:316] INFO Eval Time Cost:               1.4562s
2026-09-24 17:43:27,085 asyncbase.py iterate [line:68] INFO Select clients [np.int64(0), np.int64(1), np.int64(18)] at time 12.
2026-09-24 17:43:28,011 asyncbase.py iterate [line:73] INFO Receive new models from clients [4, 7, 0] at time 12
2026-09-24 17:43:28,034 fedbase.py run [line:311] INFO --------------Round 10--------------
2026-09-24 17:43:28,034 simple_logger.py log_once [line:14] INFO Current_time:12
2026-09-24 17:43:29,493 simple_logger.py log_once [line:28] INFO test_accuracy                 0.1259
2026-09-24 17:43:29,493 simple_logger.py log_once [line:28] INFO test_loss                     3.2083
2026-09-24 17:43:29,493 simple_logger.py log_once [line:28] INFO val_accuracy                  0.1246
2026-09-24 17:43:29,494 simple_logger.py log_once [line:28] INFO mean_val_accuracy             0.1251
2026-09-24 17:43:29,494 simple_logger.py log_once [line:28] INFO std_val_accuracy              0.2766
2026-09-24 17:43:29,494 simple_logger.py log_once [line:28] INFO val_loss                      3.2118
2026-09-24 17:43:29,494 simple_logger.py log_once [line:28] INFO mean_val_loss                 3.2078
2026-09-24 17:43:29,494 simple_logger.py log_once [line:28] INFO std_val_loss                  1.6277
2026-09-24 17:43:29,494 fedbase.py run [line:316] INFO Eval Time Cost:               1.4598s
2026-09-24 17:43:29,494 fedbase.py run [line:324] INFO =================End==================
2026-09-24 17:43:29,494 fedbase.py run [line:325] INFO Total Time Cost:              23.5687s
