E:\fl-experiment\.venv\Lib\site-packages\torch\cuda\__init__.py:61: FutureWarning: The pynvml package is deprecated. Please install nvidia-ml-py instead. If you did not install pynvml directly, please report this to the maintainers of the package that installed pynvml for you.
  import pynvml  # type: ignore[import]
2026-09-24 17:44:06,465 fflow.py init [line:848] INFO PROCESS ID:	22324
2026-09-24 17:44:06,465 fflow.py init [line:849] INFO Initializing devices: cuda:0 will be used for this running.
2026-09-24 17:44:06,465 fflow.py init [line:852] INFO BENCHMARK:	flgo.benchmark.mnist_classification
2026-09-24 17:44:06,465 fflow.py init [line:853] INFO TASK:			E:\Federated Machine Learning\FL-Byzantine-Library\mnist_dir20
2026-09-24 17:44:06,501 fflow.py init [line:854] INFO MODEL:		flgo.benchmark.mnist_classification.model.cnn
2026-09-24 17:44:06,501 fflow.py init [line:855] INFO ALGORITHM:	research_algorithm
2026-09-24 17:44:07,683 fflow.py init [line:901] INFO SCENE:		horizontal FL with 1 <class 'flgo_byzantine.research_algorithm.Server'>, 20 <class 'flgo_byzantine.research_algorithm.Client'>
2026-09-24 17:44:07,785 fflow.py init [line:918] INFO SIMULATOR:	<class 'flgo.simulator.default_simulator.Simulator'>
2026-09-24 17:44:12,589 fflow.py init [line:931] INFO Ready to start.
2026-09-24 17:44:12,589 fedbase.py run [line:300] INFO --------------Initial Evaluation--------------
2026-09-24 17:44:12,589 simple_logger.py log_once [line:14] INFO Current_time:0
2026-09-24 17:44:14,262 simple_logger.py log_once [line:28] INFO test_accuracy                 0.0875
2026-09-24 17:44:14,262 simple_logger.py log_once [line:28] INFO test_loss                     2.3101
2026-09-24 17:44:14,263 simple_logger.py log_once [line:28] INFO val_accuracy                  0.0866
2026-09-24 17:44:14,263 simple_logger.py log_once [line:28] INFO mean_val_accuracy             0.0874
2026-09-24 17:44:14,263 simple_logger.py log_once [line:28] INFO std_val_accuracy              0.2312
2026-09-24 17:44:14,263 simple_logger.py log_once [line:28] INFO val_loss                      2.3109
2026-09-24 17:44:14,263 simple_logger.py log_once [line:28] INFO mean_val_loss                 2.3111
2026-09-24 17:44:14,263 simple_logger.py log_once [line:28] INFO std_val_loss                  0.0785
2026-09-24 17:44:14,263 fedbase.py run [line:303] INFO Eval Time Cost:               1.6735s
2026-09-24 17:44:14,263 asyncbase.py iterate [line:68] INFO Select clients [np.int64(7), np.int64(16), np.int64(18), np.int64(1), np.int64(9), np.int64(19)] at time 1.
2026-09-24 17:44:16,299 asyncbase.py iterate [line:73] INFO Receive new models from clients [16] at time 1
2026-09-24 17:44:16,315 fedbase.py run [line:311] INFO --------------Round 1--------------
2026-09-24 17:44:16,315 simple_logger.py log_once [line:14] INFO Current_time:1
2026-09-24 17:44:17,802 simple_logger.py log_once [line:28] INFO test_accuracy                 0.1815
2026-09-24 17:44:17,802 simple_logger.py log_once [line:28] INFO test_loss                     5.7236
2026-09-24 17:44:17,802 simple_logger.py log_once [line:28] INFO val_accuracy                  0.1865
2026-09-24 17:44:17,802 simple_logger.py log_once [line:28] INFO mean_val_accuracy             0.1861
2026-09-24 17:44:17,802 simple_logger.py log_once [line:28] INFO std_val_accuracy              0.3511
2026-09-24 17:44:17,802 simple_logger.py log_once [line:28] INFO val_loss                      5.6892
2026-09-24 17:44:17,802 simple_logger.py log_once [line:28] INFO mean_val_loss                 5.6926
2026-09-24 17:44:17,802 simple_logger.py log_once [line:28] INFO std_val_loss                  3.3022
2026-09-24 17:44:17,802 fedbase.py run [line:316] INFO Eval Time Cost:               1.4872s
2026-09-24 17:44:17,802 asyncbase.py iterate [line:68] INFO Select clients [np.int64(15)] at time 2.
2026-09-24 17:44:18,136 asyncbase.py iterate [line:73] INFO Receive new models from clients [7] at time 2
2026-09-24 17:44:18,144 fedbase.py run [line:311] INFO --------------Round 2--------------
2026-09-24 17:44:18,144 simple_logger.py log_once [line:14] INFO Current_time:2
2026-09-24 17:44:19,661 simple_logger.py log_once [line:28] INFO test_accuracy                 0.1691
2026-09-24 17:44:19,661 simple_logger.py log_once [line:28] INFO test_loss                     5.7444
2026-09-24 17:44:19,661 simple_logger.py log_once [line:28] INFO val_accuracy                  0.1735
2026-09-24 17:44:19,661 simple_logger.py log_once [line:28] INFO mean_val_accuracy             0.1734
2026-09-24 17:44:19,661 simple_logger.py log_once [line:28] INFO std_val_accuracy              0.2958
2026-09-24 17:44:19,661 simple_logger.py log_once [line:28] INFO val_loss                      5.7112
2026-09-24 17:44:19,661 simple_logger.py log_once [line:28] INFO mean_val_loss                 5.7205
2026-09-24 17:44:19,661 simple_logger.py log_once [line:28] INFO std_val_loss                  3.7978
2026-09-24 17:44:19,661 fedbase.py run [line:316] INFO Eval Time Cost:               1.5176s
2026-09-24 17:44:19,661 asyncbase.py iterate [line:73] INFO Receive new models from clients [1, 19, 18] at time 3
2026-09-24 17:44:19,680 fedbase.py run [line:311] INFO --------------Round 3--------------
2026-09-24 17:44:19,680 simple_logger.py log_once [line:14] INFO Current_time:3
2026-09-24 17:44:21,190 simple_logger.py log_once [line:28] INFO test_accuracy                 0.2238
2026-09-24 17:44:21,190 simple_logger.py log_once [line:28] INFO test_loss                     6.5198
2026-09-24 17:44:21,190 simple_logger.py log_once [line:28] INFO val_accuracy                  0.2314
2026-09-24 17:44:21,190 simple_logger.py log_once [line:28] INFO mean_val_accuracy             0.2316
2026-09-24 17:44:21,190 simple_logger.py log_once [line:28] INFO std_val_accuracy              0.3422
2026-09-24 17:44:21,190 simple_logger.py log_once [line:28] INFO val_loss                      6.4490
2026-09-24 17:44:21,190 simple_logger.py log_once [line:28] INFO mean_val_loss                 6.4650
2026-09-24 17:44:21,190 simple_logger.py log_once [line:28] INFO std_val_loss                  4.7426
2026-09-24 17:44:21,190 fedbase.py run [line:316] INFO Eval Time Cost:               1.5099s
2026-09-24 17:44:21,190 asyncbase.py iterate [line:68] INFO Select clients [np.int64(2), np.int64(7), np.int64(11), np.int64(12)] at time 4.
2026-09-24 17:44:22,460 asyncbase.py iterate [line:73] INFO Receive new models from clients [15, 12] at time 4
2026-09-24 17:44:22,471 fedbase.py run [line:311] INFO --------------Round 4--------------
2026-09-24 17:44:22,471 simple_logger.py log_once [line:14] INFO Current_time:4
2026-09-24 17:44:24,006 simple_logger.py log_once [line:28] INFO test_accuracy                 0.0892
2026-09-24 17:44:24,006 simple_logger.py log_once [line:28] INFO test_loss                     4.3753
2026-09-24 17:44:24,006 simple_logger.py log_once [line:28] INFO val_accuracy                  0.0907
2026-09-24 17:44:24,006 simple_logger.py log_once [line:28] INFO mean_val_accuracy             0.0904
2026-09-24 17:44:24,006 simple_logger.py log_once [line:28] INFO std_val_accuracy              0.2536
2026-09-24 17:44:24,007 simple_logger.py log_once [line:28] INFO val_loss                      4.3725
2026-09-24 17:44:24,007 simple_logger.py log_once [line:28] INFO mean_val_loss                 4.3746
2026-09-24 17:44:24,007 simple_logger.py log_once [line:28] INFO std_val_loss                  2.0702
2026-09-24 17:44:24,007 fedbase.py run [line:316] INFO Eval Time Cost:               1.5355s
2026-09-24 17:44:24,007 asyncbase.py iterate [line:68] INFO Select clients [np.int64(16), np.int64(12)] at time 5.
2026-09-24 17:44:24,665 asyncbase.py iterate [line:73] INFO Receive new models from clients [12, 9, 2] at time 6
2026-09-24 17:44:24,679 fedbase.py run [line:311] INFO --------------Round 5--------------
2026-09-24 17:44:24,679 simple_logger.py log_once [line:14] INFO Current_time:6
2026-09-24 17:44:26,171 simple_logger.py log_once [line:28] INFO test_accuracy                 0.1845
2026-09-24 17:44:26,171 simple_logger.py log_once [line:28] INFO test_loss                     3.8988
2026-09-24 17:44:26,171 simple_logger.py log_once [line:28] INFO val_accuracy                  0.1868
2026-09-24 17:44:26,171 simple_logger.py log_once [line:28] INFO mean_val_accuracy             0.1876
2026-09-24 17:44:26,171 simple_logger.py log_once [line:28] INFO std_val_accuracy              0.3624
2026-09-24 17:44:26,171 simple_logger.py log_once [line:28] INFO val_loss                      3.8885
2026-09-24 17:44:26,171 simple_logger.py log_once [line:28] INFO mean_val_loss                 3.8872
2026-09-24 17:44:26,171 simple_logger.py log_once [line:28] INFO std_val_loss                  1.9225
2026-09-24 17:44:26,171 fedbase.py run [line:316] INFO Eval Time Cost:               1.4918s
2026-09-24 17:44:26,171 asyncbase.py iterate [line:68] INFO Select clients [np.int64(6)] at time 7.
2026-09-24 17:44:26,503 asyncbase.py iterate [line:73] INFO Receive new models from clients [16, 7] at time 7
2026-09-24 17:44:26,515 fedbase.py run [line:311] INFO --------------Round 6--------------
2026-09-24 17:44:26,515 simple_logger.py log_once [line:14] INFO Current_time:7
2026-09-24 17:44:28,001 simple_logger.py log_once [line:28] INFO test_accuracy                 0.1009
2026-09-24 17:44:28,001 simple_logger.py log_once [line:28] INFO test_loss                     2.3210
2026-09-24 17:44:28,002 simple_logger.py log_once [line:28] INFO val_accuracy                  0.0999
2026-09-24 17:44:28,002 simple_logger.py log_once [line:28] INFO mean_val_accuracy             0.0994
2026-09-24 17:44:28,002 simple_logger.py log_once [line:28] INFO std_val_accuracy              0.2889
2026-09-24 17:44:28,002 simple_logger.py log_once [line:28] INFO val_loss                      2.3208
2026-09-24 17:44:28,002 simple_logger.py log_once [line:28] INFO mean_val_loss                 2.3214
2026-09-24 17:44:28,002 simple_logger.py log_once [line:28] INFO std_val_loss                  0.2886
2026-09-24 17:44:28,002 fedbase.py run [line:316] INFO Eval Time Cost:               1.4866s
2026-09-24 17:44:28,002 asyncbase.py iterate [line:68] INFO Select clients [np.int64(1), np.int64(16), np.int64(13), np.int64(14)] at time 8.
2026-09-24 17:44:29,340 asyncbase.py iterate [line:73] INFO Receive new models from clients [1, 14] at time 8
2026-09-24 17:44:29,350 fedbase.py run [line:311] INFO --------------Round 7--------------
2026-09-24 17:44:29,350 simple_logger.py log_once [line:14] INFO Current_time:8
2026-09-24 17:44:30,840 simple_logger.py log_once [line:28] INFO test_accuracy                 0.0958
2026-09-24 17:44:30,840 simple_logger.py log_once [line:28] INFO test_loss                     7.1152
2026-09-24 17:44:30,840 simple_logger.py log_once [line:28] INFO val_accuracy                  0.0981
2026-09-24 17:44:30,840 simple_logger.py log_once [line:28] INFO mean_val_accuracy             0.0983
2026-09-24 17:44:30,840 simple_logger.py log_once [line:28] INFO std_val_accuracy              0.2826
2026-09-24 17:44:30,840 simple_logger.py log_once [line:28] INFO val_loss                      7.0900
2026-09-24 17:44:30,840 simple_logger.py log_once [line:28] INFO mean_val_loss                 7.0889
2026-09-24 17:44:30,841 simple_logger.py log_once [line:28] INFO std_val_loss                  2.6175
2026-09-24 17:44:30,841 fedbase.py run [line:316] INFO Eval Time Cost:               1.4902s
2026-09-24 17:44:30,841 asyncbase.py iterate [line:68] INFO Select clients [np.int64(7), np.int64(10)] at time 9.
2026-09-24 17:44:31,492 asyncbase.py iterate [line:73] INFO Receive new models from clients [10, 11, 16, 6] at time 10
2026-09-24 17:44:31,518 fedbase.py run [line:311] INFO --------------Round 8--------------
2026-09-24 17:44:31,518 simple_logger.py log_once [line:14] INFO Current_time:10
2026-09-24 17:44:33,015 simple_logger.py log_once [line:28] INFO test_accuracy                 0.0958
2026-09-24 17:44:33,015 simple_logger.py log_once [line:28] INFO test_loss                     9.0013
2026-09-24 17:44:33,015 simple_logger.py log_once [line:28] INFO val_accuracy                  0.0981
2026-09-24 17:44:33,015 simple_logger.py log_once [line:28] INFO mean_val_accuracy             0.0983
2026-09-24 17:44:33,015 simple_logger.py log_once [line:28] INFO std_val_accuracy              0.2826
2026-09-24 17:44:33,015 simple_logger.py log_once [line:28] INFO val_loss                      8.9681
2026-09-24 17:44:33,015 simple_logger.py log_once [line:28] INFO mean_val_loss                 8.9671
2026-09-24 17:44:33,015 simple_logger.py log_once [line:28] INFO std_val_loss                  3.2850
2026-09-24 17:44:33,016 fedbase.py run [line:316] INFO Eval Time Cost:               1.4971s
2026-09-24 17:44:33,016 asyncbase.py iterate [line:68] INFO Select clients [np.int64(19), np.int64(4), np.int64(0), np.int64(2)] at time 11.
2026-09-24 17:44:34,351 asyncbase.py iterate [line:73] INFO Receive new models from clients [13, 19] at time 11
2026-09-24 17:44:34,373 fedbase.py run [line:311] INFO --------------Round 9--------------
2026-09-24 17:44:34,374 simple_logger.py log_once [line:14] INFO Current_time:11
2026-09-24 17:44:35,877 simple_logger.py log_once [line:28] INFO test_accuracy                 0.2384
2026-09-24 17:44:35,877 simple_logger.py log_once [line:28] INFO test_loss                     2.2373
2026-09-24 17:44:35,877 simple_logger.py log_once [line:28] INFO val_accuracy                  0.2349
2026-09-24 17:44:35,877 simple_logger.py log_once [line:28] INFO mean_val_accuracy             0.2349
2026-09-24 17:44:35,877 simple_logger.py log_once [line:28] INFO std_val_accuracy              0.3448
2026-09-24 17:44:35,877 simple_logger.py log_once [line:28] INFO val_loss                      2.2343
2026-09-24 17:44:35,877 simple_logger.py log_once [line:28] INFO mean_val_loss                 2.2343
2026-09-24 17:44:35,877 simple_logger.py log_once [line:28] INFO std_val_loss                  0.5310
2026-09-24 17:44:35,877 fedbase.py run [line:316] INFO Eval Time Cost:               1.5036s
2026-09-24 17:44:35,877 asyncbase.py iterate [line:68] INFO Select clients [np.int64(1)] at time 12.
2026-09-24 17:44:36,197 asyncbase.py iterate [line:73] INFO Receive new models from clients [7, 2] at time 12
2026-09-24 17:44:36,217 fedbase.py run [line:311] INFO --------------Round 10--------------
2026-09-24 17:44:36,217 simple_logger.py log_once [line:14] INFO Current_time:12
2026-09-24 17:44:37,712 simple_logger.py log_once [line:28] INFO test_accuracy                 0.3137
2026-09-24 17:44:37,712 simple_logger.py log_once [line:28] INFO test_loss                     3.8395
2026-09-24 17:44:37,712 simple_logger.py log_once [line:28] INFO val_accuracy                  0.3138
2026-09-24 17:44:37,712 simple_logger.py log_once [line:28] INFO mean_val_accuracy             0.3136
2026-09-24 17:44:37,712 simple_logger.py log_once [line:28] INFO std_val_accuracy              0.3952
2026-09-24 17:44:37,712 simple_logger.py log_once [line:28] INFO val_loss                      3.8243
2026-09-24 17:44:37,712 simple_logger.py log_once [line:28] INFO mean_val_loss                 3.8262
2026-09-24 17:44:37,712 simple_logger.py log_once [line:28] INFO std_val_loss                  3.0727
2026-09-24 17:44:37,712 fedbase.py run [line:316] INFO Eval Time Cost:               1.4952s
2026-09-24 17:44:37,712 fedbase.py run [line:324] INFO =================End==================
2026-09-24 17:44:37,712 fedbase.py run [line:325] INFO Total Time Cost:              25.1229s
