E:\fl-experiment\.venv\Lib\site-packages\torch\cuda\__init__.py:61: FutureWarning: The pynvml package is deprecated. Please install nvidia-ml-py instead. If you did not install pynvml directly, please report this to the maintainers of the package that installed pynvml for you.
  import pynvml  # type: ignore[import]
2026-09-24 17:45:14,880 fflow.py init [line:848] INFO PROCESS ID:	42544
2026-09-24 17:45:14,880 fflow.py init [line:849] INFO Initializing devices: cuda:0 will be used for this running.
2026-09-24 17:45:14,880 fflow.py init [line:852] INFO BENCHMARK:	flgo.benchmark.mnist_classification
2026-09-24 17:45:14,880 fflow.py init [line:853] INFO TASK:			E:\Federated Machine Learning\FL-Byzantine-Library\mnist_dir20
2026-09-24 17:45:14,916 fflow.py init [line:854] INFO MODEL:		flgo.benchmark.mnist_classification.model.cnn
2026-09-24 17:45:14,917 fflow.py init [line:855] INFO ALGORITHM:	research_algorithm
2026-09-24 17:45:16,121 fflow.py init [line:901] INFO SCENE:		horizontal FL with 1 <class 'flgo_byzantine.research_algorithm.Server'>, 20 <class 'flgo_byzantine.research_algorithm.Client'>
2026-09-24 17:45:16,212 fflow.py init [line:918] INFO SIMULATOR:	<class 'flgo.simulator.default_simulator.Simulator'>
2026-09-24 17:45:21,038 fflow.py init [line:931] INFO Ready to start.
2026-09-24 17:45:21,038 fedbase.py run [line:300] INFO --------------Initial Evaluation--------------
2026-09-24 17:45:21,038 simple_logger.py log_once [line:14] INFO Current_time:0
2026-09-24 17:45:22,654 simple_logger.py log_once [line:28] INFO test_accuracy                 0.0875
2026-09-24 17:45:22,654 simple_logger.py log_once [line:28] INFO test_loss                     2.3101
2026-09-24 17:45:22,654 simple_logger.py log_once [line:28] INFO val_accuracy                  0.0866
2026-09-24 17:45:22,654 simple_logger.py log_once [line:28] INFO mean_val_accuracy             0.0874
2026-09-24 17:45:22,654 simple_logger.py log_once [line:28] INFO std_val_accuracy              0.2312
2026-09-24 17:45:22,654 simple_logger.py log_once [line:28] INFO val_loss                      2.3109
2026-09-24 17:45:22,654 simple_logger.py log_once [line:28] INFO mean_val_loss                 2.3111
2026-09-24 17:45:22,654 simple_logger.py log_once [line:28] INFO std_val_loss                  0.0785
2026-09-24 17:45:22,654 fedbase.py run [line:303] INFO Eval Time Cost:               1.6157s
2026-09-24 17:45:22,654 asyncbase.py iterate [line:68] INFO Select clients [np.int64(7), np.int64(16), np.int64(18), np.int64(1), np.int64(9), np.int64(19)] at time 1.
2026-09-24 17:45:24,606 asyncbase.py iterate [line:73] INFO Receive new models from clients [16] at time 1
2026-09-24 17:45:24,620 fedbase.py run [line:311] INFO --------------Round 1--------------
2026-09-24 17:45:24,620 simple_logger.py log_once [line:14] INFO Current_time:1
2026-09-24 17:45:26,092 simple_logger.py log_once [line:28] INFO test_accuracy                 0.1817
2026-09-24 17:45:26,092 simple_logger.py log_once [line:28] INFO test_loss                     5.7205
2026-09-24 17:45:26,092 simple_logger.py log_once [line:28] INFO val_accuracy                  0.1866
2026-09-24 17:45:26,092 simple_logger.py log_once [line:28] INFO mean_val_accuracy             0.1863
2026-09-24 17:45:26,092 simple_logger.py log_once [line:28] INFO std_val_accuracy              0.3514
2026-09-24 17:45:26,092 simple_logger.py log_once [line:28] INFO val_loss                      5.6861
2026-09-24 17:45:26,092 simple_logger.py log_once [line:28] INFO mean_val_loss                 5.6895
2026-09-24 17:45:26,092 simple_logger.py log_once [line:28] INFO std_val_loss                  3.3001
2026-09-24 17:45:26,092 fedbase.py run [line:316] INFO Eval Time Cost:               1.4721s
2026-09-24 17:45:26,092 asyncbase.py iterate [line:68] INFO Select clients [np.int64(15)] at time 2.
2026-09-24 17:45:26,401 asyncbase.py iterate [line:73] INFO Receive new models from clients [7] at time 2
2026-09-24 17:45:26,407 fedbase.py run [line:311] INFO --------------Round 2--------------
2026-09-24 17:45:26,407 simple_logger.py log_once [line:14] INFO Current_time:2
2026-09-24 17:45:27,887 simple_logger.py log_once [line:28] INFO test_accuracy                 0.1692
2026-09-24 17:45:27,887 simple_logger.py log_once [line:28] INFO test_loss                     5.7404
2026-09-24 17:45:27,887 simple_logger.py log_once [line:28] INFO val_accuracy                  0.1739
2026-09-24 17:45:27,887 simple_logger.py log_once [line:28] INFO mean_val_accuracy             0.1737
2026-09-24 17:45:27,887 simple_logger.py log_once [line:28] INFO std_val_accuracy              0.2965
2026-09-24 17:45:27,887 simple_logger.py log_once [line:28] INFO val_loss                      5.7073
2026-09-24 17:45:27,887 simple_logger.py log_once [line:28] INFO mean_val_loss                 5.7166
2026-09-24 17:45:27,887 simple_logger.py log_once [line:28] INFO std_val_loss                  3.7958
2026-09-24 17:45:27,887 fedbase.py run [line:316] INFO Eval Time Cost:               1.4798s
2026-09-24 17:45:27,887 asyncbase.py iterate [line:73] INFO Receive new models from clients [1, 19, 18] at time 3
2026-09-24 17:45:27,904 fedbase.py run [line:311] INFO --------------Round 3--------------
2026-09-24 17:45:27,904 simple_logger.py log_once [line:14] INFO Current_time:3
2026-09-24 17:45:29,387 simple_logger.py log_once [line:28] INFO test_accuracy                 0.2240
2026-09-24 17:45:29,387 simple_logger.py log_once [line:28] INFO test_loss                     6.5153
2026-09-24 17:45:29,387 simple_logger.py log_once [line:28] INFO val_accuracy                  0.2314
2026-09-24 17:45:29,387 simple_logger.py log_once [line:28] INFO mean_val_accuracy             0.2316
2026-09-24 17:45:29,387 simple_logger.py log_once [line:28] INFO std_val_accuracy              0.3422
2026-09-24 17:45:29,387 simple_logger.py log_once [line:28] INFO val_loss                      6.4446
2026-09-24 17:45:29,387 simple_logger.py log_once [line:28] INFO mean_val_loss                 6.4606
2026-09-24 17:45:29,387 simple_logger.py log_once [line:28] INFO std_val_loss                  4.7402
2026-09-24 17:45:29,387 fedbase.py run [line:316] INFO Eval Time Cost:               1.4832s
2026-09-24 17:45:29,388 asyncbase.py iterate [line:68] INFO Select clients [np.int64(2), np.int64(7), np.int64(11), np.int64(12)] at time 4.
2026-09-24 17:45:30,623 asyncbase.py iterate [line:73] INFO Receive new models from clients [15, 12, 11] at time 4
2026-09-24 17:45:30,639 fedbase.py run [line:311] INFO --------------Round 4--------------
2026-09-24 17:45:30,639 simple_logger.py log_once [line:14] INFO Current_time:4
2026-09-24 17:45:32,102 simple_logger.py log_once [line:28] INFO test_accuracy                 0.1351
2026-09-24 17:45:32,103 simple_logger.py log_once [line:28] INFO test_loss                     2.7464
2026-09-24 17:45:32,103 simple_logger.py log_once [line:28] INFO val_accuracy                  0.1359
2026-09-24 17:45:32,103 simple_logger.py log_once [line:28] INFO mean_val_accuracy             0.1349
2026-09-24 17:45:32,103 simple_logger.py log_once [line:28] INFO std_val_accuracy              0.2812
2026-09-24 17:45:32,103 simple_logger.py log_once [line:28] INFO val_loss                      2.7462
2026-09-24 17:45:32,103 simple_logger.py log_once [line:28] INFO mean_val_loss                 2.7473
2026-09-24 17:45:32,103 simple_logger.py log_once [line:28] INFO std_val_loss                  0.9275
2026-09-24 17:45:32,103 fedbase.py run [line:316] INFO Eval Time Cost:               1.4640s
2026-09-24 17:45:32,103 asyncbase.py iterate [line:68] INFO Select clients [np.int64(16), np.int64(12), np.int64(0)] at time 5.
2026-09-24 17:45:33,036 asyncbase.py iterate [line:73] INFO Receive new models from clients [12, 2] at time 6
2026-09-24 17:45:33,046 fedbase.py run [line:311] INFO --------------Round 5--------------
2026-09-24 17:45:33,046 simple_logger.py log_once [line:14] INFO Current_time:6
2026-09-24 17:45:34,516 simple_logger.py log_once [line:28] INFO test_accuracy                 0.1849
2026-09-24 17:45:34,516 simple_logger.py log_once [line:28] INFO test_loss                     2.7694
2026-09-24 17:45:34,516 simple_logger.py log_once [line:28] INFO val_accuracy                  0.1868
2026-09-24 17:45:34,516 simple_logger.py log_once [line:28] INFO mean_val_accuracy             0.1876
2026-09-24 17:45:34,516 simple_logger.py log_once [line:28] INFO std_val_accuracy              0.3623
2026-09-24 17:45:34,516 simple_logger.py log_once [line:28] INFO val_loss                      2.7645
2026-09-24 17:45:34,516 simple_logger.py log_once [line:28] INFO mean_val_loss                 2.7629
2026-09-24 17:45:34,516 simple_logger.py log_once [line:28] INFO std_val_loss                  1.1124
2026-09-24 17:45:34,516 fedbase.py run [line:316] INFO Eval Time Cost:               1.4703s
2026-09-24 17:45:34,516 asyncbase.py iterate [line:73] INFO Receive new models from clients [9, 16, 7] at time 7
2026-09-24 17:45:34,531 fedbase.py run [line:311] INFO --------------Round 6--------------
2026-09-24 17:45:34,531 simple_logger.py log_once [line:14] INFO Current_time:7
2026-09-24 17:45:35,988 simple_logger.py log_once [line:28] INFO test_accuracy                 0.1840
2026-09-24 17:45:35,988 simple_logger.py log_once [line:28] INFO test_loss                     2.3554
2026-09-24 17:45:35,988 simple_logger.py log_once [line:28] INFO val_accuracy                  0.1868
2026-09-24 17:45:35,988 simple_logger.py log_once [line:28] INFO mean_val_accuracy             0.1876
2026-09-24 17:45:35,988 simple_logger.py log_once [line:28] INFO std_val_accuracy              0.3623
2026-09-24 17:45:35,988 simple_logger.py log_once [line:28] INFO val_loss                      2.3545
2026-09-24 17:45:35,988 simple_logger.py log_once [line:28] INFO mean_val_loss                 2.3532
2026-09-24 17:45:35,988 simple_logger.py log_once [line:28] INFO std_val_loss                  0.6836
2026-09-24 17:45:35,988 fedbase.py run [line:316] INFO Eval Time Cost:               1.4573s
2026-09-24 17:45:35,988 asyncbase.py iterate [line:68] INFO Select clients [np.int64(1), np.int64(16), np.int64(13), np.int64(14), np.int64(19)] at time 8.
2026-09-24 17:45:37,607 asyncbase.py iterate [line:73] INFO Receive new models from clients [0, 1, 14] at time 8
2026-09-24 17:45:37,627 fedbase.py run [line:311] INFO --------------Round 7--------------
2026-09-24 17:45:37,627 simple_logger.py log_once [line:14] INFO Current_time:8
2026-09-24 17:45:39,132 simple_logger.py log_once [line:28] INFO test_accuracy                 0.1744
2026-09-24 17:45:39,132 simple_logger.py log_once [line:28] INFO test_loss                     2.5701
2026-09-24 17:45:39,132 simple_logger.py log_once [line:28] INFO val_accuracy                  0.1756
2026-09-24 17:45:39,132 simple_logger.py log_once [line:28] INFO mean_val_accuracy             0.1759
2026-09-24 17:45:39,132 simple_logger.py log_once [line:28] INFO std_val_accuracy              0.3417
2026-09-24 17:45:39,132 simple_logger.py log_once [line:28] INFO val_loss                      2.5610
2026-09-24 17:45:39,132 simple_logger.py log_once [line:28] INFO mean_val_loss                 2.5586
2026-09-24 17:45:39,132 simple_logger.py log_once [line:28] INFO std_val_loss                  0.9325
2026-09-24 17:45:39,132 fedbase.py run [line:316] INFO Eval Time Cost:               1.5052s
2026-09-24 17:45:39,132 asyncbase.py iterate [line:68] INFO Select clients [np.int64(7), np.int64(10), np.int64(8)] at time 9.
2026-09-24 17:45:40,067 asyncbase.py iterate [line:73] INFO Receive new models from clients [10] at time 9
2026-09-24 17:45:40,074 fedbase.py run [line:311] INFO --------------Round 8--------------
2026-09-24 17:45:40,074 simple_logger.py log_once [line:14] INFO Current_time:9
2026-09-24 17:45:41,551 simple_logger.py log_once [line:28] INFO test_accuracy                 0.1358
2026-09-24 17:45:41,552 simple_logger.py log_once [line:28] INFO test_loss                     3.7467
2026-09-24 17:45:41,552 simple_logger.py log_once [line:28] INFO val_accuracy                  0.1299
2026-09-24 17:45:41,552 simple_logger.py log_once [line:28] INFO mean_val_accuracy             0.1297
2026-09-24 17:45:41,552 simple_logger.py log_once [line:28] INFO std_val_accuracy              0.2679
2026-09-24 17:45:41,552 simple_logger.py log_once [line:28] INFO val_loss                      3.7514
2026-09-24 17:45:41,552 simple_logger.py log_once [line:28] INFO mean_val_loss                 3.7477
2026-09-24 17:45:41,552 simple_logger.py log_once [line:28] INFO std_val_loss                  1.7844
2026-09-24 17:45:41,552 fedbase.py run [line:316] INFO Eval Time Cost:               1.4781s
2026-09-24 17:45:41,552 asyncbase.py iterate [line:73] INFO Receive new models from clients [7, 16] at time 10
2026-09-24 17:45:41,573 fedbase.py run [line:311] INFO --------------Round 9--------------
2026-09-24 17:45:41,573 simple_logger.py log_once [line:14] INFO Current_time:10
2026-09-24 17:45:43,033 simple_logger.py log_once [line:28] INFO test_accuracy                 0.1726
2026-09-24 17:45:43,033 simple_logger.py log_once [line:28] INFO test_loss                     3.5063
2026-09-24 17:45:43,033 simple_logger.py log_once [line:28] INFO val_accuracy                  0.1730
2026-09-24 17:45:43,033 simple_logger.py log_once [line:28] INFO mean_val_accuracy             0.1731
2026-09-24 17:45:43,033 simple_logger.py log_once [line:28] INFO std_val_accuracy              0.3212
2026-09-24 17:45:43,033 simple_logger.py log_once [line:28] INFO val_loss                      3.5330
2026-09-24 17:45:43,033 simple_logger.py log_once [line:28] INFO mean_val_loss                 3.5322
2026-09-24 17:45:43,033 simple_logger.py log_once [line:28] INFO std_val_loss                  1.6203
2026-09-24 17:45:43,034 fedbase.py run [line:316] INFO Eval Time Cost:               1.4609s
2026-09-24 17:45:43,034 asyncbase.py iterate [line:68] INFO Select clients [np.int64(0), np.int64(1), np.int64(18)] at time 11.
2026-09-24 17:45:43,955 asyncbase.py iterate [line:73] INFO Receive new models from clients [19, 13] at time 11
2026-09-24 17:45:43,976 fedbase.py run [line:311] INFO --------------Round 10--------------
2026-09-24 17:45:43,976 simple_logger.py log_once [line:14] INFO Current_time:11
2026-09-24 17:45:45,444 simple_logger.py log_once [line:28] INFO test_accuracy                 0.2141
2026-09-24 17:45:45,444 simple_logger.py log_once [line:28] INFO test_loss                     3.7684
2026-09-24 17:45:45,444 simple_logger.py log_once [line:28] INFO val_accuracy                  0.2125
2026-09-24 17:45:45,444 simple_logger.py log_once [line:28] INFO mean_val_accuracy             0.2126
2026-09-24 17:45:45,444 simple_logger.py log_once [line:28] INFO std_val_accuracy              0.3321
2026-09-24 17:45:45,444 simple_logger.py log_once [line:28] INFO val_loss                      3.7703
2026-09-24 17:45:45,444 simple_logger.py log_once [line:28] INFO mean_val_loss                 3.7751
2026-09-24 17:45:45,444 simple_logger.py log_once [line:28] INFO std_val_loss                  2.3489
2026-09-24 17:45:45,445 fedbase.py run [line:316] INFO Eval Time Cost:               1.4685s
2026-09-24 17:45:45,445 fedbase.py run [line:324] INFO =================End==================
2026-09-24 17:45:45,445 fedbase.py run [line:325] INFO Total Time Cost:              24.4064s
