E:\fl-experiment\.venv\Lib\site-packages\torch\cuda\__init__.py:61: FutureWarning: The pynvml package is deprecated. Please install nvidia-ml-py instead. If you did not install pynvml directly, please report this to the maintainers of the package that installed pynvml for you.
  import pynvml  # type: ignore[import]
2026-09-24 17:45:48,811 fflow.py init [line:848] INFO PROCESS ID:	45708
2026-09-24 17:45:48,811 fflow.py init [line:849] INFO Initializing devices: cuda:0 will be used for this running.
2026-09-24 17:45:48,811 fflow.py init [line:852] INFO BENCHMARK:	flgo.benchmark.mnist_classification
2026-09-24 17:45:48,811 fflow.py init [line:853] INFO TASK:			E:\Federated Machine Learning\FL-Byzantine-Library\mnist_dir20
2026-09-24 17:45:48,821 fflow.py init [line:854] INFO MODEL:		flgo.benchmark.mnist_classification.model.cnn
2026-09-24 17:45:48,821 fflow.py init [line:855] INFO ALGORITHM:	research_algorithm
2026-09-24 17:45:50,019 fflow.py init [line:901] INFO SCENE:		horizontal FL with 1 <class 'flgo_byzantine.research_algorithm.Server'>, 20 <class 'flgo_byzantine.research_algorithm.Client'>
2026-09-24 17:45:50,118 fflow.py init [line:918] INFO SIMULATOR:	<class 'flgo.simulator.default_simulator.Simulator'>
2026-09-24 17:45:55,053 fflow.py init [line:931] INFO Ready to start.
2026-09-24 17:45:55,053 fedbase.py run [line:300] INFO --------------Initial Evaluation--------------
2026-09-24 17:45:55,053 simple_logger.py log_once [line:14] INFO Current_time:0
2026-09-24 17:45:56,656 simple_logger.py log_once [line:28] INFO test_accuracy                 0.0875
2026-09-24 17:45:56,656 simple_logger.py log_once [line:28] INFO test_loss                     2.3101
2026-09-24 17:45:56,656 simple_logger.py log_once [line:28] INFO val_accuracy                  0.0866
2026-09-24 17:45:56,656 simple_logger.py log_once [line:28] INFO mean_val_accuracy             0.0874
2026-09-24 17:45:56,657 simple_logger.py log_once [line:28] INFO std_val_accuracy              0.2312
2026-09-24 17:45:56,657 simple_logger.py log_once [line:28] INFO val_loss                      2.3109
2026-09-24 17:45:56,657 simple_logger.py log_once [line:28] INFO mean_val_loss                 2.3111
2026-09-24 17:45:56,657 simple_logger.py log_once [line:28] INFO std_val_loss                  0.0785
2026-09-24 17:45:56,657 fedbase.py run [line:303] INFO Eval Time Cost:               1.6036s
2026-09-24 17:45:56,657 asyncbase.py iterate [line:68] INFO Select clients [np.int64(7), np.int64(16), np.int64(18), np.int64(1), np.int64(9), np.int64(19)] at time 1.
2026-09-24 17:45:58,555 asyncbase.py iterate [line:73] INFO Receive new models from clients [16] at time 1
2026-09-24 17:45:58,571 fedbase.py run [line:311] INFO --------------Round 1--------------
2026-09-24 17:45:58,571 simple_logger.py log_once [line:14] INFO Current_time:1
2026-09-24 17:46:00,104 simple_logger.py log_once [line:28] INFO test_accuracy                 0.1817
2026-09-24 17:46:00,104 simple_logger.py log_once [line:28] INFO test_loss                     5.7202
2026-09-24 17:46:00,104 simple_logger.py log_once [line:28] INFO val_accuracy                  0.1866
2026-09-24 17:46:00,104 simple_logger.py log_once [line:28] INFO mean_val_accuracy             0.1863
2026-09-24 17:46:00,104 simple_logger.py log_once [line:28] INFO std_val_accuracy              0.3514
2026-09-24 17:46:00,104 simple_logger.py log_once [line:28] INFO val_loss                      5.6858
2026-09-24 17:46:00,104 simple_logger.py log_once [line:28] INFO mean_val_loss                 5.6891
2026-09-24 17:46:00,104 simple_logger.py log_once [line:28] INFO std_val_loss                  3.3001
2026-09-24 17:46:00,104 fedbase.py run [line:316] INFO Eval Time Cost:               1.5331s
2026-09-24 17:46:00,104 asyncbase.py iterate [line:68] INFO Select clients [np.int64(15)] at time 2.
2026-09-24 17:46:00,444 asyncbase.py iterate [line:73] INFO Receive new models from clients [7] at time 2
2026-09-24 17:46:00,450 fedbase.py run [line:311] INFO --------------Round 2--------------
2026-09-24 17:46:00,450 simple_logger.py log_once [line:14] INFO Current_time:2
2026-09-24 17:46:01,964 simple_logger.py log_once [line:28] INFO test_accuracy                 0.1690
2026-09-24 17:46:01,964 simple_logger.py log_once [line:28] INFO test_loss                     5.7432
2026-09-24 17:46:01,964 simple_logger.py log_once [line:28] INFO val_accuracy                  0.1737
2026-09-24 17:46:01,964 simple_logger.py log_once [line:28] INFO mean_val_accuracy             0.1735
2026-09-24 17:46:01,964 simple_logger.py log_once [line:28] INFO std_val_accuracy              0.2962
2026-09-24 17:46:01,964 simple_logger.py log_once [line:28] INFO val_loss                      5.7101
2026-09-24 17:46:01,964 simple_logger.py log_once [line:28] INFO mean_val_loss                 5.7194
2026-09-24 17:46:01,964 simple_logger.py log_once [line:28] INFO std_val_loss                  3.7968
2026-09-24 17:46:01,965 fedbase.py run [line:316] INFO Eval Time Cost:               1.5148s
2026-09-24 17:46:01,965 asyncbase.py iterate [line:73] INFO Receive new models from clients [1, 19, 18] at time 3
2026-09-24 17:46:01,977 fedbase.py run [line:311] INFO --------------Round 3--------------
2026-09-24 17:46:01,977 simple_logger.py log_once [line:14] INFO Current_time:3
2026-09-24 17:46:03,488 simple_logger.py log_once [line:28] INFO test_accuracy                 0.2240
2026-09-24 17:46:03,488 simple_logger.py log_once [line:28] INFO test_loss                     6.5174
2026-09-24 17:46:03,488 simple_logger.py log_once [line:28] INFO val_accuracy                  0.2312
2026-09-24 17:46:03,488 simple_logger.py log_once [line:28] INFO mean_val_accuracy             0.2315
2026-09-24 17:46:03,488 simple_logger.py log_once [line:28] INFO std_val_accuracy              0.3420
2026-09-24 17:46:03,488 simple_logger.py log_once [line:28] INFO val_loss                      6.4467
2026-09-24 17:46:03,488 simple_logger.py log_once [line:28] INFO mean_val_loss                 6.4627
2026-09-24 17:46:03,488 simple_logger.py log_once [line:28] INFO std_val_loss                  4.7411
2026-09-24 17:46:03,488 fedbase.py run [line:316] INFO Eval Time Cost:               1.5106s
2026-09-24 17:46:03,488 asyncbase.py iterate [line:68] INFO Select clients [np.int64(7), np.int64(12)] at time 4.
2026-09-24 17:46:04,144 asyncbase.py iterate [line:73] INFO Receive new models from clients [9, 15] at time 4
2026-09-24 17:46:04,152 fedbase.py run [line:311] INFO --------------Round 4--------------
2026-09-24 17:46:04,152 simple_logger.py log_once [line:14] INFO Current_time:4
2026-09-24 17:46:05,691 simple_logger.py log_once [line:28] INFO test_accuracy                 0.1656
2026-09-24 17:46:05,691 simple_logger.py log_once [line:28] INFO test_loss                     4.9747
2026-09-24 17:46:05,691 simple_logger.py log_once [line:28] INFO val_accuracy                  0.1688
2026-09-24 17:46:05,691 simple_logger.py log_once [line:28] INFO mean_val_accuracy             0.1686
2026-09-24 17:46:05,691 simple_logger.py log_once [line:28] INFO std_val_accuracy              0.3206
2026-09-24 17:46:05,691 simple_logger.py log_once [line:28] INFO val_loss                      4.9637
2026-09-24 17:46:05,691 simple_logger.py log_once [line:28] INFO mean_val_loss                 4.9664
2026-09-24 17:46:05,691 simple_logger.py log_once [line:28] INFO std_val_loss                  2.8269
2026-09-24 17:46:05,691 fedbase.py run [line:316] INFO Eval Time Cost:               1.5391s
2026-09-24 17:46:05,691 asyncbase.py iterate [line:68] INFO Select clients [np.int64(16), np.int64(0), np.int64(3)] at time 5.
2026-09-24 17:46:06,676 asyncbase.py iterate [line:73] INFO Receive new models from clients [0] at time 5
2026-09-24 17:46:06,681 fedbase.py run [line:311] INFO --------------Round 5--------------
2026-09-24 17:46:06,681 simple_logger.py log_once [line:14] INFO Current_time:5
2026-09-24 17:46:08,224 simple_logger.py log_once [line:28] INFO test_accuracy                 0.1087
2026-09-24 17:46:08,225 simple_logger.py log_once [line:28] INFO test_loss                     7.5400
2026-09-24 17:46:08,225 simple_logger.py log_once [line:28] INFO val_accuracy                  0.1033
2026-09-24 17:46:08,225 simple_logger.py log_once [line:28] INFO mean_val_accuracy             0.1043
2026-09-24 17:46:08,225 simple_logger.py log_once [line:28] INFO std_val_accuracy              0.2869
2026-09-24 17:46:08,225 simple_logger.py log_once [line:28] INFO val_loss                      7.5000
2026-09-24 17:46:08,225 simple_logger.py log_once [line:28] INFO mean_val_loss                 7.4990
2026-09-24 17:46:08,225 simple_logger.py log_once [line:28] INFO std_val_loss                  3.8122
2026-09-24 17:46:08,225 fedbase.py run [line:316] INFO Eval Time Cost:               1.5441s
2026-09-24 17:46:08,225 asyncbase.py iterate [line:73] INFO Receive new models from clients [7] at time 6
2026-09-24 17:46:08,230 fedbase.py run [line:311] INFO --------------Round 6--------------
2026-09-24 17:46:08,230 simple_logger.py log_once [line:14] INFO Current_time:6
2026-09-24 17:46:09,712 simple_logger.py log_once [line:28] INFO test_accuracy                 0.1032
2026-09-24 17:46:09,713 simple_logger.py log_once [line:28] INFO test_loss                     3.3472
2026-09-24 17:46:09,713 simple_logger.py log_once [line:28] INFO val_accuracy                  0.0983
2026-09-24 17:46:09,713 simple_logger.py log_once [line:28] INFO mean_val_accuracy             0.0993
2026-09-24 17:46:09,713 simple_logger.py log_once [line:28] INFO std_val_accuracy              0.2871
2026-09-24 17:46:09,713 simple_logger.py log_once [line:28] INFO val_loss                      3.3643
2026-09-24 17:46:09,713 simple_logger.py log_once [line:28] INFO mean_val_loss                 3.3614
2026-09-24 17:46:09,713 simple_logger.py log_once [line:28] INFO std_val_loss                  1.4085
2026-09-24 17:46:09,713 fedbase.py run [line:316] INFO Eval Time Cost:               1.4830s
2026-09-24 17:46:09,713 asyncbase.py iterate [line:68] INFO Select clients [np.int64(1), np.int64(13)] at time 7.
2026-09-24 17:46:10,335 asyncbase.py iterate [line:73] INFO Receive new models from clients [16, 3, 12] at time 7
2026-09-24 17:46:10,349 fedbase.py run [line:311] INFO --------------Round 7--------------
2026-09-24 17:46:10,349 simple_logger.py log_once [line:14] INFO Current_time:7
2026-09-24 17:46:11,836 simple_logger.py log_once [line:28] INFO test_accuracy                 0.1032
2026-09-24 17:46:11,836 simple_logger.py log_once [line:28] INFO test_loss                     2.4700
2026-09-24 17:46:11,836 simple_logger.py log_once [line:28] INFO val_accuracy                  0.0983
2026-09-24 17:46:11,836 simple_logger.py log_once [line:28] INFO mean_val_accuracy             0.0993
2026-09-24 17:46:11,836 simple_logger.py log_once [line:28] INFO std_val_accuracy              0.2871
2026-09-24 17:46:11,836 simple_logger.py log_once [line:28] INFO val_loss                      2.4803
2026-09-24 17:46:11,836 simple_logger.py log_once [line:28] INFO mean_val_loss                 2.4802
2026-09-24 17:46:11,836 simple_logger.py log_once [line:28] INFO std_val_loss                  0.6201
2026-09-24 17:46:11,836 fedbase.py run [line:316] INFO Eval Time Cost:               1.4872s
2026-09-24 17:46:11,836 asyncbase.py iterate [line:68] INFO Select clients [np.int64(7), np.int64(10), np.int64(8), np.int64(0)] at time 8.
2026-09-24 17:46:13,066 asyncbase.py iterate [line:73] INFO Receive new models from clients [1, 7] at time 8
2026-09-24 17:46:13,086 fedbase.py run [line:311] INFO --------------Round 8--------------
2026-09-24 17:46:13,086 simple_logger.py log_once [line:14] INFO Current_time:8
2026-09-24 17:46:14,574 simple_logger.py log_once [line:28] INFO test_accuracy                 0.0958
2026-09-24 17:46:14,574 simple_logger.py log_once [line:28] INFO test_loss                     2.4761
2026-09-24 17:46:14,574 simple_logger.py log_once [line:28] INFO val_accuracy                  0.0981
2026-09-24 17:46:14,574 simple_logger.py log_once [line:28] INFO mean_val_accuracy             0.0983
2026-09-24 17:46:14,574 simple_logger.py log_once [line:28] INFO std_val_accuracy              0.2826
2026-09-24 17:46:14,574 simple_logger.py log_once [line:28] INFO val_loss                      2.4732
2026-09-24 17:46:14,574 simple_logger.py log_once [line:28] INFO mean_val_loss                 2.4732
2026-09-24 17:46:14,574 simple_logger.py log_once [line:28] INFO std_val_loss                  0.5725
2026-09-24 17:46:14,574 fedbase.py run [line:316] INFO Eval Time Cost:               1.4884s
2026-09-24 17:46:14,575 asyncbase.py iterate [line:68] INFO Select clients [np.int64(19), np.int64(4)] at time 9.
2026-09-24 17:46:15,188 asyncbase.py iterate [line:73] INFO Receive new models from clients [4, 10, 13] at time 10
2026-09-24 17:46:15,209 fedbase.py run [line:311] INFO --------------Round 9--------------
2026-09-24 17:46:15,209 simple_logger.py log_once [line:14] INFO Current_time:10
2026-09-24 17:46:16,680 simple_logger.py log_once [line:28] INFO test_accuracy                 0.0982
2026-09-24 17:46:16,680 simple_logger.py log_once [line:28] INFO test_loss                     4.2490
2026-09-24 17:46:16,680 simple_logger.py log_once [line:28] INFO val_accuracy                  0.0989
2026-09-24 17:46:16,680 simple_logger.py log_once [line:28] INFO mean_val_accuracy             0.0993
2026-09-24 17:46:16,681 simple_logger.py log_once [line:28] INFO std_val_accuracy              0.2797
2026-09-24 17:46:16,681 simple_logger.py log_once [line:28] INFO val_loss                      4.2498
2026-09-24 17:46:16,681 simple_logger.py log_once [line:28] INFO mean_val_loss                 4.2488
2026-09-24 17:46:16,681 simple_logger.py log_once [line:28] INFO std_val_loss                  1.5843
2026-09-24 17:46:16,681 fedbase.py run [line:316] INFO Eval Time Cost:               1.4717s
2026-09-24 17:46:16,681 asyncbase.py iterate [line:68] INFO Select clients [np.int64(1), np.int64(18)] at time 11.
2026-09-24 17:46:17,291 asyncbase.py iterate [line:73] INFO Receive new models from clients [8, 0, 1] at time 11
2026-09-24 17:46:17,312 fedbase.py run [line:311] INFO --------------Round 10--------------
2026-09-24 17:46:17,312 simple_logger.py log_once [line:14] INFO Current_time:11
2026-09-24 17:46:18,789 simple_logger.py log_once [line:28] INFO test_accuracy                 0.0958
2026-09-24 17:46:18,789 simple_logger.py log_once [line:28] INFO test_loss                     3.6904
2026-09-24 17:46:18,789 simple_logger.py log_once [line:28] INFO val_accuracy                  0.0981
2026-09-24 17:46:18,789 simple_logger.py log_once [line:28] INFO mean_val_accuracy             0.0983
2026-09-24 17:46:18,789 simple_logger.py log_once [line:28] INFO std_val_accuracy              0.2826
2026-09-24 17:46:18,789 simple_logger.py log_once [line:28] INFO val_loss                      3.6752
2026-09-24 17:46:18,790 simple_logger.py log_once [line:28] INFO mean_val_loss                 3.6780
2026-09-24 17:46:18,790 simple_logger.py log_once [line:28] INFO std_val_loss                  1.6451
2026-09-24 17:46:18,790 fedbase.py run [line:316] INFO Eval Time Cost:               1.4776s
2026-09-24 17:46:18,790 fedbase.py run [line:324] INFO =================End==================
2026-09-24 17:46:18,790 fedbase.py run [line:325] INFO Total Time Cost:              23.7367s
