E:\fl-experiment\.venv\Lib\site-packages\torch\cuda\__init__.py:61: FutureWarning: The pynvml package is deprecated. Please install nvidia-ml-py instead. If you did not install pynvml directly, please report this to the maintainers of the package that installed pynvml for you.
  import pynvml  # type: ignore[import]
2026-09-24 18:17:28,234 fflow.py init [line:848] INFO PROCESS ID:	39984
2026-09-24 18:17:28,234 fflow.py init [line:849] INFO Initializing devices: cuda:0 will be used for this running.
2026-09-24 18:17:28,234 fflow.py init [line:852] INFO BENCHMARK:	flgo.benchmark.mnist_classification
2026-09-24 18:17:28,234 fflow.py init [line:853] INFO TASK:			E:\Federated Machine Learning\FL-Byzantine-Library\mnist_dir20
2026-09-24 18:17:28,243 fflow.py init [line:854] INFO MODEL:		flgo.benchmark.mnist_classification.model.cnn
2026-09-24 18:17:28,243 fflow.py init [line:855] INFO ALGORITHM:	research_algorithm
2026-09-24 18:17:29,426 fflow.py init [line:901] INFO SCENE:		horizontal FL with 1 <class 'flgo_byzantine.research_algorithm.Server'>, 20 <class 'flgo_byzantine.research_algorithm.Client'>
2026-09-24 18:17:29,518 fflow.py init [line:918] INFO SIMULATOR:	<class 'flgo.simulator.default_simulator.Simulator'>
2026-09-24 18:17:33,973 fflow.py init [line:931] INFO Ready to start.
2026-09-24 18:17:33,974 fedbase.py run [line:300] INFO --------------Initial Evaluation--------------
2026-09-24 18:17:33,974 simple_logger.py log_once [line:14] INFO Current_time:0
2026-09-24 18:17:35,577 simple_logger.py log_once [line:28] INFO test_accuracy                 0.0875
2026-09-24 18:17:35,578 simple_logger.py log_once [line:28] INFO test_loss                     2.3101
2026-09-24 18:17:35,578 simple_logger.py log_once [line:28] INFO val_accuracy                  0.0866
2026-09-24 18:17:35,578 simple_logger.py log_once [line:28] INFO mean_val_accuracy             0.0874
2026-09-24 18:17:35,578 simple_logger.py log_once [line:28] INFO std_val_accuracy              0.2312
2026-09-24 18:17:35,578 simple_logger.py log_once [line:28] INFO val_loss                      2.3109
2026-09-24 18:17:35,578 simple_logger.py log_once [line:28] INFO mean_val_loss                 2.3111
2026-09-24 18:17:35,578 simple_logger.py log_once [line:28] INFO std_val_loss                  0.0785
2026-09-24 18:17:35,578 fedbase.py run [line:303] INFO Eval Time Cost:               1.6042s
2026-09-24 18:17:35,588 asyncbase.py iterate [line:68] INFO Select clients [np.int64(7), np.int64(16), np.int64(18), np.int64(1), np.int64(9), np.int64(19)] at time 1.
2026-09-24 18:17:37,536 asyncbase.py iterate [line:73] INFO Receive new models from clients [16] at time 1
2026-09-24 18:17:37,583 fedbase.py run [line:311] INFO --------------Round 1--------------
2026-09-24 18:17:37,583 simple_logger.py log_once [line:14] INFO Current_time:1
2026-09-24 18:17:39,061 simple_logger.py log_once [line:28] INFO test_accuracy                 0.1944
2026-09-24 18:17:39,061 simple_logger.py log_once [line:28] INFO test_loss                     48.4590
2026-09-24 18:17:39,062 simple_logger.py log_once [line:28] INFO val_accuracy                  0.1995
2026-09-24 18:17:39,062 simple_logger.py log_once [line:28] INFO mean_val_accuracy             0.1992
2026-09-24 18:17:39,062 simple_logger.py log_once [line:28] INFO std_val_accuracy              0.3726
2026-09-24 18:17:39,062 simple_logger.py log_once [line:28] INFO val_loss                      47.9554
2026-09-24 18:17:39,062 simple_logger.py log_once [line:28] INFO mean_val_loss                 47.9956
2026-09-24 18:17:39,062 simple_logger.py log_once [line:28] INFO std_val_loss                  30.4830
2026-09-24 18:17:39,062 fedbase.py run [line:316] INFO Eval Time Cost:               1.4789s
2026-09-24 18:17:39,072 asyncbase.py iterate [line:68] INFO Select clients [np.int64(15)] at time 2.
2026-09-24 18:17:39,392 asyncbase.py iterate [line:73] INFO Receive new models from clients [7] at time 2
2026-09-24 18:17:39,414 fedbase.py run [line:311] INFO --------------Round 2--------------
2026-09-24 18:17:39,414 simple_logger.py log_once [line:14] INFO Current_time:2
2026-09-24 18:17:40,884 simple_logger.py log_once [line:28] INFO test_accuracy                 0.1783
2026-09-24 18:17:40,884 simple_logger.py log_once [line:28] INFO test_loss                     8040509.6984
2026-09-24 18:17:40,884 simple_logger.py log_once [line:28] INFO val_accuracy                  0.1778
2026-09-24 18:17:40,884 simple_logger.py log_once [line:28] INFO mean_val_accuracy             0.1772
2026-09-24 18:17:40,884 simple_logger.py log_once [line:28] INFO std_val_accuracy              0.3435
2026-09-24 18:17:40,884 simple_logger.py log_once [line:28] INFO val_loss                      7986628.2354
2026-09-24 18:17:40,884 simple_logger.py log_once [line:28] INFO mean_val_loss                 7994483.5453
2026-09-24 18:17:40,884 simple_logger.py log_once [line:28] INFO std_val_loss                  3796199.4867
2026-09-24 18:17:40,884 fedbase.py run [line:316] INFO Eval Time Cost:               1.4706s
2026-09-24 18:17:40,893 asyncbase.py iterate [line:73] INFO Receive new models from clients [1, 19, 18] at time 3
2026-09-24 18:17:40,938 fedbase.py run [line:311] INFO --------------Round 3--------------
2026-09-24 18:17:40,938 simple_logger.py log_once [line:14] INFO Current_time:3
2026-09-24 18:17:42,399 simple_logger.py log_once [line:28] INFO test_accuracy                 0.1028
2026-09-24 18:17:42,399 simple_logger.py log_once [line:28] INFO test_loss                     38129426687302368755712.0000
2026-09-24 18:17:42,399 simple_logger.py log_once [line:28] INFO val_accuracy                  0.1043
2026-09-24 18:17:42,399 simple_logger.py log_once [line:28] INFO mean_val_accuracy             0.1043
2026-09-24 18:17:42,399 simple_logger.py log_once [line:28] INFO std_val_accuracy              0.2848
2026-09-24 18:17:42,399 simple_logger.py log_once [line:28] INFO val_loss                      37527155016414917558272.0000
2026-09-24 18:17:42,399 simple_logger.py log_once [line:28] INFO mean_val_loss                 37547808149547689967616.0000
2026-09-24 18:17:42,399 simple_logger.py log_once [line:28] INFO std_val_loss                  15946400381095307640832.0000
2026-09-24 18:17:42,399 fedbase.py run [line:316] INFO Eval Time Cost:               1.4613s
2026-09-24 18:17:42,407 fedbase.py run [line:311] INFO --------------Round 4--------------
2026-09-24 18:17:42,408 simple_logger.py log_once [line:14] INFO Current_time:4
2026-09-24 18:17:43,966 simple_logger.py log_once [line:28] INFO test_accuracy                 0.1028
2026-09-24 18:17:43,966 simple_logger.py log_once [line:28] INFO test_loss                     38129426096430094745600.0000
2026-09-24 18:17:43,966 simple_logger.py log_once [line:28] INFO val_accuracy                  0.1043
2026-09-24 18:17:43,966 simple_logger.py log_once [line:28] INFO mean_val_accuracy             0.1043
2026-09-24 18:17:43,966 simple_logger.py log_once [line:28] INFO std_val_accuracy              0.2848
2026-09-24 18:17:43,966 simple_logger.py log_once [line:28] INFO val_loss                      37527155239442536464384.0000
2026-09-24 18:17:43,966 simple_logger.py log_once [line:28] INFO mean_val_loss                 37547808388801418493952.0000
2026-09-24 18:17:43,966 simple_logger.py log_once [line:28] INFO std_val_loss                  15946402206399219105792.0000
2026-09-24 18:17:43,966 fedbase.py run [line:316] INFO Eval Time Cost:               1.5588s
2026-09-24 18:17:43,967 fedbase.py run [line:311] INFO --------------Round 5--------------
2026-09-24 18:17:43,967 simple_logger.py log_once [line:14] INFO Current_time:5
2026-09-24 18:17:45,439 simple_logger.py log_once [line:28] INFO test_accuracy                 0.1028
2026-09-24 18:17:45,439 simple_logger.py log_once [line:28] INFO test_loss                     38129427062001858772992.0000
2026-09-24 18:17:45,439 simple_logger.py log_once [line:28] INFO val_accuracy                  0.1043
2026-09-24 18:17:45,439 simple_logger.py log_once [line:28] INFO mean_val_accuracy             0.1043
2026-09-24 18:17:45,439 simple_logger.py log_once [line:28] INFO std_val_accuracy              0.2848
2026-09-24 18:17:45,439 simple_logger.py log_once [line:28] INFO val_loss                      37527153210097068408832.0000
2026-09-24 18:17:45,439 simple_logger.py log_once [line:28] INFO mean_val_loss                 37547806348107837341696.0000
2026-09-24 18:17:45,439 simple_logger.py log_once [line:28] INFO std_val_loss                  15946401322469234311168.0000
2026-09-24 18:17:45,439 fedbase.py run [line:316] INFO Eval Time Cost:               1.4725s
2026-09-24 18:17:45,439 fedbase.py run [line:311] INFO --------------Round 6--------------
2026-09-24 18:17:45,439 simple_logger.py log_once [line:14] INFO Current_time:6
2026-09-24 18:17:46,910 simple_logger.py log_once [line:28] INFO test_accuracy                 0.1028
2026-09-24 18:17:46,910 simple_logger.py log_once [line:28] INFO test_loss                     38129426453115191689216.0000
2026-09-24 18:17:46,910 simple_logger.py log_once [line:28] INFO val_accuracy                  0.1043
2026-09-24 18:17:46,910 simple_logger.py log_once [line:28] INFO mean_val_accuracy             0.1043
2026-09-24 18:17:46,910 simple_logger.py log_once [line:28] INFO std_val_accuracy              0.2848
2026-09-24 18:17:46,910 simple_logger.py log_once [line:28] INFO val_loss                      37527153541107681329152.0000
2026-09-24 18:17:46,910 simple_logger.py log_once [line:28] INFO mean_val_loss                 37547806699951558230016.0000
2026-09-24 18:17:46,910 simple_logger.py log_once [line:28] INFO std_val_loss                  15946401072806860161024.0000
2026-09-24 18:17:46,910 fedbase.py run [line:316] INFO Eval Time Cost:               1.4708s
2026-09-24 18:17:46,910 fedbase.py run [line:311] INFO --------------Round 7--------------
2026-09-24 18:17:46,910 simple_logger.py log_once [line:14] INFO Current_time:7
2026-09-24 18:17:48,383 simple_logger.py log_once [line:28] INFO test_accuracy                 0.1028
2026-09-24 18:17:48,383 simple_logger.py log_once [line:28] INFO test_loss                     38129426363043192766464.0000
2026-09-24 18:17:48,383 simple_logger.py log_once [line:28] INFO val_accuracy                  0.1043
2026-09-24 18:17:48,383 simple_logger.py log_once [line:28] INFO mean_val_accuracy             0.1043
2026-09-24 18:17:48,383 simple_logger.py log_once [line:28] INFO std_val_accuracy              0.2848
2026-09-24 18:17:48,383 simple_logger.py log_once [line:28] INFO val_loss                      37527154223109929697280.0000
2026-09-24 18:17:48,383 simple_logger.py log_once [line:28] INFO mean_val_loss                 37547807375491504013312.0000
2026-09-24 18:17:48,383 simple_logger.py log_once [line:28] INFO std_val_loss                  15946401773834341449728.0000
2026-09-24 18:17:48,384 fedbase.py run [line:316] INFO Eval Time Cost:               1.4734s
2026-09-24 18:17:48,384 fedbase.py run [line:311] INFO --------------Round 8--------------
2026-09-24 18:17:48,384 simple_logger.py log_once [line:14] INFO Current_time:8
2026-09-24 18:17:49,859 simple_logger.py log_once [line:28] INFO test_accuracy                 0.1028
2026-09-24 18:17:49,859 simple_logger.py log_once [line:28] INFO test_loss                     38129425664084535148544.0000
2026-09-24 18:17:49,859 simple_logger.py log_once [line:28] INFO val_accuracy                  0.1043
2026-09-24 18:17:49,860 simple_logger.py log_once [line:28] INFO mean_val_accuracy             0.1043
2026-09-24 18:17:49,860 simple_logger.py log_once [line:28] INFO std_val_accuracy              0.2848
2026-09-24 18:17:49,860 simple_logger.py log_once [line:28] INFO val_loss                      37527153228624076734464.0000
2026-09-24 18:17:49,860 simple_logger.py log_once [line:28] INFO mean_val_loss                 37547806362181585338368.0000
2026-09-24 18:17:49,860 simple_logger.py log_once [line:28] INFO std_val_loss                  15946400083434232872960.0000
2026-09-24 18:17:49,860 fedbase.py run [line:316] INFO Eval Time Cost:               1.4761s
2026-09-24 18:17:49,860 fedbase.py run [line:311] INFO --------------Round 9--------------
2026-09-24 18:17:49,860 simple_logger.py log_once [line:14] INFO Current_time:9
2026-09-24 18:17:51,340 simple_logger.py log_once [line:28] INFO test_accuracy                 0.1028
2026-09-24 18:17:51,340 simple_logger.py log_once [line:28] INFO test_loss                     38129425401074319097856.0000
2026-09-24 18:17:51,340 simple_logger.py log_once [line:28] INFO val_accuracy                  0.1043
2026-09-24 18:17:51,340 simple_logger.py log_once [line:28] INFO mean_val_accuracy             0.1043
2026-09-24 18:17:51,340 simple_logger.py log_once [line:28] INFO std_val_accuracy              0.2848
2026-09-24 18:17:51,340 simple_logger.py log_once [line:28] INFO val_loss                      37527153660639435554816.0000
2026-09-24 18:17:51,340 simple_logger.py log_once [line:28] INFO mean_val_loss                 37547806812541550592000.0000
2026-09-24 18:17:51,340 simple_logger.py log_once [line:28] INFO std_val_loss                  15946400645571994976256.0000
2026-09-24 18:17:51,340 fedbase.py run [line:316] INFO Eval Time Cost:               1.4807s
2026-09-24 18:17:51,341 fedbase.py run [line:311] INFO --------------Round 10--------------
2026-09-24 18:17:51,341 simple_logger.py log_once [line:14] INFO Current_time:10
2026-09-24 18:17:52,811 simple_logger.py log_once [line:28] INFO test_accuracy                 0.1028
2026-09-24 18:17:52,811 simple_logger.py log_once [line:28] INFO test_loss                     38129426683699486785536.0000
2026-09-24 18:17:52,811 simple_logger.py log_once [line:28] INFO val_accuracy                  0.1043
2026-09-24 18:17:52,811 simple_logger.py log_once [line:28] INFO mean_val_accuracy             0.1043
2026-09-24 18:17:52,811 simple_logger.py log_once [line:28] INFO std_val_accuracy              0.2848
2026-09-24 18:17:52,811 simple_logger.py log_once [line:28] INFO val_loss                      37527153762144494813184.0000
2026-09-24 18:17:52,811 simple_logger.py log_once [line:28] INFO mean_val_loss                 37547806911057790763008.0000
2026-09-24 18:17:52,811 simple_logger.py log_once [line:28] INFO std_val_loss                  15946401558068633534464.0000
2026-09-24 18:17:52,811 fedbase.py run [line:316] INFO Eval Time Cost:               1.4704s
2026-09-24 18:17:52,811 fedbase.py run [line:324] INFO =================End==================
2026-09-24 18:17:52,811 fedbase.py run [line:325] INFO Total Time Cost:              18.8374s
