E:\fl-experiment\.venv\Lib\site-packages\torch\cuda\__init__.py:61: FutureWarning: The pynvml package is deprecated. Please install nvidia-ml-py instead. If you did not install pynvml directly, please report this to the maintainers of the package that installed pynvml for you.
  import pynvml  # type: ignore[import]
2026-09-24 18:15:59,393 fflow.py init [line:848] INFO PROCESS ID:	9748
2026-09-24 18:15:59,394 fflow.py init [line:849] INFO Initializing devices: cuda:0 will be used for this running.
2026-09-24 18:15:59,394 fflow.py init [line:852] INFO BENCHMARK:	flgo.benchmark.mnist_classification
2026-09-24 18:15:59,394 fflow.py init [line:853] INFO TASK:			E:\Federated Machine Learning\FL-Byzantine-Library\mnist_dir20
2026-09-24 18:15:59,402 fflow.py init [line:854] INFO MODEL:		flgo.benchmark.mnist_classification.model.cnn
2026-09-24 18:15:59,402 fflow.py init [line:855] INFO ALGORITHM:	research_algorithm
2026-09-24 18:16:00,555 fflow.py init [line:901] INFO SCENE:		horizontal FL with 1 <class 'flgo_byzantine.research_algorithm.Server'>, 20 <class 'flgo_byzantine.research_algorithm.Client'>
2026-09-24 18:16:00,646 fflow.py init [line:918] INFO SIMULATOR:	<class 'flgo.simulator.default_simulator.Simulator'>
2026-09-24 18:16:05,012 fflow.py init [line:931] INFO Ready to start.
2026-09-24 18:16:05,012 fedbase.py run [line:300] INFO --------------Initial Evaluation--------------
2026-09-24 18:16:05,012 simple_logger.py log_once [line:14] INFO Current_time:0
2026-09-24 18:16:06,592 simple_logger.py log_once [line:28] INFO test_accuracy                 0.0875
2026-09-24 18:16:06,592 simple_logger.py log_once [line:28] INFO test_loss                     2.3101
2026-09-24 18:16:06,592 simple_logger.py log_once [line:28] INFO val_accuracy                  0.0866
2026-09-24 18:16:06,592 simple_logger.py log_once [line:28] INFO mean_val_accuracy             0.0874
2026-09-24 18:16:06,592 simple_logger.py log_once [line:28] INFO std_val_accuracy              0.2312
2026-09-24 18:16:06,592 simple_logger.py log_once [line:28] INFO val_loss                      2.3109
2026-09-24 18:16:06,592 simple_logger.py log_once [line:28] INFO mean_val_loss                 2.3111
2026-09-24 18:16:06,592 simple_logger.py log_once [line:28] INFO std_val_loss                  0.0785
2026-09-24 18:16:06,592 fedbase.py run [line:303] INFO Eval Time Cost:               1.5802s
2026-09-24 18:16:06,602 asyncbase.py iterate [line:68] INFO Select clients [np.int64(7), np.int64(16), np.int64(18), np.int64(1), np.int64(9), np.int64(19)] at time 1.
2026-09-24 18:16:08,483 asyncbase.py iterate [line:73] INFO Receive new models from clients [16] at time 1
2026-09-24 18:16:08,530 fedbase.py run [line:311] INFO --------------Round 1--------------
2026-09-24 18:16:08,530 simple_logger.py log_once [line:14] INFO Current_time:1
2026-09-24 18:16:10,114 simple_logger.py log_once [line:28] INFO test_accuracy                 0.1000
2026-09-24 18:16:10,114 simple_logger.py log_once [line:28] INFO test_loss                     105.7775
2026-09-24 18:16:10,114 simple_logger.py log_once [line:28] INFO val_accuracy                  0.1007
2026-09-24 18:16:10,114 simple_logger.py log_once [line:28] INFO mean_val_accuracy             0.1017
2026-09-24 18:16:10,114 simple_logger.py log_once [line:28] INFO std_val_accuracy              0.2621
2026-09-24 18:16:10,114 simple_logger.py log_once [line:28] INFO val_loss                      104.8449
2026-09-24 18:16:10,115 simple_logger.py log_once [line:28] INFO mean_val_loss                 104.7748
2026-09-24 18:16:10,115 simple_logger.py log_once [line:28] INFO std_val_loss                  55.0466
2026-09-24 18:16:10,115 fedbase.py run [line:316] INFO Eval Time Cost:               1.5848s
2026-09-24 18:16:10,125 asyncbase.py iterate [line:68] INFO Select clients [np.int64(15)] at time 2.
2026-09-24 18:16:10,469 asyncbase.py iterate [line:73] INFO Receive new models from clients [7] at time 2
2026-09-24 18:16:10,490 fedbase.py run [line:311] INFO --------------Round 2--------------
2026-09-24 18:16:10,490 simple_logger.py log_once [line:14] INFO Current_time:2
2026-09-24 18:16:11,982 simple_logger.py log_once [line:28] INFO test_accuracy                 0.1000
2026-09-24 18:16:11,983 simple_logger.py log_once [line:28] INFO test_loss                     105.7775
2026-09-24 18:16:11,983 simple_logger.py log_once [line:28] INFO val_accuracy                  0.1007
2026-09-24 18:16:11,983 simple_logger.py log_once [line:28] INFO mean_val_accuracy             0.1017
2026-09-24 18:16:11,983 simple_logger.py log_once [line:28] INFO std_val_accuracy              0.2621
2026-09-24 18:16:11,983 simple_logger.py log_once [line:28] INFO val_loss                      104.8449
2026-09-24 18:16:11,983 simple_logger.py log_once [line:28] INFO mean_val_loss                 104.7748
2026-09-24 18:16:11,983 simple_logger.py log_once [line:28] INFO std_val_loss                  55.0466
2026-09-24 18:16:11,983 fedbase.py run [line:316] INFO Eval Time Cost:               1.4925s
2026-09-24 18:16:11,992 asyncbase.py iterate [line:73] INFO Receive new models from clients [1, 19, 18] at time 3
2026-09-24 18:16:12,035 fedbase.py run [line:311] INFO --------------Round 3--------------
2026-09-24 18:16:12,035 simple_logger.py log_once [line:14] INFO Current_time:3
2026-09-24 18:16:13,508 simple_logger.py log_once [line:28] INFO test_accuracy                 0.1000
2026-09-24 18:16:13,508 simple_logger.py log_once [line:28] INFO test_loss                     105.7775
2026-09-24 18:16:13,508 simple_logger.py log_once [line:28] INFO val_accuracy                  0.1007
2026-09-24 18:16:13,508 simple_logger.py log_once [line:28] INFO mean_val_accuracy             0.1017
2026-09-24 18:16:13,508 simple_logger.py log_once [line:28] INFO std_val_accuracy              0.2621
2026-09-24 18:16:13,508 simple_logger.py log_once [line:28] INFO val_loss                      104.8449
2026-09-24 18:16:13,508 simple_logger.py log_once [line:28] INFO mean_val_loss                 104.7748
2026-09-24 18:16:13,508 simple_logger.py log_once [line:28] INFO std_val_loss                  55.0466
2026-09-24 18:16:13,509 fedbase.py run [line:316] INFO Eval Time Cost:               1.4737s
2026-09-24 18:16:13,517 asyncbase.py iterate [line:68] INFO Select clients [np.int64(7), np.int64(12)] at time 4.
2026-09-24 18:16:14,130 asyncbase.py iterate [line:73] INFO Receive new models from clients [9, 15] at time 4
2026-09-24 18:16:14,161 fedbase.py run [line:311] INFO --------------Round 4--------------
2026-09-24 18:16:14,161 simple_logger.py log_once [line:14] INFO Current_time:4
2026-09-24 18:16:15,622 simple_logger.py log_once [line:28] INFO test_accuracy                 0.1000
2026-09-24 18:16:15,623 simple_logger.py log_once [line:28] INFO test_loss                     105.7775
2026-09-24 18:16:15,623 simple_logger.py log_once [line:28] INFO val_accuracy                  0.1007
2026-09-24 18:16:15,623 simple_logger.py log_once [line:28] INFO mean_val_accuracy             0.1017
2026-09-24 18:16:15,623 simple_logger.py log_once [line:28] INFO std_val_accuracy              0.2621
2026-09-24 18:16:15,623 simple_logger.py log_once [line:28] INFO val_loss                      104.8449
2026-09-24 18:16:15,623 simple_logger.py log_once [line:28] INFO mean_val_loss                 104.7748
2026-09-24 18:16:15,623 simple_logger.py log_once [line:28] INFO std_val_loss                  55.0466
2026-09-24 18:16:15,623 fedbase.py run [line:316] INFO Eval Time Cost:               1.4616s
2026-09-24 18:16:15,633 asyncbase.py iterate [line:68] INFO Select clients [np.int64(16), np.int64(0), np.int64(3)] at time 5.
2026-09-24 18:16:16,551 asyncbase.py iterate [line:73] INFO Receive new models from clients [0] at time 5
2026-09-24 18:16:16,571 fedbase.py run [line:311] INFO --------------Round 5--------------
2026-09-24 18:16:16,571 simple_logger.py log_once [line:14] INFO Current_time:5
2026-09-24 18:16:18,025 simple_logger.py log_once [line:28] INFO test_accuracy                 0.1000
2026-09-24 18:16:18,025 simple_logger.py log_once [line:28] INFO test_loss                     105.7775
2026-09-24 18:16:18,025 simple_logger.py log_once [line:28] INFO val_accuracy                  0.1007
2026-09-24 18:16:18,025 simple_logger.py log_once [line:28] INFO mean_val_accuracy             0.1017
2026-09-24 18:16:18,025 simple_logger.py log_once [line:28] INFO std_val_accuracy              0.2621
2026-09-24 18:16:18,025 simple_logger.py log_once [line:28] INFO val_loss                      104.8449
2026-09-24 18:16:18,025 simple_logger.py log_once [line:28] INFO mean_val_loss                 104.7748
2026-09-24 18:16:18,025 simple_logger.py log_once [line:28] INFO std_val_loss                  55.0466
2026-09-24 18:16:18,025 fedbase.py run [line:316] INFO Eval Time Cost:               1.4544s
2026-09-24 18:16:18,035 asyncbase.py iterate [line:73] INFO Receive new models from clients [7] at time 6
2026-09-24 18:16:18,054 fedbase.py run [line:311] INFO --------------Round 6--------------
2026-09-24 18:16:18,054 simple_logger.py log_once [line:14] INFO Current_time:6
2026-09-24 18:16:19,533 simple_logger.py log_once [line:28] INFO test_accuracy                 0.1000
2026-09-24 18:16:19,533 simple_logger.py log_once [line:28] INFO test_loss                     105.7775
2026-09-24 18:16:19,533 simple_logger.py log_once [line:28] INFO val_accuracy                  0.1007
2026-09-24 18:16:19,533 simple_logger.py log_once [line:28] INFO mean_val_accuracy             0.1017
2026-09-24 18:16:19,533 simple_logger.py log_once [line:28] INFO std_val_accuracy              0.2621
2026-09-24 18:16:19,533 simple_logger.py log_once [line:28] INFO val_loss                      104.8449
2026-09-24 18:16:19,533 simple_logger.py log_once [line:28] INFO mean_val_loss                 104.7748
2026-09-24 18:16:19,533 simple_logger.py log_once [line:28] INFO std_val_loss                  55.0466
2026-09-24 18:16:19,533 fedbase.py run [line:316] INFO Eval Time Cost:               1.4795s
2026-09-24 18:16:19,543 asyncbase.py iterate [line:68] INFO Select clients [np.int64(1), np.int64(13)] at time 7.
2026-09-24 18:16:20,236 asyncbase.py iterate [line:73] INFO Receive new models from clients [16, 3, 12] at time 7
2026-09-24 18:16:20,281 fedbase.py run [line:311] INFO --------------Round 7--------------
2026-09-24 18:16:20,281 simple_logger.py log_once [line:14] INFO Current_time:7
2026-09-24 18:16:21,781 simple_logger.py log_once [line:28] INFO test_accuracy                 0.1000
2026-09-24 18:16:21,781 simple_logger.py log_once [line:28] INFO test_loss                     105.7775
2026-09-24 18:16:21,781 simple_logger.py log_once [line:28] INFO val_accuracy                  0.1007
2026-09-24 18:16:21,781 simple_logger.py log_once [line:28] INFO mean_val_accuracy             0.1017
2026-09-24 18:16:21,781 simple_logger.py log_once [line:28] INFO std_val_accuracy              0.2621
2026-09-24 18:16:21,781 simple_logger.py log_once [line:28] INFO val_loss                      104.8449
2026-09-24 18:16:21,781 simple_logger.py log_once [line:28] INFO mean_val_loss                 104.7748
2026-09-24 18:16:21,781 simple_logger.py log_once [line:28] INFO std_val_loss                  55.0466
2026-09-24 18:16:21,781 fedbase.py run [line:316] INFO Eval Time Cost:               1.5006s
2026-09-24 18:16:21,791 asyncbase.py iterate [line:68] INFO Select clients [np.int64(7), np.int64(10), np.int64(8), np.int64(0)] at time 8.
2026-09-24 18:16:23,029 asyncbase.py iterate [line:73] INFO Receive new models from clients [1, 7] at time 8
2026-09-24 18:16:23,068 fedbase.py run [line:311] INFO --------------Round 8--------------
2026-09-24 18:16:23,068 simple_logger.py log_once [line:14] INFO Current_time:8
2026-09-24 18:16:24,543 simple_logger.py log_once [line:28] INFO test_accuracy                 0.1000
2026-09-24 18:16:24,544 simple_logger.py log_once [line:28] INFO test_loss                     105.7775
2026-09-24 18:16:24,544 simple_logger.py log_once [line:28] INFO val_accuracy                  0.1007
2026-09-24 18:16:24,544 simple_logger.py log_once [line:28] INFO mean_val_accuracy             0.1017
2026-09-24 18:16:24,544 simple_logger.py log_once [line:28] INFO std_val_accuracy              0.2621
2026-09-24 18:16:24,544 simple_logger.py log_once [line:28] INFO val_loss                      104.8449
2026-09-24 18:16:24,544 simple_logger.py log_once [line:28] INFO mean_val_loss                 104.7748
2026-09-24 18:16:24,544 simple_logger.py log_once [line:28] INFO std_val_loss                  55.0466
2026-09-24 18:16:24,544 fedbase.py run [line:316] INFO Eval Time Cost:               1.4760s
2026-09-24 18:16:24,552 asyncbase.py iterate [line:68] INFO Select clients [np.int64(19), np.int64(4)] at time 9.
2026-09-24 18:16:25,184 asyncbase.py iterate [line:73] INFO Receive new models from clients [4, 10, 13] at time 10
2026-09-24 18:16:25,231 fedbase.py run [line:311] INFO --------------Round 9--------------
2026-09-24 18:16:25,231 simple_logger.py log_once [line:14] INFO Current_time:10
2026-09-24 18:16:26,699 simple_logger.py log_once [line:28] INFO test_accuracy                 0.1000
2026-09-24 18:16:26,699 simple_logger.py log_once [line:28] INFO test_loss                     105.7775
2026-09-24 18:16:26,699 simple_logger.py log_once [line:28] INFO val_accuracy                  0.1007
2026-09-24 18:16:26,699 simple_logger.py log_once [line:28] INFO mean_val_accuracy             0.1017
2026-09-24 18:16:26,699 simple_logger.py log_once [line:28] INFO std_val_accuracy              0.2621
2026-09-24 18:16:26,699 simple_logger.py log_once [line:28] INFO val_loss                      104.8449
2026-09-24 18:16:26,699 simple_logger.py log_once [line:28] INFO mean_val_loss                 104.7748
2026-09-24 18:16:26,699 simple_logger.py log_once [line:28] INFO std_val_loss                  55.0466
2026-09-24 18:16:26,699 fedbase.py run [line:316] INFO Eval Time Cost:               1.4682s
2026-09-24 18:16:26,708 asyncbase.py iterate [line:68] INFO Select clients [np.int64(1), np.int64(18)] at time 11.
2026-09-24 18:16:27,316 asyncbase.py iterate [line:73] INFO Receive new models from clients [8, 0, 1] at time 11
2026-09-24 18:16:27,367 fedbase.py run [line:311] INFO --------------Round 10--------------
2026-09-24 18:16:27,367 simple_logger.py log_once [line:14] INFO Current_time:11
2026-09-24 18:16:28,898 simple_logger.py log_once [line:28] INFO test_accuracy                 0.1000
2026-09-24 18:16:28,898 simple_logger.py log_once [line:28] INFO test_loss                     105.7775
2026-09-24 18:16:28,898 simple_logger.py log_once [line:28] INFO val_accuracy                  0.1007
2026-09-24 18:16:28,898 simple_logger.py log_once [line:28] INFO mean_val_accuracy             0.1017
2026-09-24 18:16:28,898 simple_logger.py log_once [line:28] INFO std_val_accuracy              0.2621
2026-09-24 18:16:28,898 simple_logger.py log_once [line:28] INFO val_loss                      104.8449
2026-09-24 18:16:28,898 simple_logger.py log_once [line:28] INFO mean_val_loss                 104.7748
2026-09-24 18:16:28,898 simple_logger.py log_once [line:28] INFO std_val_loss                  55.0466
2026-09-24 18:16:28,899 fedbase.py run [line:316] INFO Eval Time Cost:               1.5317s
2026-09-24 18:16:28,899 fedbase.py run [line:324] INFO =================End==================
2026-09-24 18:16:28,899 fedbase.py run [line:325] INFO Total Time Cost:              23.8865s
