E:\fl-experiment\.venv\Lib\site-packages\torch\cuda\__init__.py:61: FutureWarning: The pynvml package is deprecated. Please install nvidia-ml-py instead. If you did not install pynvml directly, please report this to the maintainers of the package that installed pynvml for you.
  import pynvml  # type: ignore[import]
2026-09-24 18:23:55,442 fflow.py init [line:848] INFO PROCESS ID:	23404
2026-09-24 18:23:55,442 fflow.py init [line:849] INFO Initializing devices: cuda:0 will be used for this running.
2026-09-24 18:23:55,443 fflow.py init [line:852] INFO BENCHMARK:	flgo.benchmark.mnist_classification
2026-09-24 18:23:55,443 fflow.py init [line:853] INFO TASK:			E:\Federated Machine Learning\FL-Byzantine-Library\mnist_dir20
2026-09-24 18:23:55,452 fflow.py init [line:854] INFO MODEL:		flgo.benchmark.mnist_classification.model.cnn
2026-09-24 18:23:55,452 fflow.py init [line:855] INFO ALGORITHM:	research_algorithm
2026-09-24 18:23:56,596 fflow.py init [line:901] INFO SCENE:		horizontal FL with 1 <class 'flgo_byzantine.research_algorithm.Server'>, 20 <class 'flgo_byzantine.research_algorithm.Client'>
2026-09-24 18:23:56,687 fflow.py init [line:918] INFO SIMULATOR:	<class 'flgo.simulator.default_simulator.Simulator'>
2026-09-24 18:24:01,192 fflow.py init [line:931] INFO Ready to start.
2026-09-24 18:24:01,192 fedbase.py run [line:300] INFO --------------Initial Evaluation--------------
2026-09-24 18:24:01,192 simple_logger.py log_once [line:14] INFO Current_time:0
2026-09-24 18:24:02,781 simple_logger.py log_once [line:28] INFO test_accuracy                 0.0875
2026-09-24 18:24:02,781 simple_logger.py log_once [line:28] INFO test_loss                     2.3101
2026-09-24 18:24:02,781 simple_logger.py log_once [line:28] INFO val_accuracy                  0.0866
2026-09-24 18:24:02,781 simple_logger.py log_once [line:28] INFO mean_val_accuracy             0.0874
2026-09-24 18:24:02,781 simple_logger.py log_once [line:28] INFO std_val_accuracy              0.2312
2026-09-24 18:24:02,781 simple_logger.py log_once [line:28] INFO val_loss                      2.3109
2026-09-24 18:24:02,781 simple_logger.py log_once [line:28] INFO mean_val_loss                 2.3111
2026-09-24 18:24:02,781 simple_logger.py log_once [line:28] INFO std_val_loss                  0.0785
2026-09-24 18:24:02,781 fedbase.py run [line:303] INFO Eval Time Cost:               1.5895s
2026-09-24 18:24:02,791 asyncbase.py iterate [line:68] INFO Select clients [np.int64(7), np.int64(16), np.int64(18), np.int64(1), np.int64(9), np.int64(19)] at time 1.
2026-09-24 18:24:04,711 asyncbase.py iterate [line:73] INFO Receive new models from clients [16] at time 1
2026-09-24 18:24:04,731 fedbase.py run [line:311] INFO --------------Round 1--------------
2026-09-24 18:24:04,731 simple_logger.py log_once [line:14] INFO Current_time:1
2026-09-24 18:24:06,184 simple_logger.py log_once [line:28] INFO test_accuracy                 0.1815
2026-09-24 18:24:06,184 simple_logger.py log_once [line:28] INFO test_loss                     5.7242
2026-09-24 18:24:06,184 simple_logger.py log_once [line:28] INFO val_accuracy                  0.1865
2026-09-24 18:24:06,184 simple_logger.py log_once [line:28] INFO mean_val_accuracy             0.1861
2026-09-24 18:24:06,184 simple_logger.py log_once [line:28] INFO std_val_accuracy              0.3511
2026-09-24 18:24:06,184 simple_logger.py log_once [line:28] INFO val_loss                      5.6898
2026-09-24 18:24:06,185 simple_logger.py log_once [line:28] INFO mean_val_loss                 5.6932
2026-09-24 18:24:06,185 simple_logger.py log_once [line:28] INFO std_val_loss                  3.3024
2026-09-24 18:24:06,185 fedbase.py run [line:316] INFO Eval Time Cost:               1.4540s
2026-09-24 18:24:06,194 asyncbase.py iterate [line:68] INFO Select clients [np.int64(15)] at time 2.
2026-09-24 18:24:06,505 asyncbase.py iterate [line:73] INFO Receive new models from clients [7] at time 2
2026-09-24 18:24:06,520 fedbase.py run [line:311] INFO --------------Round 2--------------
2026-09-24 18:24:06,520 simple_logger.py log_once [line:14] INFO Current_time:2
2026-09-24 18:24:07,959 simple_logger.py log_once [line:28] INFO test_accuracy                 0.1688
2026-09-24 18:24:07,959 simple_logger.py log_once [line:28] INFO test_loss                     5.7494
2026-09-24 18:24:07,959 simple_logger.py log_once [line:28] INFO val_accuracy                  0.1735
2026-09-24 18:24:07,959 simple_logger.py log_once [line:28] INFO mean_val_accuracy             0.1734
2026-09-24 18:24:07,959 simple_logger.py log_once [line:28] INFO std_val_accuracy              0.2962
2026-09-24 18:24:07,959 simple_logger.py log_once [line:28] INFO val_loss                      5.7161
2026-09-24 18:24:07,959 simple_logger.py log_once [line:28] INFO mean_val_loss                 5.7255
2026-09-24 18:24:07,959 simple_logger.py log_once [line:28] INFO std_val_loss                  3.7999
2026-09-24 18:24:07,959 fedbase.py run [line:316] INFO Eval Time Cost:               1.4398s
2026-09-24 18:24:07,968 asyncbase.py iterate [line:73] INFO Receive new models from clients [1, 19, 18] at time 3
2026-09-24 18:24:08,005 fedbase.py run [line:311] INFO --------------Round 3--------------
2026-09-24 18:24:08,005 simple_logger.py log_once [line:14] INFO Current_time:3
2026-09-24 18:24:09,474 simple_logger.py log_once [line:28] INFO test_accuracy                 0.2238
2026-09-24 18:24:09,474 simple_logger.py log_once [line:28] INFO test_loss                     6.5256
2026-09-24 18:24:09,474 simple_logger.py log_once [line:28] INFO val_accuracy                  0.2312
2026-09-24 18:24:09,474 simple_logger.py log_once [line:28] INFO mean_val_accuracy             0.2315
2026-09-24 18:24:09,474 simple_logger.py log_once [line:28] INFO std_val_accuracy              0.3420
2026-09-24 18:24:09,474 simple_logger.py log_once [line:28] INFO val_loss                      6.4547
2026-09-24 18:24:09,474 simple_logger.py log_once [line:28] INFO mean_val_loss                 6.4708
2026-09-24 18:24:09,474 simple_logger.py log_once [line:28] INFO std_val_loss                  4.7453
2026-09-24 18:24:09,475 fedbase.py run [line:316] INFO Eval Time Cost:               1.4694s
2026-09-24 18:24:09,483 asyncbase.py iterate [line:68] INFO Select clients [np.int64(2), np.int64(7), np.int64(11), np.int64(12)] at time 4.
2026-09-24 18:24:10,831 asyncbase.py iterate [line:73] INFO Receive new models from clients [15, 12, 11] at time 4
2026-09-24 18:24:10,869 fedbase.py run [line:311] INFO --------------Round 4--------------
2026-09-24 18:24:10,869 simple_logger.py log_once [line:14] INFO Current_time:4
2026-09-24 18:24:12,352 simple_logger.py log_once [line:28] INFO test_accuracy                 0.0891
2026-09-24 18:24:12,352 simple_logger.py log_once [line:28] INFO test_loss                     2.7466
2026-09-24 18:24:12,352 simple_logger.py log_once [line:28] INFO val_accuracy                  0.0902
2026-09-24 18:24:12,352 simple_logger.py log_once [line:28] INFO mean_val_accuracy             0.0899
2026-09-24 18:24:12,352 simple_logger.py log_once [line:28] INFO std_val_accuracy              0.2494
2026-09-24 18:24:12,352 simple_logger.py log_once [line:28] INFO val_loss                      2.7468
2026-09-24 18:24:12,352 simple_logger.py log_once [line:28] INFO mean_val_loss                 2.7481
2026-09-24 18:24:12,352 simple_logger.py log_once [line:28] INFO std_val_loss                  0.8982
2026-09-24 18:24:12,352 fedbase.py run [line:316] INFO Eval Time Cost:               1.4829s
2026-09-24 18:24:12,360 asyncbase.py iterate [line:68] INFO Select clients [np.int64(16), np.int64(12), np.int64(0)] at time 5.
2026-09-24 18:24:13,314 asyncbase.py iterate [line:73] INFO Receive new models from clients [12, 2] at time 6
2026-09-24 18:24:13,340 fedbase.py run [line:311] INFO --------------Round 5--------------
2026-09-24 18:24:13,340 simple_logger.py log_once [line:14] INFO Current_time:6
2026-09-24 18:24:14,833 simple_logger.py log_once [line:28] INFO test_accuracy                 0.1816
2026-09-24 18:24:14,833 simple_logger.py log_once [line:28] INFO test_loss                     2.9571
2026-09-24 18:24:14,833 simple_logger.py log_once [line:28] INFO val_accuracy                  0.1833
2026-09-24 18:24:14,833 simple_logger.py log_once [line:28] INFO mean_val_accuracy             0.1840
2026-09-24 18:24:14,833 simple_logger.py log_once [line:28] INFO std_val_accuracy              0.3560
2026-09-24 18:24:14,833 simple_logger.py log_once [line:28] INFO val_loss                      2.9492
2026-09-24 18:24:14,833 simple_logger.py log_once [line:28] INFO mean_val_loss                 2.9476
2026-09-24 18:24:14,833 simple_logger.py log_once [line:28] INFO std_val_loss                  1.2220
2026-09-24 18:24:14,833 fedbase.py run [line:316] INFO Eval Time Cost:               1.4933s
2026-09-24 18:24:14,841 asyncbase.py iterate [line:73] INFO Receive new models from clients [9, 16, 7] at time 7
2026-09-24 18:24:14,878 fedbase.py run [line:311] INFO --------------Round 6--------------
2026-09-24 18:24:14,878 simple_logger.py log_once [line:14] INFO Current_time:7
2026-09-24 18:24:16,329 simple_logger.py log_once [line:28] INFO test_accuracy                 0.1840
2026-09-24 18:24:16,329 simple_logger.py log_once [line:28] INFO test_loss                     2.2921
2026-09-24 18:24:16,330 simple_logger.py log_once [line:28] INFO val_accuracy                  0.1866
2026-09-24 18:24:16,330 simple_logger.py log_once [line:28] INFO mean_val_accuracy             0.1874
2026-09-24 18:24:16,330 simple_logger.py log_once [line:28] INFO std_val_accuracy              0.3619
2026-09-24 18:24:16,330 simple_logger.py log_once [line:28] INFO val_loss                      2.2920
2026-09-24 18:24:16,330 simple_logger.py log_once [line:28] INFO mean_val_loss                 2.2912
2026-09-24 18:24:16,330 simple_logger.py log_once [line:28] INFO std_val_loss                  0.6256
2026-09-24 18:24:16,330 fedbase.py run [line:316] INFO Eval Time Cost:               1.4514s
2026-09-24 18:24:16,338 asyncbase.py iterate [line:68] INFO Select clients [np.int64(1), np.int64(16), np.int64(13), np.int64(14), np.int64(19)] at time 8.
2026-09-24 18:24:17,914 asyncbase.py iterate [line:73] INFO Receive new models from clients [0, 1, 14] at time 8
2026-09-24 18:24:17,957 fedbase.py run [line:311] INFO --------------Round 7--------------
2026-09-24 18:24:17,957 simple_logger.py log_once [line:14] INFO Current_time:8
2026-09-24 18:24:19,456 simple_logger.py log_once [line:28] INFO test_accuracy                 0.0984
2026-09-24 18:24:19,456 simple_logger.py log_once [line:28] INFO test_loss                     2.8917
2026-09-24 18:24:19,456 simple_logger.py log_once [line:28] INFO val_accuracy                  0.1021
2026-09-24 18:24:19,456 simple_logger.py log_once [line:28] INFO mean_val_accuracy             0.1024
2026-09-24 18:24:19,456 simple_logger.py log_once [line:28] INFO std_val_accuracy              0.2815
2026-09-24 18:24:19,456 simple_logger.py log_once [line:28] INFO val_loss                      2.8864
2026-09-24 18:24:19,456 simple_logger.py log_once [line:28] INFO mean_val_loss                 2.8838
2026-09-24 18:24:19,456 simple_logger.py log_once [line:28] INFO std_val_loss                  1.2249
2026-09-24 18:24:19,457 fedbase.py run [line:316] INFO Eval Time Cost:               1.4990s
2026-09-24 18:24:19,465 asyncbase.py iterate [line:68] INFO Select clients [np.int64(7), np.int64(10), np.int64(8)] at time 9.
2026-09-24 18:24:20,426 asyncbase.py iterate [line:73] INFO Receive new models from clients [10] at time 9
2026-09-24 18:24:20,440 fedbase.py run [line:311] INFO --------------Round 8--------------
2026-09-24 18:24:20,440 simple_logger.py log_once [line:14] INFO Current_time:9
2026-09-24 18:24:21,921 simple_logger.py log_once [line:28] INFO test_accuracy                 0.1770
2026-09-24 18:24:21,921 simple_logger.py log_once [line:28] INFO test_loss                     5.5676
2026-09-24 18:24:21,921 simple_logger.py log_once [line:28] INFO val_accuracy                  0.1821
2026-09-24 18:24:21,921 simple_logger.py log_once [line:28] INFO mean_val_accuracy             0.1820
2026-09-24 18:24:21,921 simple_logger.py log_once [line:28] INFO std_val_accuracy              0.3474
2026-09-24 18:24:21,921 simple_logger.py log_once [line:28] INFO val_loss                      5.5975
2026-09-24 18:24:21,921 simple_logger.py log_once [line:28] INFO mean_val_loss                 5.5954
2026-09-24 18:24:21,921 simple_logger.py log_once [line:28] INFO std_val_loss                  2.8570
2026-09-24 18:24:21,921 fedbase.py run [line:316] INFO Eval Time Cost:               1.4810s
2026-09-24 18:24:21,930 asyncbase.py iterate [line:73] INFO Receive new models from clients [7, 16] at time 10
2026-09-24 18:24:21,966 fedbase.py run [line:311] INFO --------------Round 9--------------
2026-09-24 18:24:21,967 simple_logger.py log_once [line:14] INFO Current_time:10
2026-09-24 18:24:23,418 simple_logger.py log_once [line:28] INFO test_accuracy                 0.1679
2026-09-24 18:24:23,418 simple_logger.py log_once [line:28] INFO test_loss                     5.7531
2026-09-24 18:24:23,418 simple_logger.py log_once [line:28] INFO val_accuracy                  0.1705
2026-09-24 18:24:23,418 simple_logger.py log_once [line:28] INFO mean_val_accuracy             0.1705
2026-09-24 18:24:23,418 simple_logger.py log_once [line:28] INFO std_val_accuracy              0.3256
2026-09-24 18:24:23,418 simple_logger.py log_once [line:28] INFO val_loss                      5.8141
2026-09-24 18:24:23,418 simple_logger.py log_once [line:28] INFO mean_val_loss                 5.8153
2026-09-24 18:24:23,418 simple_logger.py log_once [line:28] INFO std_val_loss                  3.1190
2026-09-24 18:24:23,418 fedbase.py run [line:316] INFO Eval Time Cost:               1.4513s
2026-09-24 18:24:23,427 asyncbase.py iterate [line:68] INFO Select clients [np.int64(0), np.int64(1), np.int64(18)] at time 11.
2026-09-24 18:24:24,354 asyncbase.py iterate [line:73] INFO Receive new models from clients [19, 13] at time 11
2026-09-24 18:24:24,390 fedbase.py run [line:311] INFO --------------Round 10--------------
2026-09-24 18:24:24,390 simple_logger.py log_once [line:14] INFO Current_time:11
2026-09-24 18:24:25,851 simple_logger.py log_once [line:28] INFO test_accuracy                 0.0892
2026-09-24 18:24:25,851 simple_logger.py log_once [line:28] INFO test_loss                     7.2845
2026-09-24 18:24:25,851 simple_logger.py log_once [line:28] INFO val_accuracy                  0.0908
2026-09-24 18:24:25,851 simple_logger.py log_once [line:28] INFO mean_val_accuracy             0.0906
2026-09-24 18:24:25,851 simple_logger.py log_once [line:28] INFO std_val_accuracy              0.2536
2026-09-24 18:24:25,851 simple_logger.py log_once [line:28] INFO val_loss                      7.3369
2026-09-24 18:24:25,851 simple_logger.py log_once [line:28] INFO mean_val_loss                 7.3432
2026-09-24 18:24:25,851 simple_logger.py log_once [line:28] INFO std_val_loss                  3.2528
2026-09-24 18:24:25,851 fedbase.py run [line:316] INFO Eval Time Cost:               1.4610s
2026-09-24 18:24:25,851 fedbase.py run [line:324] INFO =================End==================
2026-09-24 18:24:25,851 fedbase.py run [line:325] INFO Total Time Cost:              24.6593s
