E:\fl-experiment\.venv\Lib\site-packages\torch\cuda\__init__.py:61: FutureWarning: The pynvml package is deprecated. Please install nvidia-ml-py instead. If you did not install pynvml directly, please report this to the maintainers of the package that installed pynvml for you.
  import pynvml  # type: ignore[import]
2026-09-24 18:23:21,319 fflow.py init [line:848] INFO PROCESS ID:	5928
2026-09-24 18:23:21,319 fflow.py init [line:849] INFO Initializing devices: cuda:0 will be used for this running.
2026-09-24 18:23:21,319 fflow.py init [line:852] INFO BENCHMARK:	flgo.benchmark.mnist_classification
2026-09-24 18:23:21,319 fflow.py init [line:853] INFO TASK:			E:\Federated Machine Learning\FL-Byzantine-Library\mnist_dir20
2026-09-24 18:23:21,328 fflow.py init [line:854] INFO MODEL:		flgo.benchmark.mnist_classification.model.cnn
2026-09-24 18:23:21,328 fflow.py init [line:855] INFO ALGORITHM:	research_algorithm
2026-09-24 18:23:22,564 fflow.py init [line:901] INFO SCENE:		horizontal FL with 1 <class 'flgo_byzantine.research_algorithm.Server'>, 20 <class 'flgo_byzantine.research_algorithm.Client'>
2026-09-24 18:23:22,655 fflow.py init [line:918] INFO SIMULATOR:	<class 'flgo.simulator.default_simulator.Simulator'>
2026-09-24 18:23:27,149 fflow.py init [line:931] INFO Ready to start.
2026-09-24 18:23:27,149 fedbase.py run [line:300] INFO --------------Initial Evaluation--------------
2026-09-24 18:23:27,149 simple_logger.py log_once [line:14] INFO Current_time:0
2026-09-24 18:23:28,921 simple_logger.py log_once [line:28] INFO test_accuracy                 0.0875
2026-09-24 18:23:28,921 simple_logger.py log_once [line:28] INFO test_loss                     2.3101
2026-09-24 18:23:28,921 simple_logger.py log_once [line:28] INFO val_accuracy                  0.0866
2026-09-24 18:23:28,922 simple_logger.py log_once [line:28] INFO mean_val_accuracy             0.0874
2026-09-24 18:23:28,922 simple_logger.py log_once [line:28] INFO std_val_accuracy              0.2312
2026-09-24 18:23:28,922 simple_logger.py log_once [line:28] INFO val_loss                      2.3109
2026-09-24 18:23:28,922 simple_logger.py log_once [line:28] INFO mean_val_loss                 2.3111
2026-09-24 18:23:28,922 simple_logger.py log_once [line:28] INFO std_val_loss                  0.0785
2026-09-24 18:23:28,922 fedbase.py run [line:303] INFO Eval Time Cost:               1.7724s
2026-09-24 18:23:28,932 asyncbase.py iterate [line:68] INFO Select clients [np.int64(7), np.int64(16), np.int64(18), np.int64(1), np.int64(9), np.int64(19)] at time 1.
2026-09-24 18:23:30,908 asyncbase.py iterate [line:73] INFO Receive new models from clients [16] at time 1
2026-09-24 18:23:30,927 fedbase.py run [line:311] INFO --------------Round 1--------------
2026-09-24 18:23:30,927 simple_logger.py log_once [line:14] INFO Current_time:1
2026-09-24 18:23:32,384 simple_logger.py log_once [line:28] INFO test_accuracy                 0.1817
2026-09-24 18:23:32,384 simple_logger.py log_once [line:28] INFO test_loss                     5.7211
2026-09-24 18:23:32,384 simple_logger.py log_once [line:28] INFO val_accuracy                  0.1866
2026-09-24 18:23:32,384 simple_logger.py log_once [line:28] INFO mean_val_accuracy             0.1863
2026-09-24 18:23:32,384 simple_logger.py log_once [line:28] INFO std_val_accuracy              0.3514
2026-09-24 18:23:32,384 simple_logger.py log_once [line:28] INFO val_loss                      5.6866
2026-09-24 18:23:32,384 simple_logger.py log_once [line:28] INFO mean_val_loss                 5.6900
2026-09-24 18:23:32,384 simple_logger.py log_once [line:28] INFO std_val_loss                  3.3005
2026-09-24 18:23:32,384 fedbase.py run [line:316] INFO Eval Time Cost:               1.4565s
2026-09-24 18:23:32,392 asyncbase.py iterate [line:68] INFO Select clients [np.int64(15)] at time 2.
2026-09-24 18:23:32,707 asyncbase.py iterate [line:73] INFO Receive new models from clients [7] at time 2
2026-09-24 18:23:32,721 fedbase.py run [line:311] INFO --------------Round 2--------------
2026-09-24 18:23:32,721 simple_logger.py log_once [line:14] INFO Current_time:2
2026-09-24 18:23:34,263 simple_logger.py log_once [line:28] INFO test_accuracy                 0.1692
2026-09-24 18:23:34,263 simple_logger.py log_once [line:28] INFO test_loss                     5.7411
2026-09-24 18:23:34,263 simple_logger.py log_once [line:28] INFO val_accuracy                  0.1737
2026-09-24 18:23:34,263 simple_logger.py log_once [line:28] INFO mean_val_accuracy             0.1735
2026-09-24 18:23:34,263 simple_logger.py log_once [line:28] INFO std_val_accuracy              0.2962
2026-09-24 18:23:34,263 simple_logger.py log_once [line:28] INFO val_loss                      5.7080
2026-09-24 18:23:34,263 simple_logger.py log_once [line:28] INFO mean_val_loss                 5.7173
2026-09-24 18:23:34,263 simple_logger.py log_once [line:28] INFO std_val_loss                  3.7963
2026-09-24 18:23:34,263 fedbase.py run [line:316] INFO Eval Time Cost:               1.5425s
2026-09-24 18:23:34,272 asyncbase.py iterate [line:73] INFO Receive new models from clients [1, 19, 18] at time 3
2026-09-24 18:23:34,309 fedbase.py run [line:311] INFO --------------Round 3--------------
2026-09-24 18:23:34,309 simple_logger.py log_once [line:14] INFO Current_time:3
2026-09-24 18:23:35,774 simple_logger.py log_once [line:28] INFO test_accuracy                 0.2240
2026-09-24 18:23:35,774 simple_logger.py log_once [line:28] INFO test_loss                     6.5158
2026-09-24 18:23:35,774 simple_logger.py log_once [line:28] INFO val_accuracy                  0.2314
2026-09-24 18:23:35,774 simple_logger.py log_once [line:28] INFO mean_val_accuracy             0.2316
2026-09-24 18:23:35,774 simple_logger.py log_once [line:28] INFO std_val_accuracy              0.3422
2026-09-24 18:23:35,774 simple_logger.py log_once [line:28] INFO val_loss                      6.4450
2026-09-24 18:23:35,774 simple_logger.py log_once [line:28] INFO mean_val_loss                 6.4611
2026-09-24 18:23:35,774 simple_logger.py log_once [line:28] INFO std_val_loss                  4.7404
2026-09-24 18:23:35,775 fedbase.py run [line:316] INFO Eval Time Cost:               1.4657s
2026-09-24 18:23:35,783 asyncbase.py iterate [line:68] INFO Select clients [np.int64(2), np.int64(7), np.int64(11), np.int64(12)] at time 4.
2026-09-24 18:23:37,119 asyncbase.py iterate [line:73] INFO Receive new models from clients [15, 12, 11] at time 4
2026-09-24 18:23:37,161 fedbase.py run [line:311] INFO --------------Round 4--------------
2026-09-24 18:23:37,162 simple_logger.py log_once [line:14] INFO Current_time:4
2026-09-24 18:23:38,650 simple_logger.py log_once [line:28] INFO test_accuracy                 0.1348
2026-09-24 18:23:38,650 simple_logger.py log_once [line:28] INFO test_loss                     2.7441
2026-09-24 18:23:38,650 simple_logger.py log_once [line:28] INFO val_accuracy                  0.1349
2026-09-24 18:23:38,650 simple_logger.py log_once [line:28] INFO mean_val_accuracy             0.1339
2026-09-24 18:23:38,650 simple_logger.py log_once [line:28] INFO std_val_accuracy              0.2805
2026-09-24 18:23:38,650 simple_logger.py log_once [line:28] INFO val_loss                      2.7439
2026-09-24 18:23:38,650 simple_logger.py log_once [line:28] INFO mean_val_loss                 2.7450
2026-09-24 18:23:38,650 simple_logger.py log_once [line:28] INFO std_val_loss                  0.9255
2026-09-24 18:23:38,650 fedbase.py run [line:316] INFO Eval Time Cost:               1.4885s
2026-09-24 18:23:38,658 asyncbase.py iterate [line:68] INFO Select clients [np.int64(16), np.int64(12), np.int64(0)] at time 5.
2026-09-24 18:23:39,595 asyncbase.py iterate [line:73] INFO Receive new models from clients [12, 2] at time 6
2026-09-24 18:23:39,620 fedbase.py run [line:311] INFO --------------Round 5--------------
2026-09-24 18:23:39,620 simple_logger.py log_once [line:14] INFO Current_time:6
2026-09-24 18:23:41,081 simple_logger.py log_once [line:28] INFO test_accuracy                 0.1848
2026-09-24 18:23:41,081 simple_logger.py log_once [line:28] INFO test_loss                     2.7820
2026-09-24 18:23:41,081 simple_logger.py log_once [line:28] INFO val_accuracy                  0.1868
2026-09-24 18:23:41,081 simple_logger.py log_once [line:28] INFO mean_val_accuracy             0.1876
2026-09-24 18:23:41,081 simple_logger.py log_once [line:28] INFO std_val_accuracy              0.3623
2026-09-24 18:23:41,081 simple_logger.py log_once [line:28] INFO val_loss                      2.7772
2026-09-24 18:23:41,081 simple_logger.py log_once [line:28] INFO mean_val_loss                 2.7755
2026-09-24 18:23:41,081 simple_logger.py log_once [line:28] INFO std_val_loss                  1.1240
2026-09-24 18:23:41,081 fedbase.py run [line:316] INFO Eval Time Cost:               1.4608s
2026-09-24 18:23:41,090 asyncbase.py iterate [line:73] INFO Receive new models from clients [9, 16, 7] at time 7
2026-09-24 18:23:41,127 fedbase.py run [line:311] INFO --------------Round 6--------------
2026-09-24 18:23:41,128 simple_logger.py log_once [line:14] INFO Current_time:7
2026-09-24 18:23:42,598 simple_logger.py log_once [line:28] INFO test_accuracy                 0.1841
2026-09-24 18:23:42,598 simple_logger.py log_once [line:28] INFO test_loss                     2.3675
2026-09-24 18:23:42,598 simple_logger.py log_once [line:28] INFO val_accuracy                  0.1868
2026-09-24 18:23:42,598 simple_logger.py log_once [line:28] INFO mean_val_accuracy             0.1876
2026-09-24 18:23:42,598 simple_logger.py log_once [line:28] INFO std_val_accuracy              0.3623
2026-09-24 18:23:42,598 simple_logger.py log_once [line:28] INFO val_loss                      2.3665
2026-09-24 18:23:42,598 simple_logger.py log_once [line:28] INFO mean_val_loss                 2.3652
2026-09-24 18:23:42,598 simple_logger.py log_once [line:28] INFO std_val_loss                  0.6958
2026-09-24 18:23:42,598 fedbase.py run [line:316] INFO Eval Time Cost:               1.4707s
2026-09-24 18:23:42,607 asyncbase.py iterate [line:68] INFO Select clients [np.int64(1), np.int64(16), np.int64(13), np.int64(14), np.int64(19)] at time 8.
2026-09-24 18:23:44,203 asyncbase.py iterate [line:73] INFO Receive new models from clients [0, 1, 14] at time 8
2026-09-24 18:23:44,245 fedbase.py run [line:311] INFO --------------Round 7--------------
2026-09-24 18:23:44,245 simple_logger.py log_once [line:14] INFO Current_time:8
2026-09-24 18:23:45,727 simple_logger.py log_once [line:28] INFO test_accuracy                 0.1735
2026-09-24 18:23:45,727 simple_logger.py log_once [line:28] INFO test_loss                     2.5729
2026-09-24 18:23:45,727 simple_logger.py log_once [line:28] INFO val_accuracy                  0.1744
2026-09-24 18:23:45,727 simple_logger.py log_once [line:28] INFO mean_val_accuracy             0.1747
2026-09-24 18:23:45,727 simple_logger.py log_once [line:28] INFO std_val_accuracy              0.3402
2026-09-24 18:23:45,727 simple_logger.py log_once [line:28] INFO val_loss                      2.5639
2026-09-24 18:23:45,727 simple_logger.py log_once [line:28] INFO mean_val_loss                 2.5615
2026-09-24 18:23:45,727 simple_logger.py log_once [line:28] INFO std_val_loss                  0.9318
2026-09-24 18:23:45,727 fedbase.py run [line:316] INFO Eval Time Cost:               1.4818s
2026-09-24 18:23:45,735 asyncbase.py iterate [line:68] INFO Select clients [np.int64(7), np.int64(10), np.int64(8)] at time 9.
2026-09-24 18:23:46,651 asyncbase.py iterate [line:73] INFO Receive new models from clients [10] at time 9
2026-09-24 18:23:46,666 fedbase.py run [line:311] INFO --------------Round 8--------------
2026-09-24 18:23:46,666 simple_logger.py log_once [line:14] INFO Current_time:9
2026-09-24 18:23:48,128 simple_logger.py log_once [line:28] INFO test_accuracy                 0.1788
2026-09-24 18:23:48,128 simple_logger.py log_once [line:28] INFO test_loss                     5.7022
2026-09-24 18:23:48,128 simple_logger.py log_once [line:28] INFO val_accuracy                  0.1819
2026-09-24 18:23:48,128 simple_logger.py log_once [line:28] INFO mean_val_accuracy             0.1819
2026-09-24 18:23:48,128 simple_logger.py log_once [line:28] INFO std_val_accuracy              0.3476
2026-09-24 18:23:48,128 simple_logger.py log_once [line:28] INFO val_loss                      5.7171
2026-09-24 18:23:48,128 simple_logger.py log_once [line:28] INFO mean_val_loss                 5.7132
2026-09-24 18:23:48,128 simple_logger.py log_once [line:28] INFO std_val_loss                  3.0177
2026-09-24 18:23:48,128 fedbase.py run [line:316] INFO Eval Time Cost:               1.4624s
2026-09-24 18:23:48,136 asyncbase.py iterate [line:73] INFO Receive new models from clients [7, 16] at time 10
2026-09-24 18:23:48,172 fedbase.py run [line:311] INFO --------------Round 9--------------
2026-09-24 18:23:48,172 simple_logger.py log_once [line:14] INFO Current_time:10
2026-09-24 18:23:49,627 simple_logger.py log_once [line:28] INFO test_accuracy                 0.1744
2026-09-24 18:23:49,627 simple_logger.py log_once [line:28] INFO test_loss                     6.3359
2026-09-24 18:23:49,627 simple_logger.py log_once [line:28] INFO val_accuracy                  0.1746
2026-09-24 18:23:49,627 simple_logger.py log_once [line:28] INFO mean_val_accuracy             0.1745
2026-09-24 18:23:49,627 simple_logger.py log_once [line:28] INFO std_val_accuracy              0.3103
2026-09-24 18:23:49,627 simple_logger.py log_once [line:28] INFO val_loss                      6.4093
2026-09-24 18:23:49,627 simple_logger.py log_once [line:28] INFO mean_val_loss                 6.4074
2026-09-24 18:23:49,627 simple_logger.py log_once [line:28] INFO std_val_loss                  3.5055
2026-09-24 18:23:49,628 fedbase.py run [line:316] INFO Eval Time Cost:               1.4557s
2026-09-24 18:23:49,637 asyncbase.py iterate [line:68] INFO Select clients [np.int64(0), np.int64(1), np.int64(18)] at time 11.
2026-09-24 18:23:50,562 asyncbase.py iterate [line:73] INFO Receive new models from clients [19, 13] at time 11
2026-09-24 18:23:50,598 fedbase.py run [line:311] INFO --------------Round 10--------------
2026-09-24 18:23:50,598 simple_logger.py log_once [line:14] INFO Current_time:11
2026-09-24 18:23:52,063 simple_logger.py log_once [line:28] INFO test_accuracy                 0.1127
2026-09-24 18:23:52,063 simple_logger.py log_once [line:28] INFO test_loss                     7.5792
2026-09-24 18:23:52,063 simple_logger.py log_once [line:28] INFO val_accuracy                  0.1085
2026-09-24 18:23:52,063 simple_logger.py log_once [line:28] INFO mean_val_accuracy             0.1083
2026-09-24 18:23:52,063 simple_logger.py log_once [line:28] INFO std_val_accuracy              0.2504
2026-09-24 18:23:52,063 simple_logger.py log_once [line:28] INFO val_loss                      7.6604
2026-09-24 18:23:52,063 simple_logger.py log_once [line:28] INFO mean_val_loss                 7.6618
2026-09-24 18:23:52,063 simple_logger.py log_once [line:28] INFO std_val_loss                  3.5760
2026-09-24 18:23:52,063 fedbase.py run [line:316] INFO Eval Time Cost:               1.4654s
2026-09-24 18:23:52,063 fedbase.py run [line:324] INFO =================End==================
2026-09-24 18:23:52,063 fedbase.py run [line:325] INFO Total Time Cost:              24.9139s
