E:\fl-experiment\.venv\Lib\site-packages\torch\cuda\__init__.py:61: FutureWarning: The pynvml package is deprecated. Please install nvidia-ml-py instead. If you did not install pynvml directly, please report this to the maintainers of the package that installed pynvml for you.
  import pynvml  # type: ignore[import]
2026-09-24 18:22:47,494 fflow.py init [line:848] INFO PROCESS ID:	5596
2026-09-24 18:22:47,494 fflow.py init [line:849] INFO Initializing devices: cuda:0 will be used for this running.
2026-09-24 18:22:47,494 fflow.py init [line:852] INFO BENCHMARK:	flgo.benchmark.mnist_classification
2026-09-24 18:22:47,494 fflow.py init [line:853] INFO TASK:			E:\Federated Machine Learning\FL-Byzantine-Library\mnist_dir20
2026-09-24 18:22:47,502 fflow.py init [line:854] INFO MODEL:		flgo.benchmark.mnist_classification.model.cnn
2026-09-24 18:22:47,503 fflow.py init [line:855] INFO ALGORITHM:	research_algorithm
2026-09-24 18:22:48,778 fflow.py init [line:901] INFO SCENE:		horizontal FL with 1 <class 'flgo_byzantine.research_algorithm.Server'>, 20 <class 'flgo_byzantine.research_algorithm.Client'>
2026-09-24 18:22:48,877 fflow.py init [line:918] INFO SIMULATOR:	<class 'flgo.simulator.default_simulator.Simulator'>
2026-09-24 18:22:53,339 fflow.py init [line:931] INFO Ready to start.
2026-09-24 18:22:53,339 fedbase.py run [line:300] INFO --------------Initial Evaluation--------------
2026-09-24 18:22:53,339 simple_logger.py log_once [line:14] INFO Current_time:0
2026-09-24 18:22:54,922 simple_logger.py log_once [line:28] INFO test_accuracy                 0.0875
2026-09-24 18:22:54,922 simple_logger.py log_once [line:28] INFO test_loss                     2.3101
2026-09-24 18:22:54,922 simple_logger.py log_once [line:28] INFO val_accuracy                  0.0866
2026-09-24 18:22:54,922 simple_logger.py log_once [line:28] INFO mean_val_accuracy             0.0874
2026-09-24 18:22:54,922 simple_logger.py log_once [line:28] INFO std_val_accuracy              0.2312
2026-09-24 18:22:54,922 simple_logger.py log_once [line:28] INFO val_loss                      2.3109
2026-09-24 18:22:54,922 simple_logger.py log_once [line:28] INFO mean_val_loss                 2.3111
2026-09-24 18:22:54,922 simple_logger.py log_once [line:28] INFO std_val_loss                  0.0785
2026-09-24 18:22:54,922 fedbase.py run [line:303] INFO Eval Time Cost:               1.5825s
2026-09-24 18:22:54,932 asyncbase.py iterate [line:68] INFO Select clients [np.int64(7), np.int64(16), np.int64(18), np.int64(1), np.int64(9), np.int64(19)] at time 1.
2026-09-24 18:22:56,847 asyncbase.py iterate [line:73] INFO Receive new models from clients [16] at time 1
2026-09-24 18:22:56,865 fedbase.py run [line:311] INFO --------------Round 1--------------
2026-09-24 18:22:56,866 simple_logger.py log_once [line:14] INFO Current_time:1
2026-09-24 18:22:58,363 simple_logger.py log_once [line:28] INFO test_accuracy                 0.1815
2026-09-24 18:22:58,363 simple_logger.py log_once [line:28] INFO test_loss                     5.7236
2026-09-24 18:22:58,363 simple_logger.py log_once [line:28] INFO val_accuracy                  0.1865
2026-09-24 18:22:58,363 simple_logger.py log_once [line:28] INFO mean_val_accuracy             0.1861
2026-09-24 18:22:58,363 simple_logger.py log_once [line:28] INFO std_val_accuracy              0.3511
2026-09-24 18:22:58,363 simple_logger.py log_once [line:28] INFO val_loss                      5.6892
2026-09-24 18:22:58,363 simple_logger.py log_once [line:28] INFO mean_val_loss                 5.6926
2026-09-24 18:22:58,363 simple_logger.py log_once [line:28] INFO std_val_loss                  3.3018
2026-09-24 18:22:58,363 fedbase.py run [line:316] INFO Eval Time Cost:               1.4975s
2026-09-24 18:22:58,372 asyncbase.py iterate [line:68] INFO Select clients [np.int64(15)] at time 2.
2026-09-24 18:22:58,699 asyncbase.py iterate [line:73] INFO Receive new models from clients [7] at time 2
2026-09-24 18:22:58,713 fedbase.py run [line:311] INFO --------------Round 2--------------
2026-09-24 18:22:58,713 simple_logger.py log_once [line:14] INFO Current_time:2
2026-09-24 18:23:00,229 simple_logger.py log_once [line:28] INFO test_accuracy                 0.1691
2026-09-24 18:23:00,229 simple_logger.py log_once [line:28] INFO test_loss                     5.7443
2026-09-24 18:23:00,229 simple_logger.py log_once [line:28] INFO val_accuracy                  0.1737
2026-09-24 18:23:00,229 simple_logger.py log_once [line:28] INFO mean_val_accuracy             0.1735
2026-09-24 18:23:00,229 simple_logger.py log_once [line:28] INFO std_val_accuracy              0.2961
2026-09-24 18:23:00,229 simple_logger.py log_once [line:28] INFO val_loss                      5.7112
2026-09-24 18:23:00,229 simple_logger.py log_once [line:28] INFO mean_val_loss                 5.7205
2026-09-24 18:23:00,229 simple_logger.py log_once [line:28] INFO std_val_loss                  3.7980
2026-09-24 18:23:00,229 fedbase.py run [line:316] INFO Eval Time Cost:               1.5155s
2026-09-24 18:23:00,237 asyncbase.py iterate [line:73] INFO Receive new models from clients [1, 19, 18] at time 3
2026-09-24 18:23:00,275 fedbase.py run [line:311] INFO --------------Round 3--------------
2026-09-24 18:23:00,275 simple_logger.py log_once [line:14] INFO Current_time:3
2026-09-24 18:23:01,738 simple_logger.py log_once [line:28] INFO test_accuracy                 0.2238
2026-09-24 18:23:01,738 simple_logger.py log_once [line:28] INFO test_loss                     6.5199
2026-09-24 18:23:01,738 simple_logger.py log_once [line:28] INFO val_accuracy                  0.2314
2026-09-24 18:23:01,738 simple_logger.py log_once [line:28] INFO mean_val_accuracy             0.2316
2026-09-24 18:23:01,738 simple_logger.py log_once [line:28] INFO std_val_accuracy              0.3422
2026-09-24 18:23:01,738 simple_logger.py log_once [line:28] INFO val_loss                      6.4492
2026-09-24 18:23:01,738 simple_logger.py log_once [line:28] INFO mean_val_loss                 6.4652
2026-09-24 18:23:01,738 simple_logger.py log_once [line:28] INFO std_val_loss                  4.7423
2026-09-24 18:23:01,738 fedbase.py run [line:316] INFO Eval Time Cost:               1.4632s
2026-09-24 18:23:01,746 asyncbase.py iterate [line:68] INFO Select clients [np.int64(2), np.int64(7), np.int64(11), np.int64(12)] at time 4.
2026-09-24 18:23:02,999 asyncbase.py iterate [line:73] INFO Receive new models from clients [15, 12, 11] at time 4
2026-09-24 18:23:03,038 fedbase.py run [line:311] INFO --------------Round 4--------------
2026-09-24 18:23:03,038 simple_logger.py log_once [line:14] INFO Current_time:4
2026-09-24 18:23:04,528 simple_logger.py log_once [line:28] INFO test_accuracy                 0.1326
2026-09-24 18:23:04,528 simple_logger.py log_once [line:28] INFO test_loss                     2.7516
2026-09-24 18:23:04,528 simple_logger.py log_once [line:28] INFO val_accuracy                  0.1309
2026-09-24 18:23:04,528 simple_logger.py log_once [line:28] INFO mean_val_accuracy             0.1299
2026-09-24 18:23:04,528 simple_logger.py log_once [line:28] INFO std_val_accuracy              0.2813
2026-09-24 18:23:04,528 simple_logger.py log_once [line:28] INFO val_loss                      2.7515
2026-09-24 18:23:04,528 simple_logger.py log_once [line:28] INFO mean_val_loss                 2.7526
2026-09-24 18:23:04,528 simple_logger.py log_once [line:28] INFO std_val_loss                  0.9307
2026-09-24 18:23:04,528 fedbase.py run [line:316] INFO Eval Time Cost:               1.4902s
2026-09-24 18:23:04,537 asyncbase.py iterate [line:68] INFO Select clients [np.int64(16), np.int64(12), np.int64(0)] at time 5.
2026-09-24 18:23:05,468 asyncbase.py iterate [line:73] INFO Receive new models from clients [12, 2] at time 6
2026-09-24 18:23:05,494 fedbase.py run [line:311] INFO --------------Round 5--------------
2026-09-24 18:23:05,494 simple_logger.py log_once [line:14] INFO Current_time:6
2026-09-24 18:23:06,966 simple_logger.py log_once [line:28] INFO test_accuracy                 0.1846
2026-09-24 18:23:06,967 simple_logger.py log_once [line:28] INFO test_loss                     2.6649
2026-09-24 18:23:06,967 simple_logger.py log_once [line:28] INFO val_accuracy                  0.1868
2026-09-24 18:23:06,967 simple_logger.py log_once [line:28] INFO mean_val_accuracy             0.1876
2026-09-24 18:23:06,967 simple_logger.py log_once [line:28] INFO std_val_accuracy              0.3623
2026-09-24 18:23:06,967 simple_logger.py log_once [line:28] INFO val_loss                      2.6597
2026-09-24 18:23:06,967 simple_logger.py log_once [line:28] INFO mean_val_loss                 2.6582
2026-09-24 18:23:06,967 simple_logger.py log_once [line:28] INFO std_val_loss                  1.0379
2026-09-24 18:23:06,967 fedbase.py run [line:316] INFO Eval Time Cost:               1.4735s
2026-09-24 18:23:06,976 asyncbase.py iterate [line:73] INFO Receive new models from clients [9, 16, 7] at time 7
2026-09-24 18:23:07,011 fedbase.py run [line:311] INFO --------------Round 6--------------
2026-09-24 18:23:07,011 simple_logger.py log_once [line:14] INFO Current_time:7
2026-09-24 18:23:08,476 simple_logger.py log_once [line:28] INFO test_accuracy                 0.1841
2026-09-24 18:23:08,476 simple_logger.py log_once [line:28] INFO test_loss                     2.3059
2026-09-24 18:23:08,476 simple_logger.py log_once [line:28] INFO val_accuracy                  0.1868
2026-09-24 18:23:08,476 simple_logger.py log_once [line:28] INFO mean_val_accuracy             0.1876
2026-09-24 18:23:08,476 simple_logger.py log_once [line:28] INFO std_val_accuracy              0.3622
2026-09-24 18:23:08,476 simple_logger.py log_once [line:28] INFO val_loss                      2.3042
2026-09-24 18:23:08,476 simple_logger.py log_once [line:28] INFO mean_val_loss                 2.3030
2026-09-24 18:23:08,476 simple_logger.py log_once [line:28] INFO std_val_loss                  0.6297
2026-09-24 18:23:08,476 fedbase.py run [line:316] INFO Eval Time Cost:               1.4648s
2026-09-24 18:23:08,484 asyncbase.py iterate [line:68] INFO Select clients [np.int64(1), np.int64(16), np.int64(13), np.int64(14), np.int64(19)] at time 8.
2026-09-24 18:23:10,024 asyncbase.py iterate [line:73] INFO Receive new models from clients [0, 1, 14] at time 8
2026-09-24 18:23:10,065 fedbase.py run [line:311] INFO --------------Round 7--------------
2026-09-24 18:23:10,065 simple_logger.py log_once [line:14] INFO Current_time:8
2026-09-24 18:23:11,529 simple_logger.py log_once [line:28] INFO test_accuracy                 0.1802
2026-09-24 18:23:11,529 simple_logger.py log_once [line:28] INFO test_loss                     2.5076
2026-09-24 18:23:11,529 simple_logger.py log_once [line:28] INFO val_accuracy                  0.1828
2026-09-24 18:23:11,529 simple_logger.py log_once [line:28] INFO mean_val_accuracy             0.1831
2026-09-24 18:23:11,529 simple_logger.py log_once [line:28] INFO std_val_accuracy              0.3510
2026-09-24 18:23:11,529 simple_logger.py log_once [line:28] INFO val_loss                      2.4985
2026-09-24 18:23:11,529 simple_logger.py log_once [line:28] INFO mean_val_loss                 2.4960
2026-09-24 18:23:11,529 simple_logger.py log_once [line:28] INFO std_val_loss                  0.9132
2026-09-24 18:23:11,529 fedbase.py run [line:316] INFO Eval Time Cost:               1.4643s
2026-09-24 18:23:11,539 asyncbase.py iterate [line:68] INFO Select clients [np.int64(7), np.int64(10), np.int64(8)] at time 9.
2026-09-24 18:23:12,473 asyncbase.py iterate [line:73] INFO Receive new models from clients [10] at time 9
2026-09-24 18:23:12,491 fedbase.py run [line:311] INFO --------------Round 8--------------
2026-09-24 18:23:12,491 simple_logger.py log_once [line:14] INFO Current_time:9
2026-09-24 18:23:14,042 simple_logger.py log_once [line:28] INFO test_accuracy                 0.1790
2026-09-24 18:23:14,043 simple_logger.py log_once [line:28] INFO test_loss                     5.5801
2026-09-24 18:23:14,043 simple_logger.py log_once [line:28] INFO val_accuracy                  0.1819
2026-09-24 18:23:14,043 simple_logger.py log_once [line:28] INFO mean_val_accuracy             0.1819
2026-09-24 18:23:14,043 simple_logger.py log_once [line:28] INFO std_val_accuracy              0.3476
2026-09-24 18:23:14,043 simple_logger.py log_once [line:28] INFO val_loss                      5.5900
2026-09-24 18:23:14,043 simple_logger.py log_once [line:28] INFO mean_val_loss                 5.5857
2026-09-24 18:23:14,043 simple_logger.py log_once [line:28] INFO std_val_loss                  2.9894
2026-09-24 18:23:14,043 fedbase.py run [line:316] INFO Eval Time Cost:               1.5519s
2026-09-24 18:23:14,052 asyncbase.py iterate [line:73] INFO Receive new models from clients [7, 16] at time 10
2026-09-24 18:23:14,089 fedbase.py run [line:311] INFO --------------Round 9--------------
2026-09-24 18:23:14,089 simple_logger.py log_once [line:14] INFO Current_time:10
2026-09-24 18:23:15,564 simple_logger.py log_once [line:28] INFO test_accuracy                 0.1797
2026-09-24 18:23:15,564 simple_logger.py log_once [line:28] INFO test_loss                     5.7906
2026-09-24 18:23:15,564 simple_logger.py log_once [line:28] INFO val_accuracy                  0.1799
2026-09-24 18:23:15,564 simple_logger.py log_once [line:28] INFO mean_val_accuracy             0.1799
2026-09-24 18:23:15,564 simple_logger.py log_once [line:28] INFO std_val_accuracy              0.3189
2026-09-24 18:23:15,564 simple_logger.py log_once [line:28] INFO val_loss                      5.8534
2026-09-24 18:23:15,564 simple_logger.py log_once [line:28] INFO mean_val_loss                 5.8516
2026-09-24 18:23:15,564 simple_logger.py log_once [line:28] INFO std_val_loss                  3.2373
2026-09-24 18:23:15,564 fedbase.py run [line:316] INFO Eval Time Cost:               1.4751s
2026-09-24 18:23:15,574 asyncbase.py iterate [line:68] INFO Select clients [np.int64(0), np.int64(1), np.int64(18)] at time 11.
2026-09-24 18:23:16,484 asyncbase.py iterate [line:73] INFO Receive new models from clients [19, 13] at time 11
2026-09-24 18:23:16,521 fedbase.py run [line:311] INFO --------------Round 10--------------
2026-09-24 18:23:16,521 simple_logger.py log_once [line:14] INFO Current_time:11
2026-09-24 18:23:17,996 simple_logger.py log_once [line:28] INFO test_accuracy                 0.1152
2026-09-24 18:23:17,996 simple_logger.py log_once [line:28] INFO test_loss                     7.6402
2026-09-24 18:23:17,996 simple_logger.py log_once [line:28] INFO val_accuracy                  0.1112
2026-09-24 18:23:17,996 simple_logger.py log_once [line:28] INFO mean_val_accuracy             0.1110
2026-09-24 18:23:17,996 simple_logger.py log_once [line:28] INFO std_val_accuracy              0.2512
2026-09-24 18:23:17,996 simple_logger.py log_once [line:28] INFO val_loss                      7.7154
2026-09-24 18:23:17,996 simple_logger.py log_once [line:28] INFO mean_val_loss                 7.7167
2026-09-24 18:23:17,996 simple_logger.py log_once [line:28] INFO std_val_loss                  3.5720
2026-09-24 18:23:17,996 fedbase.py run [line:316] INFO Eval Time Cost:               1.4748s
2026-09-24 18:23:17,996 fedbase.py run [line:324] INFO =================End==================
2026-09-24 18:23:17,996 fedbase.py run [line:325] INFO Total Time Cost:              24.6564s
