E:\fl-experiment\.venv\Lib\site-packages\torch\cuda\__init__.py:61: FutureWarning: The pynvml package is deprecated. Please install nvidia-ml-py instead. If you did not install pynvml directly, please report this to the maintainers of the package that installed pynvml for you.
  import pynvml  # type: ignore[import]
2026-09-24 18:21:39,773 fflow.py init [line:848] INFO PROCESS ID:	45272
2026-09-24 18:21:39,774 fflow.py init [line:849] INFO Initializing devices: cuda:0 will be used for this running.
2026-09-24 18:21:39,774 fflow.py init [line:852] INFO BENCHMARK:	flgo.benchmark.mnist_classification
2026-09-24 18:21:39,774 fflow.py init [line:853] INFO TASK:			E:\Federated Machine Learning\FL-Byzantine-Library\mnist_dir20
2026-09-24 18:21:39,783 fflow.py init [line:854] INFO MODEL:		flgo.benchmark.mnist_classification.model.cnn
2026-09-24 18:21:39,783 fflow.py init [line:855] INFO ALGORITHM:	research_algorithm
2026-09-24 18:21:40,907 fflow.py init [line:901] INFO SCENE:		horizontal FL with 1 <class 'flgo_byzantine.research_algorithm.Server'>, 20 <class 'flgo_byzantine.research_algorithm.Client'>
2026-09-24 18:21:41,003 fflow.py init [line:918] INFO SIMULATOR:	<class 'flgo.simulator.default_simulator.Simulator'>
2026-09-24 18:21:45,592 fflow.py init [line:931] INFO Ready to start.
2026-09-24 18:21:45,592 fedbase.py run [line:300] INFO --------------Initial Evaluation--------------
2026-09-24 18:21:45,592 simple_logger.py log_once [line:14] INFO Current_time:0
2026-09-24 18:21:47,192 simple_logger.py log_once [line:28] INFO test_accuracy                 0.0875
2026-09-24 18:21:47,192 simple_logger.py log_once [line:28] INFO test_loss                     2.3101
2026-09-24 18:21:47,192 simple_logger.py log_once [line:28] INFO val_accuracy                  0.0866
2026-09-24 18:21:47,192 simple_logger.py log_once [line:28] INFO mean_val_accuracy             0.0874
2026-09-24 18:21:47,192 simple_logger.py log_once [line:28] INFO std_val_accuracy              0.2312
2026-09-24 18:21:47,192 simple_logger.py log_once [line:28] INFO val_loss                      2.3109
2026-09-24 18:21:47,192 simple_logger.py log_once [line:28] INFO mean_val_loss                 2.3111
2026-09-24 18:21:47,192 simple_logger.py log_once [line:28] INFO std_val_loss                  0.0785
2026-09-24 18:21:47,192 fedbase.py run [line:303] INFO Eval Time Cost:               1.5996s
2026-09-24 18:21:47,202 asyncbase.py iterate [line:68] INFO Select clients [np.int64(7), np.int64(16), np.int64(18), np.int64(1), np.int64(9), np.int64(19)] at time 1.
2026-09-24 18:21:49,129 asyncbase.py iterate [line:73] INFO Receive new models from clients [16] at time 1
2026-09-24 18:21:49,145 fedbase.py run [line:311] INFO --------------Round 1--------------
2026-09-24 18:21:49,145 simple_logger.py log_once [line:14] INFO Current_time:1
2026-09-24 18:21:50,614 simple_logger.py log_once [line:28] INFO test_accuracy                 0.1817
2026-09-24 18:21:50,614 simple_logger.py log_once [line:28] INFO test_loss                     5.7202
2026-09-24 18:21:50,614 simple_logger.py log_once [line:28] INFO val_accuracy                  0.1866
2026-09-24 18:21:50,614 simple_logger.py log_once [line:28] INFO mean_val_accuracy             0.1863
2026-09-24 18:21:50,614 simple_logger.py log_once [line:28] INFO std_val_accuracy              0.3514
2026-09-24 18:21:50,614 simple_logger.py log_once [line:28] INFO val_loss                      5.6858
2026-09-24 18:21:50,614 simple_logger.py log_once [line:28] INFO mean_val_loss                 5.6892
2026-09-24 18:21:50,614 simple_logger.py log_once [line:28] INFO std_val_loss                  3.3002
2026-09-24 18:21:50,615 fedbase.py run [line:316] INFO Eval Time Cost:               1.4697s
2026-09-24 18:21:50,624 asyncbase.py iterate [line:68] INFO Select clients [np.int64(15)] at time 2.
2026-09-24 18:21:50,941 asyncbase.py iterate [line:73] INFO Receive new models from clients [7] at time 2
2026-09-24 18:21:50,954 fedbase.py run [line:311] INFO --------------Round 2--------------
2026-09-24 18:21:50,954 simple_logger.py log_once [line:14] INFO Current_time:2
2026-09-24 18:21:52,423 simple_logger.py log_once [line:28] INFO test_accuracy                 0.1690
2026-09-24 18:21:52,423 simple_logger.py log_once [line:28] INFO test_loss                     5.7424
2026-09-24 18:21:52,423 simple_logger.py log_once [line:28] INFO val_accuracy                  0.1737
2026-09-24 18:21:52,423 simple_logger.py log_once [line:28] INFO mean_val_accuracy             0.1735
2026-09-24 18:21:52,423 simple_logger.py log_once [line:28] INFO std_val_accuracy              0.2962
2026-09-24 18:21:52,423 simple_logger.py log_once [line:28] INFO val_loss                      5.7093
2026-09-24 18:21:52,423 simple_logger.py log_once [line:28] INFO mean_val_loss                 5.7186
2026-09-24 18:21:52,423 simple_logger.py log_once [line:28] INFO std_val_loss                  3.7965
2026-09-24 18:21:52,423 fedbase.py run [line:316] INFO Eval Time Cost:               1.4690s
2026-09-24 18:21:52,432 asyncbase.py iterate [line:73] INFO Receive new models from clients [1, 19, 18] at time 3
2026-09-24 18:21:52,469 fedbase.py run [line:311] INFO --------------Round 3--------------
2026-09-24 18:21:52,469 simple_logger.py log_once [line:14] INFO Current_time:3
2026-09-24 18:21:53,923 simple_logger.py log_once [line:28] INFO test_accuracy                 0.2240
2026-09-24 18:21:53,924 simple_logger.py log_once [line:28] INFO test_loss                     6.5167
2026-09-24 18:21:53,924 simple_logger.py log_once [line:28] INFO val_accuracy                  0.2314
2026-09-24 18:21:53,924 simple_logger.py log_once [line:28] INFO mean_val_accuracy             0.2316
2026-09-24 18:21:53,924 simple_logger.py log_once [line:28] INFO std_val_accuracy              0.3422
2026-09-24 18:21:53,924 simple_logger.py log_once [line:28] INFO val_loss                      6.4459
2026-09-24 18:21:53,924 simple_logger.py log_once [line:28] INFO mean_val_loss                 6.4620
2026-09-24 18:21:53,924 simple_logger.py log_once [line:28] INFO std_val_loss                  4.7408
2026-09-24 18:21:53,924 fedbase.py run [line:316] INFO Eval Time Cost:               1.4546s
2026-09-24 18:21:53,932 asyncbase.py iterate [line:68] INFO Select clients [np.int64(2), np.int64(7), np.int64(11), np.int64(12)] at time 4.
2026-09-24 18:21:55,168 asyncbase.py iterate [line:73] INFO Receive new models from clients [15, 12, 11] at time 4
2026-09-24 18:21:55,204 fedbase.py run [line:311] INFO --------------Round 4--------------
2026-09-24 18:21:55,204 simple_logger.py log_once [line:14] INFO Current_time:4
2026-09-24 18:21:56,679 simple_logger.py log_once [line:28] INFO test_accuracy                 0.1345
2026-09-24 18:21:56,679 simple_logger.py log_once [line:28] INFO test_loss                     2.7503
2026-09-24 18:21:56,679 simple_logger.py log_once [line:28] INFO val_accuracy                  0.1346
2026-09-24 18:21:56,679 simple_logger.py log_once [line:28] INFO mean_val_accuracy             0.1336
2026-09-24 18:21:56,679 simple_logger.py log_once [line:28] INFO std_val_accuracy              0.2796
2026-09-24 18:21:56,679 simple_logger.py log_once [line:28] INFO val_loss                      2.7501
2026-09-24 18:21:56,679 simple_logger.py log_once [line:28] INFO mean_val_loss                 2.7512
2026-09-24 18:21:56,679 simple_logger.py log_once [line:28] INFO std_val_loss                  0.9270
2026-09-24 18:21:56,679 fedbase.py run [line:316] INFO Eval Time Cost:               1.4749s
2026-09-24 18:21:56,689 asyncbase.py iterate [line:68] INFO Select clients [np.int64(16), np.int64(12), np.int64(0)] at time 5.
2026-09-24 18:21:57,625 asyncbase.py iterate [line:73] INFO Receive new models from clients [12, 2] at time 6
2026-09-24 18:21:57,648 fedbase.py run [line:311] INFO --------------Round 5--------------
2026-09-24 18:21:57,648 simple_logger.py log_once [line:14] INFO Current_time:6
2026-09-24 18:21:59,222 simple_logger.py log_once [line:28] INFO test_accuracy                 0.1844
2026-09-24 18:21:59,223 simple_logger.py log_once [line:28] INFO test_loss                     2.6927
2026-09-24 18:21:59,223 simple_logger.py log_once [line:28] INFO val_accuracy                  0.1870
2026-09-24 18:21:59,223 simple_logger.py log_once [line:28] INFO mean_val_accuracy             0.1878
2026-09-24 18:21:59,223 simple_logger.py log_once [line:28] INFO std_val_accuracy              0.3627
2026-09-24 18:21:59,223 simple_logger.py log_once [line:28] INFO val_loss                      2.6876
2026-09-24 18:21:59,223 simple_logger.py log_once [line:28] INFO mean_val_loss                 2.6858
2026-09-24 18:21:59,223 simple_logger.py log_once [line:28] INFO std_val_loss                  1.1213
2026-09-24 18:21:59,223 fedbase.py run [line:316] INFO Eval Time Cost:               1.5747s
2026-09-24 18:21:59,232 asyncbase.py iterate [line:73] INFO Receive new models from clients [9, 16, 7] at time 7
2026-09-24 18:21:59,268 fedbase.py run [line:311] INFO --------------Round 6--------------
2026-09-24 18:21:59,269 simple_logger.py log_once [line:14] INFO Current_time:7
2026-09-24 18:22:00,738 simple_logger.py log_once [line:28] INFO test_accuracy                 0.1837
2026-09-24 18:22:00,738 simple_logger.py log_once [line:28] INFO test_loss                     2.3054
2026-09-24 18:22:00,738 simple_logger.py log_once [line:28] INFO val_accuracy                  0.1860
2026-09-24 18:22:00,738 simple_logger.py log_once [line:28] INFO mean_val_accuracy             0.1868
2026-09-24 18:22:00,738 simple_logger.py log_once [line:28] INFO std_val_accuracy              0.3605
2026-09-24 18:22:00,738 simple_logger.py log_once [line:28] INFO val_loss                      2.3025
2026-09-24 18:22:00,738 simple_logger.py log_once [line:28] INFO mean_val_loss                 2.3012
2026-09-24 18:22:00,738 simple_logger.py log_once [line:28] INFO std_val_loss                  0.6472
2026-09-24 18:22:00,738 fedbase.py run [line:316] INFO Eval Time Cost:               1.4698s
2026-09-24 18:22:00,747 asyncbase.py iterate [line:68] INFO Select clients [np.int64(1), np.int64(16), np.int64(13), np.int64(14), np.int64(19)] at time 8.
2026-09-24 18:22:02,309 asyncbase.py iterate [line:73] INFO Receive new models from clients [0, 1, 14] at time 8
2026-09-24 18:22:02,349 fedbase.py run [line:311] INFO --------------Round 7--------------
2026-09-24 18:22:02,349 simple_logger.py log_once [line:14] INFO Current_time:8
2026-09-24 18:22:03,815 simple_logger.py log_once [line:28] INFO test_accuracy                 0.2800
2026-09-24 18:22:03,815 simple_logger.py log_once [line:28] INFO test_loss                     2.1959
2026-09-24 18:22:03,815 simple_logger.py log_once [line:28] INFO val_accuracy                  0.2816
2026-09-24 18:22:03,815 simple_logger.py log_once [line:28] INFO mean_val_accuracy             0.2825
2026-09-24 18:22:03,815 simple_logger.py log_once [line:28] INFO std_val_accuracy              0.3682
2026-09-24 18:22:03,815 simple_logger.py log_once [line:28] INFO val_loss                      2.1898
2026-09-24 18:22:03,815 simple_logger.py log_once [line:28] INFO mean_val_loss                 2.1873
2026-09-24 18:22:03,815 simple_logger.py log_once [line:28] INFO std_val_loss                  0.6957
2026-09-24 18:22:03,815 fedbase.py run [line:316] INFO Eval Time Cost:               1.4656s
2026-09-24 18:22:03,823 asyncbase.py iterate [line:68] INFO Select clients [np.int64(7), np.int64(10), np.int64(8)] at time 9.
2026-09-24 18:22:04,749 asyncbase.py iterate [line:73] INFO Receive new models from clients [10] at time 9
2026-09-24 18:22:04,762 fedbase.py run [line:311] INFO --------------Round 8--------------
2026-09-24 18:22:04,762 simple_logger.py log_once [line:14] INFO Current_time:9
2026-09-24 18:22:06,232 simple_logger.py log_once [line:28] INFO test_accuracy                 0.1792
2026-09-24 18:22:06,232 simple_logger.py log_once [line:28] INFO test_loss                     5.7734
2026-09-24 18:22:06,232 simple_logger.py log_once [line:28] INFO val_accuracy                  0.1826
2026-09-24 18:22:06,232 simple_logger.py log_once [line:28] INFO mean_val_accuracy             0.1825
2026-09-24 18:22:06,232 simple_logger.py log_once [line:28] INFO std_val_accuracy              0.3489
2026-09-24 18:22:06,232 simple_logger.py log_once [line:28] INFO val_loss                      5.7588
2026-09-24 18:22:06,232 simple_logger.py log_once [line:28] INFO mean_val_loss                 5.7542
2026-09-24 18:22:06,232 simple_logger.py log_once [line:28] INFO std_val_loss                  3.2047
2026-09-24 18:22:06,232 fedbase.py run [line:316] INFO Eval Time Cost:               1.4706s
2026-09-24 18:22:06,241 asyncbase.py iterate [line:73] INFO Receive new models from clients [7, 16] at time 10
2026-09-24 18:22:06,275 fedbase.py run [line:311] INFO --------------Round 9--------------
2026-09-24 18:22:06,275 simple_logger.py log_once [line:14] INFO Current_time:10
2026-09-24 18:22:07,733 simple_logger.py log_once [line:28] INFO test_accuracy                 0.2297
2026-09-24 18:22:07,733 simple_logger.py log_once [line:28] INFO test_loss                     4.7303
2026-09-24 18:22:07,733 simple_logger.py log_once [line:28] INFO val_accuracy                  0.2288
2026-09-24 18:22:07,733 simple_logger.py log_once [line:28] INFO mean_val_accuracy             0.2291
2026-09-24 18:22:07,733 simple_logger.py log_once [line:28] INFO std_val_accuracy              0.3398
2026-09-24 18:22:07,733 simple_logger.py log_once [line:28] INFO val_loss                      4.6901
2026-09-24 18:22:07,733 simple_logger.py log_once [line:28] INFO mean_val_loss                 4.6935
2026-09-24 18:22:07,733 simple_logger.py log_once [line:28] INFO std_val_loss                  2.7488
2026-09-24 18:22:07,733 fedbase.py run [line:316] INFO Eval Time Cost:               1.4580s
2026-09-24 18:22:07,743 asyncbase.py iterate [line:68] INFO Select clients [np.int64(0), np.int64(1), np.int64(18)] at time 11.
2026-09-24 18:22:08,658 asyncbase.py iterate [line:73] INFO Receive new models from clients [19, 13] at time 11
2026-09-24 18:22:08,693 fedbase.py run [line:311] INFO --------------Round 10--------------
2026-09-24 18:22:08,693 simple_logger.py log_once [line:14] INFO Current_time:11
2026-09-24 18:22:10,209 simple_logger.py log_once [line:28] INFO test_accuracy                 0.2396
2026-09-24 18:22:10,210 simple_logger.py log_once [line:28] INFO test_loss                     5.2619
2026-09-24 18:22:10,210 simple_logger.py log_once [line:28] INFO val_accuracy                  0.2393
2026-09-24 18:22:10,210 simple_logger.py log_once [line:28] INFO mean_val_accuracy             0.2393
2026-09-24 18:22:10,210 simple_logger.py log_once [line:28] INFO std_val_accuracy              0.3183
2026-09-24 18:22:10,210 simple_logger.py log_once [line:28] INFO val_loss                      5.2036
2026-09-24 18:22:10,210 simple_logger.py log_once [line:28] INFO mean_val_loss                 5.2145
2026-09-24 18:22:10,210 simple_logger.py log_once [line:28] INFO std_val_loss                  4.0035
2026-09-24 18:22:10,210 fedbase.py run [line:316] INFO Eval Time Cost:               1.5170s
2026-09-24 18:22:10,210 fedbase.py run [line:324] INFO =================End==================
2026-09-24 18:22:10,210 fedbase.py run [line:325] INFO Total Time Cost:              24.6176s
