E:\fl-experiment\.venv\Lib\site-packages\torch\cuda\__init__.py:61: FutureWarning: The pynvml package is deprecated. Please install nvidia-ml-py instead. If you did not install pynvml directly, please report this to the maintainers of the package that installed pynvml for you.
  import pynvml  # type: ignore[import]
2026-09-24 18:22:13,702 fflow.py init [line:848] INFO PROCESS ID:	40020
2026-09-24 18:22:13,702 fflow.py init [line:849] INFO Initializing devices: cuda:0 will be used for this running.
2026-09-24 18:22:13,702 fflow.py init [line:852] INFO BENCHMARK:	flgo.benchmark.mnist_classification
2026-09-24 18:22:13,702 fflow.py init [line:853] INFO TASK:			E:\Federated Machine Learning\FL-Byzantine-Library\mnist_dir20
2026-09-24 18:22:13,739 fflow.py init [line:854] INFO MODEL:		flgo.benchmark.mnist_classification.model.cnn
2026-09-24 18:22:13,739 fflow.py init [line:855] INFO ALGORITHM:	research_algorithm
2026-09-24 18:22:14,930 fflow.py init [line:901] INFO SCENE:		horizontal FL with 1 <class 'flgo_byzantine.research_algorithm.Server'>, 20 <class 'flgo_byzantine.research_algorithm.Client'>
2026-09-24 18:22:15,023 fflow.py init [line:918] INFO SIMULATOR:	<class 'flgo.simulator.default_simulator.Simulator'>
2026-09-24 18:22:19,396 fflow.py init [line:931] INFO Ready to start.
2026-09-24 18:22:19,396 fedbase.py run [line:300] INFO --------------Initial Evaluation--------------
2026-09-24 18:22:19,396 simple_logger.py log_once [line:14] INFO Current_time:0
2026-09-24 18:22:20,982 simple_logger.py log_once [line:28] INFO test_accuracy                 0.0875
2026-09-24 18:22:20,982 simple_logger.py log_once [line:28] INFO test_loss                     2.3101
2026-09-24 18:22:20,982 simple_logger.py log_once [line:28] INFO val_accuracy                  0.0866
2026-09-24 18:22:20,982 simple_logger.py log_once [line:28] INFO mean_val_accuracy             0.0874
2026-09-24 18:22:20,982 simple_logger.py log_once [line:28] INFO std_val_accuracy              0.2312
2026-09-24 18:22:20,982 simple_logger.py log_once [line:28] INFO val_loss                      2.3109
2026-09-24 18:22:20,982 simple_logger.py log_once [line:28] INFO mean_val_loss                 2.3111
2026-09-24 18:22:20,982 simple_logger.py log_once [line:28] INFO std_val_loss                  0.0785
2026-09-24 18:22:20,982 fedbase.py run [line:303] INFO Eval Time Cost:               1.5865s
2026-09-24 18:22:20,993 asyncbase.py iterate [line:68] INFO Select clients [np.int64(7), np.int64(16), np.int64(18), np.int64(1), np.int64(9), np.int64(19)] at time 1.
2026-09-24 18:22:22,982 asyncbase.py iterate [line:73] INFO Receive new models from clients [16] at time 1
2026-09-24 18:22:22,999 fedbase.py run [line:311] INFO --------------Round 1--------------
2026-09-24 18:22:22,999 simple_logger.py log_once [line:14] INFO Current_time:1
2026-09-24 18:22:24,447 simple_logger.py log_once [line:28] INFO test_accuracy                 0.1816
2026-09-24 18:22:24,448 simple_logger.py log_once [line:28] INFO test_loss                     5.7244
2026-09-24 18:22:24,448 simple_logger.py log_once [line:28] INFO val_accuracy                  0.1865
2026-09-24 18:22:24,448 simple_logger.py log_once [line:28] INFO mean_val_accuracy             0.1861
2026-09-24 18:22:24,448 simple_logger.py log_once [line:28] INFO std_val_accuracy              0.3511
2026-09-24 18:22:24,448 simple_logger.py log_once [line:28] INFO val_loss                      5.6900
2026-09-24 18:22:24,448 simple_logger.py log_once [line:28] INFO mean_val_loss                 5.6933
2026-09-24 18:22:24,448 simple_logger.py log_once [line:28] INFO std_val_loss                  3.3028
2026-09-24 18:22:24,448 fedbase.py run [line:316] INFO Eval Time Cost:               1.4488s
2026-09-24 18:22:24,456 asyncbase.py iterate [line:68] INFO Select clients [np.int64(15)] at time 2.
2026-09-24 18:22:24,773 asyncbase.py iterate [line:73] INFO Receive new models from clients [7] at time 2
2026-09-24 18:22:24,790 fedbase.py run [line:311] INFO --------------Round 2--------------
2026-09-24 18:22:24,790 simple_logger.py log_once [line:14] INFO Current_time:2
2026-09-24 18:22:26,230 simple_logger.py log_once [line:28] INFO test_accuracy                 0.1692
2026-09-24 18:22:26,231 simple_logger.py log_once [line:28] INFO test_loss                     5.7436
2026-09-24 18:22:26,231 simple_logger.py log_once [line:28] INFO val_accuracy                  0.1737
2026-09-24 18:22:26,231 simple_logger.py log_once [line:28] INFO mean_val_accuracy             0.1735
2026-09-24 18:22:26,231 simple_logger.py log_once [line:28] INFO std_val_accuracy              0.2961
2026-09-24 18:22:26,231 simple_logger.py log_once [line:28] INFO val_loss                      5.7104
2026-09-24 18:22:26,231 simple_logger.py log_once [line:28] INFO mean_val_loss                 5.7197
2026-09-24 18:22:26,231 simple_logger.py log_once [line:28] INFO std_val_loss                  3.7979
2026-09-24 18:22:26,231 fedbase.py run [line:316] INFO Eval Time Cost:               1.4408s
2026-09-24 18:22:26,239 asyncbase.py iterate [line:73] INFO Receive new models from clients [1, 19, 18] at time 3
2026-09-24 18:22:26,276 fedbase.py run [line:311] INFO --------------Round 3--------------
2026-09-24 18:22:26,276 simple_logger.py log_once [line:14] INFO Current_time:3
2026-09-24 18:22:27,725 simple_logger.py log_once [line:28] INFO test_accuracy                 0.2238
2026-09-24 18:22:27,725 simple_logger.py log_once [line:28] INFO test_loss                     6.5191
2026-09-24 18:22:27,725 simple_logger.py log_once [line:28] INFO val_accuracy                  0.2315
2026-09-24 18:22:27,725 simple_logger.py log_once [line:28] INFO mean_val_accuracy             0.2318
2026-09-24 18:22:27,725 simple_logger.py log_once [line:28] INFO std_val_accuracy              0.3424
2026-09-24 18:22:27,725 simple_logger.py log_once [line:28] INFO val_loss                      6.4483
2026-09-24 18:22:27,725 simple_logger.py log_once [line:28] INFO mean_val_loss                 6.4643
2026-09-24 18:22:27,725 simple_logger.py log_once [line:28] INFO std_val_loss                  4.7419
2026-09-24 18:22:27,725 fedbase.py run [line:316] INFO Eval Time Cost:               1.4490s
2026-09-24 18:22:27,734 asyncbase.py iterate [line:68] INFO Select clients [np.int64(2), np.int64(7), np.int64(11), np.int64(12)] at time 4.
2026-09-24 18:22:29,006 asyncbase.py iterate [line:73] INFO Receive new models from clients [15, 12, 11] at time 4
2026-09-24 18:22:29,043 fedbase.py run [line:311] INFO --------------Round 4--------------
2026-09-24 18:22:29,043 simple_logger.py log_once [line:14] INFO Current_time:4
2026-09-24 18:22:30,514 simple_logger.py log_once [line:28] INFO test_accuracy                 0.1351
2026-09-24 18:22:30,514 simple_logger.py log_once [line:28] INFO test_loss                     2.7425
2026-09-24 18:22:30,514 simple_logger.py log_once [line:28] INFO val_accuracy                  0.1351
2026-09-24 18:22:30,514 simple_logger.py log_once [line:28] INFO mean_val_accuracy             0.1341
2026-09-24 18:22:30,514 simple_logger.py log_once [line:28] INFO std_val_accuracy              0.2811
2026-09-24 18:22:30,515 simple_logger.py log_once [line:28] INFO val_loss                      2.7424
2026-09-24 18:22:30,515 simple_logger.py log_once [line:28] INFO mean_val_loss                 2.7434
2026-09-24 18:22:30,515 simple_logger.py log_once [line:28] INFO std_val_loss                  0.9239
2026-09-24 18:22:30,515 fedbase.py run [line:316] INFO Eval Time Cost:               1.4714s
2026-09-24 18:22:30,523 asyncbase.py iterate [line:68] INFO Select clients [np.int64(16), np.int64(12), np.int64(0)] at time 5.
2026-09-24 18:22:31,469 asyncbase.py iterate [line:73] INFO Receive new models from clients [12, 2] at time 6
2026-09-24 18:22:31,495 fedbase.py run [line:311] INFO --------------Round 5--------------
2026-09-24 18:22:31,495 simple_logger.py log_once [line:14] INFO Current_time:6
2026-09-24 18:22:32,943 simple_logger.py log_once [line:28] INFO test_accuracy                 0.1849
2026-09-24 18:22:32,943 simple_logger.py log_once [line:28] INFO test_loss                     2.7529
2026-09-24 18:22:32,943 simple_logger.py log_once [line:28] INFO val_accuracy                  0.1870
2026-09-24 18:22:32,943 simple_logger.py log_once [line:28] INFO mean_val_accuracy             0.1877
2026-09-24 18:22:32,943 simple_logger.py log_once [line:28] INFO std_val_accuracy              0.3628
2026-09-24 18:22:32,943 simple_logger.py log_once [line:28] INFO val_loss                      2.7479
2026-09-24 18:22:32,943 simple_logger.py log_once [line:28] INFO mean_val_loss                 2.7462
2026-09-24 18:22:32,943 simple_logger.py log_once [line:28] INFO std_val_loss                  1.1045
2026-09-24 18:22:32,944 fedbase.py run [line:316] INFO Eval Time Cost:               1.4488s
2026-09-24 18:22:32,953 asyncbase.py iterate [line:73] INFO Receive new models from clients [9, 16, 7] at time 7
2026-09-24 18:22:32,992 fedbase.py run [line:311] INFO --------------Round 6--------------
2026-09-24 18:22:32,992 simple_logger.py log_once [line:14] INFO Current_time:7
2026-09-24 18:22:34,449 simple_logger.py log_once [line:28] INFO test_accuracy                 0.1842
2026-09-24 18:22:34,449 simple_logger.py log_once [line:28] INFO test_loss                     2.3580
2026-09-24 18:22:34,449 simple_logger.py log_once [line:28] INFO val_accuracy                  0.1871
2026-09-24 18:22:34,450 simple_logger.py log_once [line:28] INFO mean_val_accuracy             0.1879
2026-09-24 18:22:34,450 simple_logger.py log_once [line:28] INFO std_val_accuracy              0.3630
2026-09-24 18:22:34,450 simple_logger.py log_once [line:28] INFO val_loss                      2.3570
2026-09-24 18:22:34,450 simple_logger.py log_once [line:28] INFO mean_val_loss                 2.3557
2026-09-24 18:22:34,450 simple_logger.py log_once [line:28] INFO std_val_loss                  0.6877
2026-09-24 18:22:34,450 fedbase.py run [line:316] INFO Eval Time Cost:               1.4579s
2026-09-24 18:22:34,458 asyncbase.py iterate [line:68] INFO Select clients [np.int64(1), np.int64(16), np.int64(13), np.int64(14), np.int64(19)] at time 8.
2026-09-24 18:22:35,991 asyncbase.py iterate [line:73] INFO Receive new models from clients [0, 1, 14] at time 8
2026-09-24 18:22:36,033 fedbase.py run [line:311] INFO --------------Round 7--------------
2026-09-24 18:22:36,033 simple_logger.py log_once [line:14] INFO Current_time:8
2026-09-24 18:22:37,481 simple_logger.py log_once [line:28] INFO test_accuracy                 0.1771
2026-09-24 18:22:37,481 simple_logger.py log_once [line:28] INFO test_loss                     2.5208
2026-09-24 18:22:37,481 simple_logger.py log_once [line:28] INFO val_accuracy                  0.1794
2026-09-24 18:22:37,481 simple_logger.py log_once [line:28] INFO mean_val_accuracy             0.1797
2026-09-24 18:22:37,481 simple_logger.py log_once [line:28] INFO std_val_accuracy              0.3472
2026-09-24 18:22:37,481 simple_logger.py log_once [line:28] INFO val_loss                      2.5124
2026-09-24 18:22:37,481 simple_logger.py log_once [line:28] INFO mean_val_loss                 2.5101
2026-09-24 18:22:37,481 simple_logger.py log_once [line:28] INFO std_val_loss                  0.9076
2026-09-24 18:22:37,481 fedbase.py run [line:316] INFO Eval Time Cost:               1.4479s
2026-09-24 18:22:37,490 asyncbase.py iterate [line:68] INFO Select clients [np.int64(7), np.int64(10), np.int64(8)] at time 9.
2026-09-24 18:22:38,468 asyncbase.py iterate [line:73] INFO Receive new models from clients [10] at time 9
2026-09-24 18:22:38,483 fedbase.py run [line:311] INFO --------------Round 8--------------
2026-09-24 18:22:38,483 simple_logger.py log_once [line:14] INFO Current_time:9
2026-09-24 18:22:39,933 simple_logger.py log_once [line:28] INFO test_accuracy                 0.1472
2026-09-24 18:22:39,933 simple_logger.py log_once [line:28] INFO test_loss                     3.7915
2026-09-24 18:22:39,933 simple_logger.py log_once [line:28] INFO val_accuracy                  0.1414
2026-09-24 18:22:39,933 simple_logger.py log_once [line:28] INFO mean_val_accuracy             0.1412
2026-09-24 18:22:39,933 simple_logger.py log_once [line:28] INFO std_val_accuracy              0.2814
2026-09-24 18:22:39,933 simple_logger.py log_once [line:28] INFO val_loss                      3.7949
2026-09-24 18:22:39,933 simple_logger.py log_once [line:28] INFO mean_val_loss                 3.7912
2026-09-24 18:22:39,933 simple_logger.py log_once [line:28] INFO std_val_loss                  1.8487
2026-09-24 18:22:39,934 fedbase.py run [line:316] INFO Eval Time Cost:               1.4508s
2026-09-24 18:22:39,942 asyncbase.py iterate [line:73] INFO Receive new models from clients [7, 16] at time 10
2026-09-24 18:22:39,979 fedbase.py run [line:311] INFO --------------Round 9--------------
2026-09-24 18:22:39,979 simple_logger.py log_once [line:14] INFO Current_time:10
2026-09-24 18:22:41,539 simple_logger.py log_once [line:28] INFO test_accuracy                 0.1651
2026-09-24 18:22:41,539 simple_logger.py log_once [line:28] INFO test_loss                     3.7078
2026-09-24 18:22:41,539 simple_logger.py log_once [line:28] INFO val_accuracy                  0.1665
2026-09-24 18:22:41,539 simple_logger.py log_once [line:28] INFO mean_val_accuracy             0.1665
2026-09-24 18:22:41,539 simple_logger.py log_once [line:28] INFO std_val_accuracy              0.3103
2026-09-24 18:22:41,539 simple_logger.py log_once [line:28] INFO val_loss                      3.7380
2026-09-24 18:22:41,539 simple_logger.py log_once [line:28] INFO mean_val_loss                 3.7371
2026-09-24 18:22:41,539 simple_logger.py log_once [line:28] INFO std_val_loss                  1.7223
2026-09-24 18:22:41,539 fedbase.py run [line:316] INFO Eval Time Cost:               1.5597s
2026-09-24 18:22:41,548 asyncbase.py iterate [line:68] INFO Select clients [np.int64(0), np.int64(1), np.int64(18)] at time 11.
2026-09-24 18:22:42,471 asyncbase.py iterate [line:73] INFO Receive new models from clients [19, 13] at time 11
2026-09-24 18:22:42,508 fedbase.py run [line:311] INFO --------------Round 10--------------
2026-09-24 18:22:42,508 simple_logger.py log_once [line:14] INFO Current_time:11
2026-09-24 18:22:44,005 simple_logger.py log_once [line:28] INFO test_accuracy                 0.1946
2026-09-24 18:22:44,005 simple_logger.py log_once [line:28] INFO test_loss                     3.9482
2026-09-24 18:22:44,005 simple_logger.py log_once [line:28] INFO val_accuracy                  0.1913
2026-09-24 18:22:44,005 simple_logger.py log_once [line:28] INFO mean_val_accuracy             0.1914
2026-09-24 18:22:44,005 simple_logger.py log_once [line:28] INFO std_val_accuracy              0.3267
2026-09-24 18:22:44,005 simple_logger.py log_once [line:28] INFO val_loss                      3.9540
2026-09-24 18:22:44,005 simple_logger.py log_once [line:28] INFO mean_val_loss                 3.9589
2026-09-24 18:22:44,005 simple_logger.py log_once [line:28] INFO std_val_loss                  2.3927
2026-09-24 18:22:44,005 fedbase.py run [line:316] INFO Eval Time Cost:               1.4973s
2026-09-24 18:22:44,005 fedbase.py run [line:324] INFO =================End==================
2026-09-24 18:22:44,006 fedbase.py run [line:325] INFO Total Time Cost:              24.6097s
