E:\fl-experiment\.venv\Lib\site-packages\torch\cuda\__init__.py:61: FutureWarning: The pynvml package is deprecated. Please install nvidia-ml-py instead. If you did not install pynvml directly, please report this to the maintainers of the package that installed pynvml for you.
  import pynvml  # type: ignore[import]
2026-09-24 18:19:25,796 fflow.py init [line:848] INFO PROCESS ID:	14524
2026-09-24 18:19:25,796 fflow.py init [line:849] INFO Initializing devices: cuda:0 will be used for this running.
2026-09-24 18:19:25,796 fflow.py init [line:852] INFO BENCHMARK:	flgo.benchmark.mnist_classification
2026-09-24 18:19:25,796 fflow.py init [line:853] INFO TASK:			E:\Federated Machine Learning\FL-Byzantine-Library\mnist_dir20
2026-09-24 18:19:25,805 fflow.py init [line:854] INFO MODEL:		flgo.benchmark.mnist_classification.model.cnn
2026-09-24 18:19:25,805 fflow.py init [line:855] INFO ALGORITHM:	research_algorithm
2026-09-24 18:19:26,947 fflow.py init [line:901] INFO SCENE:		horizontal FL with 1 <class 'flgo_byzantine.research_algorithm.Server'>, 20 <class 'flgo_byzantine.research_algorithm.Client'>
2026-09-24 18:19:27,038 fflow.py init [line:918] INFO SIMULATOR:	<class 'flgo.simulator.default_simulator.Simulator'>
2026-09-24 18:19:31,623 fflow.py init [line:931] INFO Ready to start.
2026-09-24 18:19:31,624 fedbase.py run [line:300] INFO --------------Initial Evaluation--------------
2026-09-24 18:19:31,624 simple_logger.py log_once [line:14] INFO Current_time:0
2026-09-24 18:19:33,214 simple_logger.py log_once [line:28] INFO test_accuracy                 0.0875
2026-09-24 18:19:33,214 simple_logger.py log_once [line:28] INFO test_loss                     2.3101
2026-09-24 18:19:33,214 simple_logger.py log_once [line:28] INFO val_accuracy                  0.0866
2026-09-24 18:19:33,214 simple_logger.py log_once [line:28] INFO mean_val_accuracy             0.0874
2026-09-24 18:19:33,214 simple_logger.py log_once [line:28] INFO std_val_accuracy              0.2312
2026-09-24 18:19:33,214 simple_logger.py log_once [line:28] INFO val_loss                      2.3109
2026-09-24 18:19:33,214 simple_logger.py log_once [line:28] INFO mean_val_loss                 2.3111
2026-09-24 18:19:33,214 simple_logger.py log_once [line:28] INFO std_val_loss                  0.0785
2026-09-24 18:19:33,214 fedbase.py run [line:303] INFO Eval Time Cost:               1.5908s
2026-09-24 18:19:33,225 asyncbase.py iterate [line:68] INFO Select clients [np.int64(7), np.int64(16), np.int64(18), np.int64(1), np.int64(9), np.int64(19)] at time 1.
2026-09-24 18:19:35,232 asyncbase.py iterate [line:73] INFO Receive new models from clients [16] at time 1
2026-09-24 18:19:35,260 fedbase.py run [line:311] INFO --------------Round 1--------------
2026-09-24 18:19:35,260 simple_logger.py log_once [line:14] INFO Current_time:1
2026-09-24 18:19:36,735 simple_logger.py log_once [line:28] INFO test_accuracy                 0.1816
2026-09-24 18:19:36,735 simple_logger.py log_once [line:28] INFO test_loss                     5.7201
2026-09-24 18:19:36,735 simple_logger.py log_once [line:28] INFO val_accuracy                  0.1866
2026-09-24 18:19:36,735 simple_logger.py log_once [line:28] INFO mean_val_accuracy             0.1863
2026-09-24 18:19:36,735 simple_logger.py log_once [line:28] INFO std_val_accuracy              0.3514
2026-09-24 18:19:36,736 simple_logger.py log_once [line:28] INFO val_loss                      5.6857
2026-09-24 18:19:36,736 simple_logger.py log_once [line:28] INFO mean_val_loss                 5.6890
2026-09-24 18:19:36,736 simple_logger.py log_once [line:28] INFO std_val_loss                  3.3001
2026-09-24 18:19:36,736 fedbase.py run [line:316] INFO Eval Time Cost:               1.4754s
2026-09-24 18:19:36,744 asyncbase.py iterate [line:68] INFO Select clients [np.int64(15)] at time 2.
2026-09-24 18:19:37,057 asyncbase.py iterate [line:73] INFO Receive new models from clients [7] at time 2
2026-09-24 18:19:37,070 fedbase.py run [line:311] INFO --------------Round 2--------------
2026-09-24 18:19:37,070 simple_logger.py log_once [line:14] INFO Current_time:2
2026-09-24 18:19:38,525 simple_logger.py log_once [line:28] INFO test_accuracy                 0.1689
2026-09-24 18:19:38,525 simple_logger.py log_once [line:28] INFO test_loss                     5.7461
2026-09-24 18:19:38,525 simple_logger.py log_once [line:28] INFO val_accuracy                  0.1735
2026-09-24 18:19:38,525 simple_logger.py log_once [line:28] INFO mean_val_accuracy             0.1734
2026-09-24 18:19:38,525 simple_logger.py log_once [line:28] INFO std_val_accuracy              0.2962
2026-09-24 18:19:38,525 simple_logger.py log_once [line:28] INFO val_loss                      5.7129
2026-09-24 18:19:38,525 simple_logger.py log_once [line:28] INFO mean_val_loss                 5.7223
2026-09-24 18:19:38,525 simple_logger.py log_once [line:28] INFO std_val_loss                  3.7982
2026-09-24 18:19:38,525 fedbase.py run [line:316] INFO Eval Time Cost:               1.4549s
2026-09-24 18:19:38,539 asyncbase.py iterate [line:73] INFO Receive new models from clients [1, 19, 18] at time 3
2026-09-24 18:19:38,592 fedbase.py run [line:311] INFO --------------Round 3--------------
2026-09-24 18:19:38,593 simple_logger.py log_once [line:14] INFO Current_time:3
2026-09-24 18:19:40,084 simple_logger.py log_once [line:28] INFO test_accuracy                 0.2238
2026-09-24 18:19:40,084 simple_logger.py log_once [line:28] INFO test_loss                     6.5210
2026-09-24 18:19:40,084 simple_logger.py log_once [line:28] INFO val_accuracy                  0.2312
2026-09-24 18:19:40,084 simple_logger.py log_once [line:28] INFO mean_val_accuracy             0.2315
2026-09-24 18:19:40,084 simple_logger.py log_once [line:28] INFO std_val_accuracy              0.3420
2026-09-24 18:19:40,084 simple_logger.py log_once [line:28] INFO val_loss                      6.4502
2026-09-24 18:19:40,084 simple_logger.py log_once [line:28] INFO mean_val_loss                 6.4662
2026-09-24 18:19:40,084 simple_logger.py log_once [line:28] INFO std_val_loss                  4.7425
2026-09-24 18:19:40,085 fedbase.py run [line:316] INFO Eval Time Cost:               1.4920s
2026-09-24 18:19:40,093 asyncbase.py iterate [line:68] INFO Select clients [np.int64(2), np.int64(7), np.int64(11), np.int64(12)] at time 4.
2026-09-24 18:19:41,316 asyncbase.py iterate [line:73] INFO Receive new models from clients [9, 12, 15] at time 4
2026-09-24 18:19:41,352 fedbase.py run [line:311] INFO --------------Round 4--------------
2026-09-24 18:19:41,352 simple_logger.py log_once [line:14] INFO Current_time:4
2026-09-24 18:19:42,820 simple_logger.py log_once [line:28] INFO test_accuracy                 0.0895
2026-09-24 18:19:42,820 simple_logger.py log_once [line:28] INFO test_loss                     2.8749
2026-09-24 18:19:42,820 simple_logger.py log_once [line:28] INFO val_accuracy                  0.0908
2026-09-24 18:19:42,820 simple_logger.py log_once [line:28] INFO mean_val_accuracy             0.0906
2026-09-24 18:19:42,820 simple_logger.py log_once [line:28] INFO std_val_accuracy              0.2537
2026-09-24 18:19:42,820 simple_logger.py log_once [line:28] INFO val_loss                      2.8688
2026-09-24 18:19:42,820 simple_logger.py log_once [line:28] INFO mean_val_loss                 2.8702
2026-09-24 18:19:42,820 simple_logger.py log_once [line:28] INFO std_val_loss                  1.0471
2026-09-24 18:19:42,820 fedbase.py run [line:316] INFO Eval Time Cost:               1.4675s
2026-09-24 18:19:42,831 asyncbase.py iterate [line:68] INFO Select clients [np.int64(16), np.int64(12), np.int64(0)] at time 5.
2026-09-24 18:19:43,818 asyncbase.py iterate [line:73] INFO Receive new models from clients [2, 11, 12] at time 6
2026-09-24 18:19:43,851 fedbase.py run [line:311] INFO --------------Round 5--------------
2026-09-24 18:19:43,851 simple_logger.py log_once [line:14] INFO Current_time:6
2026-09-24 18:19:45,320 simple_logger.py log_once [line:28] INFO test_accuracy                 0.1296
2026-09-24 18:19:45,320 simple_logger.py log_once [line:28] INFO test_loss                     2.3872
2026-09-24 18:19:45,320 simple_logger.py log_once [line:28] INFO val_accuracy                  0.1317
2026-09-24 18:19:45,320 simple_logger.py log_once [line:28] INFO mean_val_accuracy             0.1319
2026-09-24 18:19:45,320 simple_logger.py log_once [line:28] INFO std_val_accuracy              0.2785
2026-09-24 18:19:45,320 simple_logger.py log_once [line:28] INFO val_loss                      2.3853
2026-09-24 18:19:45,320 simple_logger.py log_once [line:28] INFO mean_val_loss                 2.3850
2026-09-24 18:19:45,320 simple_logger.py log_once [line:28] INFO std_val_loss                  0.4503
2026-09-24 18:19:45,320 fedbase.py run [line:316] INFO Eval Time Cost:               1.4689s
2026-09-24 18:19:45,329 asyncbase.py iterate [line:68] INFO Select clients [np.int64(6)] at time 7.
2026-09-24 18:19:45,641 asyncbase.py iterate [line:73] INFO Receive new models from clients [7, 16, 6] at time 7
2026-09-24 18:19:45,682 fedbase.py run [line:311] INFO --------------Round 6--------------
2026-09-24 18:19:45,682 simple_logger.py log_once [line:14] INFO Current_time:7
2026-09-24 18:19:47,142 simple_logger.py log_once [line:28] INFO test_accuracy                 0.0894
2026-09-24 18:19:47,142 simple_logger.py log_once [line:28] INFO test_loss                     2.2965
2026-09-24 18:19:47,142 simple_logger.py log_once [line:28] INFO val_accuracy                  0.0910
2026-09-24 18:19:47,142 simple_logger.py log_once [line:28] INFO mean_val_accuracy             0.0908
2026-09-24 18:19:47,142 simple_logger.py log_once [line:28] INFO std_val_accuracy              0.2535
2026-09-24 18:19:47,142 simple_logger.py log_once [line:28] INFO val_loss                      2.2949
2026-09-24 18:19:47,142 simple_logger.py log_once [line:28] INFO mean_val_loss                 2.2949
2026-09-24 18:19:47,142 simple_logger.py log_once [line:28] INFO std_val_loss                  0.1693
2026-09-24 18:19:47,142 fedbase.py run [line:316] INFO Eval Time Cost:               1.4604s
2026-09-24 18:19:47,151 asyncbase.py iterate [line:68] INFO Select clients [np.int64(1), np.int64(16), np.int64(13), np.int64(14), np.int64(19)] at time 8.
2026-09-24 18:19:48,708 asyncbase.py iterate [line:73] INFO Receive new models from clients [0] at time 8
2026-09-24 18:19:48,723 fedbase.py run [line:311] INFO --------------Round 7--------------
2026-09-24 18:19:48,723 simple_logger.py log_once [line:14] INFO Current_time:8
2026-09-24 18:19:50,181 simple_logger.py log_once [line:28] INFO test_accuracy                 0.2009
2026-09-24 18:19:50,181 simple_logger.py log_once [line:28] INFO test_loss                     2.2200
2026-09-24 18:19:50,181 simple_logger.py log_once [line:28] INFO val_accuracy                  0.2041
2026-09-24 18:19:50,181 simple_logger.py log_once [line:28] INFO mean_val_accuracy             0.2044
2026-09-24 18:19:50,181 simple_logger.py log_once [line:28] INFO std_val_accuracy              0.3655
2026-09-24 18:19:50,181 simple_logger.py log_once [line:28] INFO val_loss                      2.2210
2026-09-24 18:19:50,181 simple_logger.py log_once [line:28] INFO mean_val_loss                 2.2206
2026-09-24 18:19:50,181 simple_logger.py log_once [line:28] INFO std_val_loss                  0.1790
2026-09-24 18:19:50,182 fedbase.py run [line:316] INFO Eval Time Cost:               1.4582s
2026-09-24 18:19:50,191 asyncbase.py iterate [line:68] INFO Select clients [np.int64(7)] at time 9.
2026-09-24 18:19:50,499 asyncbase.py iterate [line:73] INFO Receive new models from clients [19, 7] at time 9
2026-09-24 18:19:50,534 fedbase.py run [line:311] INFO --------------Round 8--------------
2026-09-24 18:19:50,534 simple_logger.py log_once [line:14] INFO Current_time:9
2026-09-24 18:19:51,995 simple_logger.py log_once [line:28] INFO test_accuracy                 0.2013
2026-09-24 18:19:51,995 simple_logger.py log_once [line:28] INFO test_loss                     2.8071
2026-09-24 18:19:51,995 simple_logger.py log_once [line:28] INFO val_accuracy                  0.2009
2026-09-24 18:19:51,995 simple_logger.py log_once [line:28] INFO mean_val_accuracy             0.2014
2026-09-24 18:19:51,995 simple_logger.py log_once [line:28] INFO std_val_accuracy              0.3638
2026-09-24 18:19:51,995 simple_logger.py log_once [line:28] INFO val_loss                      2.8071
2026-09-24 18:19:51,995 simple_logger.py log_once [line:28] INFO mean_val_loss                 2.8057
2026-09-24 18:19:51,995 simple_logger.py log_once [line:28] INFO std_val_loss                  1.5150
2026-09-24 18:19:51,996 fedbase.py run [line:316] INFO Eval Time Cost:               1.4612s
2026-09-24 18:19:52,004 asyncbase.py iterate [line:68] INFO Select clients [np.int64(19), np.int64(4)] at time 10.
2026-09-24 18:19:52,613 asyncbase.py iterate [line:73] INFO Receive new models from clients [1] at time 10
2026-09-24 18:19:52,629 fedbase.py run [line:311] INFO --------------Round 9--------------
2026-09-24 18:19:52,629 simple_logger.py log_once [line:14] INFO Current_time:10
2026-09-24 18:19:54,093 simple_logger.py log_once [line:28] INFO test_accuracy                 0.0958
2026-09-24 18:19:54,094 simple_logger.py log_once [line:28] INFO test_loss                     13.9225
2026-09-24 18:19:54,094 simple_logger.py log_once [line:28] INFO val_accuracy                  0.0981
2026-09-24 18:19:54,094 simple_logger.py log_once [line:28] INFO mean_val_accuracy             0.0983
2026-09-24 18:19:54,094 simple_logger.py log_once [line:28] INFO std_val_accuracy              0.2826
2026-09-24 18:19:54,094 simple_logger.py log_once [line:28] INFO val_loss                      13.8526
2026-09-24 18:19:54,094 simple_logger.py log_once [line:28] INFO mean_val_loss                 13.8508
2026-09-24 18:19:54,094 simple_logger.py log_once [line:28] INFO std_val_loss                  6.6144
2026-09-24 18:19:54,094 fedbase.py run [line:316] INFO Eval Time Cost:               1.4648s
2026-09-24 18:19:54,102 asyncbase.py iterate [line:68] INFO Select clients [np.int64(0)] at time 11.
2026-09-24 18:19:54,405 asyncbase.py iterate [line:73] INFO Receive new models from clients [16, 14, 13] at time 11
2026-09-24 18:19:54,450 fedbase.py run [line:311] INFO --------------Round 10--------------
2026-09-24 18:19:54,450 simple_logger.py log_once [line:14] INFO Current_time:11
2026-09-24 18:19:55,902 simple_logger.py log_once [line:28] INFO test_accuracy                 0.0958
2026-09-24 18:19:55,902 simple_logger.py log_once [line:28] INFO test_loss                     32.2555
2026-09-24 18:19:55,902 simple_logger.py log_once [line:28] INFO val_accuracy                  0.0981
2026-09-24 18:19:55,902 simple_logger.py log_once [line:28] INFO mean_val_accuracy             0.0983
2026-09-24 18:19:55,902 simple_logger.py log_once [line:28] INFO std_val_accuracy              0.2826
2026-09-24 18:19:55,902 simple_logger.py log_once [line:28] INFO val_loss                      32.1162
2026-09-24 18:19:55,902 simple_logger.py log_once [line:28] INFO mean_val_loss                 32.1272
2026-09-24 18:19:55,902 simple_logger.py log_once [line:28] INFO std_val_loss                  14.1304
2026-09-24 18:19:55,902 fedbase.py run [line:316] INFO Eval Time Cost:               1.4522s
2026-09-24 18:19:55,902 fedbase.py run [line:324] INFO =================End==================
2026-09-24 18:19:55,902 fedbase.py run [line:325] INFO Total Time Cost:              24.2783s
